<?xml version="1.0"?>
<link_info>
   <banner>TMS320C2000 Linker PC v6.4.3</banner>
   <copyright>Copyright (c) 1996-2015 Texas Instruments Incorporated</copyright>
   <link_time>0x55522e01</link_time>
   <link_errors>0x0</link_errors>
   <output_file>C2000_Biner.out</output_file>
   <entry_point>
      <name>_c_int00</name>
      <address>0x3f7c07</address>
   </entry_point>
   <input_file_list>
      <input_file id="fl-2">
         <path>.\</path>
         <kind>object</kind>
         <file>AIO.obj</file>
         <name>AIO.obj</name>
      </input_file>
      <input_file id="fl-3">
         <path>.\</path>
         <kind>object</kind>
         <file>main.obj</file>
         <name>main.obj</name>
      </input_file>
      <input_file id="fl-4">
         <path>.\</path>
         <kind>object</kind>
         <file>nokia5110.obj</file>
         <name>nokia5110.obj</name>
      </input_file>
      <input_file id="fl-5">
         <path>.\</path>
         <kind>object</kind>
         <file>xprintf.obj</file>
         <name>xprintf.obj</name>
      </input_file>
      <input_file id="fl-d">
         <path>C:\ti\controlSUITE\device_support\f2802x\v222\f2802x_common\lib\</path>
         <kind>archive</kind>
         <file>driverlib.lib</file>
         <name>wdog.obj</name>
      </input_file>
      <input_file id="fl-e">
         <path>C:\ti\controlSUITE\device_support\f2802x\v222\f2802x_common\lib\</path>
         <kind>archive</kind>
         <file>driverlib.lib</file>
         <name>timer.obj</name>
      </input_file>
      <input_file id="fl-f">
         <path>C:\ti\controlSUITE\device_support\f2802x\v222\f2802x_common\lib\</path>
         <kind>archive</kind>
         <file>driverlib.lib</file>
         <name>spi.obj</name>
      </input_file>
      <input_file id="fl-10">
         <path>C:\ti\controlSUITE\device_support\f2802x\v222\f2802x_common\lib\</path>
         <kind>archive</kind>
         <file>driverlib.lib</file>
         <name>sci.obj</name>
      </input_file>
      <input_file id="fl-11">
         <path>C:\ti\controlSUITE\device_support\f2802x\v222\f2802x_common\lib\</path>
         <kind>archive</kind>
         <file>driverlib.lib</file>
         <name>pwm.obj</name>
      </input_file>
      <input_file id="fl-12">
         <path>C:\ti\controlSUITE\device_support\f2802x\v222\f2802x_common\lib\</path>
         <kind>archive</kind>
         <file>driverlib.lib</file>
         <name>pll.obj</name>
      </input_file>
      <input_file id="fl-13">
         <path>C:\ti\controlSUITE\device_support\f2802x\v222\f2802x_common\lib\</path>
         <kind>archive</kind>
         <file>driverlib.lib</file>
         <name>pie.obj</name>
      </input_file>
      <input_file id="fl-14">
         <path>C:\ti\controlSUITE\device_support\f2802x\v222\f2802x_common\lib\</path>
         <kind>archive</kind>
         <file>driverlib.lib</file>
         <name>gpio.obj</name>
      </input_file>
      <input_file id="fl-15">
         <path>C:\ti\controlSUITE\device_support\f2802x\v222\f2802x_common\lib\</path>
         <kind>archive</kind>
         <file>driverlib.lib</file>
         <name>flash.obj</name>
      </input_file>
      <input_file id="fl-16">
         <path>C:\ti\controlSUITE\device_support\f2802x\v222\f2802x_common\lib\</path>
         <kind>archive</kind>
         <file>driverlib.lib</file>
         <name>cpu.obj</name>
      </input_file>
      <input_file id="fl-17">
         <path>C:\ti\controlSUITE\device_support\f2802x\v222\f2802x_common\lib\</path>
         <kind>archive</kind>
         <file>driverlib.lib</file>
         <name>clk.obj</name>
      </input_file>
      <input_file id="fl-18">
         <path>C:\ti\controlSUITE\device_support\f2802x\v222\f2802x_common\lib\</path>
         <kind>archive</kind>
         <file>driverlib.lib</file>
         <name>adc.obj</name>
      </input_file>
      <input_file id="fl-19">
         <path>C:\ti\controlSUITE\device_support\f2802x\v222\f2802x_common\lib\</path>
         <kind>archive</kind>
         <file>driverlib.lib</file>
         <name>F2802xX_asmfuncs.obj</name>
      </input_file>
      <input_file id="fl-1a">
         <path>C:\ti\controlSUITE\device_support\f2802x\v222\f2802x_common\lib\</path>
         <kind>archive</kind>
         <file>driverlib.lib</file>
         <name>F2802xX_GlobalVariableDefs.obj</name>
      </input_file>
      <input_file id="fl-1b">
         <path>C:\ti\controlSUITE\device_support\f2802x\v222\f2802x_common\lib\</path>
         <kind>archive</kind>
         <file>driverlib.lib</file>
         <name>F2802xX_DefaultIsr.obj</name>
      </input_file>
      <input_file id="fl-21">
         <path>C:\ti\ccsv6\tools\compiler\ti-cgt-c2000_6.4.3\lib\</path>
         <kind>archive</kind>
         <file>rts2800_ml.lib</file>
         <name>boot.obj</name>
      </input_file>
      <input_file id="fl-22">
         <path>C:\ti\ccsv6\tools\compiler\ti-cgt-c2000_6.4.3\lib\</path>
         <kind>archive</kind>
         <file>rts2800_ml.lib</file>
         <name>exit.obj</name>
      </input_file>
      <input_file id="fl-23">
         <path>C:\ti\ccsv6\tools\compiler\ti-cgt-c2000_6.4.3\lib\</path>
         <kind>archive</kind>
         <file>rts2800_ml.lib</file>
         <name>fs_add.obj</name>
      </input_file>
      <input_file id="fl-24">
         <path>C:\ti\ccsv6\tools\compiler\ti-cgt-c2000_6.4.3\lib\</path>
         <kind>archive</kind>
         <file>rts2800_ml.lib</file>
         <name>fs_cmp.obj</name>
      </input_file>
      <input_file id="fl-25">
         <path>C:\ti\ccsv6\tools\compiler\ti-cgt-c2000_6.4.3\lib\</path>
         <kind>archive</kind>
         <file>rts2800_ml.lib</file>
         <name>fs_div.obj</name>
      </input_file>
      <input_file id="fl-26">
         <path>C:\ti\ccsv6\tools\compiler\ti-cgt-c2000_6.4.3\lib\</path>
         <kind>archive</kind>
         <file>rts2800_ml.lib</file>
         <name>fs_mpy.obj</name>
      </input_file>
      <input_file id="fl-27">
         <path>C:\ti\ccsv6\tools\compiler\ti-cgt-c2000_6.4.3\lib\</path>
         <kind>archive</kind>
         <file>rts2800_ml.lib</file>
         <name>fs_neg.obj</name>
      </input_file>
      <input_file id="fl-28">
         <path>C:\ti\ccsv6\tools\compiler\ti-cgt-c2000_6.4.3\lib\</path>
         <kind>archive</kind>
         <file>rts2800_ml.lib</file>
         <name>fs_toi.obj</name>
      </input_file>
      <input_file id="fl-29">
         <path>C:\ti\ccsv6\tools\compiler\ti-cgt-c2000_6.4.3\lib\</path>
         <kind>archive</kind>
         <file>rts2800_ml.lib</file>
         <name>i_div.obj</name>
      </input_file>
      <input_file id="fl-2a">
         <path>C:\ti\ccsv6\tools\compiler\ti-cgt-c2000_6.4.3\lib\</path>
         <kind>archive</kind>
         <file>rts2800_ml.lib</file>
         <name>i_tofs.obj</name>
      </input_file>
      <input_file id="fl-2b">
         <path>C:\ti\ccsv6\tools\compiler\ti-cgt-c2000_6.4.3\lib\</path>
         <kind>archive</kind>
         <file>rts2800_ml.lib</file>
         <name>l_div.obj</name>
      </input_file>
      <input_file id="fl-2c">
         <path>C:\ti\ccsv6\tools\compiler\ti-cgt-c2000_6.4.3\lib\</path>
         <kind>archive</kind>
         <file>rts2800_ml.lib</file>
         <name>memcpy.obj</name>
      </input_file>
      <input_file id="fl-2d">
         <path>C:\ti\ccsv6\tools\compiler\ti-cgt-c2000_6.4.3\lib\</path>
         <kind>archive</kind>
         <file>rts2800_ml.lib</file>
         <name>u_div.obj</name>
      </input_file>
      <input_file id="fl-2e">
         <path>C:\ti\ccsv6\tools\compiler\ti-cgt-c2000_6.4.3\lib\</path>
         <kind>archive</kind>
         <file>rts2800_ml.lib</file>
         <name>u_tofs.obj</name>
      </input_file>
      <input_file id="fl-2f">
         <path>C:\ti\ccsv6\tools\compiler\ti-cgt-c2000_6.4.3\lib\</path>
         <kind>archive</kind>
         <file>rts2800_ml.lib</file>
         <name>_lock.obj</name>
      </input_file>
      <input_file id="fl-30">
         <path>C:\ti\ccsv6\tools\compiler\ti-cgt-c2000_6.4.3\lib\</path>
         <kind>archive</kind>
         <file>rts2800_ml.lib</file>
         <name>args_main.obj</name>
      </input_file>
   </input_file_list>
   <object_component_list>
      <object_component id="oc-ae">
         <name>PieVectTableFile</name>
         <uninitialized>true</uninitialized>
         <run_address>0xd00</run_address>
         <size>0x100</size>
         <input_file_ref idref="fl-1a"/>
      </object_component>
      <object_component id="oc-8e">
         <name>EmuKeyVar</name>
         <uninitialized>true</uninitialized>
         <run_address>0xd00</run_address>
         <size>0x1</size>
         <input_file_ref idref="fl-1a"/>
      </object_component>
      <object_component id="oc-90">
         <name>EmuBModeVar</name>
         <uninitialized>true</uninitialized>
         <run_address>0xd01</run_address>
         <size>0x1</size>
         <input_file_ref idref="fl-1a"/>
      </object_component>
      <object_component id="oc-92">
         <name>FlashCallbackVar</name>
         <uninitialized>true</uninitialized>
         <run_address>0xd02</run_address>
         <size>0x2</size>
         <input_file_ref idref="fl-1a"/>
      </object_component>
      <object_component id="oc-91">
         <name>FlashScalingVar</name>
         <uninitialized>true</uninitialized>
         <run_address>0xd04</run_address>
         <size>0x2</size>
         <input_file_ref idref="fl-1a"/>
      </object_component>
      <object_component id="oc-94">
         <name>DevEmuRegsFile</name>
         <uninitialized>true</uninitialized>
         <run_address>0x880</run_address>
         <size>0x4</size>
         <input_file_ref idref="fl-1a"/>
      </object_component>
      <object_component id="oc-93">
         <name>SysPwrCtrlRegsFile</name>
         <uninitialized>true</uninitialized>
         <run_address>0x985</run_address>
         <size>0x3</size>
         <input_file_ref idref="fl-1a"/>
      </object_component>
      <object_component id="oc-95">
         <name>FlashRegsFile</name>
         <uninitialized>true</uninitialized>
         <run_address>0xa80</run_address>
         <size>0x8</size>
         <input_file_ref idref="fl-1a"/>
      </object_component>
      <object_component id="oc-9e">
         <name>CsmRegsFile</name>
         <uninitialized>true</uninitialized>
         <run_address>0xae0</run_address>
         <size>0x10</size>
         <input_file_ref idref="fl-1a"/>
      </object_component>
      <object_component id="oc-a6">
         <name>AdcResultFile</name>
         <uninitialized>true</uninitialized>
         <run_address>0xb00</run_address>
         <size>0x20</size>
         <input_file_ref idref="fl-1a"/>
      </object_component>
      <object_component id="oc-96">
         <name>CpuTimer0RegsFile</name>
         <uninitialized>true</uninitialized>
         <run_address>0xc00</run_address>
         <size>0x8</size>
         <input_file_ref idref="fl-1a"/>
      </object_component>
      <object_component id="oc-97">
         <name>CpuTimer1RegsFile</name>
         <uninitialized>true</uninitialized>
         <run_address>0xc08</run_address>
         <size>0x8</size>
         <input_file_ref idref="fl-1a"/>
      </object_component>
      <object_component id="oc-98">
         <name>CpuTimer2RegsFile</name>
         <uninitialized>true</uninitialized>
         <run_address>0xc10</run_address>
         <size>0x8</size>
         <input_file_ref idref="fl-1a"/>
      </object_component>
      <object_component id="oc-a2">
         <name>PieCtrlRegsFile</name>
         <uninitialized>true</uninitialized>
         <run_address>0xce0</run_address>
         <size>0x1a</size>
         <input_file_ref idref="fl-1a"/>
      </object_component>
      <object_component id="oc-a5">
         <name>ECap1RegsFile</name>
         <uninitialized>true</uninitialized>
         <run_address>0x6a00</run_address>
         <size>0x20</size>
         <input_file_ref idref="fl-1a"/>
      </object_component>
      <object_component id="oc-ac">
         <name>GpioCtrlRegsFile</name>
         <uninitialized>true</uninitialized>
         <run_address>0x6f80</run_address>
         <size>0x40</size>
         <input_file_ref idref="fl-1a"/>
      </object_component>
      <object_component id="oc-a4">
         <name>GpioDataRegsFile</name>
         <uninitialized>true</uninitialized>
         <run_address>0x6fc0</run_address>
         <size>0x20</size>
         <input_file_ref idref="fl-1a"/>
      </object_component>
      <object_component id="oc-9a">
         <name>GpioIntRegsFile</name>
         <uninitialized>true</uninitialized>
         <run_address>0x6fe0</run_address>
         <size>0xa</size>
         <input_file_ref idref="fl-1a"/>
      </object_component>
      <object_component id="oc-a3">
         <name>SysCtrlRegsFile</name>
         <uninitialized>true</uninitialized>
         <run_address>0x7010</run_address>
         <size>0x1f</size>
         <input_file_ref idref="fl-1a"/>
      </object_component>
      <object_component id="oc-9b">
         <name>SpiaRegsFile</name>
         <uninitialized>true</uninitialized>
         <run_address>0x7040</run_address>
         <size>0x10</size>
         <input_file_ref idref="fl-1a"/>
      </object_component>
      <object_component id="oc-9c">
         <name>SciaRegsFile</name>
         <uninitialized>true</uninitialized>
         <run_address>0x7050</run_address>
         <size>0x10</size>
         <input_file_ref idref="fl-1a"/>
      </object_component>
      <object_component id="oc-9d">
         <name>NmiIntruptRegsFile</name>
         <uninitialized>true</uninitialized>
         <run_address>0x7060</run_address>
         <size>0x10</size>
         <input_file_ref idref="fl-1a"/>
      </object_component>
      <object_component id="oc-9f">
         <name>XIntruptRegsFile</name>
         <uninitialized>true</uninitialized>
         <run_address>0x7070</run_address>
         <size>0x10</size>
         <input_file_ref idref="fl-1a"/>
      </object_component>
      <object_component id="oc-ad">
         <name>AdcRegsFile</name>
         <uninitialized>true</uninitialized>
         <run_address>0x7100</run_address>
         <size>0x51</size>
         <input_file_ref idref="fl-1a"/>
      </object_component>
      <object_component id="oc-a7">
         <name>I2caRegsFile</name>
         <uninitialized>true</uninitialized>
         <run_address>0x7900</run_address>
         <size>0x22</size>
         <input_file_ref idref="fl-1a"/>
      </object_component>
      <object_component id="oc-a1">
         <name>Comp1RegsFile</name>
         <uninitialized>true</uninitialized>
         <run_address>0x6400</run_address>
         <size>0x11</size>
         <input_file_ref idref="fl-1a"/>
      </object_component>
      <object_component id="oc-a0">
         <name>Comp2RegsFile</name>
         <uninitialized>true</uninitialized>
         <run_address>0x6420</run_address>
         <size>0x11</size>
         <input_file_ref idref="fl-1a"/>
      </object_component>
      <object_component id="oc-ab">
         <name>EPwm1RegsFile</name>
         <uninitialized>true</uninitialized>
         <run_address>0x6800</run_address>
         <size>0x40</size>
         <input_file_ref idref="fl-1a"/>
      </object_component>
      <object_component id="oc-a9">
         <name>EPwm2RegsFile</name>
         <uninitialized>true</uninitialized>
         <run_address>0x6840</run_address>
         <size>0x40</size>
         <input_file_ref idref="fl-1a"/>
      </object_component>
      <object_component id="oc-a8">
         <name>EPwm3RegsFile</name>
         <uninitialized>true</uninitialized>
         <run_address>0x6880</run_address>
         <size>0x40</size>
         <input_file_ref idref="fl-1a"/>
      </object_component>
      <object_component id="oc-aa">
         <name>EPwm4RegsFile</name>
         <uninitialized>true</uninitialized>
         <run_address>0x68c0</run_address>
         <size>0x40</size>
         <input_file_ref idref="fl-1a"/>
      </object_component>
      <object_component id="oc-99">
         <name>CsmPwlFile</name>
         <uninitialized>true</uninitialized>
         <run_address>0x3f7ff8</run_address>
         <size>0x8</size>
         <input_file_ref idref="fl-1a"/>
      </object_component>
      <object_component id="oc-8f">
         <name>PartIdRegsFile</name>
         <uninitialized>true</uninitialized>
         <run_address>0x3d7fff</run_address>
         <size>0x1</size>
         <input_file_ref idref="fl-1a"/>
      </object_component>
      <object_component id="oc-88">
         <name>codestart</name>
         <load_address>0x3f7ff6</load_address>
         <run_address>0x3f7ff6</run_address>
         <size>0x2</size>
         <input_file_ref idref="fl-19"/>
      </object_component>
      <object_component id="oc-178">
         <name>ramfuncs:_FLASH_setup</name>
         <load_address>0x3f7000</load_address>
         <run_address>0x50</run_address>
         <size>0xc</size>
         <input_file_ref idref="fl-15"/>
      </object_component>
      <object_component id="oc-1a4">
         <name>ramfuncs:_FLASH_enablePipelineMode</name>
         <load_address>0x3f700c</load_address>
         <run_address>0x5c</run_address>
         <size>0x6</size>
         <input_file_ref idref="fl-15"/>
      </object_component>
      <object_component id="oc-1a6">
         <name>ramfuncs:_FLASH_setActiveWaitCount</name>
         <load_address>0x3f7012</load_address>
         <run_address>0x62</run_address>
         <size>0x5</size>
         <input_file_ref idref="fl-15"/>
      </object_component>
      <object_component id="oc-1a5">
         <name>ramfuncs:_FLASH_setStandbyWaitCount</name>
         <load_address>0x3f7017</load_address>
         <run_address>0x67</run_address>
         <size>0x5</size>
         <input_file_ref idref="fl-15"/>
      </object_component>
      <object_component id="oc-89">
         <name>ramfuncs</name>
         <load_address>0x3f701c</load_address>
         <run_address>0x6c</run_address>
         <size>0x4</size>
         <input_file_ref idref="fl-19"/>
      </object_component>
      <object_component id="oc-3d">
         <name>.cinit</name>
         <load_address>0x3f6a86</load_address>
         <run_address>0x3f6a86</run_address>
         <size>0x49</size>
         <input_file_ref idref="fl-3"/>
      </object_component>
      <object_component id="oc-4a">
         <name>.cinit</name>
         <load_address>0x3f6acf</load_address>
         <run_address>0x3f6acf</run_address>
         <size>0x10</size>
         <input_file_ref idref="fl-4"/>
      </object_component>
      <object_component id="oc-bb">
         <name>.cinit</name>
         <load_address>0x3f6adf</load_address>
         <run_address>0x3f6adf</run_address>
         <size>0xa</size>
         <input_file_ref idref="fl-22"/>
      </object_component>
      <object_component id="oc-114">
         <name>.cinit:__lock</name>
         <load_address>0x3f6ae9</load_address>
         <run_address>0x3f6ae9</run_address>
         <size>0x5</size>
         <input_file_ref idref="fl-2f"/>
      </object_component>
      <object_component id="oc-147">
         <name>.cinit:__unlock</name>
         <load_address>0x3f6aee</load_address>
         <run_address>0x3f6aee</run_address>
         <size>0x5</size>
         <input_file_ref idref="fl-2f"/>
      </object_component>
      <object_component id="oc-15b">
         <name>.text:_PIE_enableExtInt</name>
         <load_address>0x3f6000</load_address>
         <run_address>0x3f6000</run_address>
         <size>0x23</size>
         <input_file_ref idref="fl-13"/>
      </object_component>
      <object_component id="oc-df">
         <name>.text</name>
         <load_address>0x3f6023</load_address>
         <run_address>0x3f6023</run_address>
         <size>0x22</size>
         <input_file_ref idref="fl-29"/>
      </object_component>
      <object_component id="oc-143">
         <name>.text:_VNH5091AE_JOG</name>
         <load_address>0x3f6045</load_address>
         <run_address>0x3f6045</run_address>
         <size>0x21</size>
         <input_file_ref idref="fl-3"/>
      </object_component>
      <object_component id="oc-110">
         <name>.text:_encUpdate</name>
         <load_address>0x3f6066</load_address>
         <run_address>0x3f6066</run_address>
         <size>0x20</size>
         <input_file_ref idref="fl-3"/>
      </object_component>
      <object_component id="oc-3f">
         <name>.text:_timer0_isr</name>
         <load_address>0x3f6086</load_address>
         <run_address>0x3f6086</run_address>
         <size>0x1e</size>
         <input_file_ref idref="fl-3"/>
      </object_component>
      <object_component id="oc-141">
         <name>.text:_figureFreq</name>
         <load_address>0x3f60a4</load_address>
         <run_address>0x3f60a4</run_address>
         <size>0x1d</size>
         <input_file_ref idref="fl-3"/>
      </object_component>
      <object_component id="oc-12e">
         <name>.text</name>
         <load_address>0x3f60c1</load_address>
         <run_address>0x3f60c1</run_address>
         <size>0x1d</size>
         <input_file_ref idref="fl-2c"/>
      </object_component>
      <object_component id="oc-174">
         <name>.text:_ADC_setSocChanNumber</name>
         <load_address>0x3f60de</load_address>
         <run_address>0x3f60de</run_address>
         <size>0x1c</size>
         <input_file_ref idref="fl-18"/>
      </object_component>
      <object_component id="oc-175">
         <name>.text:_ADC_setSocSampleWindow</name>
         <load_address>0x3f60fa</load_address>
         <run_address>0x3f60fa</run_address>
         <size>0x1c</size>
         <input_file_ref idref="fl-18"/>
      </object_component>
      <object_component id="oc-173">
         <name>.text:_ADC_setSocTrigSrc</name>
         <load_address>0x3f6116</load_address>
         <run_address>0x3f6116</run_address>
         <size>0x1c</size>
         <input_file_ref idref="fl-18"/>
      </object_component>
      <object_component id="oc-116">
         <name>.text:_gotoXY</name>
         <load_address>0x3f6132</load_address>
         <run_address>0x3f6132</run_address>
         <size>0x1c</size>
         <input_file_ref idref="fl-4"/>
      </object_component>
      <object_component id="oc-115">
         <name>.text:_drawFilledRectangle</name>
         <load_address>0x3f614e</load_address>
         <run_address>0x3f614e</run_address>
         <size>0x1b</size>
         <input_file_ref idref="fl-4"/>
      </object_component>
      <object_component id="oc-13f">
         <name>.text:_update_compare</name>
         <load_address>0x3f6169</load_address>
         <run_address>0x3f6169</run_address>
         <size>0x1b</size>
         <input_file_ref idref="fl-3"/>
      </object_component>
      <object_component id="oc-e4">
         <name>.text</name>
         <load_address>0x3f6184</load_address>
         <run_address>0x3f6184</run_address>
         <size>0x1a</size>
         <input_file_ref idref="fl-2a"/>
      </object_component>
      <object_component id="oc-159">
         <name>.text:_PIE_setExtIntPolarity</name>
         <load_address>0x3f619e</load_address>
         <run_address>0x3f619e</run_address>
         <size>0x19</size>
         <input_file_ref idref="fl-13"/>
      </object_component>
      <object_component id="oc-107">
         <name>.text</name>
         <load_address>0x3f61b7</load_address>
         <run_address>0x3f61b7</run_address>
         <size>0x19</size>
         <input_file_ref idref="fl-30"/>
      </object_component>
      <object_component id="oc-108">
         <name>.text</name>
         <load_address>0x3f61d0</load_address>
         <run_address>0x3f61d0</run_address>
         <size>0x19</size>
         <input_file_ref idref="fl-22"/>
      </object_component>
      <object_component id="oc-171">
         <name>.text:_ADC_enableInt</name>
         <load_address>0x3f61e9</load_address>
         <run_address>0x3f61e9</run_address>
         <size>0x18</size>
         <input_file_ref idref="fl-18"/>
      </object_component>
      <object_component id="oc-14e">
         <name>.text:_xputc</name>
         <load_address>0x3f6201</load_address>
         <run_address>0x3f6201</run_address>
         <size>0x17</size>
         <input_file_ref idref="fl-5"/>
      </object_component>
      <object_component id="oc-c6">
         <name>.text</name>
         <load_address>0x3f6218</load_address>
         <run_address>0x3f6218</run_address>
         <size>0x17</size>
         <input_file_ref idref="fl-24"/>
      </object_component>
      <object_component id="oc-10e">
         <name>.text:_VNH5091AE_changeDir</name>
         <load_address>0x3f622f</load_address>
         <run_address>0x3f622f</run_address>
         <size>0x16</size>
         <input_file_ref idref="fl-3"/>
      </object_component>
      <object_component id="oc-12d">
         <name>.text:_PLL_setup</name>
         <load_address>0x3f6245</load_address>
         <run_address>0x3f6245</run_address>
         <size>0x15</size>
         <input_file_ref idref="fl-12"/>
      </object_component>
      <object_component id="oc-17b">
         <name>.text:_TIMER_setPreScaler</name>
         <load_address>0x3f625a</load_address>
         <run_address>0x3f625a</run_address>
         <size>0x14</size>
         <input_file_ref idref="fl-e"/>
      </object_component>
      <object_component id="oc-11a">
         <name>.text:_GPIO_setHigh</name>
         <load_address>0x3f626e</load_address>
         <run_address>0x3f626e</run_address>
         <size>0x13</size>
         <input_file_ref idref="fl-14"/>
      </object_component>
      <object_component id="oc-14d">
         <name>.text:_GPIO_setLow</name>
         <load_address>0x3f6281</load_address>
         <run_address>0x3f6281</run_address>
         <size>0x13</size>
         <input_file_ref idref="fl-14"/>
      </object_component>
      <object_component id="oc-109">
         <name>.text:_GPIO_toggle</name>
         <load_address>0x3f6294</load_address>
         <run_address>0x3f6294</run_address>
         <size>0x13</size>
         <input_file_ref idref="fl-14"/>
      </object_component>
      <object_component id="oc-119">
         <name>.text:_VNH5091AE_BRAKE_TO_GND</name>
         <load_address>0x3f62a7</load_address>
         <run_address>0x3f62a7</run_address>
         <size>0x13</size>
         <input_file_ref idref="fl-3"/>
      </object_component>
      <object_component id="oc-170">
         <name>.text:_ADC_setIntPulseGenMode</name>
         <load_address>0x3f62ba</load_address>
         <run_address>0x3f62ba</run_address>
         <size>0x12</size>
         <input_file_ref idref="fl-18"/>
      </object_component>
      <object_component id="oc-16f">
         <name>.text:_ADC_setVoltRefSrc</name>
         <load_address>0x3f62cc</load_address>
         <run_address>0x3f62cc</run_address>
         <size>0x12</size>
         <input_file_ref idref="fl-18"/>
      </object_component>
      <object_component id="oc-177">
         <name>.text:_PIE_enableAdcInt</name>
         <load_address>0x3f62de</load_address>
         <run_address>0x3f62de</run_address>
         <size>0x12</size>
         <input_file_ref idref="fl-13"/>
      </object_component>
      <object_component id="oc-87">
         <name>.text</name>
         <load_address>0x3f62f0</load_address>
         <run_address>0x3f62f0</run_address>
         <size>0x12</size>
         <input_file_ref idref="fl-19"/>
      </object_component>
      <object_component id="oc-10d">
         <name>.text:_VNH5091AE_STOP</name>
         <load_address>0x3f6302</load_address>
         <run_address>0x3f6302</run_address>
         <size>0x11</size>
         <input_file_ref idref="fl-3"/>
      </object_component>
      <object_component id="oc-148">
         <name>.text:_writeCommand</name>
         <load_address>0x3f6313</load_address>
         <run_address>0x3f6313</run_address>
         <size>0x11</size>
         <input_file_ref idref="fl-4"/>
      </object_component>
      <object_component id="oc-14a">
         <name>.text:_writeData</name>
         <load_address>0x3f6324</load_address>
         <run_address>0x3f6324</run_address>
         <size>0x11</size>
         <input_file_ref idref="fl-4"/>
      </object_component>
      <object_component id="oc-193">
         <name>.text:_scia_xmit</name>
         <load_address>0x3f6335</load_address>
         <run_address>0x3f6335</run_address>
         <size>0x10</size>
         <input_file_ref idref="fl-3"/>
      </object_component>
      <object_component id="oc-f8">
         <name>.text</name>
         <load_address>0x3f6345</load_address>
         <run_address>0x3f6345</run_address>
         <size>0x10</size>
         <input_file_ref idref="fl-2e"/>
      </object_component>
      <object_component id="oc-15a">
         <name>.text:_PIE_registerPieIntHandler</name>
         <load_address>0x3f6355</load_address>
         <run_address>0x3f6355</run_address>
         <size>0xf</size>
         <input_file_ref idref="fl-13"/>
      </object_component>
      <object_component id="oc-130">
         <name>.text:_AIO_init</name>
         <load_address>0x3f6364</load_address>
         <run_address>0x3f6364</run_address>
         <size>0xe</size>
         <input_file_ref idref="fl-2"/>
      </object_component>
      <object_component id="oc-41">
         <name>.text:_spiRxFifoIsr</name>
         <load_address>0x3f6372</load_address>
         <run_address>0x3f6372</run_address>
         <size>0xe</size>
         <input_file_ref idref="fl-3"/>
      </object_component>
      <object_component id="oc-19f">
         <name>.text:_VNH5091AE_CCW</name>
         <load_address>0x3f6380</load_address>
         <run_address>0x3f6380</run_address>
         <size>0xd</size>
         <input_file_ref idref="fl-3"/>
      </object_component>
      <object_component id="oc-1a0">
         <name>.text:_VNH5091AE_CW</name>
         <load_address>0x3f638d</load_address>
         <run_address>0x3f638d</run_address>
         <size>0xd</size>
         <input_file_ref idref="fl-3"/>
      </object_component>
      <object_component id="oc-10b">
         <name>.text:_writeString</name>
         <load_address>0x3f639a</load_address>
         <run_address>0x3f639a</run_address>
         <size>0xc</size>
         <input_file_ref idref="fl-4"/>
      </object_component>
      <object_component id="oc-16e">
         <name>.text:_ADC_enable</name>
         <load_address>0x3f63a6</load_address>
         <run_address>0x3f63a6</run_address>
         <size>0xb</size>
         <input_file_ref idref="fl-18"/>
      </object_component>
      <object_component id="oc-16b">
         <name>.text:_ADC_enableBandGap</name>
         <load_address>0x3f63b1</load_address>
         <run_address>0x3f63b1</run_address>
         <size>0xb</size>
         <input_file_ref idref="fl-18"/>
      </object_component>
      <object_component id="oc-16c">
         <name>.text:_ADC_enableRefBuffers</name>
         <load_address>0x3f63bc</load_address>
         <run_address>0x3f63bc</run_address>
         <size>0xb</size>
         <input_file_ref idref="fl-18"/>
      </object_component>
      <object_component id="oc-16d">
         <name>.text:_ADC_powerUp</name>
         <load_address>0x3f63c7</load_address>
         <run_address>0x3f63c7</run_address>
         <size>0xb</size>
         <input_file_ref idref="fl-18"/>
      </object_component>
      <object_component id="oc-16a">
         <name>.text:_ADC_reset</name>
         <load_address>0x3f63d2</load_address>
         <run_address>0x3f63d2</run_address>
         <size>0xb</size>
         <input_file_ref idref="fl-18"/>
      </object_component>
      <object_component id="oc-158">
         <name>.text:_GPIO_setExtInt</name>
         <load_address>0x3f63dd</load_address>
         <run_address>0x3f63dd</run_address>
         <size>0xb</size>
         <input_file_ref idref="fl-14"/>
      </object_component>
      <object_component id="oc-10f">
         <name>.text:_PIE_disableInt</name>
         <load_address>0x3f63e8</load_address>
         <run_address>0x3f63e8</run_address>
         <size>0xb</size>
         <input_file_ref idref="fl-13"/>
      </object_component>
      <object_component id="oc-f3">
         <name>.text</name>
         <load_address>0x3f63f3</load_address>
         <run_address>0x3f63f3</run_address>
         <size>0xb</size>
         <input_file_ref idref="fl-2d"/>
      </object_component>
      <object_component id="oc-18c">
         <name>.text:_SCI_resetChannels</name>
         <load_address>0x3f63fe</load_address>
         <run_address>0x3f63fe</run_address>
         <size>0xa</size>
         <input_file_ref idref="fl-10"/>
      </object_component>
      <object_component id="oc-18e">
         <name>.text:_SCI_resetRxFifo</name>
         <load_address>0x3f6408</load_address>
         <run_address>0x3f6408</run_address>
         <size>0xa</size>
         <input_file_ref idref="fl-10"/>
      </object_component>
      <object_component id="oc-18a">
         <name>.text:_SCI_resetTxFifo</name>
         <load_address>0x3f6412</load_address>
         <run_address>0x3f6412</run_address>
         <size>0xa</size>
         <input_file_ref idref="fl-10"/>
      </object_component>
      <object_component id="oc-11b">
         <name>.text:_xputs</name>
         <load_address>0x3f641c</load_address>
         <run_address>0x3f641c</run_address>
         <size>0xa</size>
         <input_file_ref idref="fl-5"/>
      </object_component>
      <object_component id="oc-194">
         <name>.text:_CLK_enablePwmClock</name>
         <load_address>0x3f6426</load_address>
         <run_address>0x3f6426</run_address>
         <size>0x9</size>
         <input_file_ref idref="fl-17"/>
      </object_component>
      <object_component id="oc-180">
         <name>.text:_CLK_enableSciaClock</name>
         <load_address>0x3f642f</load_address>
         <run_address>0x3f642f</run_address>
         <size>0x9</size>
         <input_file_ref idref="fl-17"/>
      </object_component>
      <object_component id="oc-19e">
         <name>.text:_PWM_setActionQual_CntDown_CmpA_PwmA</name>
         <load_address>0x3f6438</load_address>
         <run_address>0x3f6438</run_address>
         <size>0x9</size>
         <input_file_ref idref="fl-11"/>
      </object_component>
      <object_component id="oc-19d">
         <name>.text:_PWM_setActionQual_CntUp_CmpA_PwmA</name>
         <load_address>0x3f6441</load_address>
         <run_address>0x3f6441</run_address>
         <size>0x9</size>
         <input_file_ref idref="fl-11"/>
      </object_component>
      <object_component id="oc-146">
         <name>.text</name>
         <load_address>0x3f644a</load_address>
         <run_address>0x3f644a</run_address>
         <size>0x9</size>
         <input_file_ref idref="fl-2f"/>
      </object_component>
      <object_component id="oc-11e">
         <name>.text:_ADC_init</name>
         <load_address>0x3f6453</load_address>
         <run_address>0x3f6453</run_address>
         <size>0x8</size>
         <input_file_ref idref="fl-18"/>
      </object_component>
      <object_component id="oc-123">
         <name>.text:_PIE_init</name>
         <load_address>0x3f645b</load_address>
         <run_address>0x3f645b</run_address>
         <size>0x8</size>
         <input_file_ref idref="fl-13"/>
      </object_component>
      <object_component id="oc-129">
         <name>.text:_WDOG_disable</name>
         <load_address>0x3f6463</load_address>
         <run_address>0x3f6463</run_address>
         <size>0x8</size>
         <input_file_ref idref="fl-d"/>
      </object_component>
      <object_component id="oc-12b">
         <name>.text:_CLK_disableAdcClock</name>
         <load_address>0x3f646b</load_address>
         <run_address>0x3f646b</run_address>
         <size>0x7</size>
         <input_file_ref idref="fl-17"/>
      </object_component>
      <object_component id="oc-136">
         <name>.text:_CLK_disableTbClockSync</name>
         <load_address>0x3f6472</load_address>
         <run_address>0x3f6472</run_address>
         <size>0x7</size>
         <input_file_ref idref="fl-17"/>
      </object_component>
      <object_component id="oc-12a">
         <name>.text:_CLK_enableAdcClock</name>
         <load_address>0x3f6479</load_address>
         <run_address>0x3f6479</run_address>
         <size>0x7</size>
         <input_file_ref idref="fl-17"/>
      </object_component>
      <object_component id="oc-15d">
         <name>.text:_CLK_enableSpiaClock</name>
         <load_address>0x3f6480</load_address>
         <run_address>0x3f6480</run_address>
         <size>0x7</size>
         <input_file_ref idref="fl-17"/>
      </object_component>
      <object_component id="oc-138">
         <name>.text:_CLK_enableTbClockSync</name>
         <load_address>0x3f6487</load_address>
         <run_address>0x3f6487</run_address>
         <size>0x7</size>
         <input_file_ref idref="fl-17"/>
      </object_component>
      <object_component id="oc-11f">
         <name>.text:_CLK_init</name>
         <load_address>0x3f648e</load_address>
         <run_address>0x3f648e</run_address>
         <size>0x7</size>
         <input_file_ref idref="fl-17"/>
      </object_component>
      <object_component id="oc-12c">
         <name>.text:_CLK_setOscSrc</name>
         <load_address>0x3f6495</load_address>
         <run_address>0x3f6495</run_address>
         <size>0x7</size>
         <input_file_ref idref="fl-17"/>
      </object_component>
      <object_component id="oc-121">
         <name>.text:_FLASH_init</name>
         <load_address>0x3f649c</load_address>
         <run_address>0x3f649c</run_address>
         <size>0x7</size>
         <input_file_ref idref="fl-15"/>
      </object_component>
      <object_component id="oc-122">
         <name>.text:_GPIO_init</name>
         <load_address>0x3f64a3</load_address>
         <run_address>0x3f64a3</run_address>
         <size>0x7</size>
         <input_file_ref idref="fl-14"/>
      </object_component>
      <object_component id="oc-124">
         <name>.text:_PLL_init</name>
         <load_address>0x3f64aa</load_address>
         <run_address>0x3f64aa</run_address>
         <size>0x7</size>
         <input_file_ref idref="fl-12"/>
      </object_component>
      <object_component id="oc-150">
         <name>.text:_PLL_setDivider</name>
         <load_address>0x3f64b1</load_address>
         <run_address>0x3f64b1</run_address>
         <size>0x7</size>
         <input_file_ref idref="fl-12"/>
      </object_component>
      <object_component id="oc-11d">
         <name>.text:_PWM_init</name>
         <load_address>0x3f64b8</load_address>
         <run_address>0x3f64b8</run_address>
         <size>0x7</size>
         <input_file_ref idref="fl-11"/>
      </object_component>
      <object_component id="oc-127">
         <name>.text:_SCI_init</name>
         <load_address>0x3f64bf</load_address>
         <run_address>0x3f64bf</run_address>
         <size>0x7</size>
         <input_file_ref idref="fl-10"/>
      </object_component>
      <object_component id="oc-190">
         <name>.text:_SCI_setRxFifoIntLevel</name>
         <load_address>0x3f64c6</load_address>
         <run_address>0x3f64c6</run_address>
         <size>0x7</size>
         <input_file_ref idref="fl-10"/>
      </object_component>
      <object_component id="oc-18d">
         <name>.text:_SCI_setTxFifoIntLevel</name>
         <load_address>0x3f64cd</load_address>
         <run_address>0x3f64cd</run_address>
         <size>0x7</size>
         <input_file_ref idref="fl-10"/>
      </object_component>
      <object_component id="oc-126">
         <name>.text:_SPI_init</name>
         <load_address>0x3f64d4</load_address>
         <run_address>0x3f64d4</run_address>
         <size>0x7</size>
         <input_file_ref idref="fl-f"/>
      </object_component>
      <object_component id="oc-15e">
         <name>.text:_SPI_reset</name>
         <load_address>0x3f64db</load_address>
         <run_address>0x3f64db</run_address>
         <size>0x7</size>
         <input_file_ref idref="fl-f"/>
      </object_component>
      <object_component id="oc-168">
         <name>.text:_SPI_setPriority</name>
         <load_address>0x3f64e2</load_address>
         <run_address>0x3f64e2</run_address>
         <size>0x7</size>
         <input_file_ref idref="fl-f"/>
      </object_component>
      <object_component id="oc-128">
         <name>.text:_TIMER_init</name>
         <load_address>0x3f64e9</load_address>
         <run_address>0x3f64e9</run_address>
         <size>0x7</size>
         <input_file_ref idref="fl-e"/>
      </object_component>
      <object_component id="oc-17d">
         <name>.text:_TIMER_setEmulationMode</name>
         <load_address>0x3f64f0</load_address>
         <run_address>0x3f64f0</run_address>
         <size>0x7</size>
         <input_file_ref idref="fl-e"/>
      </object_component>
      <object_component id="oc-125">
         <name>.text:_WDOG_init</name>
         <load_address>0x3f64f7</load_address>
         <run_address>0x3f64f7</run_address>
         <size>0x7</size>
         <input_file_ref idref="fl-d"/>
      </object_component>
      <object_component id="oc-145">
         <name>.text:_xprintf</name>
         <load_address>0x3f64fe</load_address>
         <run_address>0x3f64fe</run_address>
         <size>0x7</size>
         <input_file_ref idref="fl-5"/>
      </object_component>
      <object_component id="oc-151">
         <name>.text:_PLL_setMultiplier</name>
         <load_address>0x3f6505</load_address>
         <run_address>0x3f6505</run_address>
         <size>0x6</size>
         <input_file_ref idref="fl-12"/>
      </object_component>
      <object_component id="oc-19b">
         <name>.text:_PWM_setShadowMode_CmpA</name>
         <load_address>0x3f650b</load_address>
         <run_address>0x3f650b</run_address>
         <size>0x6</size>
         <input_file_ref idref="fl-11"/>
      </object_component>
      <object_component id="oc-188">
         <name>.text:_SCI_setBaudRate</name>
         <load_address>0x3f6511</load_address>
         <run_address>0x3f6511</run_address>
         <size>0x6</size>
         <input_file_ref idref="fl-10"/>
      </object_component>
      <object_component id="oc-10a">
         <name>.text:_clearSome</name>
         <load_address>0x3f6517</load_address>
         <run_address>0x3f6517</run_address>
         <size>0x6</size>
         <input_file_ref idref="fl-4"/>
      </object_component>
      <object_component id="oc-d5">
         <name>.text</name>
         <load_address>0x3f651d</load_address>
         <run_address>0x3f651d</run_address>
         <size>0x5</size>
         <input_file_ref idref="fl-27"/>
      </object_component>
      <object_component id="oc-15c">
         <name>.text:_CPU_enableInt</name>
         <load_address>0x3f6522</load_address>
         <run_address>0x3f6522</run_address>
         <size>0x4</size>
         <input_file_ref idref="fl-16"/>
      </object_component>
      <object_component id="oc-120">
         <name>.text:_CPU_init</name>
         <load_address>0x3f6526</load_address>
         <run_address>0x3f6526</run_address>
         <size>0x4</size>
         <input_file_ref idref="fl-16"/>
      </object_component>
      <object_component id="oc-19a">
         <name>.text:_PWM_setClkDiv</name>
         <load_address>0x3f652a</load_address>
         <run_address>0x3f652a</run_address>
         <size>0x4</size>
         <input_file_ref idref="fl-11"/>
      </object_component>
      <object_component id="oc-14c">
         <name>.text:_PWM_setCounterMode</name>
         <load_address>0x3f652e</load_address>
         <run_address>0x3f652e</run_address>
         <size>0x4</size>
         <input_file_ref idref="fl-11"/>
      </object_component>
      <object_component id="oc-199">
         <name>.text:_PWM_setHighSpeedClkDiv</name>
         <load_address>0x3f6532</load_address>
         <run_address>0x3f6532</run_address>
         <size>0x4</size>
         <input_file_ref idref="fl-11"/>
      </object_component>
      <object_component id="oc-19c">
         <name>.text:_PWM_setLoadMode_CmpA</name>
         <load_address>0x3f6536</load_address>
         <run_address>0x3f6536</run_address>
         <size>0x4</size>
         <input_file_ref idref="fl-11"/>
      </object_component>
      <object_component id="oc-18f">
         <name>.text:_SCI_clearRxFifoInt</name>
         <load_address>0x3f653a</load_address>
         <run_address>0x3f653a</run_address>
         <size>0x4</size>
         <input_file_ref idref="fl-10"/>
      </object_component>
      <object_component id="oc-18b">
         <name>.text:_SCI_clearTxFifoInt</name>
         <load_address>0x3f653e</load_address>
         <run_address>0x3f653e</run_address>
         <size>0x4</size>
         <input_file_ref idref="fl-10"/>
      </object_component>
      <object_component id="oc-189">
         <name>.text:_SCI_enableFifoEnh</name>
         <load_address>0x3f6542</load_address>
         <run_address>0x3f6542</run_address>
         <size>0x4</size>
         <input_file_ref idref="fl-10"/>
      </object_component>
      <object_component id="oc-1a7">
         <name>.text:_SCI_getTxFifoStatus</name>
         <load_address>0x3f6546</load_address>
         <run_address>0x3f6546</run_address>
         <size>0x4</size>
         <input_file_ref idref="fl-10"/>
      </object_component>
      <object_component id="oc-183">
         <name>.text:_SCI_setCharLength</name>
         <load_address>0x3f654a</load_address>
         <run_address>0x3f654a</run_address>
         <size>0x4</size>
         <input_file_ref idref="fl-10"/>
      </object_component>
      <object_component id="oc-182">
         <name>.text:_SCI_setNumStopBits</name>
         <load_address>0x3f654e</load_address>
         <run_address>0x3f654e</run_address>
         <size>0x4</size>
         <input_file_ref idref="fl-10"/>
      </object_component>
      <object_component id="oc-160">
         <name>.text:_SPI_enableChannels</name>
         <load_address>0x3f6552</load_address>
         <run_address>0x3f6552</run_address>
         <size>0x4</size>
         <input_file_ref idref="fl-f"/>
      </object_component>
      <object_component id="oc-163">
         <name>.text:_SPI_setCharLength</name>
         <load_address>0x3f6556</load_address>
         <run_address>0x3f6556</run_address>
         <size>0x4</size>
         <input_file_ref idref="fl-f"/>
      </object_component>
      <object_component id="oc-165">
         <name>.text:_SPI_setClkPolarity</name>
         <load_address>0x3f655a</load_address>
         <run_address>0x3f655a</run_address>
         <size>0x4</size>
         <input_file_ref idref="fl-f"/>
      </object_component>
      <object_component id="oc-13b">
         <name>.text:_CPU_clearIntFlags</name>
         <load_address>0x3f655e</load_address>
         <run_address>0x3f655e</run_address>
         <size>0x3</size>
         <input_file_ref idref="fl-16"/>
      </object_component>
      <object_component id="oc-13a">
         <name>.text:_CPU_disableGlobalInts</name>
         <load_address>0x3f6561</load_address>
         <run_address>0x3f6561</run_address>
         <size>0x3</size>
         <input_file_ref idref="fl-16"/>
      </object_component>
      <object_component id="oc-13d">
         <name>.text:_CPU_enableDebugInt</name>
         <load_address>0x3f6564</load_address>
         <run_address>0x3f6564</run_address>
         <size>0x3</size>
         <input_file_ref idref="fl-16"/>
      </object_component>
      <object_component id="oc-13c">
         <name>.text:_CPU_enableGlobalInts</name>
         <load_address>0x3f6567</load_address>
         <run_address>0x3f6567</run_address>
         <size>0x3</size>
         <input_file_ref idref="fl-16"/>
      </object_component>
      <object_component id="oc-139">
         <name>.text:_PIE_enable</name>
         <load_address>0x3f656a</load_address>
         <run_address>0x3f656a</run_address>
         <size>0x3</size>
         <input_file_ref idref="fl-13"/>
      </object_component>
      <object_component id="oc-17f">
         <name>.text:_PIE_enableTimer0Int</name>
         <load_address>0x3f656d</load_address>
         <run_address>0x3f656d</run_address>
         <size>0x3</size>
         <input_file_ref idref="fl-13"/>
      </object_component>
      <object_component id="oc-14f">
         <name>.text:_PLL_getClkStatus</name>
         <load_address>0x3f6570</load_address>
         <run_address>0x3f6570</run_address>
         <size>0x3</size>
         <input_file_ref idref="fl-12"/>
      </object_component>
      <object_component id="oc-152">
         <name>.text:_PLL_getLockStatus</name>
         <load_address>0x3f6573</load_address>
         <run_address>0x3f6573</run_address>
         <size>0x3</size>
         <input_file_ref idref="fl-12"/>
      </object_component>
      <object_component id="oc-198">
         <name>.text:_PWM_disableCounterLoad</name>
         <load_address>0x3f6576</load_address>
         <run_address>0x3f6576</run_address>
         <size>0x3</size>
         <input_file_ref idref="fl-11"/>
      </object_component>
      <object_component id="oc-181">
         <name>.text:_SCI_disableParity</name>
         <load_address>0x3f6579</load_address>
         <run_address>0x3f6579</run_address>
         <size>0x3</size>
         <input_file_ref idref="fl-10"/>
      </object_component>
      <object_component id="oc-192">
         <name>.text:_SCI_enable</name>
         <load_address>0x3f657c</load_address>
         <run_address>0x3f657c</run_address>
         <size>0x3</size>
         <input_file_ref idref="fl-10"/>
      </object_component>
      <object_component id="oc-185">
         <name>.text:_SCI_enableRx</name>
         <load_address>0x3f657f</load_address>
         <run_address>0x3f657f</run_address>
         <size>0x3</size>
         <input_file_ref idref="fl-10"/>
      </object_component>
      <object_component id="oc-187">
         <name>.text:_SCI_enableRxInt</name>
         <load_address>0x3f6582</load_address>
         <run_address>0x3f6582</run_address>
         <size>0x3</size>
         <input_file_ref idref="fl-10"/>
      </object_component>
      <object_component id="oc-184">
         <name>.text:_SCI_enableTx</name>
         <load_address>0x3f6585</load_address>
         <run_address>0x3f6585</run_address>
         <size>0x3</size>
         <input_file_ref idref="fl-10"/>
      </object_component>
      <object_component id="oc-186">
         <name>.text:_SCI_enableTxInt</name>
         <load_address>0x3f6588</load_address>
         <run_address>0x3f6588</run_address>
         <size>0x3</size>
         <input_file_ref idref="fl-10"/>
      </object_component>
      <object_component id="oc-191">
         <name>.text:_SCI_setPriority</name>
         <load_address>0x3f658b</load_address>
         <run_address>0x3f658b</run_address>
         <size>0x3</size>
         <input_file_ref idref="fl-10"/>
      </object_component>
      <object_component id="oc-15f">
         <name>.text:_SPI_enable</name>
         <load_address>0x3f658e</load_address>
         <run_address>0x3f658e</run_address>
         <size>0x3</size>
         <input_file_ref idref="fl-f"/>
      </object_component>
      <object_component id="oc-166">
         <name>.text:_SPI_enableInt</name>
         <load_address>0x3f6591</load_address>
         <run_address>0x3f6591</run_address>
         <size>0x3</size>
         <input_file_ref idref="fl-f"/>
      </object_component>
      <object_component id="oc-162">
         <name>.text:_SPI_enableTx</name>
         <load_address>0x3f6594</load_address>
         <run_address>0x3f6594</run_address>
         <size>0x3</size>
         <input_file_ref idref="fl-f"/>
      </object_component>
      <object_component id="oc-17e">
         <name>.text:_TIMER_enableInt</name>
         <load_address>0x3f6597</load_address>
         <run_address>0x3f6597</run_address>
         <size>0x3</size>
         <input_file_ref idref="fl-e"/>
      </object_component>
      <object_component id="oc-17c">
         <name>.text:_TIMER_reload</name>
         <load_address>0x3f659a</load_address>
         <run_address>0x3f659a</run_address>
         <size>0x3</size>
         <input_file_ref idref="fl-e"/>
      </object_component>
      <object_component id="oc-1a8">
         <name>.text:_TIMER_start</name>
         <load_address>0x3f659d</load_address>
         <run_address>0x3f659d</run_address>
         <size>0x3</size>
         <input_file_ref idref="fl-e"/>
      </object_component>
      <object_component id="oc-179">
         <name>.text:_TIMER_stop</name>
         <load_address>0x3f65a0</load_address>
         <run_address>0x3f65a0</run_address>
         <size>0x3</size>
         <input_file_ref idref="fl-e"/>
      </object_component>
      <object_component id="oc-197">
         <name>.text:_PWM_setCount</name>
         <load_address>0x3f65a3</load_address>
         <run_address>0x3f65a3</run_address>
         <size>0x2</size>
         <input_file_ref idref="fl-11"/>
      </object_component>
      <object_component id="oc-195">
         <name>.text:_PWM_setPeriod</name>
         <load_address>0x3f65a5</load_address>
         <run_address>0x3f65a5</run_address>
         <size>0x2</size>
         <input_file_ref idref="fl-11"/>
      </object_component>
      <object_component id="oc-196">
         <name>.text:_PWM_setPhase</name>
         <load_address>0x3f65a7</load_address>
         <run_address>0x3f65a7</run_address>
         <size>0x2</size>
         <input_file_ref idref="fl-11"/>
      </object_component>
      <object_component id="oc-167">
         <name>.text:_SPI_setBaudRate</name>
         <load_address>0x3f65a9</load_address>
         <run_address>0x3f65a9</run_address>
         <size>0x2</size>
         <input_file_ref idref="fl-f"/>
      </object_component>
      <object_component id="oc-164">
         <name>.text:_SPI_setClkPhase</name>
         <load_address>0x3f65ab</load_address>
         <run_address>0x3f65ab</run_address>
         <size>0x2</size>
         <input_file_ref idref="fl-f"/>
      </object_component>
      <object_component id="oc-161">
         <name>.text:_SPI_setMode</name>
         <load_address>0x3f65ad</load_address>
         <run_address>0x3f65ad</run_address>
         <size>0x2</size>
         <input_file_ref idref="fl-f"/>
      </object_component>
      <object_component id="oc-17a">
         <name>.text:_TIMER_setPeriod</name>
         <load_address>0x3f65af</load_address>
         <run_address>0x3f65af</run_address>
         <size>0x2</size>
         <input_file_ref idref="fl-e"/>
      </object_component>
      <object_component id="oc-112">
         <name>.text:_main</name>
         <load_address>0x3f7020</load_address>
         <run_address>0x3f7020</run_address>
         <size>0x220</size>
         <input_file_ref idref="fl-3"/>
      </object_component>
      <object_component id="oc-12f">
         <name>.text:_gpio_init</name>
         <load_address>0x3f7240</load_address>
         <run_address>0x3f7240</run_address>
         <size>0x1ab</size>
         <input_file_ref idref="fl-3"/>
      </object_component>
      <object_component id="oc-40">
         <name>.text:_adc_Isr</name>
         <load_address>0x3f73eb</load_address>
         <run_address>0x3f73eb</run_address>
         <size>0x16f</size>
         <input_file_ref idref="fl-3"/>
      </object_component>
      <object_component id="oc-1a2">
         <name>.text:_xvprintf</name>
         <load_address>0x3f755a</load_address>
         <run_address>0x3f755a</run_address>
         <size>0x128</size>
         <input_file_ref idref="fl-5"/>
      </object_component>
      <object_component id="oc-133">
         <name>.text:_adc_init</name>
         <load_address>0x3f7682</load_address>
         <run_address>0x3f7682</run_address>
         <size>0xaf</size>
         <input_file_ref idref="fl-3"/>
      </object_component>
      <object_component id="oc-131">
         <name>.text:_spi_init</name>
         <load_address>0x3f7731</load_address>
         <run_address>0x3f7731</run_address>
         <size>0x98</size>
         <input_file_ref idref="fl-3"/>
      </object_component>
      <object_component id="oc-142">
         <name>.text:_ftoa</name>
         <load_address>0x3f77c9</load_address>
         <run_address>0x3f77c9</run_address>
         <size>0x8c</size>
         <input_file_ref idref="fl-3"/>
      </object_component>
      <object_component id="oc-cb">
         <name>.text</name>
         <load_address>0x3f7855</load_address>
         <run_address>0x3f7855</run_address>
         <size>0x83</size>
         <input_file_ref idref="fl-25"/>
      </object_component>
      <object_component id="oc-c1">
         <name>.text</name>
         <load_address>0x3f78d8</load_address>
         <run_address>0x3f78d8</run_address>
         <size>0x78</size>
         <input_file_ref idref="fl-23"/>
      </object_component>
      <object_component id="oc-118">
         <name>.text:_drawLine</name>
         <load_address>0x3f7950</load_address>
         <run_address>0x3f7950</run_address>
         <size>0x71</size>
         <input_file_ref idref="fl-4"/>
      </object_component>
      <object_component id="oc-10c">
         <name>.text:_drawFilledCircle</name>
         <load_address>0x3f79c1</load_address>
         <run_address>0x3f79c1</run_address>
         <size>0x6f</size>
         <input_file_ref idref="fl-4"/>
      </object_component>
      <object_component id="oc-135">
         <name>.text:_scia_init</name>
         <load_address>0x3f7a30</load_address>
         <run_address>0x3f7a30</run_address>
         <size>0x6b</size>
         <input_file_ref idref="fl-3"/>
      </object_component>
      <object_component id="oc-117">
         <name>.text:_writeChar</name>
         <load_address>0x3f7a9b</load_address>
         <run_address>0x3f7a9b</run_address>
         <size>0x69</size>
         <input_file_ref idref="fl-4"/>
      </object_component>
      <object_component id="oc-137">
         <name>.text:_epwm_init</name>
         <load_address>0x3f7b04</load_address>
         <run_address>0x3f7b04</run_address>
         <size>0x60</size>
         <input_file_ref idref="fl-3"/>
      </object_component>
      <object_component id="oc-d0">
         <name>.text</name>
         <load_address>0x3f7b64</load_address>
         <run_address>0x3f7b64</run_address>
         <size>0x5a</size>
         <input_file_ref idref="fl-26"/>
      </object_component>
      <object_component id="oc-155">
         <name>.text:_GPIO_setMode</name>
         <load_address>0x3f7bbe</load_address>
         <run_address>0x3f7bbe</run_address>
         <size>0x49</size>
         <input_file_ref idref="fl-14"/>
      </object_component>
      <object_component id="oc-36">
         <name>.text</name>
         <load_address>0x3f7c07</load_address>
         <run_address>0x3f7c07</run_address>
         <size>0x44</size>
         <input_file_ref idref="fl-21"/>
      </object_component>
      <object_component id="oc-132">
         <name>.text:_nokia_init</name>
         <load_address>0x3f7c4b</load_address>
         <run_address>0x3f7c4b</run_address>
         <size>0x3e</size>
         <input_file_ref idref="fl-4"/>
      </object_component>
      <object_component id="oc-14b">
         <name>.text:_setPixel</name>
         <load_address>0x3f7c89</load_address>
         <run_address>0x3f7c89</run_address>
         <size>0x3b</size>
         <input_file_ref idref="fl-4"/>
      </object_component>
      <object_component id="oc-140">
         <name>.text:_itoa</name>
         <load_address>0x3f7cc4</load_address>
         <run_address>0x3f7cc4</run_address>
         <size>0x3a</size>
         <input_file_ref idref="fl-3"/>
      </object_component>
      <object_component id="oc-134">
         <name>.text:_timer0_init</name>
         <load_address>0x3f7cfe</load_address>
         <run_address>0x3f7cfe</run_address>
         <size>0x39</size>
         <input_file_ref idref="fl-3"/>
      </object_component>
      <object_component id="oc-156">
         <name>.text:_GPIO_setDirection</name>
         <load_address>0x3f7d37</load_address>
         <run_address>0x3f7d37</run_address>
         <size>0x34</size>
         <input_file_ref idref="fl-14"/>
      </object_component>
      <object_component id="oc-153">
         <name>.text:_GPIO_setPullUp</name>
         <load_address>0x3f7d6b</load_address>
         <run_address>0x3f7d6b</run_address>
         <size>0x34</size>
         <input_file_ref idref="fl-14"/>
      </object_component>
      <object_component id="oc-144">
         <name>.text:_VNH5091AE_CYCLE</name>
         <load_address>0x3f7d9f</load_address>
         <run_address>0x3f7d9f</run_address>
         <size>0x33</size>
         <input_file_ref idref="fl-3"/>
      </object_component>
      <object_component id="oc-1a1">
         <name>.text:_VNH5091AE_RETURN</name>
         <load_address>0x3f7dd2</load_address>
         <run_address>0x3f7dd2</run_address>
         <size>0x32</size>
         <input_file_ref idref="fl-3"/>
      </object_component>
      <object_component id="oc-42">
         <name>.text:_xint1_isr</name>
         <load_address>0x3f7e04</load_address>
         <run_address>0x3f7e04</run_address>
         <size>0x30</size>
         <input_file_ref idref="fl-3"/>
      </object_component>
      <object_component id="oc-43">
         <name>.text:_xint2_isr</name>
         <load_address>0x3f7e34</load_address>
         <run_address>0x3f7e34</run_address>
         <size>0x30</size>
         <input_file_ref idref="fl-3"/>
      </object_component>
      <object_component id="oc-169">
         <name>.text:_clear</name>
         <load_address>0x3f7e64</load_address>
         <run_address>0x3f7e64</run_address>
         <size>0x2d</size>
         <input_file_ref idref="fl-4"/>
      </object_component>
      <object_component id="oc-154">
         <name>.text:_GPIO_setQualification</name>
         <load_address>0x3f7e91</load_address>
         <run_address>0x3f7e91</run_address>
         <size>0x2b</size>
         <input_file_ref idref="fl-14"/>
      </object_component>
      <object_component id="oc-e9">
         <name>.text</name>
         <load_address>0x3f7ebc</load_address>
         <run_address>0x3f7ebc</run_address>
         <size>0x2a</size>
         <input_file_ref idref="fl-2b"/>
      </object_component>
      <object_component id="oc-da">
         <name>.text</name>
         <load_address>0x3f7ee6</load_address>
         <run_address>0x3f7ee6</run_address>
         <size>0x25</size>
         <input_file_ref idref="fl-28"/>
      </object_component>
      <object_component id="oc-176">
         <name>.text:_ADC_setIntMode</name>
         <load_address>0x3f7f0b</load_address>
         <run_address>0x3f7f0b</run_address>
         <size>0x24</size>
         <input_file_ref idref="fl-18"/>
      </object_component>
      <object_component id="oc-172">
         <name>.text:_ADC_setIntSrc</name>
         <load_address>0x3f7f2f</load_address>
         <run_address>0x3f7f2f</run_address>
         <size>0x24</size>
         <input_file_ref idref="fl-18"/>
      </object_component>
      <object_component id="oc-157">
         <name>.text:_GPIO_setQualificationPeriod</name>
         <load_address>0x3f7f53</load_address>
         <run_address>0x3f7f53</run_address>
         <size>0x23</size>
         <input_file_ref idref="fl-14"/>
      </object_component>
      <object_component id="oc-111">
         <name>.text:_PIE_enableInt</name>
         <load_address>0x3f7f76</load_address>
         <run_address>0x3f7f76</run_address>
         <size>0xa</size>
         <input_file_ref idref="fl-13"/>
      </object_component>
      <object_component id="oc-b4">
         <name>.stack</name>
         <uninitialized>true</uninitialized>
         <run_address>0x400</run_address>
         <size>0x0</size>
         <input_file_ref idref="fl-21"/>
      </object_component>
      <object_component id="oc-1e5">
         <name>.stack</name>
         <uninitialized>true</uninitialized>
         <run_address>0x400</run_address>
         <size>0x0</size>
      </object_component>
      <object_component id="oc-3e">
         <name>.ebss</name>
         <uninitialized>true</uninitialized>
         <run_address>0x700</run_address>
         <size>0x63</size>
         <input_file_ref idref="fl-3"/>
      </object_component>
      <object_component id="oc-7b">
         <name>.ebss</name>
         <uninitialized>true</uninitialized>
         <run_address>0x763</run_address>
         <size>0x1</size>
         <input_file_ref idref="fl-16"/>
      </object_component>
      <object_component id="oc-bc">
         <name>.ebss</name>
         <uninitialized>true</uninitialized>
         <run_address>0x764</run_address>
         <size>0x4</size>
         <input_file_ref idref="fl-22"/>
      </object_component>
      <object_component id="oc-51">
         <name>.ebss</name>
         <uninitialized>true</uninitialized>
         <run_address>0x768</run_address>
         <size>0x4</size>
         <input_file_ref idref="fl-5"/>
      </object_component>
      <object_component id="oc-113">
         <name>.ebss:__lock</name>
         <uninitialized>true</uninitialized>
         <run_address>0x76c</run_address>
         <size>0x2</size>
         <input_file_ref idref="fl-2f"/>
      </object_component>
      <object_component id="oc-1a3">
         <name>.ebss:__unlock</name>
         <uninitialized>true</uninitialized>
         <run_address>0x76e</run_address>
         <size>0x2</size>
         <input_file_ref idref="fl-2f"/>
      </object_component>
      <object_component id="oc-4b">
         <name>.ebss</name>
         <uninitialized>true</uninitialized>
         <run_address>0x8000</run_address>
         <size>0x238</size>
         <input_file_ref idref="fl-4"/>
      </object_component>
      <object_component id="oc-149">
         <name>.econst:_font8x8</name>
         <load_address>0x3f65b2</load_address>
         <run_address>0x3f65b2</run_address>
         <size>0x380</size>
         <input_file_ref idref="fl-4"/>
      </object_component>
      <object_component id="oc-44">
         <name>.econst:.string</name>
         <load_address>0x3f6932</load_address>
         <run_address>0x3f6932</run_address>
         <size>0x144</size>
         <input_file_ref idref="fl-3"/>
      </object_component>
      <object_component id="oc-11c">
         <name>.econst:_table</name>
         <load_address>0x3f6a76</load_address>
         <run_address>0x3f6a76</run_address>
         <size>0x10</size>
         <input_file_ref idref="fl-3"/>
      </object_component>
      <object_component id="oc-13e">
         <name>.switch:_main</name>
         <load_address>0x3f6af6</load_address>
         <run_address>0x3f6af6</run_address>
         <size>0x26</size>
         <input_file_ref idref="fl-3"/>
      </object_component>
      <object_component id="oc-b5">
         <name>.reset</name>
         <load_address>0x3fffc0</load_address>
         <run_address>0x3fffc0</run_address>
         <size>0x2</size>
         <input_file_ref idref="fl-21"/>
      </object_component>
      <object_component id="oc-37">
         <name>.debug_info</name>
         <load_address>0x0</load_address>
         <run_address>0x0</run_address>
         <size>0x15a7</size>
         <input_file_ref idref="fl-2"/>
      </object_component>
      <object_component id="oc-3c">
         <name>.debug_info</name>
         <load_address>0x15a7</load_address>
         <run_address>0x15a7</run_address>
         <size>0xa1bf</size>
         <input_file_ref idref="fl-3"/>
      </object_component>
      <object_component id="oc-49">
         <name>.debug_info</name>
         <load_address>0xb766</load_address>
         <run_address>0xb766</run_address>
         <size>0x1390</size>
         <input_file_ref idref="fl-4"/>
      </object_component>
      <object_component id="oc-50">
         <name>.debug_info</name>
         <load_address>0xcaf6</load_address>
         <run_address>0xcaf6</run_address>
         <size>0x5e1</size>
         <input_file_ref idref="fl-5"/>
      </object_component>
      <object_component id="oc-56">
         <name>.debug_info</name>
         <load_address>0xd0d7</load_address>
         <run_address>0xd0d7</run_address>
         <size>0x7d3</size>
         <input_file_ref idref="fl-d"/>
      </object_component>
      <object_component id="oc-5a">
         <name>.debug_info</name>
         <load_address>0xd8aa</load_address>
         <run_address>0xd8aa</run_address>
         <size>0xde6</size>
         <input_file_ref idref="fl-e"/>
      </object_component>
      <object_component id="oc-5e">
         <name>.debug_info</name>
         <load_address>0xe690</load_address>
         <run_address>0xe690</run_address>
         <size>0x17b3</size>
         <input_file_ref idref="fl-f"/>
      </object_component>
      <object_component id="oc-62">
         <name>.debug_info</name>
         <load_address>0xfe43</load_address>
         <run_address>0xfe43</run_address>
         <size>0x1efa</size>
         <input_file_ref idref="fl-10"/>
      </object_component>
      <object_component id="oc-66">
         <name>.debug_info</name>
         <load_address>0x11d3d</load_address>
         <run_address>0x11d3d</run_address>
         <size>0x324d</size>
         <input_file_ref idref="fl-11"/>
      </object_component>
      <object_component id="oc-6a">
         <name>.debug_info</name>
         <load_address>0x14f8a</load_address>
         <run_address>0x14f8a</run_address>
         <size>0xe73</size>
         <input_file_ref idref="fl-12"/>
      </object_component>
      <object_component id="oc-6e">
         <name>.debug_info</name>
         <load_address>0x15dfd</load_address>
         <run_address>0x15dfd</run_address>
         <size>0x2f5f</size>
         <input_file_ref idref="fl-13"/>
      </object_component>
      <object_component id="oc-72">
         <name>.debug_info</name>
         <load_address>0x18d5c</load_address>
         <run_address>0x18d5c</run_address>
         <size>0x22d3</size>
         <input_file_ref idref="fl-14"/>
      </object_component>
      <object_component id="oc-76">
         <name>.debug_info</name>
         <load_address>0x1b02f</load_address>
         <run_address>0x1b02f</run_address>
         <size>0x11a7</size>
         <input_file_ref idref="fl-15"/>
      </object_component>
      <object_component id="oc-7a">
         <name>.debug_info</name>
         <load_address>0x1c1d6</load_address>
         <run_address>0x1c1d6</run_address>
         <size>0xae3</size>
         <input_file_ref idref="fl-16"/>
      </object_component>
      <object_component id="oc-7f">
         <name>.debug_info</name>
         <load_address>0x1ccb9</load_address>
         <run_address>0x1ccb9</run_address>
         <size>0x134f</size>
         <input_file_ref idref="fl-17"/>
      </object_component>
      <object_component id="oc-83">
         <name>.debug_info</name>
         <load_address>0x1e008</load_address>
         <run_address>0x1e008</run_address>
         <size>0x2e71</size>
         <input_file_ref idref="fl-18"/>
      </object_component>
      <object_component id="oc-8a">
         <name>.debug_info</name>
         <load_address>0x20e79</load_address>
         <run_address>0x20e79</run_address>
         <size>0x304</size>
         <input_file_ref idref="fl-19"/>
      </object_component>
      <object_component id="oc-8d">
         <name>.debug_info</name>
         <load_address>0x2117d</load_address>
         <run_address>0x2117d</run_address>
         <size>0xade8</size>
         <input_file_ref idref="fl-1a"/>
      </object_component>
      <object_component id="oc-b0">
         <name>.debug_info</name>
         <load_address>0x2bf65</load_address>
         <run_address>0x2bf65</run_address>
         <size>0x312</size>
         <input_file_ref idref="fl-1b"/>
      </object_component>
      <object_component id="oc-b6">
         <name>.debug_info</name>
         <load_address>0x2c277</load_address>
         <run_address>0x2c277</run_address>
         <size>0x110</size>
         <input_file_ref idref="fl-21"/>
      </object_component>
      <object_component id="oc-ba">
         <name>.debug_info</name>
         <load_address>0x2c387</load_address>
         <run_address>0x2c387</run_address>
         <size>0x407</size>
         <input_file_ref idref="fl-22"/>
      </object_component>
      <object_component id="oc-c2">
         <name>.debug_info</name>
         <load_address>0x2c78e</load_address>
         <run_address>0x2c78e</run_address>
         <size>0xf2</size>
         <input_file_ref idref="fl-23"/>
      </object_component>
      <object_component id="oc-c7">
         <name>.debug_info</name>
         <load_address>0x2c880</load_address>
         <run_address>0x2c880</run_address>
         <size>0xf2</size>
         <input_file_ref idref="fl-24"/>
      </object_component>
      <object_component id="oc-cc">
         <name>.debug_info</name>
         <load_address>0x2c972</load_address>
         <run_address>0x2c972</run_address>
         <size>0xf2</size>
         <input_file_ref idref="fl-25"/>
      </object_component>
      <object_component id="oc-d1">
         <name>.debug_info</name>
         <load_address>0x2ca64</load_address>
         <run_address>0x2ca64</run_address>
         <size>0xf2</size>
         <input_file_ref idref="fl-26"/>
      </object_component>
      <object_component id="oc-d6">
         <name>.debug_info</name>
         <load_address>0x2cb56</load_address>
         <run_address>0x2cb56</run_address>
         <size>0xf2</size>
         <input_file_ref idref="fl-27"/>
      </object_component>
      <object_component id="oc-db">
         <name>.debug_info</name>
         <load_address>0x2cc48</load_address>
         <run_address>0x2cc48</run_address>
         <size>0xfe</size>
         <input_file_ref idref="fl-28"/>
      </object_component>
      <object_component id="oc-e0">
         <name>.debug_info</name>
         <load_address>0x2cd46</load_address>
         <run_address>0x2cd46</run_address>
         <size>0x11f</size>
         <input_file_ref idref="fl-29"/>
      </object_component>
      <object_component id="oc-e5">
         <name>.debug_info</name>
         <load_address>0x2ce65</load_address>
         <run_address>0x2ce65</run_address>
         <size>0xf8</size>
         <input_file_ref idref="fl-2a"/>
      </object_component>
      <object_component id="oc-ea">
         <name>.debug_info</name>
         <load_address>0x2cf5d</load_address>
         <run_address>0x2cf5d</run_address>
         <size>0x183</size>
         <input_file_ref idref="fl-2b"/>
      </object_component>
      <object_component id="oc-ee">
         <name>.debug_info</name>
         <load_address>0x2d0e0</load_address>
         <run_address>0x2d0e0</run_address>
         <size>0x39f</size>
         <input_file_ref idref="fl-2c"/>
      </object_component>
      <object_component id="oc-f4">
         <name>.debug_info</name>
         <load_address>0x2d47f</load_address>
         <run_address>0x2d47f</run_address>
         <size>0x11f</size>
         <input_file_ref idref="fl-2d"/>
      </object_component>
      <object_component id="oc-f9">
         <name>.debug_info</name>
         <load_address>0x2d59e</load_address>
         <run_address>0x2d59e</run_address>
         <size>0xf2</size>
         <input_file_ref idref="fl-2e"/>
      </object_component>
      <object_component id="oc-fd">
         <name>.debug_info</name>
         <load_address>0x2d690</load_address>
         <run_address>0x2d690</run_address>
         <size>0x431</size>
         <input_file_ref idref="fl-2f"/>
      </object_component>
      <object_component id="oc-102">
         <name>.debug_info</name>
         <load_address>0x2dac1</load_address>
         <run_address>0x2dac1</run_address>
         <size>0x3fe</size>
         <input_file_ref idref="fl-30"/>
      </object_component>
      <object_component id="oc-1ec">
         <name>.debug_info</name>
         <load_address>0x2debf</load_address>
         <run_address>0x2debf</run_address>
         <size>0xae</size>
      </object_component>
      <object_component id="oc-38">
         <name>.debug_frame</name>
         <load_address>0x0</load_address>
         <run_address>0x0</run_address>
         <size>0x77</size>
         <input_file_ref idref="fl-2"/>
      </object_component>
      <object_component id="oc-45">
         <name>.debug_frame</name>
         <load_address>0x77</load_address>
         <run_address>0x77</run_address>
         <size>0x407</size>
         <input_file_ref idref="fl-3"/>
      </object_component>
      <object_component id="oc-4c">
         <name>.debug_frame</name>
         <load_address>0x47e</load_address>
         <run_address>0x47e</run_address>
         <size>0x21b</size>
         <input_file_ref idref="fl-4"/>
      </object_component>
      <object_component id="oc-52">
         <name>.debug_frame</name>
         <load_address>0x699</load_address>
         <run_address>0x699</run_address>
         <size>0xeb</size>
         <input_file_ref idref="fl-5"/>
      </object_component>
      <object_component id="oc-57">
         <name>.debug_frame</name>
         <load_address>0x784</load_address>
         <run_address>0x784</run_address>
         <size>0x94</size>
         <input_file_ref idref="fl-d"/>
      </object_component>
      <object_component id="oc-5b">
         <name>.debug_frame</name>
         <load_address>0x818</load_address>
         <run_address>0x818</run_address>
         <size>0x124</size>
         <input_file_ref idref="fl-e"/>
      </object_component>
      <object_component id="oc-5f">
         <name>.debug_frame</name>
         <load_address>0x93c</load_address>
         <run_address>0x93c</run_address>
         <size>0x184</size>
         <input_file_ref idref="fl-f"/>
      </object_component>
      <object_component id="oc-63">
         <name>.debug_frame</name>
         <load_address>0xac0</load_address>
         <run_address>0xac0</run_address>
         <size>0x244</size>
         <input_file_ref idref="fl-10"/>
      </object_component>
      <object_component id="oc-67">
         <name>.debug_frame</name>
         <load_address>0xd04</load_address>
         <run_address>0xd04</run_address>
         <size>0x184</size>
         <input_file_ref idref="fl-11"/>
      </object_component>
      <object_component id="oc-6b">
         <name>.debug_frame</name>
         <load_address>0xe88</load_address>
         <run_address>0xe88</run_address>
         <size>0xf4</size>
         <input_file_ref idref="fl-12"/>
      </object_component>
      <object_component id="oc-6f">
         <name>.debug_frame</name>
         <load_address>0xf7c</load_address>
         <run_address>0xf7c</run_address>
         <size>0x13c</size>
         <input_file_ref idref="fl-13"/>
      </object_component>
      <object_component id="oc-73">
         <name>.debug_frame</name>
         <load_address>0x10b8</load_address>
         <run_address>0x10b8</run_address>
         <size>0x154</size>
         <input_file_ref idref="fl-14"/>
      </object_component>
      <object_component id="oc-77">
         <name>.debug_frame</name>
         <load_address>0x120c</load_address>
         <run_address>0x120c</run_address>
         <size>0xdc</size>
         <input_file_ref idref="fl-15"/>
      </object_component>
[...]
         <value>0x3f6573</value>
         <object_component_ref idref="oc-152"/>
      </symbol>
      <symbol id="sm-317">
         <name>_PLL_setup</name>
         <value>0x3f6245</value>
         <object_component_ref idref="oc-12d"/>
      </symbol>
      <symbol id="sm-318">
         <name>_PLL_setMultiplier</name>
         <value>0x3f6505</value>
         <object_component_ref idref="oc-151"/>
      </symbol>
      <symbol id="sm-338">
         <name>_PIE_enable</name>
         <value>0x3f656a</value>
         <object_component_ref idref="oc-139"/>
      </symbol>
      <symbol id="sm-339">
         <name>_PIE_disableInt</name>
         <value>0x3f63e8</value>
         <object_component_ref idref="oc-10f"/>
      </symbol>
      <symbol id="sm-33a">
         <name>_PIE_enableAdcInt</name>
         <value>0x3f62de</value>
         <object_component_ref idref="oc-177"/>
      </symbol>
      <symbol id="sm-33b">
         <name>_PIE_setExtIntPolarity</name>
         <value>0x3f619e</value>
         <object_component_ref idref="oc-159"/>
      </symbol>
      <symbol id="sm-33c">
         <name>_PIE_enableExtInt</name>
         <value>0x3f6000</value>
         <object_component_ref idref="oc-15b"/>
      </symbol>
      <symbol id="sm-33d">
         <name>_PIE_enableTimer0Int</name>
         <value>0x3f656d</value>
         <object_component_ref idref="oc-17f"/>
      </symbol>
      <symbol id="sm-33e">
         <name>_PIE_registerPieIntHandler</name>
         <value>0x3f6355</value>
         <object_component_ref idref="oc-15a"/>
      </symbol>
      <symbol id="sm-33f">
         <name>_PIE_init</name>
         <value>0x3f645b</value>
         <object_component_ref idref="oc-123"/>
      </symbol>
      <symbol id="sm-340">
         <name>_PIE_enableInt</name>
         <value>0x3f7f76</value>
         <object_component_ref idref="oc-111"/>
      </symbol>
      <symbol id="sm-373">
         <name>_GPIO_setExtInt</name>
         <value>0x3f63dd</value>
         <object_component_ref idref="oc-158"/>
      </symbol>
      <symbol id="sm-374">
         <name>_GPIO_setLow</name>
         <value>0x3f6281</value>
         <object_component_ref idref="oc-14d"/>
      </symbol>
      <symbol id="sm-375">
         <name>_GPIO_setQualificationPeriod</name>
         <value>0x3f7f53</value>
         <object_component_ref idref="oc-157"/>
      </symbol>
      <symbol id="sm-376">
         <name>_GPIO_toggle</name>
         <value>0x3f6294</value>
         <object_component_ref idref="oc-109"/>
      </symbol>
      <symbol id="sm-377">
         <name>_GPIO_setQualification</name>
         <value>0x3f7e91</value>
         <object_component_ref idref="oc-154"/>
      </symbol>
      <symbol id="sm-378">
         <name>_GPIO_setMode</name>
         <value>0x3f7bbe</value>
         <object_component_ref idref="oc-155"/>
      </symbol>
      <symbol id="sm-379">
         <name>_GPIO_init</name>
         <value>0x3f64a3</value>
         <object_component_ref idref="oc-122"/>
      </symbol>
      <symbol id="sm-37a">
         <name>_GPIO_setPullUp</name>
         <value>0x3f7d6b</value>
         <object_component_ref idref="oc-153"/>
      </symbol>
      <symbol id="sm-37b">
         <name>_GPIO_setDirection</name>
         <value>0x3f7d37</value>
         <object_component_ref idref="oc-156"/>
      </symbol>
      <symbol id="sm-37c">
         <name>_GPIO_setHigh</name>
         <value>0x3f626e</value>
         <object_component_ref idref="oc-11a"/>
      </symbol>
      <symbol id="sm-390">
         <name>_FLASH_setActiveWaitCount</name>
         <value>0x62</value>
         <object_component_ref idref="oc-1a6"/>
      </symbol>
      <symbol id="sm-391">
         <name>_FLASH_enablePipelineMode</name>
         <value>0x5c</value>
         <object_component_ref idref="oc-1a4"/>
      </symbol>
      <symbol id="sm-392">
         <name>_FLASH_setStandbyWaitCount</name>
         <value>0x67</value>
         <object_component_ref idref="oc-1a5"/>
      </symbol>
      <symbol id="sm-393">
         <name>_FLASH_init</name>
         <value>0x3f649c</value>
         <object_component_ref idref="oc-121"/>
      </symbol>
      <symbol id="sm-394">
         <name>_FLASH_setup</name>
         <value>0x50</value>
         <object_component_ref idref="oc-178"/>
      </symbol>
      <symbol id="sm-3ac">
         <name>_CPU_disableGlobalInts</name>
         <value>0x3f6561</value>
         <object_component_ref idref="oc-13a"/>
      </symbol>
      <symbol id="sm-3ad">
         <name>_CPU_enableGlobalInts</name>
         <value>0x3f6567</value>
         <object_component_ref idref="oc-13c"/>
      </symbol>
      <symbol id="sm-3ae">
         <name>_CPU_clearIntFlags</name>
         <value>0x3f655e</value>
         <object_component_ref idref="oc-13b"/>
      </symbol>
      <symbol id="sm-3af">
         <name>_CPU_init</name>
         <value>0x3f6526</value>
         <object_component_ref idref="oc-120"/>
      </symbol>
      <symbol id="sm-3b0">
         <name>_cpu</name>
         <value>0x763</value>
         <object_component_ref idref="oc-7b"/>
      </symbol>
      <symbol id="sm-3b1">
         <name>_CPU_enableDebugInt</name>
         <value>0x3f6564</value>
         <object_component_ref idref="oc-13d"/>
      </symbol>
      <symbol id="sm-3b2">
         <name>_CPU_enableInt</name>
         <value>0x3f6522</value>
         <object_component_ref idref="oc-15c"/>
      </symbol>
      <symbol id="sm-3ce">
         <name>_CLK_enablePwmClock</name>
         <value>0x3f6426</value>
         <object_component_ref idref="oc-194"/>
      </symbol>
      <symbol id="sm-3cf">
         <name>_CLK_enableSpiaClock</name>
         <value>0x3f6480</value>
         <object_component_ref idref="oc-15d"/>
      </symbol>
      <symbol id="sm-3d0">
         <name>_CLK_enableAdcClock</name>
         <value>0x3f6479</value>
         <object_component_ref idref="oc-12a"/>
      </symbol>
      <symbol id="sm-3d1">
         <name>_CLK_disableAdcClock</name>
         <value>0x3f646b</value>
         <object_component_ref idref="oc-12b"/>
      </symbol>
      <symbol id="sm-3d2">
         <name>_CLK_enableTbClockSync</name>
         <value>0x3f6487</value>
         <object_component_ref idref="oc-138"/>
      </symbol>
      <symbol id="sm-3d3">
         <name>_CLK_disableTbClockSync</name>
         <value>0x3f6472</value>
         <object_component_ref idref="oc-136"/>
      </symbol>
      <symbol id="sm-3d4">
         <name>_CLK_enableSciaClock</name>
         <value>0x3f642f</value>
         <object_component_ref idref="oc-180"/>
      </symbol>
      <symbol id="sm-3d5">
         <name>_CLK_setOscSrc</name>
         <value>0x3f6495</value>
         <object_component_ref idref="oc-12c"/>
      </symbol>
      <symbol id="sm-3d6">
         <name>_CLK_init</name>
         <value>0x3f648e</value>
         <object_component_ref idref="oc-11f"/>
      </symbol>
      <symbol id="sm-3fc">
         <name>_ADC_reset</name>
         <value>0x3f63d2</value>
         <object_component_ref idref="oc-16a"/>
      </symbol>
      <symbol id="sm-3fd">
         <name>_ADC_setVoltRefSrc</name>
         <value>0x3f62cc</value>
         <object_component_ref idref="oc-16f"/>
      </symbol>
      <symbol id="sm-3fe">
         <name>_ADC_enableBandGap</name>
         <value>0x3f63b1</value>
         <object_component_ref idref="oc-16b"/>
      </symbol>
      <symbol id="sm-3ff">
         <name>_ADC_enableRefBuffers</name>
         <value>0x3f63bc</value>
         <object_component_ref idref="oc-16c"/>
      </symbol>
      <symbol id="sm-400">
         <name>_ADC_setIntMode</name>
         <value>0x3f7f0b</value>
         <object_component_ref idref="oc-176"/>
      </symbol>
      <symbol id="sm-401">
         <name>_ADC_setSocSampleWindow</name>
         <value>0x3f60fa</value>
         <object_component_ref idref="oc-175"/>
      </symbol>
      <symbol id="sm-402">
         <name>_ADC_setSocChanNumber</name>
         <value>0x3f60de</value>
         <object_component_ref idref="oc-174"/>
      </symbol>
      <symbol id="sm-403">
         <name>_ADC_setSocTrigSrc</name>
         <value>0x3f6116</value>
         <object_component_ref idref="oc-173"/>
      </symbol>
      <symbol id="sm-404">
         <name>_ADC_powerUp</name>
         <value>0x3f63c7</value>
         <object_component_ref idref="oc-16d"/>
      </symbol>
      <symbol id="sm-405">
         <name>_ADC_setIntPulseGenMode</name>
         <value>0x3f62ba</value>
         <object_component_ref idref="oc-170"/>
      </symbol>
      <symbol id="sm-406">
         <name>_ADC_setIntSrc</name>
         <value>0x3f7f2f</value>
         <object_component_ref idref="oc-172"/>
      </symbol>
      <symbol id="sm-407">
         <name>_ADC_init</name>
         <value>0x3f6453</value>
         <object_component_ref idref="oc-11e"/>
      </symbol>
      <symbol id="sm-408">
         <name>_ADC_enable</name>
         <value>0x3f63a6</value>
         <object_component_ref idref="oc-16e"/>
      </symbol>
      <symbol id="sm-409">
         <name>_ADC_enableInt</name>
         <value>0x3f61e9</value>
         <object_component_ref idref="oc-171"/>
      </symbol>
      <symbol id="sm-417">
         <name>_setDBGIER</name>
         <value>0x3f62f8</value>
         <object_component_ref idref="oc-87"/>
      </symbol>
      <symbol id="sm-418">
         <name>_DSP28x_DisableInt</name>
         <value>0x3f62fb</value>
         <object_component_ref idref="oc-87"/>
      </symbol>
      <symbol id="sm-419">
         <name>_DSP28x_RestoreInt</name>
         <value>0x3f62ff</value>
         <object_component_ref idref="oc-87"/>
      </symbol>
      <symbol id="sm-41a">
         <name>_DSP28x_usDelay</name>
         <value>0x6c</value>
         <object_component_ref idref="oc-89"/>
      </symbol>
      <symbol id="sm-41b">
         <name>code_start</name>
         <value>0x3f7ff6</value>
         <object_component_ref idref="oc-88"/>
      </symbol>
      <symbol id="sm-464">
         <name>_GpioCtrlRegs</name>
         <value>0x6f80</value>
         <object_component_ref idref="oc-ac"/>
      </symbol>
      <symbol id="sm-465">
         <name>_PieVectTable</name>
         <value>0xd00</value>
         <object_component_ref idref="oc-ae"/>
      </symbol>
      <symbol id="sm-466">
         <name>_SysPwrCtrlRegs</name>
         <value>0x985</value>
         <object_component_ref idref="oc-93"/>
      </symbol>
      <symbol id="sm-467">
         <name>_EmuBMode</name>
         <value>0xd01</value>
         <object_component_ref idref="oc-90"/>
      </symbol>
      <symbol id="sm-468">
         <name>_CsmRegs</name>
         <value>0xae0</value>
         <object_component_ref idref="oc-9e"/>
      </symbol>
      <symbol id="sm-469">
         <name>_AdcResult</name>
         <value>0xb00</value>
         <object_component_ref idref="oc-a6"/>
      </symbol>
      <symbol id="sm-46a">
         <name>_EPwm4Regs</name>
         <value>0x68c0</value>
         <object_component_ref idref="oc-aa"/>
      </symbol>
      <symbol id="sm-46b">
         <name>_CpuTimer1Regs</name>
         <value>0xc08</value>
         <object_component_ref idref="oc-97"/>
      </symbol>
      <symbol id="sm-46c">
         <name>_SysCtrlRegs</name>
         <value>0x7010</value>
         <object_component_ref idref="oc-a3"/>
      </symbol>
      <symbol id="sm-46d">
         <name>_SpiaRegs</name>
         <value>0x7040</value>
         <object_component_ref idref="oc-9b"/>
      </symbol>
      <symbol id="sm-46e">
         <name>_FlashRegs</name>
         <value>0xa80</value>
         <object_component_ref idref="oc-95"/>
      </symbol>
      <symbol id="sm-46f">
         <name>_CpuTimer0Regs</name>
         <value>0xc00</value>
         <object_component_ref idref="oc-96"/>
      </symbol>
      <symbol id="sm-470">
         <name>_DevEmuRegs</name>
         <value>0x880</value>
         <object_component_ref idref="oc-94"/>
      </symbol>
      <symbol id="sm-471">
         <name>_Comp1Regs</name>
         <value>0x6400</value>
         <object_component_ref idref="oc-a1"/>
      </symbol>
      <symbol id="sm-472">
         <name>_SciaRegs</name>
         <value>0x7050</value>
         <object_component_ref idref="oc-9c"/>
      </symbol>
      <symbol id="sm-473">
         <name>_GpioDataRegs</name>
         <value>0x6fc0</value>
         <object_component_ref idref="oc-a4"/>
      </symbol>
      <symbol id="sm-474">
         <name>_CsmPwl</name>
         <value>0x3f7ff8</value>
         <object_component_ref idref="oc-99"/>
      </symbol>
      <symbol id="sm-475">
         <name>_AdcRegs</name>
         <value>0x7100</value>
         <object_component_ref idref="oc-ad"/>
      </symbol>
      <symbol id="sm-476">
         <name>_Comp2Regs</name>
         <value>0x6420</value>
         <object_component_ref idref="oc-a0"/>
      </symbol>
      <symbol id="sm-477">
         <name>_XIntruptRegs</name>
         <value>0x7070</value>
         <object_component_ref idref="oc-9f"/>
      </symbol>
      <symbol id="sm-478">
         <name>_CpuTimer2Regs</name>
         <value>0xc10</value>
         <object_component_ref idref="oc-98"/>
      </symbol>
      <symbol id="sm-479">
         <name>_PieCtrlRegs</name>
         <value>0xce0</value>
         <object_component_ref idref="oc-a2"/>
      </symbol>
      <symbol id="sm-47a">
         <name>_ECap1Regs</name>
         <value>0x6a00</value>
         <object_component_ref idref="oc-a5"/>
      </symbol>
      <symbol id="sm-47b">
         <name>_EmuKey</name>
         <value>0xd00</value>
         <object_component_ref idref="oc-8e"/>
      </symbol>
      <symbol id="sm-47c">
         <name>_EPwm1Regs</name>
         <value>0x6800</value>
         <object_component_ref idref="oc-ab"/>
      </symbol>
      <symbol id="sm-47d">
         <name>_GpioIntRegs</name>
         <value>0x6fe0</value>
         <object_component_ref idref="oc-9a"/>
      </symbol>
      <symbol id="sm-47e">
         <name>_PartIdRegs</name>
         <value>0x3d7fff</value>
         <object_component_ref idref="oc-8f"/>
      </symbol>
      <symbol id="sm-47f">
         <name>_Flash_CPUScaleFactor</name>
         <value>0xd04</value>
         <object_component_ref idref="oc-91"/>
      </symbol>
      <symbol id="sm-480">
         <name>_EPwm2Regs</name>
         <value>0x6840</value>
         <object_component_ref idref="oc-a9"/>
      </symbol>
      <symbol id="sm-481">
         <name>_NmiIntruptRegs</name>
         <value>0x7060</value>
         <object_component_ref idref="oc-9d"/>
      </symbol>
      <symbol id="sm-482">
         <name>_Flash_CallbackPtr</name>
         <value>0xd02</value>
         <object_component_ref idref="oc-92"/>
      </symbol>
      <symbol id="sm-483">
         <name>_EPwm3Regs</name>
         <value>0x6880</value>
         <object_component_ref idref="oc-a8"/>
      </symbol>
      <symbol id="sm-484">
         <name>_I2caRegs</name>
         <value>0x7900</value>
         <object_component_ref idref="oc-a7"/>
      </symbol>
      <symbol id="sm-4a3">
         <name>_c_int00</name>
         <value>0x3f7c07</value>
         <object_component_ref idref="oc-36"/>
      </symbol>
      <symbol id="sm-4a4">
         <name>__stack</name>
         <value>0x400</value>
         <object_component_ref idref="oc-b4"/>
      </symbol>
      <symbol id="sm-4b8">
         <name>C$$EXIT</name>
         <value>0x3f61d0</value>
         <object_component_ref idref="oc-108"/>
      </symbol>
      <symbol id="sm-4b9">
         <name>_exit</name>
         <value>0x3f61d2</value>
         <object_component_ref idref="oc-108"/>
      </symbol>
      <symbol id="sm-4ba">
         <name>___TI_cleanup_ptr</name>
         <value>0x764</value>
         <object_component_ref idref="oc-bc"/>
      </symbol>
      <symbol id="sm-4bb">
         <name>_abort</name>
         <value>0x3f61d0</value>
         <object_component_ref idref="oc-108"/>
      </symbol>
      <symbol id="sm-4bc">
         <name>___TI_dtors_ptr</name>
         <value>0x766</value>
         <object_component_ref idref="oc-bc"/>
      </symbol>
      <symbol id="sm-4d6">
         <name>FS$$ADD</name>
         <value>0x3f78dd</value>
         <object_component_ref idref="oc-c1"/>
      </symbol>
      <symbol id="sm-4d7">
         <name>FS$$SUB</name>
         <value>0x3f78d8</value>
         <object_component_ref idref="oc-c1"/>
      </symbol>
      <symbol id="sm-4e9">
         <name>FS$$CMP</name>
         <value>0x3f6218</value>
         <object_component_ref idref="oc-c6"/>
      </symbol>
      <symbol id="sm-4fa">
         <name>FS$$DIV</name>
         <value>0x3f7855</value>
         <object_component_ref idref="oc-cb"/>
      </symbol>
      <symbol id="sm-50b">
         <name>FS$$MPY</name>
         <value>0x3f7b64</value>
         <object_component_ref idref="oc-d0"/>
      </symbol>
      <symbol id="sm-518">
         <name>FS$$NEG</name>
         <value>0x3f651d</value>
         <object_component_ref idref="oc-d5"/>
      </symbol>
      <symbol id="sm-529">
         <name>FS$$TOI</name>
         <value>0x3f7ee6</value>
         <object_component_ref idref="oc-da"/>
      </symbol>
      <symbol id="sm-537">
         <name>I$$MOD</name>
         <value>0x3f6034</value>
         <object_component_ref idref="oc-df"/>
      </symbol>
      <symbol id="sm-538">
         <name>I$$DIV</name>
         <value>0x3f6023</value>
         <object_component_ref idref="oc-df"/>
      </symbol>
      <symbol id="sm-547">
         <name>I$$TOFS</name>
         <value>0x3f6184</value>
         <object_component_ref idref="oc-e4"/>
      </symbol>
      <symbol id="sm-553">
         <name>UL$$MOD</name>
         <value>0x3f7ee0</value>
         <object_component_ref idref="oc-e9"/>
      </symbol>
      <symbol id="sm-554">
         <name>L$$MOD</name>
         <value>0x3f7ecb</value>
         <object_component_ref idref="oc-e9"/>
      </symbol>
      <symbol id="sm-555">
         <name>L$$DIV</name>
         <value>0x3f7ebc</value>
         <object_component_ref idref="oc-e9"/>
      </symbol>
      <symbol id="sm-556">
         <name>UL$$DIV</name>
         <value>0x3f7ed9</value>
         <object_component_ref idref="oc-e9"/>
      </symbol>
      <symbol id="sm-568">
         <name>_memcpy</name>
         <value>0x3f60c1</value>
         <object_component_ref idref="oc-12e"/>
      </symbol>
      <symbol id="sm-574">
         <name>U$$MOD</name>
         <value>0x3f63f8</value>
         <object_component_ref idref="oc-f3"/>
      </symbol>
      <symbol id="sm-575">
         <name>U$$DIV</name>
         <value>0x3f63f3</value>
         <object_component_ref idref="oc-f3"/>
      </symbol>
      <symbol id="sm-583">
         <name>U$$TOFS</name>
         <value>0x3f6345</value>
         <object_component_ref idref="oc-f8"/>
      </symbol>
      <symbol id="sm-598">
         <name>__unlock</name>
         <value>0x76e</value>
         <object_component_ref idref="oc-1a3"/>
      </symbol>
      <symbol id="sm-599">
         <name>__lock</name>
         <value>0x76c</value>
         <object_component_ref idref="oc-113"/>
      </symbol>
      <symbol id="sm-59a">
         <name>__register_lock</name>
         <value>0x3f644e</value>
         <object_component_ref idref="oc-146"/>
      </symbol>
      <symbol id="sm-59b">
         <name>__nop</name>
         <value>0x3f6452</value>
         <object_component_ref idref="oc-146"/>
      </symbol>
      <symbol id="sm-59c">
         <name>__register_unlock</name>
         <value>0x3f644a</value>
         <object_component_ref idref="oc-146"/>
      </symbol>
      <symbol id="sm-5ac">
         <name>__args_main</name>
         <value>0x3f61b7</value>
         <object_component_ref idref="oc-107"/>
      </symbol>
   </symbol_table>
   <title>Link successful</title>
</link_info>
