******************************************************************************
             TMS320C2000 Linker PC v6.1.0                      
******************************************************************************
>> Linked Fri Jan 18 22:41:58 2013

OUTPUT FILE NAME:   <C2000_AIOtest.out>
ENTRY POINT SYMBOL: "_c_int00"  address: 003f7187


MEMORY CONFIGURATION

         name            origin    length      used     unused   attr    fill
----------------------  --------  ---------  --------  --------  ----  --------
PAGE 0:
  RAMM0                 00000050   000003b0  00000004  000003ac  RWIX
  OTP                   003d7800   00000400  00000000  00000400  RWIX
  FLASHB                003f6000   00001000  00000000  00001000  RWIX
  FLASHA                003f7000   00000f80  00000593  000009ed  RWIX
  CSM_RSVD              003f7f80   00000076  00000076  00000000  RWIX
  BEGIN                 003f7ff6   00000002  00000002  00000000  RWIX
  CSM_PWL_P0            003f7ff8   00000008  00000008  00000000  RWIX
  IQTABLES              003fe000   00000b50  00000000  00000b50  RWIX
  IQTABLES2             003feb50   0000008c  00000000  0000008c  RWIX
  IQTABLES3             003febdc   000000aa  00000000  000000aa  RWIX
  ROM                   003ff27c   00000d44  00000000  00000d44  RWIX
  RESET                 003fffc0   00000002  00000000  00000002  RWIX
  VECTORS               003fffc2   0000003e  00000000  0000003e  RWIX

PAGE 1:
  BOOT_RSVD             00000000   00000050  00000000  00000050  RWIX
  RAMM1                 00000400   00000400  00000319  000000e7  RWIX
  DEV_EMU               00000880   00000105  00000004  00000101  RWIX
  SYS_PWR_CTL           00000985   00000003  00000003  00000000  RWIX
  FLASH_REGS            00000a80   00000060  00000008  00000058  RWIX
  CSM                   00000ae0   00000010  00000010  00000000  RWIX
  ADC_RESULT            00000b00   00000020  00000020  00000000  RWIX
  CPU_TIMER0            00000c00   00000008  00000008  00000000  RWIX
  CPU_TIMER1            00000c08   00000008  00000008  00000000  RWIX
  CPU_TIMER2            00000c10   00000008  00000008  00000000  RWIX
  PIE_CTRL              00000ce0   00000020  0000001a  00000006  RWIX
  PIE_VECT              00000d00   00000100  00000100  00000000  RWIX
  COMP1                 00006400   00000020  00000011  0000000f  RWIX
  COMP2                 00006420   00000020  00000011  0000000f  RWIX
  EPWM1                 00006800   00000040  00000040  00000000  RWIX
  EPWM2                 00006840   00000040  00000040  00000000  RWIX
  EPWM3                 00006880   00000040  00000040  00000000  RWIX
  EPWM4                 000068c0   00000040  00000040  00000000  RWIX
  ECAP1                 00006a00   00000020  00000020  00000000  RWIX
  GPIOCTRL              00006f80   00000040  00000040  00000000  RWIX
  GPIODAT               00006fc0   00000020  00000020  00000000  RWIX
  GPIOINT               00006fe0   00000020  0000000a  00000016  RWIX
  SYSTEM                00007010   00000020  0000001f  00000001  RWIX
  SPIA                  00007040   00000010  00000010  00000000  RWIX
  SCIA                  00007050   00000010  00000010  00000000  RWIX
  NMIINTRUPT            00007060   00000010  00000010  00000000  RWIX
  XINTRUPT              00007070   00000010  00000010  00000000  RWIX
  ADC                   00007100   00000080  00000051  0000002f  RWIX
  I2CA                  00007900   00000040  00000022  0000001e  RWIX
  RAML0                 00008000   00000400  00000000  00000400  RWIX
  PARTID                003d7fff   00000001  00000001  00000000  RWIX
  CSM_PWL               003f7ff8   00000008  00000008  00000000  RWIX


SECTION ALLOCATION MAP

 output                                  attributes/
section   page    origin      length       input sections
--------  ----  ----------  ----------   ----------------
.pinit     0    003f7000    00000000     UNINITIALIZED

ramfuncs   0    003f7000    00000004     RUN ADDR = 00000050
                  003f7000    00000004     driverlib.lib : F2802x_asmfuncs.obj (ramfuncs)

.text      0    003f7004    00000479     
                  003f7004    000000e5     main.obj (.text:_main)
                  003f70e9    00000055     main.obj (.text:_gpio_init)
                  003f713e    00000049     driverlib.lib : gpio.obj (.text:_GPIO_setMode)
                  003f7187    00000044     rts2800_ml.lib : boot.obj (.text)
                  003f71cb    00000034     driverlib.lib : gpio.obj (.text:_GPIO_setDirection)
                  003f71ff    00000034                   : gpio.obj (.text:_GPIO_setPullUp)
                  003f7233    00000021     rts2800_ml.lib : memcpy_ff.obj (.text)
                  003f7254    00000019                    : args_main.obj (.text)
                  003f726d    00000019                    : exit.obj (.text)
                  003f7286    00000018     main.obj (.text:_AIO_init)
                  003f729e    00000015     driverlib.lib : pll.obj (.text:_PLL_setup)
                  003f72b3    00000013                   : gpio.obj (.text:_GPIO_setHigh)
                  003f72c6    00000013                   : gpio.obj (.text:_GPIO_setLow)
                  003f72d9    00000012                   : F2802x_asmfuncs.obj (.text)
                  003f72eb    00000011                   : pie.obj (.text:_PIE_setDebugIntVectorTable)
                  003f72fc    0000000f                   : pie.obj (.text:_PIE_disableAllInts)
                  003f730b    00000009     rts2800_ml.lib : _lock.obj (.text)
                  003f7314    00000008     driverlib.lib : adc.obj (.text:_ADC_init)
                  003f731c    00000008                   : pie.obj (.text:_PIE_init)
                  003f7324    00000008                   : wdog.obj (.text:_WDOG_disable)
                  003f732c    00000007                   : clk.obj (.text:_CLK_disableAdcClock)
                  003f7333    00000007                   : clk.obj (.text:_CLK_enableAdcClock)
                  003f733a    00000007                   : clk.obj (.text:_CLK_init)
                  003f7341    00000007                   : clk.obj (.text:_CLK_setOscSrc)
                  003f7348    00000007                   : flash.obj (.text:_FLASH_init)
                  003f734f    00000007                   : gpio.obj (.text:_GPIO_init)
                  003f7356    00000007                   : pll.obj (.text:_PLL_init)
                  003f735d    00000007                   : pll.obj (.text:_PLL_setDivider)
                  003f7364    00000007                   : wdog.obj (.text:_WDOG_init)
                  003f736b    00000006                   : pll.obj (.text:_PLL_setMultiplier)
                  003f7371    00000005                   : F2802x_DefaultIsr.obj (.text:_ADCINT1_ISR)
                  003f7376    00000005                   : F2802x_DefaultIsr.obj (.text:_ADCINT2_ISR)
                  003f737b    00000005                   : F2802x_DefaultIsr.obj (.text:_ADCINT3_ISR)
                  003f7380    00000005                   : F2802x_DefaultIsr.obj (.text:_ADCINT4_ISR)
                  003f7385    00000005                   : F2802x_DefaultIsr.obj (.text:_ADCINT5_ISR)
                  003f738a    00000005                   : F2802x_DefaultIsr.obj (.text:_ADCINT6_ISR)
                  003f738f    00000005                   : F2802x_DefaultIsr.obj (.text:_ADCINT7_ISR)
                  003f7394    00000005                   : F2802x_DefaultIsr.obj (.text:_ADCINT8_ISR)
                  003f7399    00000005                   : F2802x_DefaultIsr.obj (.text:_ADCINT9_ISR)
                  003f739e    00000005                   : F2802x_DefaultIsr.obj (.text:_DATALOG_ISR)
                  003f73a3    00000005                   : F2802x_DefaultIsr.obj (.text:_ECAP1_INT_ISR)
                  003f73a8    00000005                   : F2802x_DefaultIsr.obj (.text:_EMUINT_ISR)
                  003f73ad    00000005                   : F2802x_DefaultIsr.obj (.text:_EPWM1_INT_ISR)
                  003f73b2    00000005                   : F2802x_DefaultIsr.obj (.text:_EPWM1_TZINT_ISR)
                  003f73b7    00000005                   : F2802x_DefaultIsr.obj (.text:_EPWM2_INT_ISR)
                  003f73bc    00000005                   : F2802x_DefaultIsr.obj (.text:_EPWM2_TZINT_ISR)
                  003f73c1    00000005                   : F2802x_DefaultIsr.obj (.text:_EPWM3_INT_ISR)
                  003f73c6    00000005                   : F2802x_DefaultIsr.obj (.text:_EPWM3_TZINT_ISR)
                  003f73cb    00000005                   : F2802x_DefaultIsr.obj (.text:_I2CINT1A_ISR)
                  003f73d0    00000005                   : F2802x_DefaultIsr.obj (.text:_I2CINT2A_ISR)
                  003f73d5    00000005                   : F2802x_DefaultIsr.obj (.text:_ILLEGAL_ISR)
                  003f73da    00000005                   : F2802x_DefaultIsr.obj (.text:_INT13_ISR)
                  003f73df    00000005                   : F2802x_DefaultIsr.obj (.text:_INT14_ISR)
                  003f73e4    00000005                   : F2802x_DefaultIsr.obj (.text:_NMI_ISR)
                  003f73e9    00000005                   : F2802x_DefaultIsr.obj (.text:_PIE_RESERVED)
                  003f73ee    00000005                   : F2802x_DefaultIsr.obj (.text:_RTOSINT_ISR)
                  003f73f3    00000005                   : F2802x_DefaultIsr.obj (.text:_SCIRXINTA_ISR)
                  003f73f8    00000005                   : F2802x_DefaultIsr.obj (.text:_SCITXINTA_ISR)
                  003f73fd    00000005                   : F2802x_DefaultIsr.obj (.text:_SPIRXINTA_ISR)
                  003f7402    00000005                   : F2802x_DefaultIsr.obj (.text:_SPITXINTA_ISR)
                  003f7407    00000005                   : F2802x_DefaultIsr.obj (.text:_TINT0_ISR)
                  003f740c    00000005                   : F2802x_DefaultIsr.obj (.text:_USER10_ISR)
                  003f7411    00000005                   : F2802x_DefaultIsr.obj (.text:_USER11_ISR)
                  003f7416    00000005                   : F2802x_DefaultIsr.obj (.text:_USER12_ISR)
                  003f741b    00000005                   : F2802x_DefaultIsr.obj (.text:_USER1_ISR)
                  003f7420    00000005                   : F2802x_DefaultIsr.obj (.text:_USER2_ISR)
                  003f7425    00000005                   : F2802x_DefaultIsr.obj (.text:_USER3_ISR)
                  003f742a    00000005                   : F2802x_DefaultIsr.obj (.text:_USER4_ISR)
                  003f742f    00000005                   : F2802x_DefaultIsr.obj (.text:_USER5_ISR)
                  003f7434    00000005                   : F2802x_DefaultIsr.obj (.text:_USER6_ISR)
                  003f7439    00000005                   : F2802x_DefaultIsr.obj (.text:_USER7_ISR)
                  003f743e    00000005                   : F2802x_DefaultIsr.obj (.text:_USER8_ISR)
                  003f7443    00000005                   : F2802x_DefaultIsr.obj (.text:_USER9_ISR)
                  003f7448    00000005                   : F2802x_DefaultIsr.obj (.text:_WAKEINT_ISR)
                  003f744d    00000005                   : F2802x_DefaultIsr.obj (.text:_XINT1_ISR)
                  003f7452    00000005                   : F2802x_DefaultIsr.obj (.text:_XINT2_ISR)
                  003f7457    00000005                   : F2802x_DefaultIsr.obj (.text:_XINT3_ISR)
                  003f745c    00000005                   : F2802x_DefaultIsr.obj (.text:_rsvd_ISR)
                  003f7461    00000004                   : cpu.obj (.text:_CPU_init)
                  003f7465    00000003                   : cpu.obj (.text:_CPU_clearIntFlags)
                  003f7468    00000003                   : cpu.obj (.text:_CPU_disableGlobalInts)
                  003f746b    00000003                   : cpu.obj (.text:_CPU_enableDebugInt)
                  003f746e    00000003                   : cpu.obj (.text:_CPU_enableGlobalInts)
                  003f7471    00000003                   : pie.obj (.text:_PIE_disable)
                  003f7474    00000003                   : pie.obj (.text:_PIE_enable)
                  003f7477    00000003                   : pll.obj (.text:_PLL_getClkStatus)
                  003f747a    00000003                   : pll.obj (.text:_PLL_getLockStatus)

.econst    0    003f747e    00000100     
                  003f747e    00000100     driverlib.lib : pie.obj (.econst:_PIE_tableDebugInit)

.cinit     0    003f757e    00000016     
                  003f757e    0000000a     rts2800_ml.lib : _lock.obj (.cinit)
                  003f7588    0000000a                    : exit.obj (.cinit)
                  003f7592    00000002     --HOLE-- [fill = 0]

csm_rsvd   0    003f7f80    00000076     
                  003f7f80    00000076     driverlib.lib : F2802x_asmfuncs.obj (csm_rsvd)

codestart 
*          0    003f7ff6    00000002     
                  003f7ff6    00000002     driverlib.lib : F2802x_asmfuncs.obj (codestart)

csmpasswds 
*          0    003f7ff8    00000008     
                  003f7ff8    00000008     driverlib.lib : F2802x_asmfuncs.obj (csmpasswds)

.reset     0    003fffc0    00000002     DSECT
                  003fffc0    00000002     rts2800_ml.lib : boot.obj (.reset)

vectors    0    003fffc2    00000000     DSECT

.stack     1    00000400    00000300     UNINITIALIZED
                  00000400    00000300     --HOLE--

.ebss      1    00000700    00000019     UNINITIALIZED
                  00000700    00000010     main.obj (.ebss)
                  00000710    00000004     rts2800_ml.lib : _lock.obj (.ebss)
                  00000714    00000004                    : exit.obj (.ebss)
                  00000718    00000001     driverlib.lib : cpu.obj (.ebss)

DevEmuRegsFile 
*          1    00000880    00000004     UNINITIALIZED
                  00000880    00000004     driverlib.lib : F2802x_GlobalVariableDefs.obj (DevEmuRegsFile)

SysPwrCtrlRegsFile 
*          1    00000985    00000003     UNINITIALIZED
                  00000985    00000003     driverlib.lib : F2802x_GlobalVariableDefs.obj (SysPwrCtrlRegsFile)

FlashRegsFile 
*          1    00000a80    00000008     UNINITIALIZED
                  00000a80    00000008     driverlib.lib : F2802x_GlobalVariableDefs.obj (FlashRegsFile)

CsmRegsFile 
*          1    00000ae0    00000010     UNINITIALIZED
                  00000ae0    00000010     driverlib.lib : F2802x_GlobalVariableDefs.obj (CsmRegsFile)

AdcResultFile 
*          1    00000b00    00000020     UNINITIALIZED
                  00000b00    00000020     driverlib.lib : F2802x_GlobalVariableDefs.obj (AdcResultFile)

CpuTimer0RegsFile 
*          1    00000c00    00000008     UNINITIALIZED
                  00000c00    00000008     driverlib.lib : F2802x_GlobalVariableDefs.obj (CpuTimer0RegsFile)

CpuTimer1RegsFile 
*          1    00000c08    00000008     UNINITIALIZED
                  00000c08    00000008     driverlib.lib : F2802x_GlobalVariableDefs.obj (CpuTimer1RegsFile)

CpuTimer2RegsFile 
*          1    00000c10    00000008     UNINITIALIZED
                  00000c10    00000008     driverlib.lib : F2802x_GlobalVariableDefs.obj (CpuTimer2RegsFile)

PieCtrlRegsFile 
*          1    00000ce0    0000001a     UNINITIALIZED
                  00000ce0    0000001a     driverlib.lib : F2802x_GlobalVariableDefs.obj (PieCtrlRegsFile)

PieVectTableFile 
*          1    00000d00    00000100     UNINITIALIZED
                  00000d00    00000100     driverlib.lib : F2802x_GlobalVariableDefs.obj (PieVectTableFile)

EmuKeyVar 
*          1    00000d00    00000001     UNINITIALIZED
                  00000d00    00000001     driverlib.lib : F2802x_GlobalVariableDefs.obj (EmuKeyVar)

EmuBModeVar 
*          1    00000d01    00000001     UNINITIALIZED
                  00000d01    00000001     driverlib.lib : F2802x_GlobalVariableDefs.obj (EmuBModeVar)

FlashCallbackVar 
*          1    00000d02    00000002     UNINITIALIZED
                  00000d02    00000002     driverlib.lib : F2802x_GlobalVariableDefs.obj (FlashCallbackVar)

FlashScalingVar 
*          1    00000d04    00000002     UNINITIALIZED
                  00000d04    00000002     driverlib.lib : F2802x_GlobalVariableDefs.obj (FlashScalingVar)

Comp1RegsFile 
*          1    00006400    00000011     UNINITIALIZED
                  00006400    00000011     driverlib.lib : F2802x_GlobalVariableDefs.obj (Comp1RegsFile)

Comp2RegsFile 
*          1    00006420    00000011     UNINITIALIZED
                  00006420    00000011     driverlib.lib : F2802x_GlobalVariableDefs.obj (Comp2RegsFile)

EPwm1RegsFile 
*          1    00006800    00000040     UNINITIALIZED
                  00006800    00000040     driverlib.lib : F2802x_GlobalVariableDefs.obj (EPwm1RegsFile)

EPwm2RegsFile 
*          1    00006840    00000040     UNINITIALIZED
                  00006840    00000040     driverlib.lib : F2802x_GlobalVariableDefs.obj (EPwm2RegsFile)

EPwm3RegsFile 
*          1    00006880    00000040     UNINITIALIZED
                  00006880    00000040     driverlib.lib : F2802x_GlobalVariableDefs.obj (EPwm3RegsFile)

EPwm4RegsFile 
*          1    000068c0    00000040     UNINITIALIZED
                  000068c0    00000040     driverlib.lib : F2802x_GlobalVariableDefs.obj (EPwm4RegsFile)

ECap1RegsFile 
*          1    00006a00    00000020     UNINITIALIZED
                  00006a00    00000020     driverlib.lib : F2802x_GlobalVariableDefs.obj (ECap1RegsFile)

GpioCtrlRegsFile 
*          1    00006f80    00000040     UNINITIALIZED
                  00006f80    00000040     driverlib.lib : F2802x_GlobalVariableDefs.obj (GpioCtrlRegsFile)

GpioDataRegsFile 
*          1    00006fc0    00000020     UNINITIALIZED
                  00006fc0    00000020     driverlib.lib : F2802x_GlobalVariableDefs.obj (GpioDataRegsFile)

GpioIntRegsFile 
*          1    00006fe0    0000000a     UNINITIALIZED
                  00006fe0    0000000a     driverlib.lib : F2802x_GlobalVariableDefs.obj (GpioIntRegsFile)

SysCtrlRegsFile 
*          1    00007010    0000001f     UNINITIALIZED
                  00007010    0000001f     driverlib.lib : F2802x_GlobalVariableDefs.obj (SysCtrlRegsFile)

SpiaRegsFile 
*          1    00007040    00000010     UNINITIALIZED
                  00007040    00000010     driverlib.lib : F2802x_GlobalVariableDefs.obj (SpiaRegsFile)

SciaRegsFile 
*          1    00007050    00000010     UNINITIALIZED
                  00007050    00000010     driverlib.lib : F2802x_GlobalVariableDefs.obj (SciaRegsFile)

NmiIntruptRegsFile 
*          1    00007060    00000010     UNINITIALIZED
                  00007060    00000010     driverlib.lib : F2802x_GlobalVariableDefs.obj (NmiIntruptRegsFile)

XIntruptRegsFile 
*          1    00007070    00000010     UNINITIALIZED
                  00007070    00000010     driverlib.lib : F2802x_GlobalVariableDefs.obj (XIntruptRegsFile)

AdcRegsFile 
*          1    00007100    00000051     UNINITIALIZED
                  00007100    00000051     driverlib.lib : F2802x_GlobalVariableDefs.obj (AdcRegsFile)

I2caRegsFile 
*          1    00007900    00000022     UNINITIALIZED
                  00007900    00000022     driverlib.lib : F2802x_GlobalVariableDefs.obj (I2caRegsFile)

PartIdRegsFile 
*          1    003d7fff    00000001     UNINITIALIZED
                  003d7fff    00000001     driverlib.lib : F2802x_GlobalVariableDefs.obj (PartIdRegsFile)

CsmPwlFile 
*          1    003f7ff8    00000008     UNINITIALIZED
                  003f7ff8    00000008     driverlib.lib : F2802x_GlobalVariableDefs.obj (CsmPwlFile)


GLOBAL SYMBOLS: SORTED ALPHABETICALLY BY Name 

address    name
--------   ----
ffffffff   .text
003f726d   C$$EXIT
003f7371   _ADCINT1_ISR
003f7376   _ADCINT2_ISR
003f737b   _ADCINT3_ISR
003f7380   _ADCINT4_ISR
003f7385   _ADCINT5_ISR
003f738a   _ADCINT6_ISR
003f738f   _ADCINT7_ISR
003f7394   _ADCINT8_ISR
003f7399   _ADCINT9_ISR
003f7314   _ADC_init
003f7286   _AIO_init
00007100   _AdcRegs
00000b00   _AdcResult
003f732c   _CLK_disableAdcClock
003f7333   _CLK_enableAdcClock
003f733a   _CLK_init
003f7341   _CLK_setOscSrc
003f7465   _CPU_clearIntFlags
003f7468   _CPU_disableGlobalInts
003f746b   _CPU_enableDebugInt
003f746e   _CPU_enableGlobalInts
003f7461   _CPU_init
00006400   _Comp1Regs
00006420   _Comp2Regs
00000c00   _CpuTimer0Regs
00000c08   _CpuTimer1Regs
00000c10   _CpuTimer2Regs
003f7ff8   _CsmPwl
00000ae0   _CsmRegs
003f739e   _DATALOG_ISR
003f72e4   _DSP28x_DisableInt
003f72e8   _DSP28x_RestoreInt
00000050   _DSP28x_usDelay
00000880   _DevEmuRegs
003f73a3   _ECAP1_INT_ISR
00006a00   _ECap1Regs
003f73a8   _EMUINT_ISR
003f73ad   _EPWM1_INT_ISR
003f73b2   _EPWM1_TZINT_ISR
003f73b7   _EPWM2_INT_ISR
003f73bc   _EPWM2_TZINT_ISR
003f73c1   _EPWM3_INT_ISR
003f73c6   _EPWM3_TZINT_ISR
00006800   _EPwm1Regs
00006840   _EPwm2Regs
00006880   _EPwm3Regs
000068c0   _EPwm4Regs
00000d01   _EmuBMode
00000d00   _EmuKey
003f7348   _FLASH_init
00000a80   _FlashRegs
00000d04   _Flash_CPUScaleFactor
00000d02   _Flash_CallbackPtr
003f734f   _GPIO_init
003f71cb   _GPIO_setDirection
003f72b3   _GPIO_setHigh
003f72c6   _GPIO_setLow
003f713e   _GPIO_setMode
003f71ff   _GPIO_setPullUp
00006f80   _GpioCtrlRegs
00006fc0   _GpioDataRegs
00006fe0   _GpioIntRegs
003f73cb   _I2CINT1A_ISR
003f73d0   _I2CINT2A_ISR
00007900   _I2caRegs
003f73d5   _ILLEGAL_ISR
003f73da   _INT13_ISR
003f73df   _INT14_ISR
003f73e4   _NMI_ISR
00007060   _NmiIntruptRegs
003f73e9   _PIE_RESERVED
003f7471   _PIE_disable
003f72fc   _PIE_disableAllInts
003f7474   _PIE_enable
003f731c   _PIE_init
003f72eb   _PIE_setDebugIntVectorTable
003f747e   _PIE_tableDebugInit
003f7477   _PLL_getClkStatus
003f747a   _PLL_getLockStatus
003f7356   _PLL_init
003f735d   _PLL_setDivider
003f736b   _PLL_setMultiplier
003f729e   _PLL_setup
003d7fff   _PartIdRegs
00000ce0   _PieCtrlRegs
00000d00   _PieVectTable
003f73ee   _RTOSINT_ISR
00000004   _RamfuncsLoadSize
003f7000   _RamfuncsLoadStart
00000050   _RamfuncsRunStart
003f73f3   _SCIRXINTA_ISR
003f73f8   _SCITXINTA_ISR
003f73fd   _SPIRXINTA_ISR
003f7402   _SPITXINTA_ISR
00007050   _SciaRegs
00007040   _SpiaRegs
00007010   _SysCtrlRegs
00000985   _SysPwrCtrlRegs
003f7407   _TINT0_ISR
003f740c   _USER10_ISR
003f7411   _USER11_ISR
003f7416   _USER12_ISR
003f741b   _USER1_ISR
003f7420   _USER2_ISR
003f7425   _USER3_ISR
003f742a   _USER4_ISR
003f742f   _USER5_ISR
003f7434   _USER6_ISR
003f7439   _USER7_ISR
003f743e   _USER8_ISR
003f7443   _USER9_ISR
003f7448   _WAKEINT_ISR
003f7324   _WDOG_disable
003f7364   _WDOG_init
003f744d   _XINT1_ISR
003f7452   _XINT2_ISR
003f7457   _XINT3_ISR
00007070   _XIntruptRegs
00000700   __STACK_END
00000300   __STACK_SIZE
00000001   __TI_args_main
ffffffff   ___binit__
ffffffff   ___c_args__
003f757e   ___cinit__
ffffffff   ___etext__
003f7233   ___memcpy_ff
ffffffff   ___pinit__
ffffffff   ___text__
003f7254   __args_main
00000714   __cleanup_ptr
00000716   __dtors_ptr
00000712   __lock
003f7313   __nop
003f730f   __register_lock
003f730b   __register_unlock
00000400   __stack
00000710   __unlock
003f726d   _abort
003f7187   _c_int00
00000718   _cpu
003f726f   _exit
003f70e9   _gpio_init
003f7004   _main
0000070a   _myAdc
00000708   _myClk
0000070c   _myCpu
00000706   _myFlash
00000702   _myGpio
0000070e   _myPie
00000704   _myPll
00000700   _myWDog
003f745c   _rsvd_ISR
003f72e1   _setDBGIER
ffffffff   binit
003f757e   cinit
003f7ff6   code_start
ffffffff   etext
ffffffff   pinit


GLOBAL SYMBOLS: SORTED BY Symbol Address 

address    name
--------   ----
00000001   __TI_args_main
00000004   _RamfuncsLoadSize
00000050   _DSP28x_usDelay
00000050   _RamfuncsRunStart
00000300   __STACK_SIZE
00000400   __stack
00000700   __STACK_END
00000700   _myWDog
00000702   _myGpio
00000704   _myPll
00000706   _myFlash
00000708   _myClk
0000070a   _myAdc
0000070c   _myCpu
0000070e   _myPie
00000710   __unlock
00000712   __lock
00000714   __cleanup_ptr
00000716   __dtors_ptr
00000718   _cpu
00000880   _DevEmuRegs
00000985   _SysPwrCtrlRegs
00000a80   _FlashRegs
00000ae0   _CsmRegs
00000b00   _AdcResult
00000c00   _CpuTimer0Regs
00000c08   _CpuTimer1Regs
00000c10   _CpuTimer2Regs
00000ce0   _PieCtrlRegs
00000d00   _EmuKey
00000d00   _PieVectTable
00000d01   _EmuBMode
00000d02   _Flash_CallbackPtr
00000d04   _Flash_CPUScaleFactor
00006400   _Comp1Regs
00006420   _Comp2Regs
00006800   _EPwm1Regs
00006840   _EPwm2Regs
00006880   _EPwm3Regs
000068c0   _EPwm4Regs
00006a00   _ECap1Regs
00006f80   _GpioCtrlRegs
00006fc0   _GpioDataRegs
00006fe0   _GpioIntRegs
00007010   _SysCtrlRegs
00007040   _SpiaRegs
00007050   _SciaRegs
00007060   _NmiIntruptRegs
00007070   _XIntruptRegs
00007100   _AdcRegs
00007900   _I2caRegs
003d7fff   _PartIdRegs
003f7000   _RamfuncsLoadStart
003f7004   _main
003f70e9   _gpio_init
003f713e   _GPIO_setMode
003f7187   _c_int00
003f71cb   _GPIO_setDirection
003f71ff   _GPIO_setPullUp
003f7233   ___memcpy_ff
003f7254   __args_main
003f726d   C$$EXIT
003f726d   _abort
003f726f   _exit
003f7286   _AIO_init
003f729e   _PLL_setup
003f72b3   _GPIO_setHigh
003f72c6   _GPIO_setLow
003f72e1   _setDBGIER
003f72e4   _DSP28x_DisableInt
003f72e8   _DSP28x_RestoreInt
003f72eb   _PIE_setDebugIntVectorTable
003f72fc   _PIE_disableAllInts
003f730b   __register_unlock
003f730f   __register_lock
003f7313   __nop
003f7314   _ADC_init
003f731c   _PIE_init
003f7324   _WDOG_disable
003f732c   _CLK_disableAdcClock
003f7333   _CLK_enableAdcClock
003f733a   _CLK_init
003f7341   _CLK_setOscSrc
003f7348   _FLASH_init
003f734f   _GPIO_init
003f7356   _PLL_init
003f735d   _PLL_setDivider
003f7364   _WDOG_init
003f736b   _PLL_setMultiplier
003f7371   _ADCINT1_ISR
003f7376   _ADCINT2_ISR
003f737b   _ADCINT3_ISR
003f7380   _ADCINT4_ISR
003f7385   _ADCINT5_ISR
003f738a   _ADCINT6_ISR
003f738f   _ADCINT7_ISR
003f7394   _ADCINT8_ISR
003f7399   _ADCINT9_ISR
003f739e   _DATALOG_ISR
003f73a3   _ECAP1_INT_ISR
003f73a8   _EMUINT_ISR
003f73ad   _EPWM1_INT_ISR
003f73b2   _EPWM1_TZINT_ISR
003f73b7   _EPWM2_INT_ISR
003f73bc   _EPWM2_TZINT_ISR
003f73c1   _EPWM3_INT_ISR
003f73c6   _EPWM3_TZINT_ISR
003f73cb   _I2CINT1A_ISR
003f73d0   _I2CINT2A_ISR
003f73d5   _ILLEGAL_ISR
003f73da   _INT13_ISR
003f73df   _INT14_ISR
003f73e4   _NMI_ISR
003f73e9   _PIE_RESERVED
003f73ee   _RTOSINT_ISR
003f73f3   _SCIRXINTA_ISR
003f73f8   _SCITXINTA_ISR
003f73fd   _SPIRXINTA_ISR
003f7402   _SPITXINTA_ISR
003f7407   _TINT0_ISR
003f740c   _USER10_ISR
003f7411   _USER11_ISR
003f7416   _USER12_ISR
003f741b   _USER1_ISR
003f7420   _USER2_ISR
003f7425   _USER3_ISR
003f742a   _USER4_ISR
003f742f   _USER5_ISR
003f7434   _USER6_ISR
003f7439   _USER7_ISR
003f743e   _USER8_ISR
003f7443   _USER9_ISR
003f7448   _WAKEINT_ISR
003f744d   _XINT1_ISR
003f7452   _XINT2_ISR
003f7457   _XINT3_ISR
003f745c   _rsvd_ISR
003f7461   _CPU_init
003f7465   _CPU_clearIntFlags
003f7468   _CPU_disableGlobalInts
003f746b   _CPU_enableDebugInt
003f746e   _CPU_enableGlobalInts
003f7471   _PIE_disable
003f7474   _PIE_enable
003f7477   _PLL_getClkStatus
003f747a   _PLL_getLockStatus
003f747e   _PIE_tableDebugInit
003f757e   ___cinit__
003f757e   cinit
003f7ff6   code_start
003f7ff8   _CsmPwl
ffffffff   .text
ffffffff   ___binit__
ffffffff   ___c_args__
ffffffff   ___etext__
ffffffff   ___pinit__
ffffffff   ___text__
ffffffff   binit
ffffffff   etext
ffffffff   pinit

[160 symbols]
