******************************************************************************
             TMS320C2000 Linker PC v6.4.3                      
******************************************************************************
>> Linked Tue May 12 09:44:49 2015

OUTPUT FILE NAME:   <C2000_Biner.out>
ENTRY POINT SYMBOL: "_c_int00"  address: 003f7c07


MEMORY CONFIGURATION

         name            origin    length      used     unused   attr    fill
----------------------  --------  ---------  --------  --------  ----  --------
PAGE 0:
  RAMM0                 00000050   000003b0  00000020  00000390  RWIX
  OTP                   003d7800   00000400  00000000  00000400  RWIX
  FLASHB                003f6000   00001000  00000b1a  000004e6  RWIX
  FLASHA                003f7000   00000f80  00000f80  00000000  RWIX
  CSM_RSVD              003f7f80   00000076  00000000  00000076  RWIX
  BEGIN                 003f7ff6   00000002  00000002  00000000  RWIX
  CSM_PWL_P0            003f7ff8   00000008  00000000  00000008  RWIX
  IQTABLES              003fe000   00000b50  00000000  00000b50  RWIX
  IQTABLES2             003feb50   0000008c  00000000  0000008c  RWIX
  IQTABLES3             003febdc   000000aa  00000000  000000aa  RWIX
  ROM                   003ff27c   00000d44  00000000  00000d44  RWIX
  RESET                 003fffc0   00000002  00000000  00000002  RWIX
  VECTORS               003fffc2   0000003e  00000000  0000003e  RWIX

PAGE 1:
  BOOT_RSVD             00000000   00000050  00000000  00000050  RWIX
  RAMM1                 00000400   00000400  00000370  00000090  RWIX
  DEV_EMU               00000880   00000105  00000004  00000101  RWIX
  SYS_PWR_CTL           00000985   00000003  00000003  00000000  RWIX
  FLASH_REGS            00000a80   00000060  00000008  00000058  RWIX
  CSM                   00000ae0   00000010  00000010  00000000  RWIX
  ADC_RESULT            00000b00   00000020  00000020  00000000  RWIX
  CPU_TIMER0            00000c00   00000008  00000008  00000000  RWIX
  CPU_TIMER1            00000c08   00000008  00000008  00000000  RWIX
  CPU_TIMER2            00000c10   00000008  00000008  00000000  RWIX
  PIE_CTRL              00000ce0   00000020  0000001a  00000006  RWIX
  PIE_VECT              00000d00   00000100  00000100  00000000  RWIX
  COMP1                 00006400   00000020  00000011  0000000f  RWIX
  COMP2                 00006420   00000020  00000011  0000000f  RWIX
  EPWM1                 00006800   00000040  00000040  00000000  RWIX
  EPWM2                 00006840   00000040  00000040  00000000  RWIX
  EPWM3                 00006880   00000040  00000040  00000000  RWIX
  EPWM4                 000068c0   00000040  00000040  00000000  RWIX
  ECAP1                 00006a00   00000020  00000020  00000000  RWIX
  GPIOCTRL              00006f80   00000040  00000040  00000000  RWIX
  GPIODAT               00006fc0   00000020  00000020  00000000  RWIX
  GPIOINT               00006fe0   00000020  0000000a  00000016  RWIX
  SYSTEM                00007010   00000020  0000001f  00000001  RWIX
  SPIA                  00007040   00000010  00000010  00000000  RWIX
  SCIA                  00007050   00000010  00000010  00000000  RWIX
  NMIINTRUPT            00007060   00000010  00000010  00000000  RWIX
  XINTRUPT              00007070   00000010  00000010  00000000  RWIX
  ADC                   00007100   00000080  00000051  0000002f  RWIX
  I2CA                  00007900   00000040  00000022  0000001e  RWIX
  RAML0                 00008000   00000400  00000238  000001c8  RWIX
  PARTID                003d7fff   00000001  00000001  00000000  RWIX
  CSM_PWL               003f7ff8   00000008  00000008  00000000  RWIX


SECTION ALLOCATION MAP

 output                                  attributes/
section   page    origin      length       input sections
--------  ----  ----------  ----------   ----------------
.text.1    0    003f6000    000005b1     
                  003f6000    00000023     driverlib.lib : pie.obj (.text:_PIE_enableExtInt)
                  003f6023    00000022     rts2800_ml.lib : i_div.obj (.text)
                  003f6045    00000021     main.obj (.text:_VNH5091AE_JOG)
                  003f6066    00000020     main.obj (.text:_encUpdate)
                  003f6086    0000001e     main.obj (.text:_timer0_isr)
                  003f60a4    0000001d     main.obj (.text:_figureFreq)
                  003f60c1    0000001d     rts2800_ml.lib : memcpy.obj (.text)
                  003f60de    0000001c     driverlib.lib : adc.obj (.text:_ADC_setSocChanNumber)
                  003f60fa    0000001c                   : adc.obj (.text:_ADC_setSocSampleWindow)
                  003f6116    0000001c                   : adc.obj (.text:_ADC_setSocTrigSrc)
                  003f6132    0000001c     nokia5110.obj (.text:_gotoXY)
                  003f614e    0000001b     nokia5110.obj (.text:_drawFilledRectangle)
                  003f6169    0000001b     main.obj (.text:_update_compare)
                  003f6184    0000001a     rts2800_ml.lib : i_tofs.obj (.text)
                  003f619e    00000019     driverlib.lib : pie.obj (.text:_PIE_setExtIntPolarity)
                  003f61b7    00000019     rts2800_ml.lib : args_main.obj (.text)
                  003f61d0    00000019                    : exit.obj (.text)
                  003f61e9    00000018     driverlib.lib : adc.obj (.text:_ADC_enableInt)
                  003f6201    00000017     xprintf.obj (.text:_xputc)
                  003f6218    00000017     rts2800_ml.lib : fs_cmp.obj (.text)
                  003f622f    00000016     main.obj (.text:_VNH5091AE_changeDir)
                  003f6245    00000015     driverlib.lib : pll.obj (.text:_PLL_setup)
                  003f625a    00000014                   : timer.obj (.text:_TIMER_setPreScaler)
                  003f626e    00000013                   : gpio.obj (.text:_GPIO_setHigh)
                  003f6281    00000013                   : gpio.obj (.text:_GPIO_setLow)
                  003f6294    00000013                   : gpio.obj (.text:_GPIO_toggle)
                  003f62a7    00000013     main.obj (.text:_VNH5091AE_BRAKE_TO_GND)
                  003f62ba    00000012     driverlib.lib : adc.obj (.text:_ADC_setIntPulseGenMode)
                  003f62cc    00000012                   : adc.obj (.text:_ADC_setVoltRefSrc)
                  003f62de    00000012                   : pie.obj (.text:_PIE_enableAdcInt)
                  003f62f0    00000012                   : F2802xX_asmfuncs.obj (.text)
                  003f6302    00000011     main.obj (.text:_VNH5091AE_STOP)
                  003f6313    00000011     nokia5110.obj (.text:_writeCommand)
                  003f6324    00000011     nokia5110.obj (.text:_writeData)
                  003f6335    00000010     main.obj (.text:_scia_xmit)
                  003f6345    00000010     rts2800_ml.lib : u_tofs.obj (.text)
                  003f6355    0000000f     driverlib.lib : pie.obj (.text:_PIE_registerPieIntHandler)
                  003f6364    0000000e     AIO.obj (.text:_AIO_init)
                  003f6372    0000000e     main.obj (.text:_spiRxFifoIsr)
                  003f6380    0000000d     main.obj (.text:_VNH5091AE_CCW)
                  003f638d    0000000d     main.obj (.text:_VNH5091AE_CW)
                  003f639a    0000000c     nokia5110.obj (.text:_writeString)
                  003f63a6    0000000b     driverlib.lib : adc.obj (.text:_ADC_enable)
                  003f63b1    0000000b                   : adc.obj (.text:_ADC_enableBandGap)
                  003f63bc    0000000b                   : adc.obj (.text:_ADC_enableRefBuffers)
                  003f63c7    0000000b                   : adc.obj (.text:_ADC_powerUp)
                  003f63d2    0000000b                   : adc.obj (.text:_ADC_reset)
                  003f63dd    0000000b                   : gpio.obj (.text:_GPIO_setExtInt)
                  003f63e8    0000000b                   : pie.obj (.text:_PIE_disableInt)
                  003f63f3    0000000b     rts2800_ml.lib : u_div.obj (.text)
                  003f63fe    0000000a     driverlib.lib : sci.obj (.text:_SCI_resetChannels)
                  003f6408    0000000a                   : sci.obj (.text:_SCI_resetRxFifo)
                  003f6412    0000000a                   : sci.obj (.text:_SCI_resetTxFifo)
                  003f641c    0000000a     xprintf.obj (.text:_xputs)
                  003f6426    00000009     driverlib.lib : clk.obj (.text:_CLK_enablePwmClock)
                  003f642f    00000009                   : clk.obj (.text:_CLK_enableSciaClock)
                  003f6438    00000009                   : pwm.obj (.text:_PWM_setActionQual_CntDown_CmpA_PwmA)
                  003f6441    00000009                   : pwm.obj (.text:_PWM_setActionQual_CntUp_CmpA_PwmA)
                  003f644a    00000009     rts2800_ml.lib : _lock.obj (.text)
                  003f6453    00000008     driverlib.lib : adc.obj (.text:_ADC_init)
                  003f645b    00000008                   : pie.obj (.text:_PIE_init)
                  003f6463    00000008                   : wdog.obj (.text:_WDOG_disable)
                  003f646b    00000007                   : clk.obj (.text:_CLK_disableAdcClock)
                  003f6472    00000007                   : clk.obj (.text:_CLK_disableTbClockSync)
                  003f6479    00000007                   : clk.obj (.text:_CLK_enableAdcClock)
                  003f6480    00000007                   : clk.obj (.text:_CLK_enableSpiaClock)
                  003f6487    00000007                   : clk.obj (.text:_CLK_enableTbClockSync)
                  003f648e    00000007                   : clk.obj (.text:_CLK_init)
                  003f6495    00000007                   : clk.obj (.text:_CLK_setOscSrc)
                  003f649c    00000007                   : flash.obj (.text:_FLASH_init)
                  003f64a3    00000007                   : gpio.obj (.text:_GPIO_init)
                  003f64aa    00000007                   : pll.obj (.text:_PLL_init)
                  003f64b1    00000007                   : pll.obj (.text:_PLL_setDivider)
                  003f64b8    00000007                   : pwm.obj (.text:_PWM_init)
                  003f64bf    00000007                   : sci.obj (.text:_SCI_init)
                  003f64c6    00000007                   : sci.obj (.text:_SCI_setRxFifoIntLevel)
                  003f64cd    00000007                   : sci.obj (.text:_SCI_setTxFifoIntLevel)
                  003f64d4    00000007                   : spi.obj (.text:_SPI_init)
                  003f64db    00000007                   : spi.obj (.text:_SPI_reset)
                  003f64e2    00000007                   : spi.obj (.text:_SPI_setPriority)
                  003f64e9    00000007                   : timer.obj (.text:_TIMER_init)
                  003f64f0    00000007                   : timer.obj (.text:_TIMER_setEmulationMode)
                  003f64f7    00000007                   : wdog.obj (.text:_WDOG_init)
                  003f64fe    00000007     xprintf.obj (.text:_xprintf)
                  003f6505    00000006     driverlib.lib : pll.obj (.text:_PLL_setMultiplier)
                  003f650b    00000006                   : pwm.obj (.text:_PWM_setShadowMode_CmpA)
                  003f6511    00000006                   : sci.obj (.text:_SCI_setBaudRate)
                  003f6517    00000006     nokia5110.obj (.text:_clearSome)
                  003f651d    00000005     rts2800_ml.lib : fs_neg.obj (.text)
                  003f6522    00000004     driverlib.lib : cpu.obj (.text:_CPU_enableInt)
                  003f6526    00000004                   : cpu.obj (.text:_CPU_init)
                  003f652a    00000004                   : pwm.obj (.text:_PWM_setClkDiv)
                  003f652e    00000004                   : pwm.obj (.text:_PWM_setCounterMode)
                  003f6532    00000004                   : pwm.obj (.text:_PWM_setHighSpeedClkDiv)
                  003f6536    00000004                   : pwm.obj (.text:_PWM_setLoadMode_CmpA)
                  003f653a    00000004                   : sci.obj (.text:_SCI_clearRxFifoInt)
                  003f653e    00000004                   : sci.obj (.text:_SCI_clearTxFifoInt)
                  003f6542    00000004                   : sci.obj (.text:_SCI_enableFifoEnh)
                  003f6546    00000004                   : sci.obj (.text:_SCI_getTxFifoStatus)
                  003f654a    00000004                   : sci.obj (.text:_SCI_setCharLength)
                  003f654e    00000004                   : sci.obj (.text:_SCI_setNumStopBits)
                  003f6552    00000004                   : spi.obj (.text:_SPI_enableChannels)
                  003f6556    00000004                   : spi.obj (.text:_SPI_setCharLength)
                  003f655a    00000004                   : spi.obj (.text:_SPI_setClkPolarity)
                  003f655e    00000003                   : cpu.obj (.text:_CPU_clearIntFlags)
                  003f6561    00000003                   : cpu.obj (.text:_CPU_disableGlobalInts)
                  003f6564    00000003                   : cpu.obj (.text:_CPU_enableDebugInt)
                  003f6567    00000003                   : cpu.obj (.text:_CPU_enableGlobalInts)
                  003f656a    00000003                   : pie.obj (.text:_PIE_enable)
                  003f656d    00000003                   : pie.obj (.text:_PIE_enableTimer0Int)
                  003f6570    00000003                   : pll.obj (.text:_PLL_getClkStatus)
                  003f6573    00000003                   : pll.obj (.text:_PLL_getLockStatus)
                  003f6576    00000003                   : pwm.obj (.text:_PWM_disableCounterLoad)
                  003f6579    00000003                   : sci.obj (.text:_SCI_disableParity)
                  003f657c    00000003                   : sci.obj (.text:_SCI_enable)
                  003f657f    00000003                   : sci.obj (.text:_SCI_enableRx)
                  003f6582    00000003                   : sci.obj (.text:_SCI_enableRxInt)
                  003f6585    00000003                   : sci.obj (.text:_SCI_enableTx)
                  003f6588    00000003                   : sci.obj (.text:_SCI_enableTxInt)
                  003f658b    00000003                   : sci.obj (.text:_SCI_setPriority)
                  003f658e    00000003                   : spi.obj (.text:_SPI_enable)
                  003f6591    00000003                   : spi.obj (.text:_SPI_enableInt)
                  003f6594    00000003                   : spi.obj (.text:_SPI_enableTx)
                  003f6597    00000003                   : timer.obj (.text:_TIMER_enableInt)
                  003f659a    00000003                   : timer.obj (.text:_TIMER_reload)
                  003f659d    00000003                   : timer.obj (.text:_TIMER_start)
                  003f65a0    00000003                   : timer.obj (.text:_TIMER_stop)
                  003f65a3    00000002                   : pwm.obj (.text:_PWM_setCount)
                  003f65a5    00000002                   : pwm.obj (.text:_PWM_setPeriod)
                  003f65a7    00000002                   : pwm.obj (.text:_PWM_setPhase)
                  003f65a9    00000002                   : spi.obj (.text:_SPI_setBaudRate)
                  003f65ab    00000002                   : spi.obj (.text:_SPI_setClkPhase)
                  003f65ad    00000002                   : spi.obj (.text:_SPI_setMode)
                  003f65af    00000002                   : timer.obj (.text:_TIMER_setPeriod)

.econst    0    003f65b2    000004d4     
                  003f65b2    00000380     nokia5110.obj (.econst:_font8x8)
                  003f6932    00000144     main.obj (.econst:.string)
                  003f6a76    00000010     main.obj (.econst:_table)

.cinit     0    003f6a86    0000006f     
                  003f6a86    00000049     main.obj (.cinit)
                  003f6acf    00000010     nokia5110.obj (.cinit)
                  003f6adf    0000000a     rts2800_ml.lib : exit.obj (.cinit)
                  003f6ae9    00000005                    : _lock.obj (.cinit:__lock)
                  003f6aee    00000005                    : _lock.obj (.cinit:__unlock)
                  003f6af3    00000002     --HOLE-- [fill = 0]

.switch    0    003f6af6    00000026     
                  003f6af6    00000026     main.obj (.switch:_main)

ramfuncs   0    003f7000    00000020     RUN ADDR = 00000050
                  003f7000    0000000c     driverlib.lib : flash.obj (ramfuncs:_FLASH_setup)
                  003f700c    00000006                   : flash.obj (ramfuncs:_FLASH_enablePipelineMode)
                  003f7012    00000005                   : flash.obj (ramfuncs:_FLASH_setActiveWaitCount)
                  003f7017    00000005                   : flash.obj (ramfuncs:_FLASH_setStandbyWaitCount)
                  003f701c    00000004                   : F2802xX_asmfuncs.obj (ramfuncs)

.text.2    0    003f7020    00000f60     
                  003f7020    00000220     main.obj (.text:_main)
                  003f7240    000001ab     main.obj (.text:_gpio_init)
                  003f73eb    0000016f     main.obj (.text:_adc_Isr)
                  003f755a    00000128     xprintf.obj (.text:_xvprintf)
                  003f7682    000000af     main.obj (.text:_adc_init)
                  003f7731    00000098     main.obj (.text:_spi_init)
                  003f77c9    0000008c     main.obj (.text:_ftoa)
                  003f7855    00000083     rts2800_ml.lib : fs_div.obj (.text)
                  003f78d8    00000078                    : fs_add.obj (.text)
                  003f7950    00000071     nokia5110.obj (.text:_drawLine)
                  003f79c1    0000006f     nokia5110.obj (.text:_drawFilledCircle)
                  003f7a30    0000006b     main.obj (.text:_scia_init)
                  003f7a9b    00000069     nokia5110.obj (.text:_writeChar)
                  003f7b04    00000060     main.obj (.text:_epwm_init)
                  003f7b64    0000005a     rts2800_ml.lib : fs_mpy.obj (.text)
                  003f7bbe    00000049     driverlib.lib : gpio.obj (.text:_GPIO_setMode)
                  003f7c07    00000044     rts2800_ml.lib : boot.obj (.text)
                  003f7c4b    0000003e     nokia5110.obj (.text:_nokia_init)
                  003f7c89    0000003b     nokia5110.obj (.text:_setPixel)
                  003f7cc4    0000003a     main.obj (.text:_itoa)
                  003f7cfe    00000039     main.obj (.text:_timer0_init)
                  003f7d37    00000034     driverlib.lib : gpio.obj (.text:_GPIO_setDirection)
                  003f7d6b    00000034                   : gpio.obj (.text:_GPIO_setPullUp)
                  003f7d9f    00000033     main.obj (.text:_VNH5091AE_CYCLE)
                  003f7dd2    00000032     main.obj (.text:_VNH5091AE_RETURN)
                  003f7e04    00000030     main.obj (.text:_xint1_isr)
                  003f7e34    00000030     main.obj (.text:_xint2_isr)
                  003f7e64    0000002d     nokia5110.obj (.text:_clear)
                  003f7e91    0000002b     driverlib.lib : gpio.obj (.text:_GPIO_setQualification)
                  003f7ebc    0000002a     rts2800_ml.lib : l_div.obj (.text)
                  003f7ee6    00000025                    : fs_toi.obj (.text)
                  003f7f0b    00000024     driverlib.lib : adc.obj (.text:_ADC_setIntMode)
                  003f7f2f    00000024                   : adc.obj (.text:_ADC_setIntSrc)
                  003f7f53    00000023                   : gpio.obj (.text:_GPIO_setQualificationPeriod)
                  003f7f76    0000000a                   : pie.obj (.text:_PIE_enableInt)

codestart 
*          0    003f7ff6    00000002     
                  003f7ff6    00000002     driverlib.lib : F2802xX_asmfuncs.obj (codestart)

.stack     1    00000400    00000300     UNINITIALIZED
                  00000400    00000300     --HOLE--

.ebss.1    1    00000700    00000070     UNINITIALIZED
                  00000700    00000063     main.obj (.ebss)
                  00000763    00000001     driverlib.lib : cpu.obj (.ebss)
                  00000764    00000004     rts2800_ml.lib : exit.obj (.ebss)
                  00000768    00000004     xprintf.obj (.ebss)
                  0000076c    00000002     rts2800_ml.lib : _lock.obj (.ebss:__lock)
                  0000076e    00000002                    : _lock.obj (.ebss:__unlock)

DevEmuRegsFile 
*          1    00000880    00000004     UNINITIALIZED
                  00000880    00000004     driverlib.lib : F2802xX_GlobalVariableDefs.obj (DevEmuRegsFile)

SysPwrCtrlRegsFile 
*          1    00000985    00000003     UNINITIALIZED
                  00000985    00000003     driverlib.lib : F2802xX_GlobalVariableDefs.obj (SysPwrCtrlRegsFile)

FlashRegsFile 
*          1    00000a80    00000008     UNINITIALIZED
                  00000a80    00000008     driverlib.lib : F2802xX_GlobalVariableDefs.obj (FlashRegsFile)

CsmRegsFile 
*          1    00000ae0    00000010     UNINITIALIZED
                  00000ae0    00000010     driverlib.lib : F2802xX_GlobalVariableDefs.obj (CsmRegsFile)

AdcResultFile 
*          1    00000b00    00000020     UNINITIALIZED
                  00000b00    00000020     driverlib.lib : F2802xX_GlobalVariableDefs.obj (AdcResultFile)

CpuTimer0RegsFile 
*          1    00000c00    00000008     UNINITIALIZED
                  00000c00    00000008     driverlib.lib : F2802xX_GlobalVariableDefs.obj (CpuTimer0RegsFile)

CpuTimer1RegsFile 
*          1    00000c08    00000008     UNINITIALIZED
                  00000c08    00000008     driverlib.lib : F2802xX_GlobalVariableDefs.obj (CpuTimer1RegsFile)

CpuTimer2RegsFile 
*          1    00000c10    00000008     UNINITIALIZED
                  00000c10    00000008     driverlib.lib : F2802xX_GlobalVariableDefs.obj (CpuTimer2RegsFile)

PieCtrlRegsFile 
*          1    00000ce0    0000001a     UNINITIALIZED
                  00000ce0    0000001a     driverlib.lib : F2802xX_GlobalVariableDefs.obj (PieCtrlRegsFile)

PieVectTableFile 
*          1    00000d00    00000100     UNINITIALIZED
                  00000d00    00000100     driverlib.lib : F2802xX_GlobalVariableDefs.obj (PieVectTableFile)

EmuKeyVar 
*          1    00000d00    00000001     UNINITIALIZED
                  00000d00    00000001     driverlib.lib : F2802xX_GlobalVariableDefs.obj (EmuKeyVar)

EmuBModeVar 
*          1    00000d01    00000001     UNINITIALIZED
                  00000d01    00000001     driverlib.lib : F2802xX_GlobalVariableDefs.obj (EmuBModeVar)

FlashCallbackVar 
*          1    00000d02    00000002     UNINITIALIZED
                  00000d02    00000002     driverlib.lib : F2802xX_GlobalVariableDefs.obj (FlashCallbackVar)

FlashScalingVar 
*          1    00000d04    00000002     UNINITIALIZED
                  00000d04    00000002     driverlib.lib : F2802xX_GlobalVariableDefs.obj (FlashScalingVar)

Comp1RegsFile 
*          1    00006400    00000011     UNINITIALIZED
                  00006400    00000011     driverlib.lib : F2802xX_GlobalVariableDefs.obj (Comp1RegsFile)

Comp2RegsFile 
*          1    00006420    00000011     UNINITIALIZED
                  00006420    00000011     driverlib.lib : F2802xX_GlobalVariableDefs.obj (Comp2RegsFile)

EPwm1RegsFile 
*          1    00006800    00000040     UNINITIALIZED
                  00006800    00000040     driverlib.lib : F2802xX_GlobalVariableDefs.obj (EPwm1RegsFile)

EPwm2RegsFile 
*          1    00006840    00000040     UNINITIALIZED
                  00006840    00000040     driverlib.lib : F2802xX_GlobalVariableDefs.obj (EPwm2RegsFile)

EPwm3RegsFile 
*          1    00006880    00000040     UNINITIALIZED
                  00006880    00000040     driverlib.lib : F2802xX_GlobalVariableDefs.obj (EPwm3RegsFile)

EPwm4RegsFile 
*          1    000068c0    00000040     UNINITIALIZED
                  000068c0    00000040     driverlib.lib : F2802xX_GlobalVariableDefs.obj (EPwm4RegsFile)

ECap1RegsFile 
*          1    00006a00    00000020     UNINITIALIZED
                  00006a00    00000020     driverlib.lib : F2802xX_GlobalVariableDefs.obj (ECap1RegsFile)

GpioCtrlRegsFile 
*          1    00006f80    00000040     UNINITIALIZED
                  00006f80    00000040     driverlib.lib : F2802xX_GlobalVariableDefs.obj (GpioCtrlRegsFile)

GpioDataRegsFile 
*          1    00006fc0    00000020     UNINITIALIZED
                  00006fc0    00000020     driverlib.lib : F2802xX_GlobalVariableDefs.obj (GpioDataRegsFile)

GpioIntRegsFile 
*          1    00006fe0    0000000a     UNINITIALIZED
                  00006fe0    0000000a     driverlib.lib : F2802xX_GlobalVariableDefs.obj (GpioIntRegsFile)

SysCtrlRegsFile 
*          1    00007010    0000001f     UNINITIALIZED
                  00007010    0000001f     driverlib.lib : F2802xX_GlobalVariableDefs.obj (SysCtrlRegsFile)

SpiaRegsFile 
*          1    00007040    00000010     UNINITIALIZED
                  00007040    00000010     driverlib.lib : F2802xX_GlobalVariableDefs.obj (SpiaRegsFile)

SciaRegsFile 
*          1    00007050    00000010     UNINITIALIZED
                  00007050    00000010     driverlib.lib : F2802xX_GlobalVariableDefs.obj (SciaRegsFile)

NmiIntruptRegsFile 
*          1    00007060    00000010     UNINITIALIZED
                  00007060    00000010     driverlib.lib : F2802xX_GlobalVariableDefs.obj (NmiIntruptRegsFile)

XIntruptRegsFile 
*          1    00007070    00000010     UNINITIALIZED
                  00007070    00000010     driverlib.lib : F2802xX_GlobalVariableDefs.obj (XIntruptRegsFile)

AdcRegsFile 
*          1    00007100    00000051     UNINITIALIZED
                  00007100    00000051     driverlib.lib : F2802xX_GlobalVariableDefs.obj (AdcRegsFile)

I2caRegsFile 
*          1    00007900    00000022     UNINITIALIZED
                  00007900    00000022     driverlib.lib : F2802xX_GlobalVariableDefs.obj (I2caRegsFile)

PartIdRegsFile 
*          1    003d7fff    00000001     UNINITIALIZED
                  003d7fff    00000001     driverlib.lib : F2802xX_GlobalVariableDefs.obj (PartIdRegsFile)

CsmPwlFile 
*          1    003f7ff8    00000008     UNINITIALIZED
                  003f7ff8    00000008     driverlib.lib : F2802xX_GlobalVariableDefs.obj (CsmPwlFile)

.pinit     0    003f7000    00000000     UNINITIALIZED

.reset     0    003fffc0    00000002     DSECT
                  003fffc0    00000002     rts2800_ml.lib : boot.obj (.reset)

vectors    0    003fffc2    00000000     DSECT

.ebss.2    1    00008000    00000238     UNINITIALIZED
                  00008000    00000238     nokia5110.obj (.ebss)


GLOBAL DATA SYMBOLS: SORTED BY DATA PAGE

address     data page           name
--------    ----------------    ----
00000400      10 (00000400)     __stack

00000700      1c (00000700)     _ADC4_average
00000701      1c (00000700)     _ADC3_value
00000702      1c (00000700)     _pressCount
00000703      1c (00000700)     _volts
00000704      1c (00000700)     _ADC1_average
00000705      1c (00000700)     _ADC3_average
00000706      1c (00000700)     _angle
00000707      1c (00000700)     _encPos
00000708      1c (00000700)     _oldAngle
00000709      1c (00000700)     _CW
0000070a      1c (00000700)     _transmit
0000070b      1c (00000700)     _mode
0000070c      1c (00000700)     _ADC4_value
0000070d      1c (00000700)     _ADC1_value
0000070e      1c (00000700)     _c
0000070f      1c (00000700)     _jogFlag
00000710      1c (00000700)     _secCounter
00000711      1c (00000700)     _cycleFlag
00000712      1c (00000700)     _myAdc
00000714      1c (00000700)     _encCntToSend
00000716      1c (00000700)     _pwmFreq
00000718      1c (00000700)     _myPll
0000071a      1c (00000700)     _myCpu
0000071c      1c (00000700)     _myWDog
0000071e      1c (00000700)     _myTimer
00000720      1c (00000700)     _myPwm1
00000722      1c (00000700)     _mySci
00000724      1c (00000700)     _myClk
00000726      1c (00000700)     _myFlash
00000728      1c (00000700)     _myPie
0000072a      1c (00000700)     _myGpio
0000072c      1c (00000700)     _mySpi
0000072e      1c (00000700)     _adcAsString
00000732      1c (00000700)     _stringToSend
00000736      1c (00000700)     _epwm1_info

00000740      1d (00000740)     _freqToSend
00000746      1d (00000740)     _ADC1
0000074d      1d (00000740)     _ADC4
00000754      1d (00000740)     _ADC3
0000075b      1d (00000740)     _voltsToSend
00000763      1d (00000740)     _cpu
00000764      1d (00000740)     ___TI_cleanup_ptr
00000766      1d (00000740)     ___TI_dtors_ptr
0000076a      1d (00000740)     _xfunc_out
0000076c      1d (00000740)     __lock
0000076e      1d (00000740)     __unlock

00000880      22 (00000880)     _DevEmuRegs

00000985      26 (00000980)     _SysPwrCtrlRegs

00000a80      2a (00000a80)     _FlashRegs

00000ae0      2b (00000ac0)     _CsmRegs

00000b00      2c (00000b00)     _AdcResult

00000c00      30 (00000c00)     _CpuTimer0Regs
00000c08      30 (00000c00)     _CpuTimer1Regs
00000c10      30 (00000c00)     _CpuTimer2Regs

00000ce0      33 (00000cc0)     _PieCtrlRegs

00000d00      34 (00000d00)     _EmuKey
00000d00      34 (00000d00)     _PieVectTable
00000d01      34 (00000d00)     _EmuBMode
00000d02      34 (00000d00)     _Flash_CallbackPtr
00000d04      34 (00000d00)     _Flash_CPUScaleFactor

00006400     190 (00006400)     _Comp1Regs
00006420     190 (00006400)     _Comp2Regs

00006800     1a0 (00006800)     _EPwm1Regs

00006840     1a1 (00006840)     _EPwm2Regs

00006880     1a2 (00006880)     _EPwm3Regs

000068c0     1a3 (000068c0)     _EPwm4Regs

00006a00     1a8 (00006a00)     _ECap1Regs

00006f80     1be (00006f80)     _GpioCtrlRegs

00006fc0     1bf (00006fc0)     _GpioDataRegs
00006fe0     1bf (00006fc0)     _GpioIntRegs

00007010     1c0 (00007000)     _SysCtrlRegs

00007040     1c1 (00007040)     _SpiaRegs
00007050     1c1 (00007040)     _SciaRegs
00007060     1c1 (00007040)     _NmiIntruptRegs
00007070     1c1 (00007040)     _XIntruptRegs

00007100     1c4 (00007100)     _AdcRegs

00007900     1e4 (00007900)     _I2caRegs

003d7fff    f5ff (003d7fc0)     _PartIdRegs

003f6a76    fda9 (003f6a40)     _table

003f7ff8    fdff (003f7fc0)     _CsmPwl


GLOBAL SYMBOLS: SORTED ALPHABETICALLY BY Name 

page  address   name                                
----  -------   ----                                
abs   ffffffff  .text                               
0     003f61d0  C$$EXIT                             
0     003f78dd  FS$$ADD                             
0     003f6218  FS$$CMP                             
0     003f7855  FS$$DIV                             
0     003f7b64  FS$$MPY                             
0     003f651d  FS$$NEG                             
0     003f78d8  FS$$SUB                             
0     003f7ee6  FS$$TOI                             
0     003f6023  I$$DIV                              
0     003f6034  I$$MOD                              
0     003f6184  I$$TOFS                             
0     003f7ebc  L$$DIV                              
0     003f7ecb  L$$MOD                              
0     003f63f3  U$$DIV                              
0     003f63f8  U$$MOD                              
0     003f6345  U$$TOFS                             
0     003f7ed9  UL$$DIV                             
0     003f7ee0  UL$$MOD                             
1     00000746  _ADC1                               
1     00000704  _ADC1_average                       
1     0000070d  _ADC1_value                         
1     00000754  _ADC3                               
1     00000705  _ADC3_average                       
1     00000701  _ADC3_value                         
1     0000074d  _ADC4                               
1     00000700  _ADC4_average                       
1     0000070c  _ADC4_value                         
0     003f63a6  _ADC_enable                         
0     003f63b1  _ADC_enableBandGap                  
0     003f61e9  _ADC_enableInt                      
0     003f63bc  _ADC_enableRefBuffers               
0     003f6453  _ADC_init                           
0     003f63c7  _ADC_powerUp                        
0     003f63d2  _ADC_reset                          
0     003f7f0b  _ADC_setIntMode                     
0     003f62ba  _ADC_setIntPulseGenMode             
0     003f7f2f  _ADC_setIntSrc                      
0     003f60de  _ADC_setSocChanNumber               
0     003f60fa  _ADC_setSocSampleWindow             
0     003f6116  _ADC_setSocTrigSrc                  
0     003f62cc  _ADC_setVoltRefSrc                  
0     003f6364  _AIO_init                           
1     00007100  _AdcRegs                            
1     00000b00  _AdcResult                          
0     003f646b  _CLK_disableAdcClock                
0     003f6472  _CLK_disableTbClockSync             
0     003f6479  _CLK_enableAdcClock                 
0     003f6426  _CLK_enablePwmClock                 
0     003f642f  _CLK_enableSciaClock                
0     003f6480  _CLK_enableSpiaClock                
0     003f6487  _CLK_enableTbClockSync              
0     003f648e  _CLK_init                           
0     003f6495  _CLK_setOscSrc                      
0     003f655e  _CPU_clearIntFlags                  
0     003f6561  _CPU_disableGlobalInts              
0     003f6564  _CPU_enableDebugInt                 
0     003f6567  _CPU_enableGlobalInts               
0     003f6522  _CPU_enableInt                      
0     003f6526  _CPU_init                           
1     00000709  _CW                                 
1     00006400  _Comp1Regs                          
1     00006420  _Comp2Regs                          
1     00000c00  _CpuTimer0Regs                      
1     00000c08  _CpuTimer1Regs                      
1     00000c10  _CpuTimer2Regs                      
1     003f7ff8  _CsmPwl                             
1     00000ae0  _CsmRegs                            
0     003f62fb  _DSP28x_DisableInt                  
0     003f62ff  _DSP28x_RestoreInt                  
0     0000006c  _DSP28x_usDelay                     
1     00000880  _DevEmuRegs                         
1     00006a00  _ECap1Regs                          
1     00006800  _EPwm1Regs                          
1     00006840  _EPwm2Regs                          
1     00006880  _EPwm3Regs                          
1     000068c0  _EPwm4Regs                          
1     00000d01  _EmuBMode                           
1     00000d00  _EmuKey                             
0     0000005c  _FLASH_enablePipelineMode           
0     003f649c  _FLASH_init                         
0     00000062  _FLASH_setActiveWaitCount           
0     00000067  _FLASH_setStandbyWaitCount          
0     00000050  _FLASH_setup                        
1     00000a80  _FlashRegs                          
1     00000d04  _Flash_CPUScaleFactor               
1     00000d02  _Flash_CallbackPtr                  
0     003f64a3  _GPIO_init                          
0     003f7d37  _GPIO_setDirection                  
0     003f63dd  _GPIO_setExtInt                     
0     003f626e  _GPIO_setHigh                       
0     003f6281  _GPIO_setLow                        
0     003f7bbe  _GPIO_setMode                       
0     003f7d6b  _GPIO_setPullUp                     
0     003f7e91  _GPIO_setQualification              
0     003f7f53  _GPIO_setQualificationPeriod        
0     003f6294  _GPIO_toggle                        
1     00006f80  _GpioCtrlRegs                       
1     00006fc0  _GpioDataRegs                       
1     00006fe0  _GpioIntRegs                        
1     00007900  _I2caRegs                           
1     00007060  _NmiIntruptRegs                     
0     003f63e8  _PIE_disableInt                     
0     003f656a  _PIE_enable                         
0     003f62de  _PIE_enableAdcInt                   
0     003f6000  _PIE_enableExtInt                   
0     003f7f76  _PIE_enableInt                      
0     003f656d  _PIE_enableTimer0Int                
0     003f645b  _PIE_init                           
0     003f6355  _PIE_registerPieIntHandler          
0     003f619e  _PIE_setExtIntPolarity              
0     003f6570  _PLL_getClkStatus                   
0     003f6573  _PLL_getLockStatus                  
0     003f64aa  _PLL_init                           
0     003f64b1  _PLL_setDivider                     
0     003f6505  _PLL_setMultiplier                  
0     003f6245  _PLL_setup                          
0     003f6576  _PWM_disableCounterLoad             
0     003f64b8  _PWM_init                           
0     003f6438  _PWM_setActionQual_CntDown_CmpA_PwmA
0     003f6441  _PWM_setActionQual_CntUp_CmpA_PwmA  
0     003f652a  _PWM_setClkDiv                      
0     003f65a3  _PWM_setCount                       
0     003f652e  _PWM_setCounterMode                 
0     003f6532  _PWM_setHighSpeedClkDiv             
0     003f6536  _PWM_setLoadMode_CmpA               
0     003f65a5  _PWM_setPeriod                      
0     003f65a7  _PWM_setPhase                       
0     003f650b  _PWM_setShadowMode_CmpA             
1     003d7fff  _PartIdRegs                         
1     00000ce0  _PieCtrlRegs                        
1     00000d00  _PieVectTable                       
abs   00000020  _RamfuncsLoadSize                   
0     003f7000  _RamfuncsLoadStart                  
0     00000050  _RamfuncsRunStart                   
0     003f653a  _SCI_clearRxFifoInt                 
0     003f653e  _SCI_clearTxFifoInt                 
0     003f6579  _SCI_disableParity                  
0     003f657c  _SCI_enable                         
0     003f6542  _SCI_enableFifoEnh                  
0     003f657f  _SCI_enableRx                       
0     003f6582  _SCI_enableRxInt                    
0     003f6585  _SCI_enableTx                       
0     003f6588  _SCI_enableTxInt                    
0     003f6546  _SCI_getTxFifoStatus                
0     003f64bf  _SCI_init                           
0     003f63fe  _SCI_resetChannels                  
0     003f6408  _SCI_resetRxFifo                    
0     003f6412  _SCI_resetTxFifo                    
0     003f6511  _SCI_setBaudRate                    
0     003f654a  _SCI_setCharLength                  
0     003f654e  _SCI_setNumStopBits                 
0     003f658b  _SCI_setPriority                    
0     003f64c6  _SCI_setRxFifoIntLevel              
0     003f64cd  _SCI_setTxFifoIntLevel              
0     003f658e  _SPI_enable                         
0     003f6552  _SPI_enableChannels                 
0     003f6591  _SPI_enableInt                      
0     003f6594  _SPI_enableTx                       
0     003f64d4  _SPI_init                           
0     003f64db  _SPI_reset                          
0     003f65a9  _SPI_setBaudRate                    
0     003f6556  _SPI_setCharLength                  
0     003f65ab  _SPI_setClkPhase                    
0     003f655a  _SPI_setClkPolarity                 
0     003f65ad  _SPI_setMode                        
0     003f64e2  _SPI_setPriority                    
1     00007050  _SciaRegs                           
1     00007040  _SpiaRegs                           
1     00007010  _SysCtrlRegs                        
1     00000985  _SysPwrCtrlRegs                     
0     003f6597  _TIMER_enableInt                    
0     003f64e9  _TIMER_init                         
0     003f659a  _TIMER_reload                       
0     003f64f0  _TIMER_setEmulationMode             
0     003f65af  _TIMER_setPeriod                    
0     003f625a  _TIMER_setPreScaler                 
0     003f659d  _TIMER_start                        
0     003f65a0  _TIMER_stop                         
0     003f62a7  _VNH5091AE_BRAKE_TO_GND             
0     003f6380  _VNH5091AE_CCW                      
0     003f638d  _VNH5091AE_CW                       
0     003f7d9f  _VNH5091AE_CYCLE                    
0     003f6045  _VNH5091AE_JOG                      
0     003f7dd2  _VNH5091AE_RETURN                   
0     003f6302  _VNH5091AE_STOP                     
0     003f622f  _VNH5091AE_changeDir                
0     003f6463  _WDOG_disable                       
0     003f64f7  _WDOG_init                          
1     00007070  _XIntruptRegs                       
1     00000700  __STACK_END                         
abs   00000300  __STACK_SIZE                        
1     00000764  ___TI_cleanup_ptr                   
1     00000766  ___TI_dtors_ptr                     
abs   ffffffff  ___binit__                          
abs   ffffffff  ___c_args__                         
0     003f6a86  ___cinit__                          
abs   ffffffff  ___etext__                          
abs   ffffffff  ___pinit__                          
abs   ffffffff  ___text__                           
0     003f61b7  __args_main                         
1     0000076c  __lock                              
0     003f6452  __nop                               
0     003f644e  __register_lock                     
0     003f644a  __register_unlock                   
1     00000400  __stack                             
1     0000076e  __unlock                            
0     003f61d0  _abort                              
1     0000072e  _adcAsString                        
0     003f73eb  _adc_Isr                            
0     003f7682  _adc_init                           
1     00000706  _angle                              
1     0000070e  _c                                  
0     003f7c07  _c_int00                            
0     003f7e64  _clear                              
0     003f6517  _clearSome                          
1     00000763  _cpu                                
1     00000711  _cycleFlag                          
0     003f79c1  _drawFilledCircle                   
0     003f614e  _drawFilledRectangle                
0     003f7950  _drawLine                           
1     00000714  _encCntToSend                       
1     00000707  _encPos                             
0     003f6066  _encUpdate                          
1     00000736  _epwm1_info                         
0     003f7b04  _epwm_init                          
0     003f61d2  _exit                               
0     003f60a4  _figureFreq                         
1     00000740  _freqToSend                         
0     003f77c9  _ftoa                               
0     003f6132  _gotoXY                             
0     003f7240  _gpio_init                          
0     003f7cc4  _itoa                               
1     0000070f  _jogFlag                            
0     003f7020  _main                               
0     003f60c1  _memcpy                             
1     0000070b  _mode                               
1     00000712  _myAdc                              
1     00000724  _myClk                              
1     0000071a  _myCpu                              
1     00000726  _myFlash                            
1     0000072a  _myGpio                             
1     00000728  _myPie                              
1     00000718  _myPll                              
1     00000720  _myPwm1                             
1     00000722  _mySci                              
1     0000072c  _mySpi                              
1     0000071e  _myTimer                            
1     0000071c  _myWDog                             
0     003f7c4b  _nokia_init                         
1     00000708  _oldAngle                           
1     00000702  _pressCount                         
1     00000716  _pwmFreq                            
0     003f7a30  _scia_init                          
0     003f6335  _scia_xmit                          
1     00000710  _secCounter                         
0     003f62f8  _setDBGIER                          
0     003f7c89  _setPixel                           
0     003f6372  _spiRxFifoIsr                       
0     003f7731  _spi_init                           
1     00000732  _stringToSend                       
0     003f6a76  _table                              
0     003f7cfe  _timer0_init                        
0     003f6086  _timer0_isr                         
1     0000070a  _transmit                           
0     003f6169  _update_compare                     
1     00000703  _volts                              
1     0000075b  _voltsToSend                        
0     003f7a9b  _writeChar                          
0     003f6313  _writeCommand                       
0     003f6324  _writeData                          
0     003f639a  _writeString                        
1     0000076a  _xfunc_out                          
0     003f7e04  _xint1_isr                          
0     003f7e34  _xint2_isr                          
0     003f64fe  _xprintf                            
0     003f6201  _xputc                              
0     003f641c  _xputs                              
abs   ffffffff  binit                               
0     003f6a86  cinit                               
0     003f7ff6  code_start                          
abs   ffffffff  etext                               
abs   ffffffff  pinit                               


GLOBAL SYMBOLS: SORTED BY Symbol Address 

page  address   name                                
----  -------   ----                                
0     00000050  _FLASH_setup                        
0     00000050  _RamfuncsRunStart                   
0     0000005c  _FLASH_enablePipelineMode           
0     00000062  _FLASH_setActiveWaitCount           
0     00000067  _FLASH_setStandbyWaitCount          
0     0000006c  _DSP28x_usDelay                     
0     003f6000  _PIE_enableExtInt                   
0     003f6023  I$$DIV                              
0     003f6034  I$$MOD                              
0     003f6045  _VNH5091AE_JOG                      
0     003f6066  _encUpdate                          
0     003f6086  _timer0_isr                         
0     003f60a4  _figureFreq                         
0     003f60c1  _memcpy                             
0     003f60de  _ADC_setSocChanNumber               
0     003f60fa  _ADC_setSocSampleWindow             
0     003f6116  _ADC_setSocTrigSrc                  
0     003f6132  _gotoXY                             
0     003f614e  _drawFilledRectangle                
0     003f6169  _update_compare                     
0     003f6184  I$$TOFS                             
0     003f619e  _PIE_setExtIntPolarity              
0     003f61b7  __args_main                         
0     003f61d0  C$$EXIT                             
0     003f61d0  _abort                              
0     003f61d2  _exit                               
0     003f61e9  _ADC_enableInt                      
0     003f6201  _xputc                              
0     003f6218  FS$$CMP                             
0     003f622f  _VNH5091AE_changeDir                
0     003f6245  _PLL_setup                          
0     003f625a  _TIMER_setPreScaler                 
0     003f626e  _GPIO_setHigh                       
0     003f6281  _GPIO_setLow                        
0     003f6294  _GPIO_toggle                        
0     003f62a7  _VNH5091AE_BRAKE_TO_GND             
0     003f62ba  _ADC_setIntPulseGenMode             
0     003f62cc  _ADC_setVoltRefSrc                  
0     003f62de  _PIE_enableAdcInt                   
0     003f62f8  _setDBGIER                          
0     003f62fb  _DSP28x_DisableInt                  
0     003f62ff  _DSP28x_RestoreInt                  
0     003f6302  _VNH5091AE_STOP                     
0     003f6313  _writeCommand                       
0     003f6324  _writeData                          
0     003f6335  _scia_xmit                          
0     003f6345  U$$TOFS                             
0     003f6355  _PIE_registerPieIntHandler          
0     003f6364  _AIO_init                           
0     003f6372  _spiRxFifoIsr                       
0     003f6380  _VNH5091AE_CCW                      
0     003f638d  _VNH5091AE_CW                       
0     003f639a  _writeString                        
0     003f63a6  _ADC_enable                         
0     003f63b1  _ADC_enableBandGap                  
0     003f63bc  _ADC_enableRefBuffers               
0     003f63c7  _ADC_powerUp                        
0     003f63d2  _ADC_reset                          
0     003f63dd  _GPIO_setExtInt                     
0     003f63e8  _PIE_disableInt                     
0     003f63f3  U$$DIV                              
0     003f63f8  U$$MOD                              
0     003f63fe  _SCI_resetChannels                  
0     003f6408  _SCI_resetRxFifo                    
0     003f6412  _SCI_resetTxFifo                    
0     003f641c  _xputs                              
0     003f6426  _CLK_enablePwmClock                 
0     003f642f  _CLK_enableSciaClock                
0     003f6438  _PWM_setActionQual_CntDown_CmpA_PwmA
0     003f6441  _PWM_setActionQual_CntUp_CmpA_PwmA  
0     003f644a  __register_unlock                   
0     003f644e  __register_lock                     
0     003f6452  __nop                               
0     003f6453  _ADC_init                           
0     003f645b  _PIE_init                           
0     003f6463  _WDOG_disable                       
0     003f646b  _CLK_disableAdcClock                
0     003f6472  _CLK_disableTbClockSync             
0     003f6479  _CLK_enableAdcClock                 
0     003f6480  _CLK_enableSpiaClock                
0     003f6487  _CLK_enableTbClockSync              
0     003f648e  _CLK_init                           
0     003f6495  _CLK_setOscSrc                      
0     003f649c  _FLASH_init                         
0     003f64a3  _GPIO_init                          
0     003f64aa  _PLL_init                           
0     003f64b1  _PLL_setDivider                     
0     003f64b8  _PWM_init                           
0     003f64bf  _SCI_init                           
0     003f64c6  _SCI_setRxFifoIntLevel              
0     003f64cd  _SCI_setTxFifoIntLevel              
0     003f64d4  _SPI_init                           
0     003f64db  _SPI_reset                          
0     003f64e2  _SPI_setPriority                    
0     003f64e9  _TIMER_init                         
0     003f64f0  _TIMER_setEmulationMode             
0     003f64f7  _WDOG_init                          
0     003f64fe  _xprintf                            
0     003f6505  _PLL_setMultiplier                  
0     003f650b  _PWM_setShadowMode_CmpA             
0     003f6511  _SCI_setBaudRate                    
0     003f6517  _clearSome                          
0     003f651d  FS$$NEG                             
0     003f6522  _CPU_enableInt                      
0     003f6526  _CPU_init                           
0     003f652a  _PWM_setClkDiv                      
0     003f652e  _PWM_setCounterMode                 
0     003f6532  _PWM_setHighSpeedClkDiv             
0     003f6536  _PWM_setLoadMode_CmpA               
0     003f653a  _SCI_clearRxFifoInt                 
0     003f653e  _SCI_clearTxFifoInt                 
0     003f6542  _SCI_enableFifoEnh                  
0     003f6546  _SCI_getTxFifoStatus                
0     003f654a  _SCI_setCharLength                  
0     003f654e  _SCI_setNumStopBits                 
0     003f6552  _SPI_enableChannels                 
0     003f6556  _SPI_setCharLength                  
0     003f655a  _SPI_setClkPolarity                 
0     003f655e  _CPU_clearIntFlags                  
0     003f6561  _CPU_disableGlobalInts              
0     003f6564  _CPU_enableDebugInt                 
0     003f6567  _CPU_enableGlobalInts               
0     003f656a  _PIE_enable                         
0     003f656d  _PIE_enableTimer0Int                
0     003f6570  _PLL_getClkStatus                   
0     003f6573  _PLL_getLockStatus                  
0     003f6576  _PWM_disableCounterLoad             
0     003f6579  _SCI_disableParity                  
0     003f657c  _SCI_enable                         
0     003f657f  _SCI_enableRx                       
0     003f6582  _SCI_enableRxInt                    
0     003f6585  _SCI_enableTx                       
0     003f6588  _SCI_enableTxInt                    
0     003f658b  _SCI_setPriority                    
0     003f658e  _SPI_enable                         
0     003f6591  _SPI_enableInt                      
0     003f6594  _SPI_enableTx                       
0     003f6597  _TIMER_enableInt                    
0     003f659a  _TIMER_reload                       
0     003f659d  _TIMER_start                        
0     003f65a0  _TIMER_stop                         
0     003f65a3  _PWM_setCount                       
0     003f65a5  _PWM_setPeriod                      
0     003f65a7  _PWM_setPhase                       
0     003f65a9  _SPI_setBaudRate                    
0     003f65ab  _SPI_setClkPhase                    
0     003f65ad  _SPI_setMode                        
0     003f65af  _TIMER_setPeriod                    
0     003f6a76  _table                              
0     003f6a86  ___cinit__                          
0     003f6a86  cinit                               
0     003f7000  _RamfuncsLoadStart                  
0     003f7020  _main                               
0     003f7240  _gpio_init                          
0     003f73eb  _adc_Isr                            
0     003f7682  _adc_init                           
0     003f7731  _spi_init                           
0     003f77c9  _ftoa                               
0     003f7855  FS$$DIV                             
0     003f78d8  FS$$SUB                             
0     003f78dd  FS$$ADD                             
0     003f7950  _drawLine                           
0     003f79c1  _drawFilledCircle                   
0     003f7a30  _scia_init                          
0     003f7a9b  _writeChar                          
0     003f7b04  _epwm_init                          
0     003f7b64  FS$$MPY                             
0     003f7bbe  _GPIO_setMode                       
0     003f7c07  _c_int00                            
0     003f7c4b  _nokia_init                         
0     003f7c89  _setPixel                           
0     003f7cc4  _itoa                               
0     003f7cfe  _timer0_init                        
0     003f7d37  _GPIO_setDirection                  
0     003f7d6b  _GPIO_setPullUp                     
0     003f7d9f  _VNH5091AE_CYCLE                    
0     003f7dd2  _VNH5091AE_RETURN                   
0     003f7e04  _xint1_isr                          
0     003f7e34  _xint2_isr                          
0     003f7e64  _clear                              
0     003f7e91  _GPIO_setQualification              
0     003f7ebc  L$$DIV                              
0     003f7ecb  L$$MOD                              
0     003f7ed9  UL$$DIV                             
0     003f7ee0  UL$$MOD                             
0     003f7ee6  FS$$TOI                             
0     003f7f0b  _ADC_setIntMode                     
0     003f7f2f  _ADC_setIntSrc                      
0     003f7f53  _GPIO_setQualificationPeriod        
0     003f7f76  _PIE_enableInt                      
0     003f7ff6  code_start                          
1     00000400  __stack                             
1     00000700  _ADC4_average                       
1     00000700  __STACK_END                         
1     00000701  _ADC3_value                         
1     00000702  _pressCount                         
1     00000703  _volts                              
1     00000704  _ADC1_average                       
1     00000705  _ADC3_average                       
1     00000706  _angle                              
1     00000707  _encPos                             
1     00000708  _oldAngle                           
1     00000709  _CW                                 
1     0000070a  _transmit                           
1     0000070b  _mode                               
1     0000070c  _ADC4_value                         
1     0000070d  _ADC1_value                         
1     0000070e  _c                                  
1     0000070f  _jogFlag                            
1     00000710  _secCounter                         
1     00000711  _cycleFlag                          
1     00000712  _myAdc                              
1     00000714  _encCntToSend                       
1     00000716  _pwmFreq                            
1     00000718  _myPll                              
1     0000071a  _myCpu                              
1     0000071c  _myWDog                             
1     0000071e  _myTimer                            
1     00000720  _myPwm1                             
1     00000722  _mySci                              
1     00000724  _myClk                              
1     00000726  _myFlash                            
1     00000728  _myPie                              
1     0000072a  _myGpio                             
1     0000072c  _mySpi                              
1     0000072e  _adcAsString                        
1     00000732  _stringToSend                       
1     00000736  _epwm1_info                         
1     00000740  _freqToSend                         
1     00000746  _ADC1                               
1     0000074d  _ADC4                               
1     00000754  _ADC3                               
1     0000075b  _voltsToSend                        
1     00000763  _cpu                                
1     00000764  ___TI_cleanup_ptr                   
1     00000766  ___TI_dtors_ptr                     
1     0000076a  _xfunc_out                          
1     0000076c  __lock                              
1     0000076e  __unlock                            
1     00000880  _DevEmuRegs                         
1     00000985  _SysPwrCtrlRegs                     
1     00000a80  _FlashRegs                          
1     00000ae0  _CsmRegs                            
1     00000b00  _AdcResult                          
1     00000c00  _CpuTimer0Regs                      
1     00000c08  _CpuTimer1Regs                      
1     00000c10  _CpuTimer2Regs                      
1     00000ce0  _PieCtrlRegs                        
1     00000d00  _EmuKey                             
1     00000d00  _PieVectTable                       
1     00000d01  _EmuBMode                           
1     00000d02  _Flash_CallbackPtr                  
1     00000d04  _Flash_CPUScaleFactor               
1     00006400  _Comp1Regs                          
1     00006420  _Comp2Regs                          
1     00006800  _EPwm1Regs                          
1     00006840  _EPwm2Regs                          
1     00006880  _EPwm3Regs                          
1     000068c0  _EPwm4Regs                          
1     00006a00  _ECap1Regs                          
1     00006f80  _GpioCtrlRegs                       
1     00006fc0  _GpioDataRegs                       
1     00006fe0  _GpioIntRegs                        
1     00007010  _SysCtrlRegs                        
1     00007040  _SpiaRegs                           
1     00007050  _SciaRegs                           
1     00007060  _NmiIntruptRegs                     
1     00007070  _XIntruptRegs                       
1     00007100  _AdcRegs                            
1     00007900  _I2caRegs                           
1     003d7fff  _PartIdRegs                         
1     003f7ff8  _CsmPwl                             
abs   00000020  _RamfuncsLoadSize                   
abs   00000300  __STACK_SIZE                        
abs   ffffffff  .text                               
abs   ffffffff  ___binit__                          
abs   ffffffff  ___c_args__                         
abs   ffffffff  ___etext__                          
abs   ffffffff  ___pinit__                          
abs   ffffffff  ___text__                           
abs   ffffffff  binit                               
abs   ffffffff  etext                               
abs   ffffffff  pinit                               

[283 symbols]
