******************************************************************************
             TMS320C2000 Linker PC v6.1.0                      
******************************************************************************
>> Linked Sat Dec 29 17:29:07 2012

OUTPUT FILE NAME:   <C2000_GPIO.out>
ENTRY POINT SYMBOL: "_c_int00"  address: 003f718f


MEMORY CONFIGURATION

         name            origin    length      used     unused   attr    fill
----------------------  --------  ---------  --------  --------  ----  --------
PAGE 0:
  RAMM0                 00000050   000003b0  00000004  000003ac  RWIX
  OTP                   003d7800   00000400  00000000  00000400  RWIX
  FLASHB                003f6000   00001000  00000000  00001000  RWIX
  FLASHA                003f7000   00000f80  00000575  00000a0b  RWIX
  CSM_RSVD              003f7f80   00000076  00000076  00000000  RWIX
  BEGIN                 003f7ff6   00000002  00000002  00000000  RWIX
  CSM_PWL_P0            003f7ff8   00000008  00000008  00000000  RWIX
  IQTABLES              003fe000   00000b50  00000000  00000b50  RWIX
  IQTABLES2             003feb50   0000008c  00000000  0000008c  RWIX
  IQTABLES3             003febdc   000000aa  00000000  000000aa  RWIX
  ROM                   003ff27c   00000d44  00000000  00000d44  RWIX
  RESET                 003fffc0   00000002  00000000  00000002  RWIX
  VECTORS               003fffc2   0000003e  00000000  0000003e  RWIX

PAGE 1:
  BOOT_RSVD             00000000   00000050  00000000  00000050  RWIX
  RAMM1                 00000400   00000400  00000311  000000ef  RWIX
  RAML0                 00008000   00000400  00000000  00000400  RWIX


SECTION ALLOCATION MAP

 output                                  attributes/
section   page    origin      length       input sections
--------  ----  ----------  ----------   ----------------
.pinit     0    003f7000    00000000     UNINITIALIZED

ramfuncs   0    003f7000    00000004     RUN ADDR = 00000050
                  003f7000    00000004     driverlib.lib : F2802x_asmfuncs.obj (ramfuncs)

.text      0    003f7004    0000045b     
                  003f7004    00000142     main.obj (.text:_main)
                  003f7146    00000049     driverlib.lib : gpio.obj (.text:_GPIO_setMode)
                  003f718f    00000044     rts2800_ml.lib : boot.obj (.text)
                  003f71d3    00000034     driverlib.lib : gpio.obj (.text:_GPIO_setDirection)
                  003f7207    00000034                   : gpio.obj (.text:_GPIO_setPullUp)
                  003f723b    00000021     rts2800_ml.lib : memcpy_ff.obj (.text)
                  003f725c    00000019                    : args_main.obj (.text)
                  003f7275    00000019                    : exit.obj (.text)
                  003f728e    00000015     driverlib.lib : pll.obj (.text:_PLL_setup)
                  003f72a3    00000013                   : gpio.obj (.text:_GPIO_setHigh)
                  003f72b6    00000013                   : gpio.obj (.text:_GPIO_setLow)
                  003f72c9    00000012                   : F2802x_asmfuncs.obj (.text)
                  003f72db    00000011                   : pie.obj (.text:_PIE_setDebugIntVectorTable)
                  003f72ec    0000000f                   : pie.obj (.text:_PIE_disableAllInts)
                  003f72fb    00000009     rts2800_ml.lib : _lock.obj (.text)
                  003f7304    00000008     driverlib.lib : pie.obj (.text:_PIE_init)
                  003f730c    00000008                   : wdog.obj (.text:_WDOG_disable)
                  003f7314    00000007                   : clk.obj (.text:_CLK_disableAdcClock)
                  003f731b    00000007                   : clk.obj (.text:_CLK_enableAdcClock)
                  003f7322    00000007                   : clk.obj (.text:_CLK_init)
                  003f7329    00000007                   : clk.obj (.text:_CLK_setOscSrc)
                  003f7330    00000007                   : flash.obj (.text:_FLASH_init)
                  003f7337    00000007                   : gpio.obj (.text:_GPIO_init)
                  003f733e    00000007                   : pll.obj (.text:_PLL_init)
                  003f7345    00000007                   : pll.obj (.text:_PLL_setDivider)
                  003f734c    00000007                   : wdog.obj (.text:_WDOG_init)
                  003f7353    00000006                   : pll.obj (.text:_PLL_setMultiplier)
                  003f7359    00000005                   : F2802x_DefaultIsr.obj (.text:_ADCINT1_ISR)
                  003f735e    00000005                   : F2802x_DefaultIsr.obj (.text:_ADCINT2_ISR)
                  003f7363    00000005                   : F2802x_DefaultIsr.obj (.text:_ADCINT3_ISR)
                  003f7368    00000005                   : F2802x_DefaultIsr.obj (.text:_ADCINT4_ISR)
                  003f736d    00000005                   : F2802x_DefaultIsr.obj (.text:_ADCINT5_ISR)
                  003f7372    00000005                   : F2802x_DefaultIsr.obj (.text:_ADCINT6_ISR)
                  003f7377    00000005                   : F2802x_DefaultIsr.obj (.text:_ADCINT7_ISR)
                  003f737c    00000005                   : F2802x_DefaultIsr.obj (.text:_ADCINT8_ISR)
                  003f7381    00000005                   : F2802x_DefaultIsr.obj (.text:_ADCINT9_ISR)
                  003f7386    00000005                   : F2802x_DefaultIsr.obj (.text:_DATALOG_ISR)
                  003f738b    00000005                   : F2802x_DefaultIsr.obj (.text:_ECAP1_INT_ISR)
                  003f7390    00000005                   : F2802x_DefaultIsr.obj (.text:_EMUINT_ISR)
                  003f7395    00000005                   : F2802x_DefaultIsr.obj (.text:_EPWM1_INT_ISR)
                  003f739a    00000005                   : F2802x_DefaultIsr.obj (.text:_EPWM1_TZINT_ISR)
                  003f739f    00000005                   : F2802x_DefaultIsr.obj (.text:_EPWM2_INT_ISR)
                  003f73a4    00000005                   : F2802x_DefaultIsr.obj (.text:_EPWM2_TZINT_ISR)
                  003f73a9    00000005                   : F2802x_DefaultIsr.obj (.text:_EPWM3_INT_ISR)
                  003f73ae    00000005                   : F2802x_DefaultIsr.obj (.text:_EPWM3_TZINT_ISR)
                  003f73b3    00000005                   : F2802x_DefaultIsr.obj (.text:_I2CINT1A_ISR)
                  003f73b8    00000005                   : F2802x_DefaultIsr.obj (.text:_I2CINT2A_ISR)
                  003f73bd    00000005                   : F2802x_DefaultIsr.obj (.text:_ILLEGAL_ISR)
                  003f73c2    00000005                   : F2802x_DefaultIsr.obj (.text:_INT13_ISR)
                  003f73c7    00000005                   : F2802x_DefaultIsr.obj (.text:_INT14_ISR)
                  003f73cc    00000005                   : F2802x_DefaultIsr.obj (.text:_NMI_ISR)
                  003f73d1    00000005                   : F2802x_DefaultIsr.obj (.text:_PIE_RESERVED)
                  003f73d6    00000005                   : F2802x_DefaultIsr.obj (.text:_RTOSINT_ISR)
                  003f73db    00000005                   : F2802x_DefaultIsr.obj (.text:_SCIRXINTA_ISR)
                  003f73e0    00000005                   : F2802x_DefaultIsr.obj (.text:_SCITXINTA_ISR)
                  003f73e5    00000005                   : F2802x_DefaultIsr.obj (.text:_SPIRXINTA_ISR)
                  003f73ea    00000005                   : F2802x_DefaultIsr.obj (.text:_SPITXINTA_ISR)
                  003f73ef    00000005                   : F2802x_DefaultIsr.obj (.text:_TINT0_ISR)
                  003f73f4    00000005                   : F2802x_DefaultIsr.obj (.text:_USER10_ISR)
                  003f73f9    00000005                   : F2802x_DefaultIsr.obj (.text:_USER11_ISR)
                  003f73fe    00000005                   : F2802x_DefaultIsr.obj (.text:_USER12_ISR)
                  003f7403    00000005                   : F2802x_DefaultIsr.obj (.text:_USER1_ISR)
                  003f7408    00000005                   : F2802x_DefaultIsr.obj (.text:_USER2_ISR)
                  003f740d    00000005                   : F2802x_DefaultIsr.obj (.text:_USER3_ISR)
                  003f7412    00000005                   : F2802x_DefaultIsr.obj (.text:_USER4_ISR)
                  003f7417    00000005                   : F2802x_DefaultIsr.obj (.text:_USER5_ISR)
                  003f741c    00000005                   : F2802x_DefaultIsr.obj (.text:_USER6_ISR)
                  003f7421    00000005                   : F2802x_DefaultIsr.obj (.text:_USER7_ISR)
                  003f7426    00000005                   : F2802x_DefaultIsr.obj (.text:_USER8_ISR)
                  003f742b    00000005                   : F2802x_DefaultIsr.obj (.text:_USER9_ISR)
                  003f7430    00000005                   : F2802x_DefaultIsr.obj (.text:_WAKEINT_ISR)
                  003f7435    00000005                   : F2802x_DefaultIsr.obj (.text:_XINT1_ISR)
                  003f743a    00000005                   : F2802x_DefaultIsr.obj (.text:_XINT2_ISR)
                  003f743f    00000005                   : F2802x_DefaultIsr.obj (.text:_XINT3_ISR)
                  003f7444    00000005                   : F2802x_DefaultIsr.obj (.text:_rsvd_ISR)
                  003f7449    00000004                   : cpu.obj (.text:_CPU_init)
                  003f744d    00000003                   : cpu.obj (.text:_CPU_clearIntFlags)
                  003f7450    00000003                   : cpu.obj (.text:_CPU_disableGlobalInts)
                  003f7453    00000003                   : pie.obj (.text:_PIE_disable)
                  003f7456    00000003                   : pie.obj (.text:_PIE_enable)
                  003f7459    00000003                   : pll.obj (.text:_PLL_getClkStatus)
                  003f745c    00000003                   : pll.obj (.text:_PLL_getLockStatus)

.econst    0    003f7460    00000100     
                  003f7460    00000100     driverlib.lib : pie.obj (.econst:_PIE_tableDebugInit)

.cinit     0    003f7560    00000016     
                  003f7560    0000000a     rts2800_ml.lib : _lock.obj (.cinit)
                  003f756a    0000000a                    : exit.obj (.cinit)
                  003f7574    00000002     --HOLE-- [fill = 0]

csm_rsvd   0    003f7f80    00000076     
                  003f7f80    00000076     driverlib.lib : F2802x_asmfuncs.obj (csm_rsvd)

codestart 
*          0    003f7ff6    00000002     
                  003f7ff6    00000002     driverlib.lib : F2802x_asmfuncs.obj (codestart)

csmpasswds 
*          0    003f7ff8    00000008     
                  003f7ff8    00000008     driverlib.lib : F2802x_asmfuncs.obj (csmpasswds)

.reset     0    003fffc0    00000002     DSECT
                  003fffc0    00000002     rts2800_ml.lib : boot.obj (.reset)

vectors    0    003fffc2    00000000     DSECT

.stack     1    00000400    00000300     UNINITIALIZED
                  00000400    00000300     --HOLE--

.ebss      1    00000700    00000011     UNINITIALIZED
                  00000700    00000008     main.obj (.ebss)
                  00000708    00000004     rts2800_ml.lib : _lock.obj (.ebss)
                  0000070c    00000004                    : exit.obj (.ebss)
                  00000710    00000001     driverlib.lib : cpu.obj (.ebss)


GLOBAL SYMBOLS: SORTED ALPHABETICALLY BY Name 

address    name
--------   ----
ffffffff   .text
003f7275   C$$EXIT
003f7359   _ADCINT1_ISR
003f735e   _ADCINT2_ISR
003f7363   _ADCINT3_ISR
003f7368   _ADCINT4_ISR
003f736d   _ADCINT5_ISR
003f7372   _ADCINT6_ISR
003f7377   _ADCINT7_ISR
003f737c   _ADCINT8_ISR
003f7381   _ADCINT9_ISR
003f7314   _CLK_disableAdcClock
003f731b   _CLK_enableAdcClock
003f7322   _CLK_init
003f7329   _CLK_setOscSrc
003f744d   _CPU_clearIntFlags
003f7450   _CPU_disableGlobalInts
003f7449   _CPU_init
003f7386   _DATALOG_ISR
003f72d4   _DSP28x_DisableInt
003f72d8   _DSP28x_RestoreInt
00000050   _DSP28x_usDelay
003f738b   _ECAP1_INT_ISR
003f7390   _EMUINT_ISR
003f7395   _EPWM1_INT_ISR
003f739a   _EPWM1_TZINT_ISR
003f739f   _EPWM2_INT_ISR
003f73a4   _EPWM2_TZINT_ISR
003f73a9   _EPWM3_INT_ISR
003f73ae   _EPWM3_TZINT_ISR
003f7330   _FLASH_init
003f7337   _GPIO_init
003f71d3   _GPIO_setDirection
003f72a3   _GPIO_setHigh
003f72b6   _GPIO_setLow
003f7146   _GPIO_setMode
003f7207   _GPIO_setPullUp
003f73b3   _I2CINT1A_ISR
003f73b8   _I2CINT2A_ISR
003f73bd   _ILLEGAL_ISR
003f73c2   _INT13_ISR
003f73c7   _INT14_ISR
003f73cc   _NMI_ISR
003f73d1   _PIE_RESERVED
003f7453   _PIE_disable
003f72ec   _PIE_disableAllInts
003f7456   _PIE_enable
003f7304   _PIE_init
003f72db   _PIE_setDebugIntVectorTable
003f7460   _PIE_tableDebugInit
003f7459   _PLL_getClkStatus
003f745c   _PLL_getLockStatus
003f733e   _PLL_init
003f7345   _PLL_setDivider
003f7353   _PLL_setMultiplier
003f728e   _PLL_setup
003f73d6   _RTOSINT_ISR
00000004   _RamfuncsLoadSize
003f7000   _RamfuncsLoadStart
00000050   _RamfuncsRunStart
003f73db   _SCIRXINTA_ISR
003f73e0   _SCITXINTA_ISR
003f73e5   _SPIRXINTA_ISR
003f73ea   _SPITXINTA_ISR
003f73ef   _TINT0_ISR
003f73f4   _USER10_ISR
003f73f9   _USER11_ISR
003f73fe   _USER12_ISR
003f7403   _USER1_ISR
003f7408   _USER2_ISR
003f740d   _USER3_ISR
003f7412   _USER4_ISR
003f7417   _USER5_ISR
003f741c   _USER6_ISR
003f7421   _USER7_ISR
003f7426   _USER8_ISR
003f742b   _USER9_ISR
003f7430   _WAKEINT_ISR
003f730c   _WDOG_disable
003f734c   _WDOG_init
003f7435   _XINT1_ISR
003f743a   _XINT2_ISR
003f743f   _XINT3_ISR
00000700   __STACK_END
00000300   __STACK_SIZE
00000001   __TI_args_main
ffffffff   ___binit__
ffffffff   ___c_args__
003f7560   ___cinit__
ffffffff   ___etext__
003f723b   ___memcpy_ff
ffffffff   ___pinit__
ffffffff   ___text__
003f725c   __args_main
0000070c   __cleanup_ptr
0000070e   __dtors_ptr
0000070a   __lock
003f7303   __nop
003f72ff   __register_lock
003f72fb   __register_unlock
00000400   __stack
00000708   __unlock
003f7275   _abort
003f718f   _c_int00
00000710   _cpu
003f7277   _exit
003f7004   _main
00000706   _myClk
00000702   _myFlash
00000704   _myGpio
00000700   _myPie
003f7444   _rsvd_ISR
003f72d1   _setDBGIER
ffffffff   binit
003f7560   cinit
003f7ff6   code_start
ffffffff   etext
ffffffff   pinit


GLOBAL SYMBOLS: SORTED BY Symbol Address 

address    name
--------   ----
00000001   __TI_args_main
00000004   _RamfuncsLoadSize
00000050   _DSP28x_usDelay
00000050   _RamfuncsRunStart
00000300   __STACK_SIZE
00000400   __stack
00000700   __STACK_END
00000700   _myPie
00000702   _myFlash
00000704   _myGpio
00000706   _myClk
00000708   __unlock
0000070a   __lock
0000070c   __cleanup_ptr
0000070e   __dtors_ptr
00000710   _cpu
003f7000   _RamfuncsLoadStart
003f7004   _main
003f7146   _GPIO_setMode
003f718f   _c_int00
003f71d3   _GPIO_setDirection
003f7207   _GPIO_setPullUp
003f723b   ___memcpy_ff
003f725c   __args_main
003f7275   C$$EXIT
003f7275   _abort
003f7277   _exit
003f728e   _PLL_setup
003f72a3   _GPIO_setHigh
003f72b6   _GPIO_setLow
003f72d1   _setDBGIER
003f72d4   _DSP28x_DisableInt
003f72d8   _DSP28x_RestoreInt
003f72db   _PIE_setDebugIntVectorTable
003f72ec   _PIE_disableAllInts
003f72fb   __register_unlock
003f72ff   __register_lock
003f7303   __nop
003f7304   _PIE_init
003f730c   _WDOG_disable
003f7314   _CLK_disableAdcClock
003f731b   _CLK_enableAdcClock
003f7322   _CLK_init
003f7329   _CLK_setOscSrc
003f7330   _FLASH_init
003f7337   _GPIO_init
003f733e   _PLL_init
003f7345   _PLL_setDivider
003f734c   _WDOG_init
003f7353   _PLL_setMultiplier
003f7359   _ADCINT1_ISR
003f735e   _ADCINT2_ISR
003f7363   _ADCINT3_ISR
003f7368   _ADCINT4_ISR
003f736d   _ADCINT5_ISR
003f7372   _ADCINT6_ISR
003f7377   _ADCINT7_ISR
003f737c   _ADCINT8_ISR
003f7381   _ADCINT9_ISR
003f7386   _DATALOG_ISR
003f738b   _ECAP1_INT_ISR
003f7390   _EMUINT_ISR
003f7395   _EPWM1_INT_ISR
003f739a   _EPWM1_TZINT_ISR
003f739f   _EPWM2_INT_ISR
003f73a4   _EPWM2_TZINT_ISR
003f73a9   _EPWM3_INT_ISR
003f73ae   _EPWM3_TZINT_ISR
003f73b3   _I2CINT1A_ISR
003f73b8   _I2CINT2A_ISR
003f73bd   _ILLEGAL_ISR
003f73c2   _INT13_ISR
003f73c7   _INT14_ISR
003f73cc   _NMI_ISR
003f73d1   _PIE_RESERVED
003f73d6   _RTOSINT_ISR
003f73db   _SCIRXINTA_ISR
003f73e0   _SCITXINTA_ISR
003f73e5   _SPIRXINTA_ISR
003f73ea   _SPITXINTA_ISR
003f73ef   _TINT0_ISR
003f73f4   _USER10_ISR
003f73f9   _USER11_ISR
003f73fe   _USER12_ISR
003f7403   _USER1_ISR
003f7408   _USER2_ISR
003f740d   _USER3_ISR
003f7412   _USER4_ISR
003f7417   _USER5_ISR
003f741c   _USER6_ISR
003f7421   _USER7_ISR
003f7426   _USER8_ISR
003f742b   _USER9_ISR
003f7430   _WAKEINT_ISR
003f7435   _XINT1_ISR
003f743a   _XINT2_ISR
003f743f   _XINT3_ISR
003f7444   _rsvd_ISR
003f7449   _CPU_init
003f744d   _CPU_clearIntFlags
003f7450   _CPU_disableGlobalInts
003f7453   _PIE_disable
003f7456   _PIE_enable
003f7459   _PLL_getClkStatus
003f745c   _PLL_getLockStatus
003f7460   _PIE_tableDebugInit
003f7560   ___cinit__
003f7560   cinit
003f7ff6   code_start
ffffffff   .text
ffffffff   ___binit__
ffffffff   ___c_args__
ffffffff   ___etext__
ffffffff   ___pinit__
ffffffff   ___text__
ffffffff   binit
ffffffff   etext
ffffffff   pinit

[118 symbols]
