******************************************************************************
             TMS320C2000 Linker PC v6.2.6                      
******************************************************************************
>> Linked Sun Aug 24 23:22:13 2014

OUTPUT FILE NAME:   <C2000_ADC_interupt.out>
ENTRY POINT SYMBOL: "_c_int00"  address: 003f7543


MEMORY CONFIGURATION

         name            origin    length      used     unused   attr    fill
----------------------  --------  ---------  --------  --------  ----  --------
PAGE 0:
  RAMM0                 00000050   000003b0  00000020  00000390  RWIX
  OTP                   003d7800   00000400  00000000  00000400  RWIX
  FLASHB                003f6000   00001000  0000013e  00000ec2  RWIX
  FLASHA                003f7000   00000f80  00000f49  00000037  RWIX
  CSM_RSVD              003f7f80   00000076  00000076  00000000  RWIX
  BEGIN                 003f7ff6   00000002  00000002  00000000  RWIX
  CSM_PWL_P0            003f7ff8   00000008  00000008  00000000  RWIX
  IQTABLES              003fe000   00000b50  00000000  00000b50  RWIX
  IQTABLES2             003feb50   0000008c  00000000  0000008c  RWIX
  IQTABLES3             003febdc   000000aa  00000000  000000aa  RWIX
  ROM                   003ff27c   00000d44  00000000  00000d44  RWIX
  RESET                 003fffc0   00000002  00000000  00000002  RWIX
  VECTORS               003fffc2   0000003e  00000000  0000003e  RWIX

PAGE 1:
  BOOT_RSVD             00000000   00000050  00000000  00000050  RWIX
  RAMM1                 00000400   00000400  0000032e  000000d2  RWIX
  DEV_EMU               00000880   00000105  00000000  00000105  RWIX
  SYS_PWR_CTL           00000985   00000003  00000000  00000003  RWIX
  FLASH_REGS            00000a80   00000060  00000000  00000060  RWIX
  CSM                   00000ae0   00000010  00000000  00000010  RWIX
  ADC_RESULT            00000b00   00000020  00000000  00000020  RWIX
  CPU_TIMER0            00000c00   00000008  00000000  00000008  RWIX
  CPU_TIMER1            00000c08   00000008  00000000  00000008  RWIX
  CPU_TIMER2            00000c10   00000008  00000000  00000008  RWIX
  PIE_CTRL              00000ce0   00000020  00000000  00000020  RWIX
  PIE_VECT              00000d00   00000100  00000000  00000100  RWIX
  COMP1                 00006400   00000020  00000000  00000020  RWIX
  COMP2                 00006420   00000020  00000000  00000020  RWIX
  EPWM1                 00006800   00000040  00000000  00000040  RWIX
  EPWM2                 00006840   00000040  00000000  00000040  RWIX
  EPWM3                 00006880   00000040  00000000  00000040  RWIX
  EPWM4                 000068c0   00000040  00000000  00000040  RWIX
  ECAP1                 00006a00   00000020  00000000  00000020  RWIX
  GPIOCTRL              00006f80   00000040  00000000  00000040  RWIX
  GPIODAT               00006fc0   00000020  00000000  00000020  RWIX
  GPIOINT               00006fe0   00000020  00000000  00000020  RWIX
  SYSTEM                00007010   00000020  00000000  00000020  RWIX
  SPIA                  00007040   00000010  00000000  00000010  RWIX
  SCIA                  00007050   00000010  00000000  00000010  RWIX
  NMIINTRUPT            00007060   00000010  00000000  00000010  RWIX
  XINTRUPT              00007070   00000010  00000000  00000010  RWIX
  ADC                   00007100   00000080  00000000  00000080  RWIX
  I2CA                  00007900   00000040  00000000  00000040  RWIX
  RAML0                 00008000   00000400  00000238  000001c8  RWIX
  PARTID                003d7fff   00000001  00000000  00000001  RWIX
  CSM_PWL               003f7ff8   00000008  00000000  00000008  RWIX


SECTION ALLOCATION MAP

 output                                  attributes/
section   page    origin      length       input sections
--------  ----  ----------  ----------   ----------------
.pinit     0    003f7000    00000000     UNINITIALIZED

.econst.1 
*          0    003f6000    00000100     
                  003f6000    00000100     driverlib.lib : pie.obj (.econst:_PIE_tableDebugInit)

.cinit     0    003f6100    0000003e     
                  003f6100    00000018     main.obj (.cinit)
                  003f6118    00000010     nokia5110.obj (.cinit)
                  003f6128    0000000a     rts2800_ml.lib : _lock.obj (.cinit)
                  003f6132    0000000a                    : exit.obj (.cinit)
                  003f613c    00000002     --HOLE-- [fill = 0]

ramfuncs   0    003f7000    00000020     RUN ADDR = 00000050
                  003f7000    0000000c     driverlib.lib : flash.obj (ramfuncs:_FLASH_setup)
                  003f700c    00000006                   : flash.obj (ramfuncs:_FLASH_enablePipelineMode)
                  003f7012    00000005                   : flash.obj (ramfuncs:_FLASH_setActiveWaitCount)
                  003f7017    00000005                   : flash.obj (ramfuncs:_FLASH_setStandbyWaitCount)
                  003f701c    00000004                   : F2802x_asmfuncs.obj (ramfuncs)

.text      0    003f7020    00000b77     
                  003f7020    000000f4     main.obj (.text:_main)
                  003f7114    000000ca     main.obj (.text:_gpio_init)
                  003f71de    000000ac     main.obj (.text:_adc_Isr)
                  003f728a    000000aa     main.obj (.text:_adc_init)
                  003f7334    00000088     main.obj (.text:_spi_init)
                  003f73bc    00000083     rts2800_ml.lib : fs_div.obj (.text)
                  003f743f    00000061     nokia5110.obj (.text:_writeChar)
                  003f74a0    0000005a     rts2800_ml.lib : fs_mpy.obj (.text)
                  003f74fa    00000049     driverlib.lib : gpio.obj (.text:_GPIO_setMode)
                  003f7543    00000044     rts2800_ml.lib : boot.obj (.text)
                  003f7587    0000003e     nokia5110.obj (.text:_nokiaInit)
                  003f75c5    0000003b     nokia5110.obj (.text:_setPixel)
                  003f7600    00000037     main.obj (.text:_itoa)
                  003f7637    00000034     driverlib.lib : gpio.obj (.text:_GPIO_setDirection)
                  003f766b    00000034                   : gpio.obj (.text:_GPIO_setPullUp)
                  003f769f    0000002b                   : gpio.obj (.text:_GPIO_setQualification)
                  003f76ca    00000029     nokia5110.obj (.text:_clear)
                  003f76f3    00000025     rts2800_ml.lib : fs_toi.obj (.text)
                  003f7718    00000024     driverlib.lib : adc.obj (.text:_ADC_setIntMode)
                  003f773c    00000024                   : adc.obj (.text:_ADC_setIntSrc)
                  003f7760    00000022     rts2800_ml.lib : i_div.obj (.text)
                  003f7782    00000021                    : memcpy_ff.obj (.text)
                  003f77a3    0000001f     main.obj (.text:_spiRxFifoIsr)
                  003f77c2    0000001c     driverlib.lib : adc.obj (.text:_ADC_setSocChanNumber)
                  003f77de    0000001c                   : adc.obj (.text:_ADC_setSocSampleWindow)
                  003f77fa    0000001c                   : adc.obj (.text:_ADC_setSocTrigSrc)
                  003f7816    0000001a     nokia5110.obj (.text:_gotoXY)
                  003f7830    0000001a     rts2800_ml.lib : i_tofs.obj (.text)
                  003f784a    00000019                    : args_main.obj (.text)
                  003f7863    00000019                    : exit.obj (.text)
                  003f787c    00000018     driverlib.lib : adc.obj (.text:_ADC_enableInt)
                  003f7894    00000017     nokia5110.obj (.text:_writeCommand)
                  003f78ab    00000017     nokia5110.obj (.text:_writeData)
                  003f78c2    00000015     driverlib.lib : pll.obj (.text:_PLL_setup)
                  003f78d7    00000013                   : gpio.obj (.text:_GPIO_setHigh)
                  003f78ea    00000013                   : gpio.obj (.text:_GPIO_setLow)
                  003f78fd    00000013                   : gpio.obj (.text:_GPIO_toggle)
                  003f7910    00000012                   : adc.obj (.text:_ADC_setIntPulseGenMode)
                  003f7922    00000012                   : adc.obj (.text:_ADC_setVoltRefSrc)
                  003f7934    00000012                   : pie.obj (.text:_PIE_enableAdcInt)
                  003f7946    00000012                   : F2802x_asmfuncs.obj (.text)
                  003f7958    00000011                   : pie.obj (.text:_PIE_setDebugIntVectorTable)
                  003f7969    0000000f                   : pie.obj (.text:_PIE_disableAllInts)
                  003f7978    0000000f                   : pie.obj (.text:_PIE_registerPieIntHandler)
                  003f7987    0000000c     nokia5110.obj (.text:_writeString)
                  003f7993    0000000b     driverlib.lib : adc.obj (.text:_ADC_enable)
                  003f799e    0000000b                   : adc.obj (.text:_ADC_enableBandGap)
                  003f79a9    0000000b                   : adc.obj (.text:_ADC_enableRefBuffers)
                  003f79b4    0000000b                   : adc.obj (.text:_ADC_enableTempSensor)
                  003f79bf    0000000b                   : adc.obj (.text:_ADC_powerUp)
                  003f79ca    0000000b                   : adc.obj (.text:_ADC_reset)
                  003f79d5    0000000b     main.obj (.text:_adc_cToF)
                  003f79e0    0000000b     rts2800_ml.lib : u_div.obj (.text)
                  003f79eb    0000000a     driverlib.lib : pie.obj (.text:_PIE_enableInt)
                  003f79f5    00000009     rts2800_ml.lib : _lock.obj (.text)
                  003f79fe    00000008     driverlib.lib : adc.obj (.text:_ADC_init)
                  003f7a06    00000008                   : pie.obj (.text:_PIE_init)
                  003f7a0e    00000008                   : wdog.obj (.text:_WDOG_disable)
                  003f7a16    00000007                   : clk.obj (.text:_CLK_enableAdcClock)
                  003f7a1d    00000007                   : clk.obj (.text:_CLK_enableSpiaClock)
                  003f7a24    00000007                   : clk.obj (.text:_CLK_init)
                  003f7a2b    00000007                   : clk.obj (.text:_CLK_setOscSrc)
                  003f7a32    00000007                   : flash.obj (.text:_FLASH_init)
                  003f7a39    00000007                   : gpio.obj (.text:_GPIO_init)
                  003f7a40    00000007                   : pll.obj (.text:_PLL_init)
                  003f7a47    00000007                   : pll.obj (.text:_PLL_setDivider)
                  003f7a4e    00000007                   : spi.obj (.text:_SPI_init)
                  003f7a55    00000007                   : spi.obj (.text:_SPI_setPriority)
                  003f7a5c    00000007                   : wdog.obj (.text:_WDOG_init)
                  003f7a63    00000006                   : pll.obj (.text:_PLL_setMultiplier)
                  003f7a69    00000005                   : F2802x_DefaultIsr.obj (.text:_ADCINT1_ISR)
                  003f7a6e    00000005                   : F2802x_DefaultIsr.obj (.text:_ADCINT2_ISR)
                  003f7a73    00000005                   : F2802x_DefaultIsr.obj (.text:_ADCINT3_ISR)
                  003f7a78    00000005                   : F2802x_DefaultIsr.obj (.text:_ADCINT4_ISR)
                  003f7a7d    00000005                   : F2802x_DefaultIsr.obj (.text:_ADCINT5_ISR)
                  003f7a82    00000005                   : F2802x_DefaultIsr.obj (.text:_ADCINT6_ISR)
                  003f7a87    00000005                   : F2802x_DefaultIsr.obj (.text:_ADCINT7_ISR)
                  003f7a8c    00000005                   : F2802x_DefaultIsr.obj (.text:_ADCINT8_ISR)
                  003f7a91    00000005                   : F2802x_DefaultIsr.obj (.text:_ADCINT9_ISR)
                  003f7a96    00000005                   : F2802x_DefaultIsr.obj (.text:_DATALOG_ISR)
                  003f7a9b    00000005                   : F2802x_DefaultIsr.obj (.text:_ECAP1_INT_ISR)
                  003f7aa0    00000005                   : F2802x_DefaultIsr.obj (.text:_EMUINT_ISR)
                  003f7aa5    00000005                   : F2802x_DefaultIsr.obj (.text:_EPWM1_INT_ISR)
                  003f7aaa    00000005                   : F2802x_DefaultIsr.obj (.text:_EPWM1_TZINT_ISR)
                  003f7aaf    00000005                   : F2802x_DefaultIsr.obj (.text:_EPWM2_INT_ISR)
                  003f7ab4    00000005                   : F2802x_DefaultIsr.obj (.text:_EPWM2_TZINT_ISR)
                  003f7ab9    00000005                   : F2802x_DefaultIsr.obj (.text:_EPWM3_INT_ISR)
                  003f7abe    00000005                   : F2802x_DefaultIsr.obj (.text:_EPWM3_TZINT_ISR)
                  003f7ac3    00000005                   : F2802x_DefaultIsr.obj (.text:_I2CINT1A_ISR)
                  003f7ac8    00000005                   : F2802x_DefaultIsr.obj (.text:_I2CINT2A_ISR)
                  003f7acd    00000005                   : F2802x_DefaultIsr.obj (.text:_ILLEGAL_ISR)
                  003f7ad2    00000005                   : F2802x_DefaultIsr.obj (.text:_INT13_ISR)
                  003f7ad7    00000005                   : F2802x_DefaultIsr.obj (.text:_INT14_ISR)
                  003f7adc    00000005                   : F2802x_DefaultIsr.obj (.text:_NMI_ISR)
                  003f7ae1    00000005                   : F2802x_DefaultIsr.obj (.text:_PIE_RESERVED)
                  003f7ae6    00000005                   : F2802x_DefaultIsr.obj (.text:_RTOSINT_ISR)
                  003f7aeb    00000005                   : F2802x_DefaultIsr.obj (.text:_SCIRXINTA_ISR)
                  003f7af0    00000005                   : F2802x_DefaultIsr.obj (.text:_SCITXINTA_ISR)
                  003f7af5    00000005                   : F2802x_DefaultIsr.obj (.text:_SPIRXINTA_ISR)
                  003f7afa    00000005                   : F2802x_DefaultIsr.obj (.text:_SPITXINTA_ISR)
                  003f7aff    00000005                   : F2802x_DefaultIsr.obj (.text:_TINT0_ISR)
                  003f7b04    00000005                   : F2802x_DefaultIsr.obj (.text:_USER10_ISR)
                  003f7b09    00000005                   : F2802x_DefaultIsr.obj (.text:_USER11_ISR)
                  003f7b0e    00000005                   : F2802x_DefaultIsr.obj (.text:_USER12_ISR)
                  003f7b13    00000005                   : F2802x_DefaultIsr.obj (.text:_USER1_ISR)
                  003f7b18    00000005                   : F2802x_DefaultIsr.obj (.text:_USER2_ISR)
                  003f7b1d    00000005                   : F2802x_DefaultIsr.obj (.text:_USER3_ISR)
                  003f7b22    00000005                   : F2802x_DefaultIsr.obj (.text:_USER4_ISR)
                  003f7b27    00000005                   : F2802x_DefaultIsr.obj (.text:_USER5_ISR)
                  003f7b2c    00000005                   : F2802x_DefaultIsr.obj (.text:_USER6_ISR)
                  003f7b31    00000005                   : F2802x_DefaultIsr.obj (.text:_USER7_ISR)
                  003f7b36    00000005                   : F2802x_DefaultIsr.obj (.text:_USER8_ISR)
                  003f7b3b    00000005                   : F2802x_DefaultIsr.obj (.text:_USER9_ISR)
                  003f7b40    00000005                   : F2802x_DefaultIsr.obj (.text:_WAKEINT_ISR)
                  003f7b45    00000005                   : F2802x_DefaultIsr.obj (.text:_XINT1_ISR)
                  003f7b4a    00000005                   : F2802x_DefaultIsr.obj (.text:_XINT2_ISR)
                  003f7b4f    00000005                   : F2802x_DefaultIsr.obj (.text:_XINT3_ISR)
                  003f7b54    00000005                   : F2802x_DefaultIsr.obj (.text:_rsvd_ISR)
                  003f7b59    00000004                   : cpu.obj (.text:_CPU_enableInt)
                  003f7b5d    00000004                   : cpu.obj (.text:_CPU_init)
                  003f7b61    00000004                   : spi.obj (.text:_SPI_enableChannels)
                  003f7b65    00000004                   : spi.obj (.text:_SPI_setCharLength)
                  003f7b69    00000004                   : spi.obj (.text:_SPI_setClkPolarity)
                  003f7b6d    00000003                   : cpu.obj (.text:_CPU_clearIntFlags)
                  003f7b70    00000003                   : cpu.obj (.text:_CPU_disableGlobalInts)
                  003f7b73    00000003                   : cpu.obj (.text:_CPU_enableDebugInt)
                  003f7b76    00000003                   : cpu.obj (.text:_CPU_enableGlobalInts)
                  003f7b79    00000003                   : pie.obj (.text:_PIE_disable)
                  003f7b7c    00000003                   : pie.obj (.text:_PIE_enable)
                  003f7b7f    00000003                   : pll.obj (.text:_PLL_getClkStatus)
                  003f7b82    00000003                   : pll.obj (.text:_PLL_getLockStatus)
                  003f7b85    00000003                   : spi.obj (.text:_SPI_enable)
                  003f7b88    00000003                   : spi.obj (.text:_SPI_enableInt)
                  003f7b8b    00000003                   : spi.obj (.text:_SPI_enableTx)
                  003f7b8e    00000003                   : spi.obj (.text:_SPI_reset)
                  003f7b91    00000002                   : spi.obj (.text:_SPI_setBaudRate)
                  003f7b93    00000002                   : spi.obj (.text:_SPI_setClkPhase)
                  003f7b95    00000002                   : spi.obj (.text:_SPI_setMode)

.econst.2 
*          0    003f7b98    000003b2     
                  003f7b98    00000380     nokia5110.obj (.econst:_font8x8)
                  003f7f18    00000032     main.obj (.econst:.string)

csm_rsvd   0    003f7f80    00000076     
                  003f7f80    00000076     driverlib.lib : F2802x_asmfuncs.obj (csm_rsvd)

codestart 
*          0    003f7ff6    00000002     
                  003f7ff6    00000002     driverlib.lib : F2802x_asmfuncs.obj (codestart)

csmpasswds 
*          0    003f7ff8    00000008     
                  003f7ff8    00000008     driverlib.lib : F2802x_asmfuncs.obj (csmpasswds)

.reset     0    003fffc0    00000002     DSECT
                  003fffc0    00000002     rts2800_ml.lib : boot.obj (.reset)

vectors    0    003fffc2    00000000     DSECT

.stack     1    00000400    00000300     UNINITIALIZED
                  00000400    00000300     --HOLE--

.ebss.1    1    00000700    0000002e     UNINITIALIZED
                  00000700    00000025     main.obj (.ebss)
                  00000725    00000001     driverlib.lib : cpu.obj (.ebss)
                  00000726    00000004     rts2800_ml.lib : _lock.obj (.ebss)
                  0000072a    00000004                    : exit.obj (.ebss)

.ebss.2    1    00008000    00000238     UNINITIALIZED
                  00008000    00000238     nokia5110.obj (.ebss)


GLOBAL DATA SYMBOLS: SORTED BY DATA PAGE

address     data page           name
--------    ----------------    ----
00000400      10 (00000400)     __stack

00000700      1c (00000700)     _y2EndPoint
00000701      1c (00000700)     _ADC3
00000702      1c (00000700)     _yLine
00000703      1c (00000700)     _degF
00000704      1c (00000700)     _x2EndPoint
00000705      1c (00000700)     _ADC1
00000706      1c (00000700)     _degC
00000707      1c (00000700)     _volts
00000708      1c (00000700)     _mySpi
0000070a      1c (00000700)     _myPie
0000070c      1c (00000700)     _myPll
0000070e      1c (00000700)     _myCpu
00000710      1c (00000700)     _myClk
00000712      1c (00000700)     _myAdc
00000714      1c (00000700)     _myGpio
00000716      1c (00000700)     _myFlash
00000718      1c (00000700)     _myWDog
0000071a      1c (00000700)     _tempAsString
0000071d      1c (00000700)     _adcAsString
00000721      1c (00000700)     _voltsToSend
00000725      1c (00000700)     _cpu
00000726      1c (00000700)     __unlock
00000728      1c (00000700)     __lock
0000072a      1c (00000700)     ___TI_cleanup_ptr
0000072c      1c (00000700)     ___TI_dtors_ptr

003f6000    fd80 (003f6000)     _PIE_tableDebugInit


GLOBAL SYMBOLS: SORTED ALPHABETICALLY BY Name 

address    name
--------   ----
ffffffff   .text
003f7863   C$$EXIT
003f73bc   FS$$DIV
003f74a0   FS$$MPY
003f76f3   FS$$TOI
003f7760   I$$DIV
003f7771   I$$MOD
003f7830   I$$TOFS
003f79e0   U$$DIV
003f79e5   U$$MOD
00000705   _ADC1
00000701   _ADC3
003f7a69   _ADCINT1_ISR
003f7a6e   _ADCINT2_ISR
003f7a73   _ADCINT3_ISR
003f7a78   _ADCINT4_ISR
003f7a7d   _ADCINT5_ISR
003f7a82   _ADCINT6_ISR
003f7a87   _ADCINT7_ISR
003f7a8c   _ADCINT8_ISR
003f7a91   _ADCINT9_ISR
003f7993   _ADC_enable
003f799e   _ADC_enableBandGap
003f787c   _ADC_enableInt
003f79a9   _ADC_enableRefBuffers
003f79b4   _ADC_enableTempSensor
003f79fe   _ADC_init
003f79bf   _ADC_powerUp
003f79ca   _ADC_reset
003f7718   _ADC_setIntMode
003f7910   _ADC_setIntPulseGenMode
003f773c   _ADC_setIntSrc
003f77c2   _ADC_setSocChanNumber
003f77de   _ADC_setSocSampleWindow
003f77fa   _ADC_setSocTrigSrc
003f7922   _ADC_setVoltRefSrc
003f7a16   _CLK_enableAdcClock
003f7a1d   _CLK_enableSpiaClock
003f7a24   _CLK_init
003f7a2b   _CLK_setOscSrc
003f7b6d   _CPU_clearIntFlags
003f7b70   _CPU_disableGlobalInts
003f7b73   _CPU_enableDebugInt
003f7b76   _CPU_enableGlobalInts
003f7b59   _CPU_enableInt
003f7b5d   _CPU_init
003f7a96   _DATALOG_ISR
003f7951   _DSP28x_DisableInt
003f7955   _DSP28x_RestoreInt
0000006c   _DSP28x_usDelay
003f7a9b   _ECAP1_INT_ISR
003f7aa0   _EMUINT_ISR
003f7aa5   _EPWM1_INT_ISR
003f7aaa   _EPWM1_TZINT_ISR
003f7aaf   _EPWM2_INT_ISR
003f7ab4   _EPWM2_TZINT_ISR
003f7ab9   _EPWM3_INT_ISR
003f7abe   _EPWM3_TZINT_ISR
0000005c   _FLASH_enablePipelineMode
003f7a32   _FLASH_init
00000062   _FLASH_setActiveWaitCount
00000067   _FLASH_setStandbyWaitCount
00000050   _FLASH_setup
003f7a39   _GPIO_init
003f7637   _GPIO_setDirection
003f78d7   _GPIO_setHigh
003f78ea   _GPIO_setLow
003f74fa   _GPIO_setMode
003f766b   _GPIO_setPullUp
003f769f   _GPIO_setQualification
003f78fd   _GPIO_toggle
003f7ac3   _I2CINT1A_ISR
003f7ac8   _I2CINT2A_ISR
003f7acd   _ILLEGAL_ISR
003f7ad2   _INT13_ISR
003f7ad7   _INT14_ISR
003f7adc   _NMI_ISR
003f7ae1   _PIE_RESERVED
003f7b79   _PIE_disable
003f7969   _PIE_disableAllInts
003f7b7c   _PIE_enable
003f7934   _PIE_enableAdcInt
003f79eb   _PIE_enableInt
003f7a06   _PIE_init
003f7978   _PIE_registerPieIntHandler
003f7958   _PIE_setDebugIntVectorTable
003f6000   _PIE_tableDebugInit
003f7b7f   _PLL_getClkStatus
003f7b82   _PLL_getLockStatus
003f7a40   _PLL_init
003f7a47   _PLL_setDivider
003f7a63   _PLL_setMultiplier
003f78c2   _PLL_setup
003f7ae6   _RTOSINT_ISR
00000020   _RamfuncsLoadSize
003f7000   _RamfuncsLoadStart
00000050   _RamfuncsRunStart
003f7aeb   _SCIRXINTA_ISR
003f7af0   _SCITXINTA_ISR
003f7af5   _SPIRXINTA_ISR
003f7afa   _SPITXINTA_ISR
003f7b85   _SPI_enable
003f7b61   _SPI_enableChannels
003f7b88   _SPI_enableInt
003f7b8b   _SPI_enableTx
003f7a4e   _SPI_init
003f7b8e   _SPI_reset
003f7b91   _SPI_setBaudRate
003f7b65   _SPI_setCharLength
003f7b93   _SPI_setClkPhase
003f7b69   _SPI_setClkPolarity
003f7b95   _SPI_setMode
003f7a55   _SPI_setPriority
003f7aff   _TINT0_ISR
003f7b04   _USER10_ISR
003f7b09   _USER11_ISR
003f7b0e   _USER12_ISR
003f7b13   _USER1_ISR
003f7b18   _USER2_ISR
003f7b1d   _USER3_ISR
003f7b22   _USER4_ISR
003f7b27   _USER5_ISR
003f7b2c   _USER6_ISR
003f7b31   _USER7_ISR
003f7b36   _USER8_ISR
003f7b3b   _USER9_ISR
003f7b40   _WAKEINT_ISR
003f7a0e   _WDOG_disable
003f7a5c   _WDOG_init
003f7b45   _XINT1_ISR
003f7b4a   _XINT2_ISR
003f7b4f   _XINT3_ISR
00000700   __STACK_END
00000300   __STACK_SIZE
00000001   __TI_args_main
0000072a   ___TI_cleanup_ptr
0000072c   ___TI_dtors_ptr
ffffffff   ___binit__
ffffffff   ___c_args__
003f6100   ___cinit__
ffffffff   ___etext__
003f7782   ___memcpy_ff
ffffffff   ___pinit__
ffffffff   ___text__
003f784a   __args_main
00000728   __lock
003f79fd   __nop
003f79f9   __register_lock
003f79f5   __register_unlock
00000400   __stack
00000726   __unlock
003f7863   _abort
0000071d   _adcAsString
003f71de   _adc_Isr
003f79d5   _adc_cToF
003f728a   _adc_init
003f7543   _c_int00
003f76ca   _clear
00000725   _cpu
00000706   _degC
00000703   _degF
003f7865   _exit
003f7816   _gotoXY
003f7114   _gpio_init
003f7600   _itoa
003f7020   _main
00000712   _myAdc
00000710   _myClk
0000070e   _myCpu
00000716   _myFlash
00000714   _myGpio
0000070a   _myPie
0000070c   _myPll
00000708   _mySpi
00000718   _myWDog
003f7587   _nokiaInit
003f7b54   _rsvd_ISR
003f794e   _setDBGIER
003f75c5   _setPixel
003f77a3   _spiRxFifoIsr
003f7334   _spi_init
0000071a   _tempAsString
00000707   _volts
00000721   _voltsToSend
003f743f   _writeChar
003f7894   _writeCommand
003f78ab   _writeData
003f7987   _writeString
00000704   _x2EndPoint
00000700   _y2EndPoint
00000702   _yLine
ffffffff   binit
003f6100   cinit
003f7ff6   code_start
ffffffff   etext
ffffffff   pinit


GLOBAL SYMBOLS: SORTED BY Symbol Address 

address    name
--------   ----
00000001   __TI_args_main
00000020   _RamfuncsLoadSize
00000050   _FLASH_setup
00000050   _RamfuncsRunStart
0000005c   _FLASH_enablePipelineMode
00000062   _FLASH_setActiveWaitCount
00000067   _FLASH_setStandbyWaitCount
0000006c   _DSP28x_usDelay
00000300   __STACK_SIZE
00000400   __stack
00000700   __STACK_END
00000700   _y2EndPoint
00000701   _ADC3
00000702   _yLine
00000703   _degF
00000704   _x2EndPoint
00000705   _ADC1
00000706   _degC
00000707   _volts
00000708   _mySpi
0000070a   _myPie
0000070c   _myPll
0000070e   _myCpu
00000710   _myClk
00000712   _myAdc
00000714   _myGpio
00000716   _myFlash
00000718   _myWDog
0000071a   _tempAsString
0000071d   _adcAsString
00000721   _voltsToSend
00000725   _cpu
00000726   __unlock
00000728   __lock
0000072a   ___TI_cleanup_ptr
0000072c   ___TI_dtors_ptr
003f6000   _PIE_tableDebugInit
003f6100   ___cinit__
003f6100   cinit
003f7000   _RamfuncsLoadStart
003f7020   _main
003f7114   _gpio_init
003f71de   _adc_Isr
003f728a   _adc_init
003f7334   _spi_init
003f73bc   FS$$DIV
003f743f   _writeChar
003f74a0   FS$$MPY
003f74fa   _GPIO_setMode
003f7543   _c_int00
003f7587   _nokiaInit
003f75c5   _setPixel
003f7600   _itoa
003f7637   _GPIO_setDirection
003f766b   _GPIO_setPullUp
003f769f   _GPIO_setQualification
003f76ca   _clear
003f76f3   FS$$TOI
003f7718   _ADC_setIntMode
003f773c   _ADC_setIntSrc
003f7760   I$$DIV
003f7771   I$$MOD
003f7782   ___memcpy_ff
003f77a3   _spiRxFifoIsr
003f77c2   _ADC_setSocChanNumber
003f77de   _ADC_setSocSampleWindow
003f77fa   _ADC_setSocTrigSrc
003f7816   _gotoXY
003f7830   I$$TOFS
003f784a   __args_main
003f7863   C$$EXIT
003f7863   _abort
003f7865   _exit
003f787c   _ADC_enableInt
003f7894   _writeCommand
003f78ab   _writeData
003f78c2   _PLL_setup
003f78d7   _GPIO_setHigh
003f78ea   _GPIO_setLow
003f78fd   _GPIO_toggle
003f7910   _ADC_setIntPulseGenMode
003f7922   _ADC_setVoltRefSrc
003f7934   _PIE_enableAdcInt
003f794e   _setDBGIER
003f7951   _DSP28x_DisableInt
003f7955   _DSP28x_RestoreInt
003f7958   _PIE_setDebugIntVectorTable
003f7969   _PIE_disableAllInts
003f7978   _PIE_registerPieIntHandler
003f7987   _writeString
003f7993   _ADC_enable
003f799e   _ADC_enableBandGap
003f79a9   _ADC_enableRefBuffers
003f79b4   _ADC_enableTempSensor
003f79bf   _ADC_powerUp
003f79ca   _ADC_reset
003f79d5   _adc_cToF
003f79e0   U$$DIV
003f79e5   U$$MOD
003f79eb   _PIE_enableInt
003f79f5   __register_unlock
003f79f9   __register_lock
003f79fd   __nop
003f79fe   _ADC_init
003f7a06   _PIE_init
003f7a0e   _WDOG_disable
003f7a16   _CLK_enableAdcClock
003f7a1d   _CLK_enableSpiaClock
003f7a24   _CLK_init
003f7a2b   _CLK_setOscSrc
003f7a32   _FLASH_init
003f7a39   _GPIO_init
003f7a40   _PLL_init
003f7a47   _PLL_setDivider
003f7a4e   _SPI_init
003f7a55   _SPI_setPriority
003f7a5c   _WDOG_init
003f7a63   _PLL_setMultiplier
003f7a69   _ADCINT1_ISR
003f7a6e   _ADCINT2_ISR
003f7a73   _ADCINT3_ISR
003f7a78   _ADCINT4_ISR
003f7a7d   _ADCINT5_ISR
003f7a82   _ADCINT6_ISR
003f7a87   _ADCINT7_ISR
003f7a8c   _ADCINT8_ISR
003f7a91   _ADCINT9_ISR
003f7a96   _DATALOG_ISR
003f7a9b   _ECAP1_INT_ISR
003f7aa0   _EMUINT_ISR
003f7aa5   _EPWM1_INT_ISR
003f7aaa   _EPWM1_TZINT_ISR
003f7aaf   _EPWM2_INT_ISR
003f7ab4   _EPWM2_TZINT_ISR
003f7ab9   _EPWM3_INT_ISR
003f7abe   _EPWM3_TZINT_ISR
003f7ac3   _I2CINT1A_ISR
003f7ac8   _I2CINT2A_ISR
003f7acd   _ILLEGAL_ISR
003f7ad2   _INT13_ISR
003f7ad7   _INT14_ISR
003f7adc   _NMI_ISR
003f7ae1   _PIE_RESERVED
003f7ae6   _RTOSINT_ISR
003f7aeb   _SCIRXINTA_ISR
003f7af0   _SCITXINTA_ISR
003f7af5   _SPIRXINTA_ISR
003f7afa   _SPITXINTA_ISR
003f7aff   _TINT0_ISR
003f7b04   _USER10_ISR
003f7b09   _USER11_ISR
003f7b0e   _USER12_ISR
003f7b13   _USER1_ISR
003f7b18   _USER2_ISR
003f7b1d   _USER3_ISR
003f7b22   _USER4_ISR
003f7b27   _USER5_ISR
003f7b2c   _USER6_ISR
003f7b31   _USER7_ISR
003f7b36   _USER8_ISR
003f7b3b   _USER9_ISR
003f7b40   _WAKEINT_ISR
003f7b45   _XINT1_ISR
003f7b4a   _XINT2_ISR
003f7b4f   _XINT3_ISR
003f7b54   _rsvd_ISR
003f7b59   _CPU_enableInt
003f7b5d   _CPU_init
003f7b61   _SPI_enableChannels
003f7b65   _SPI_setCharLength
003f7b69   _SPI_setClkPolarity
003f7b6d   _CPU_clearIntFlags
003f7b70   _CPU_disableGlobalInts
003f7b73   _CPU_enableDebugInt
003f7b76   _CPU_enableGlobalInts
003f7b79   _PIE_disable
003f7b7c   _PIE_enable
003f7b7f   _PLL_getClkStatus
003f7b82   _PLL_getLockStatus
003f7b85   _SPI_enable
003f7b88   _SPI_enableInt
003f7b8b   _SPI_enableTx
003f7b8e   _SPI_reset
003f7b91   _SPI_setBaudRate
003f7b93   _SPI_setClkPhase
003f7b95   _SPI_setMode
003f7ff6   code_start
ffffffff   .text
ffffffff   ___binit__
ffffffff   ___c_args__
ffffffff   ___etext__
ffffffff   ___pinit__
ffffffff   ___text__
ffffffff   binit
ffffffff   etext
ffffffff   pinit

[196 symbols]
