******************************************************************************
             TMS320C2000 Linker PC v6.4.3                      
******************************************************************************
>> Linked Sat Apr 04 16:34:03 2015

OUTPUT FILE NAME:   <C2000_Biner.out>
ENTRY POINT SYMBOL: "_c_int00"  address: 003f7a1a


MEMORY CONFIGURATION

         name            origin    length      used     unused   attr    fill
----------------------  --------  ---------  --------  --------  ----  --------
PAGE 0:
  RAMM0                 00000050   000003b0  00000020  00000390  RWIX
  OTP                   003d7800   00000400  00000000  00000400  RWIX
  FLASHB                003f6000   00001000  00000728  000008d8  RWIX
  FLASHA                003f7000   00000f80  00000f80  00000000  RWIX
  CSM_RSVD              003f7f80   00000076  00000000  00000076  RWIX
  BEGIN                 003f7ff6   00000002  00000002  00000000  RWIX
  CSM_PWL_P0            003f7ff8   00000008  00000000  00000008  RWIX
  IQTABLES              003fe000   00000b50  00000000  00000b50  RWIX
  IQTABLES2             003feb50   0000008c  00000000  0000008c  RWIX
  IQTABLES3             003febdc   000000aa  00000000  000000aa  RWIX
  ROM                   003ff27c   00000d44  00000000  00000d44  RWIX
  RESET                 003fffc0   00000002  00000000  00000002  RWIX
  VECTORS               003fffc2   0000003e  00000000  0000003e  RWIX

PAGE 1:
  BOOT_RSVD             00000000   00000050  00000000  00000050  RWIX
  RAMM1                 00000400   00000400  00000357  000000a9  RWIX
  DEV_EMU               00000880   00000105  00000004  00000101  RWIX
  SYS_PWR_CTL           00000985   00000003  00000003  00000000  RWIX
  FLASH_REGS            00000a80   00000060  00000008  00000058  RWIX
  CSM                   00000ae0   00000010  00000010  00000000  RWIX
  ADC_RESULT            00000b00   00000020  00000020  00000000  RWIX
  CPU_TIMER0            00000c00   00000008  00000008  00000000  RWIX
  CPU_TIMER1            00000c08   00000008  00000008  00000000  RWIX
  CPU_TIMER2            00000c10   00000008  00000008  00000000  RWIX
  PIE_CTRL              00000ce0   00000020  0000001a  00000006  RWIX
  PIE_VECT              00000d00   00000100  00000100  00000000  RWIX
  COMP1                 00006400   00000020  00000011  0000000f  RWIX
  COMP2                 00006420   00000020  00000011  0000000f  RWIX
  EPWM1                 00006800   00000040  00000040  00000000  RWIX
  EPWM2                 00006840   00000040  00000040  00000000  RWIX
  EPWM3                 00006880   00000040  00000040  00000000  RWIX
  EPWM4                 000068c0   00000040  00000040  00000000  RWIX
  ECAP1                 00006a00   00000020  00000020  00000000  RWIX
  GPIOCTRL              00006f80   00000040  00000040  00000000  RWIX
  GPIODAT               00006fc0   00000020  00000020  00000000  RWIX
  GPIOINT               00006fe0   00000020  0000000a  00000016  RWIX
  SYSTEM                00007010   00000020  0000001f  00000001  RWIX
  SPIA                  00007040   00000010  00000010  00000000  RWIX
  SCIA                  00007050   00000010  00000010  00000000  RWIX
  NMIINTRUPT            00007060   00000010  00000010  00000000  RWIX
  XINTRUPT              00007070   00000010  00000010  00000000  RWIX
  ADC                   00007100   00000080  00000051  0000002f  RWIX
  I2CA                  00007900   00000040  00000022  0000001e  RWIX
  RAML0                 00008000   00000400  00000238  000001c8  RWIX
  PARTID                003d7fff   00000001  00000001  00000000  RWIX
  CSM_PWL               003f7ff8   00000008  00000008  00000000  RWIX


SECTION ALLOCATION MAP

 output                                  attributes/
section   page    origin      length       input sections
--------  ----  ----------  ----------   ----------------
.text.1    0    003f6000    000002bb     
                  003f6000    00000012     driverlib.lib : adc.obj (.text:_ADC_setVoltRefSrc)
                  003f6012    00000012                   : pie.obj (.text:_PIE_enableAdcInt)
                  003f6024    00000012                   : F2802xX_asmfuncs.obj (.text)
                  003f6036    00000011     nokia5110.obj (.text:_writeCommand)
                  003f6047    00000011     nokia5110.obj (.text:_writeData)
                  003f6058    00000010     main.obj (.text:_timer0_isr)
                  003f6068    00000010     rts2800_ml.lib : u_tofs.obj (.text)
                  003f6078    0000000f     driverlib.lib : pie.obj (.text:_PIE_registerPieIntHandler)
                  003f6087    0000000e     AIO.obj (.text:_AIO_init)
                  003f6095    0000000e     main.obj (.text:_spiRxFifoIsr)
                  003f60a3    0000000c     nokia5110.obj (.text:_writeString)
                  003f60af    0000000b     driverlib.lib : adc.obj (.text:_ADC_enable)
                  003f60ba    0000000b                   : adc.obj (.text:_ADC_enableBandGap)
                  003f60c5    0000000b                   : adc.obj (.text:_ADC_enableRefBuffers)
                  003f60d0    0000000b                   : adc.obj (.text:_ADC_powerUp)
                  003f60db    0000000b                   : adc.obj (.text:_ADC_reset)
                  003f60e6    0000000b                   : gpio.obj (.text:_GPIO_setExtInt)
                  003f60f1    0000000b                   : pie.obj (.text:_PIE_disableInt)
                  003f60fc    0000000b     rts2800_ml.lib : u_div.obj (.text)
                  003f6107    0000000a     driverlib.lib : pie.obj (.text:_PIE_enableInt)
                  003f6111    0000000a                   : sci.obj (.text:_SCI_resetChannels)
                  003f611b    0000000a                   : sci.obj (.text:_SCI_resetRxFifo)
                  003f6125    0000000a                   : sci.obj (.text:_SCI_resetTxFifo)
                  003f612f    00000009                   : clk.obj (.text:_CLK_enablePwmClock)
                  003f6138    00000009                   : clk.obj (.text:_CLK_enableSciaClock)
                  003f6141    00000009                   : pwm.obj (.text:_PWM_setActionQual_CntDown_CmpA_PwmA)
                  003f614a    00000009                   : pwm.obj (.text:_PWM_setActionQual_CntUp_CmpA_PwmA)
                  003f6153    00000009                   : sci.obj (.text:_SCI_putDataBlocking)
                  003f615c    00000009     rts2800_ml.lib : _lock.obj (.text)
                  003f6165    00000008     driverlib.lib : adc.obj (.text:_ADC_init)
                  003f616d    00000008                   : pie.obj (.text:_PIE_init)
                  003f6175    00000008                   : wdog.obj (.text:_WDOG_disable)
                  003f617d    00000007                   : clk.obj (.text:_CLK_disableAdcClock)
                  003f6184    00000007                   : clk.obj (.text:_CLK_disableTbClockSync)
                  003f618b    00000007                   : clk.obj (.text:_CLK_enableAdcClock)
                  003f6192    00000007                   : clk.obj (.text:_CLK_enableSpiaClock)
                  003f6199    00000007                   : clk.obj (.text:_CLK_enableTbClockSync)
                  003f61a0    00000007                   : clk.obj (.text:_CLK_init)
                  003f61a7    00000007                   : clk.obj (.text:_CLK_setOscSrc)
                  003f61ae    00000007                   : flash.obj (.text:_FLASH_init)
                  003f61b5    00000007                   : gpio.obj (.text:_GPIO_init)
                  003f61bc    00000007                   : pll.obj (.text:_PLL_init)
                  003f61c3    00000007                   : pll.obj (.text:_PLL_setDivider)
                  003f61ca    00000007                   : pwm.obj (.text:_PWM_init)
                  003f61d1    00000007                   : sci.obj (.text:_SCI_init)
                  003f61d8    00000007                   : sci.obj (.text:_SCI_setRxFifoIntLevel)
                  003f61df    00000007                   : sci.obj (.text:_SCI_setTxFifoIntLevel)
                  003f61e6    00000007                   : spi.obj (.text:_SPI_init)
                  003f61ed    00000007                   : spi.obj (.text:_SPI_reset)
                  003f61f4    00000007                   : spi.obj (.text:_SPI_setPriority)
                  003f61fb    00000007                   : timer.obj (.text:_TIMER_init)
                  003f6202    00000007                   : timer.obj (.text:_TIMER_setEmulationMode)
                  003f6209    00000007                   : wdog.obj (.text:_WDOG_init)
                  003f6210    00000006                   : pll.obj (.text:_PLL_setMultiplier)
                  003f6216    00000006                   : pwm.obj (.text:_PWM_setShadowMode_CmpA)
                  003f621c    00000006                   : sci.obj (.text:_SCI_setBaudRate)
                  003f6222    00000006     nokia5110.obj (.text:_clearSome)
                  003f6228    00000006     main.obj (.text:_scia_xmit)
                  003f622e    00000005     rts2800_ml.lib : fs_neg.obj (.text)
                  003f6233    00000004     driverlib.lib : cpu.obj (.text:_CPU_enableInt)
                  003f6237    00000004                   : cpu.obj (.text:_CPU_init)
                  003f623b    00000004                   : pwm.obj (.text:_PWM_setClkDiv)
                  003f623f    00000004                   : pwm.obj (.text:_PWM_setCounterMode)
                  003f6243    00000004                   : pwm.obj (.text:_PWM_setHighSpeedClkDiv)
                  003f6247    00000004                   : pwm.obj (.text:_PWM_setLoadMode_CmpA)
                  003f624b    00000004                   : sci.obj (.text:_SCI_clearRxFifoInt)
                  003f624f    00000004                   : sci.obj (.text:_SCI_clearTxFifoInt)
                  003f6253    00000004                   : sci.obj (.text:_SCI_enableFifoEnh)
                  003f6257    00000004                   : sci.obj (.text:_SCI_setCharLength)
                  003f625b    00000004                   : sci.obj (.text:_SCI_setNumStopBits)
                  003f625f    00000004                   : spi.obj (.text:_SPI_enableChannels)
                  003f6263    00000004                   : spi.obj (.text:_SPI_setCharLength)
                  003f6267    00000004                   : spi.obj (.text:_SPI_setClkPolarity)
                  003f626b    00000003                   : cpu.obj (.text:_CPU_clearIntFlags)
                  003f626e    00000003                   : cpu.obj (.text:_CPU_disableGlobalInts)
                  003f6271    00000003                   : cpu.obj (.text:_CPU_enableGlobalInts)
                  003f6274    00000003                   : pie.obj (.text:_PIE_enable)
                  003f6277    00000003                   : pie.obj (.text:_PIE_enableTimer0Int)
                  003f627a    00000003                   : pll.obj (.text:_PLL_getClkStatus)
                  003f627d    00000003                   : pll.obj (.text:_PLL_getLockStatus)
                  003f6280    00000003                   : pwm.obj (.text:_PWM_disableCounterLoad)
                  003f6283    00000003                   : sci.obj (.text:_SCI_disableParity)
                  003f6286    00000003                   : sci.obj (.text:_SCI_enable)
                  003f6289    00000003                   : sci.obj (.text:_SCI_enableRx)
                  003f628c    00000003                   : sci.obj (.text:_SCI_enableRxInt)
                  003f628f    00000003                   : sci.obj (.text:_SCI_enableTx)
                  003f6292    00000003                   : sci.obj (.text:_SCI_enableTxInt)
                  003f6295    00000003                   : sci.obj (.text:_SCI_setPriority)
                  003f6298    00000003                   : spi.obj (.text:_SPI_enable)
                  003f629b    00000003                   : spi.obj (.text:_SPI_enableInt)
                  003f629e    00000003                   : spi.obj (.text:_SPI_enableTx)
                  003f62a1    00000003                   : timer.obj (.text:_TIMER_enableInt)
                  003f62a4    00000003                   : timer.obj (.text:_TIMER_reload)
                  003f62a7    00000003                   : timer.obj (.text:_TIMER_start)
                  003f62aa    00000003                   : timer.obj (.text:_TIMER_stop)
                  003f62ad    00000002                   : pwm.obj (.text:_PWM_setCount)
                  003f62af    00000002                   : pwm.obj (.text:_PWM_setPeriod)
                  003f62b1    00000002                   : pwm.obj (.text:_PWM_setPhase)
                  003f62b3    00000002                   : spi.obj (.text:_SPI_setBaudRate)
                  003f62b5    00000002                   : spi.obj (.text:_SPI_setClkPhase)
                  003f62b7    00000002                   : spi.obj (.text:_SPI_setMode)
                  003f62b9    00000002                   : timer.obj (.text:_TIMER_setPeriod)

.econst    0    003f62bc    000003ea     
                  003f62bc    00000380     nokia5110.obj (.econst:_font8x8)
                  003f663c    0000005a     main.obj (.econst:.string)
                  003f6696    00000010     main.obj (.econst:_table)

.cinit     0    003f66a6    0000005d     
                  003f66a6    00000037     main.obj (.cinit)
                  003f66dd    00000010     nokia5110.obj (.cinit)
                  003f66ed    0000000a     rts2800_ml.lib : exit.obj (.cinit)
                  003f66f7    00000005                    : _lock.obj (.cinit:__lock)
                  003f66fc    00000005                    : _lock.obj (.cinit:__unlock)
                  003f6701    00000002     --HOLE-- [fill = 0]

.switch    0    003f6704    00000026     
                  003f6704    00000026     main.obj (.switch:_main)

ramfuncs   0    003f7000    00000020     RUN ADDR = 00000050
                  003f7000    0000000c     driverlib.lib : flash.obj (ramfuncs:_FLASH_setup)
                  003f700c    00000006                   : flash.obj (ramfuncs:_FLASH_enablePipelineMode)
                  003f7012    00000005                   : flash.obj (ramfuncs:_FLASH_setActiveWaitCount)
                  003f7017    00000005                   : flash.obj (ramfuncs:_FLASH_setStandbyWaitCount)
                  003f701c    00000004                   : F2802xX_asmfuncs.obj (ramfuncs)

.text.2    0    003f7020    00000f60     
                  003f7020    000001d9     main.obj (.text:_main)
                  003f71f9    000001ab     main.obj (.text:_gpio_init)
                  003f73a4    0000010b     main.obj (.text:_adc_Isr)
                  003f74af    0000009a     main.obj (.text:_adc_init)
                  003f7549    00000098     main.obj (.text:_spi_init)
                  003f75e1    0000008c     main.obj (.text:_ftoa)
                  003f766d    00000083     rts2800_ml.lib : fs_div.obj (.text)
                  003f76f0    00000078                    : fs_add.obj (.text)
                  003f7768    00000071     nokia5110.obj (.text:_drawLine)
                  003f77d9    0000006f     nokia5110.obj (.text:_drawFilledCircle)
                  003f7848    00000069     nokia5110.obj (.text:_writeChar)
                  003f78b1    00000066     main.obj (.text:_scia_init)
                  003f7917    00000060     main.obj (.text:_epwm_init)
                  003f7977    0000005a     rts2800_ml.lib : fs_mpy.obj (.text)
                  003f79d1    00000049     driverlib.lib : gpio.obj (.text:_GPIO_setMode)
                  003f7a1a    00000044     rts2800_ml.lib : boot.obj (.text)
                  003f7a5e    0000003e     nokia5110.obj (.text:_nokia_init)
                  003f7a9c    0000003b     nokia5110.obj (.text:_setPixel)
                  003f7ad7    0000003a     main.obj (.text:_itoa)
                  003f7b11    00000034     driverlib.lib : gpio.obj (.text:_GPIO_setDirection)
                  003f7b45    00000034                   : gpio.obj (.text:_GPIO_setPullUp)
                  003f7b79    00000033     main.obj (.text:_timer0_init)
                  003f7bac    00000030     main.obj (.text:_xint1_isr)
                  003f7bdc    00000030     main.obj (.text:_xint2_isr)
                  003f7c0c    0000002d     nokia5110.obj (.text:_clear)
                  003f7c39    0000002b     driverlib.lib : gpio.obj (.text:_GPIO_setQualification)
                  003f7c64    0000002a     rts2800_ml.lib : l_div.obj (.text)
                  003f7c8e    00000025                    : fs_toi.obj (.text)
                  003f7cb3    00000024     driverlib.lib : adc.obj (.text:_ADC_setIntMode)
                  003f7cd7    00000024                   : adc.obj (.text:_ADC_setIntSrc)
                  003f7cfb    00000023                   : gpio.obj (.text:_GPIO_setQualificationPeriod)
                  003f7d1e    00000023                   : pie.obj (.text:_PIE_enableExtInt)
                  003f7d41    00000022     rts2800_ml.lib : i_div.obj (.text)
                  003f7d63    00000020     main.obj (.text:_encUpdate)
                  003f7d83    0000001d     main.obj (.text:_figureFreq)
                  003f7da0    0000001d     rts2800_ml.lib : memcpy.obj (.text)
                  003f7dbd    0000001c     driverlib.lib : adc.obj (.text:_ADC_setSocChanNumber)
                  003f7dd9    0000001c                   : adc.obj (.text:_ADC_setSocSampleWindow)
                  003f7df5    0000001c                   : adc.obj (.text:_ADC_setSocTrigSrc)
                  003f7e11    0000001c     nokia5110.obj (.text:_gotoXY)
                  003f7e2d    0000001b     nokia5110.obj (.text:_drawFilledRectangle)
                  003f7e48    0000001b     main.obj (.text:_update_compare)
                  003f7e63    0000001a     rts2800_ml.lib : i_tofs.obj (.text)
                  003f7e7d    00000019     driverlib.lib : pie.obj (.text:_PIE_setExtIntPolarity)
                  003f7e96    00000019     rts2800_ml.lib : args_main.obj (.text)
                  003f7eaf    00000019                    : exit.obj (.text)
                  003f7ec8    00000018     driverlib.lib : adc.obj (.text:_ADC_enableInt)
                  003f7ee0    00000017     rts2800_ml.lib : fs_cmp.obj (.text)
                  003f7ef7    00000015     driverlib.lib : pll.obj (.text:_PLL_setup)
                  003f7f0c    00000015     main.obj (.text:_scia_msg)
                  003f7f21    00000014     driverlib.lib : timer.obj (.text:_TIMER_setPreScaler)
                  003f7f35    00000013                   : gpio.obj (.text:_GPIO_setHigh)
                  003f7f48    00000013                   : gpio.obj (.text:_GPIO_setLow)
                  003f7f5b    00000013                   : gpio.obj (.text:_GPIO_toggle)
                  003f7f6e    00000012                   : adc.obj (.text:_ADC_setIntPulseGenMode)

codestart 
*          0    003f7ff6    00000002     
                  003f7ff6    00000002     driverlib.lib : F2802xX_asmfuncs.obj (codestart)

.stack     1    00000400    00000300     UNINITIALIZED
                  00000400    00000300     --HOLE--

.ebss.1    1    00000700    00000057     UNINITIALIZED
                  00000700    0000004e     main.obj (.ebss)
                  0000074e    00000004     rts2800_ml.lib : exit.obj (.ebss)
                  00000752    00000002                    : _lock.obj (.ebss:__lock)
                  00000754    00000002                    : _lock.obj (.ebss:__unlock)
                  00000756    00000001     driverlib.lib : cpu.obj (.ebss)

DevEmuRegsFile 
*          1    00000880    00000004     UNINITIALIZED
                  00000880    00000004     driverlib.lib : F2802xX_GlobalVariableDefs.obj (DevEmuRegsFile)

SysPwrCtrlRegsFile 
*          1    00000985    00000003     UNINITIALIZED
                  00000985    00000003     driverlib.lib : F2802xX_GlobalVariableDefs.obj (SysPwrCtrlRegsFile)

FlashRegsFile 
*          1    00000a80    00000008     UNINITIALIZED
                  00000a80    00000008     driverlib.lib : F2802xX_GlobalVariableDefs.obj (FlashRegsFile)

CsmRegsFile 
*          1    00000ae0    00000010     UNINITIALIZED
                  00000ae0    00000010     driverlib.lib : F2802xX_GlobalVariableDefs.obj (CsmRegsFile)

AdcResultFile 
*          1    00000b00    00000020     UNINITIALIZED
                  00000b00    00000020     driverlib.lib : F2802xX_GlobalVariableDefs.obj (AdcResultFile)

CpuTimer0RegsFile 
*          1    00000c00    00000008     UNINITIALIZED
                  00000c00    00000008     driverlib.lib : F2802xX_GlobalVariableDefs.obj (CpuTimer0RegsFile)

CpuTimer1RegsFile 
*          1    00000c08    00000008     UNINITIALIZED
                  00000c08    00000008     driverlib.lib : F2802xX_GlobalVariableDefs.obj (CpuTimer1RegsFile)

CpuTimer2RegsFile 
*          1    00000c10    00000008     UNINITIALIZED
                  00000c10    00000008     driverlib.lib : F2802xX_GlobalVariableDefs.obj (CpuTimer2RegsFile)

PieCtrlRegsFile 
*          1    00000ce0    0000001a     UNINITIALIZED
                  00000ce0    0000001a     driverlib.lib : F2802xX_GlobalVariableDefs.obj (PieCtrlRegsFile)

PieVectTableFile 
*          1    00000d00    00000100     UNINITIALIZED
                  00000d00    00000100     driverlib.lib : F2802xX_GlobalVariableDefs.obj (PieVectTableFile)

EmuKeyVar 
*          1    00000d00    00000001     UNINITIALIZED
                  00000d00    00000001     driverlib.lib : F2802xX_GlobalVariableDefs.obj (EmuKeyVar)

EmuBModeVar 
*          1    00000d01    00000001     UNINITIALIZED
                  00000d01    00000001     driverlib.lib : F2802xX_GlobalVariableDefs.obj (EmuBModeVar)

FlashCallbackVar 
*          1    00000d02    00000002     UNINITIALIZED
                  00000d02    00000002     driverlib.lib : F2802xX_GlobalVariableDefs.obj (FlashCallbackVar)

FlashScalingVar 
*          1    00000d04    00000002     UNINITIALIZED
                  00000d04    00000002     driverlib.lib : F2802xX_GlobalVariableDefs.obj (FlashScalingVar)

Comp1RegsFile 
*          1    00006400    00000011     UNINITIALIZED
                  00006400    00000011     driverlib.lib : F2802xX_GlobalVariableDefs.obj (Comp1RegsFile)

Comp2RegsFile 
*          1    00006420    00000011     UNINITIALIZED
                  00006420    00000011     driverlib.lib : F2802xX_GlobalVariableDefs.obj (Comp2RegsFile)

EPwm1RegsFile 
*          1    00006800    00000040     UNINITIALIZED
                  00006800    00000040     driverlib.lib : F2802xX_GlobalVariableDefs.obj (EPwm1RegsFile)

EPwm2RegsFile 
*          1    00006840    00000040     UNINITIALIZED
                  00006840    00000040     driverlib.lib : F2802xX_GlobalVariableDefs.obj (EPwm2RegsFile)

EPwm3RegsFile 
*          1    00006880    00000040     UNINITIALIZED
                  00006880    00000040     driverlib.lib : F2802xX_GlobalVariableDefs.obj (EPwm3RegsFile)

EPwm4RegsFile 
*          1    000068c0    00000040     UNINITIALIZED
                  000068c0    00000040     driverlib.lib : F2802xX_GlobalVariableDefs.obj (EPwm4RegsFile)

ECap1RegsFile 
*          1    00006a00    00000020     UNINITIALIZED
                  00006a00    00000020     driverlib.lib : F2802xX_GlobalVariableDefs.obj (ECap1RegsFile)

GpioCtrlRegsFile 
*          1    00006f80    00000040     UNINITIALIZED
                  00006f80    00000040     driverlib.lib : F2802xX_GlobalVariableDefs.obj (GpioCtrlRegsFile)

GpioDataRegsFile 
*          1    00006fc0    00000020     UNINITIALIZED
                  00006fc0    00000020     driverlib.lib : F2802xX_GlobalVariableDefs.obj (GpioDataRegsFile)

GpioIntRegsFile 
*          1    00006fe0    0000000a     UNINITIALIZED
                  00006fe0    0000000a     driverlib.lib : F2802xX_GlobalVariableDefs.obj (GpioIntRegsFile)

SysCtrlRegsFile 
*          1    00007010    0000001f     UNINITIALIZED
                  00007010    0000001f     driverlib.lib : F2802xX_GlobalVariableDefs.obj (SysCtrlRegsFile)

SpiaRegsFile 
*          1    00007040    00000010     UNINITIALIZED
                  00007040    00000010     driverlib.lib : F2802xX_GlobalVariableDefs.obj (SpiaRegsFile)

SciaRegsFile 
*          1    00007050    00000010     UNINITIALIZED
                  00007050    00000010     driverlib.lib : F2802xX_GlobalVariableDefs.obj (SciaRegsFile)

NmiIntruptRegsFile 
*          1    00007060    00000010     UNINITIALIZED
                  00007060    00000010     driverlib.lib : F2802xX_GlobalVariableDefs.obj (NmiIntruptRegsFile)

XIntruptRegsFile 
*          1    00007070    00000010     UNINITIALIZED
                  00007070    00000010     driverlib.lib : F2802xX_GlobalVariableDefs.obj (XIntruptRegsFile)

AdcRegsFile 
*          1    00007100    00000051     UNINITIALIZED
                  00007100    00000051     driverlib.lib : F2802xX_GlobalVariableDefs.obj (AdcRegsFile)

I2caRegsFile 
*          1    00007900    00000022     UNINITIALIZED
                  00007900    00000022     driverlib.lib : F2802xX_GlobalVariableDefs.obj (I2caRegsFile)

PartIdRegsFile 
*          1    003d7fff    00000001     UNINITIALIZED
                  003d7fff    00000001     driverlib.lib : F2802xX_GlobalVariableDefs.obj (PartIdRegsFile)

CsmPwlFile 
*          1    003f7ff8    00000008     UNINITIALIZED
                  003f7ff8    00000008     driverlib.lib : F2802xX_GlobalVariableDefs.obj (CsmPwlFile)

.pinit     0    003f7000    00000000     UNINITIALIZED

.reset     0    003fffc0    00000002     DSECT
                  003fffc0    00000002     rts2800_ml.lib : boot.obj (.reset)

vectors    0    003fffc2    00000000     DSECT

.ebss.2    1    00008000    00000238     UNINITIALIZED
                  00008000    00000238     nokia5110.obj (.ebss)


GLOBAL DATA SYMBOLS: SORTED BY DATA PAGE

address     data page           name
--------    ----------------    ----
00000400      10 (00000400)     __stack

00000700      1c (00000700)     _flag
00000701      1c (00000700)     _encPos
00000702      1c (00000700)     _angle
00000703      1c (00000700)     _c
00000704      1c (00000700)     _ADC4_value
00000705      1c (00000700)     _ADC4_average
00000706      1c (00000700)     _ADC1_value
00000707      1c (00000700)     _ADC1_average
00000708      1c (00000700)     _volts
00000709      1c (00000700)     _oldAngle
0000070a      1c (00000700)     _potVolts
0000070c      1c (00000700)     _pwmFreq
0000070e      1c (00000700)     _myAdc
00000710      1c (00000700)     _myClk
00000712      1c (00000700)     _myPie
00000714      1c (00000700)     _myPll
00000716      1c (00000700)     _myFlash
00000718      1c (00000700)     _mySpi
0000071a      1c (00000700)     _myGpio
0000071c      1c (00000700)     _myPwm1
0000071e      1c (00000700)     _mySci
00000720      1c (00000700)     _msg
00000722      1c (00000700)     _myCpu
00000724      1c (00000700)     _myTimer
00000726      1c (00000700)     _myWDog
00000728      1c (00000700)     _encCntToSend
0000072a      1c (00000700)     _voltsToSend
0000072e      1c (00000700)     _adcAsString
00000732      1c (00000700)     _epwm1_info
00000738      1c (00000700)     _freqToSend

00000740      1d (00000740)     _ADC4
00000747      1d (00000740)     _ADC1
0000074e      1d (00000740)     ___TI_cleanup_ptr
00000750      1d (00000740)     ___TI_dtors_ptr
00000752      1d (00000740)     __lock
00000754      1d (00000740)     __unlock
00000756      1d (00000740)     _cpu

00000880      22 (00000880)     _DevEmuRegs

00000985      26 (00000980)     _SysPwrCtrlRegs

00000a80      2a (00000a80)     _FlashRegs

00000ae0      2b (00000ac0)     _CsmRegs

00000b00      2c (00000b00)     _AdcResult

00000c00      30 (00000c00)     _CpuTimer0Regs
00000c08      30 (00000c00)     _CpuTimer1Regs
00000c10      30 (00000c00)     _CpuTimer2Regs

00000ce0      33 (00000cc0)     _PieCtrlRegs

00000d00      34 (00000d00)     _EmuKey
00000d00      34 (00000d00)     _PieVectTable
00000d01      34 (00000d00)     _EmuBMode
00000d02      34 (00000d00)     _Flash_CallbackPtr
00000d04      34 (00000d00)     _Flash_CPUScaleFactor

00006400     190 (00006400)     _Comp1Regs
00006420     190 (00006400)     _Comp2Regs

00006800     1a0 (00006800)     _EPwm1Regs

00006840     1a1 (00006840)     _EPwm2Regs

00006880     1a2 (00006880)     _EPwm3Regs

000068c0     1a3 (000068c0)     _EPwm4Regs

00006a00     1a8 (00006a00)     _ECap1Regs

00006f80     1be (00006f80)     _GpioCtrlRegs

00006fc0     1bf (00006fc0)     _GpioDataRegs
00006fe0     1bf (00006fc0)     _GpioIntRegs

00007010     1c0 (00007000)     _SysCtrlRegs

00007040     1c1 (00007040)     _SpiaRegs
00007050     1c1 (00007040)     _SciaRegs
00007060     1c1 (00007040)     _NmiIntruptRegs
00007070     1c1 (00007040)     _XIntruptRegs

00007100     1c4 (00007100)     _AdcRegs

00007900     1e4 (00007900)     _I2caRegs

003d7fff    f5ff (003d7fc0)     _PartIdRegs

003f6696    fd9a (003f6680)     _table

003f7ff8    fdff (003f7fc0)     _CsmPwl


GLOBAL SYMBOLS: SORTED ALPHABETICALLY BY Name 

page  address   name                                
----  -------   ----                                
abs   ffffffff  .text                               
0     003f7eaf  C$$EXIT                             
0     003f76f5  FS$$ADD                             
0     003f7ee0  FS$$CMP                             
0     003f766d  FS$$DIV                             
0     003f7977  FS$$MPY                             
0     003f622e  FS$$NEG                             
0     003f76f0  FS$$SUB                             
0     003f7c8e  FS$$TOI                             
0     003f7d41  I$$DIV                              
0     003f7d52  I$$MOD                              
0     003f7e63  I$$TOFS                             
0     003f7c64  L$$DIV                              
0     003f7c73  L$$MOD                              
0     003f60fc  U$$DIV                              
0     003f6101  U$$MOD                              
0     003f6068  U$$TOFS                             
0     003f7c81  UL$$DIV                             
0     003f7c88  UL$$MOD                             
1     00000747  _ADC1                               
1     00000707  _ADC1_average                       
1     00000706  _ADC1_value                         
1     00000740  _ADC4                               
1     00000705  _ADC4_average                       
1     00000704  _ADC4_value                         
0     003f60af  _ADC_enable                         
0     003f60ba  _ADC_enableBandGap                  
0     003f7ec8  _ADC_enableInt                      
0     003f60c5  _ADC_enableRefBuffers               
0     003f6165  _ADC_init                           
0     003f60d0  _ADC_powerUp                        
0     003f60db  _ADC_reset                          
0     003f7cb3  _ADC_setIntMode                     
0     003f7f6e  _ADC_setIntPulseGenMode             
0     003f7cd7  _ADC_setIntSrc                      
0     003f7dbd  _ADC_setSocChanNumber               
0     003f7dd9  _ADC_setSocSampleWindow             
0     003f7df5  _ADC_setSocTrigSrc                  
0     003f6000  _ADC_setVoltRefSrc                  
0     003f6087  _AIO_init                           
1     00007100  _AdcRegs                            
1     00000b00  _AdcResult                          
0     003f617d  _CLK_disableAdcClock                
0     003f6184  _CLK_disableTbClockSync             
0     003f618b  _CLK_enableAdcClock                 
0     003f612f  _CLK_enablePwmClock                 
0     003f6138  _CLK_enableSciaClock                
0     003f6192  _CLK_enableSpiaClock                
0     003f6199  _CLK_enableTbClockSync              
0     003f61a0  _CLK_init                           
0     003f61a7  _CLK_setOscSrc                      
0     003f626b  _CPU_clearIntFlags                  
0     003f626e  _CPU_disableGlobalInts              
0     003f6271  _CPU_enableGlobalInts               
0     003f6233  _CPU_enableInt                      
0     003f6237  _CPU_init                           
1     00006400  _Comp1Regs                          
1     00006420  _Comp2Regs                          
1     00000c00  _CpuTimer0Regs                      
1     00000c08  _CpuTimer1Regs                      
1     00000c10  _CpuTimer2Regs                      
1     003f7ff8  _CsmPwl                             
1     00000ae0  _CsmRegs                            
0     003f602f  _DSP28x_DisableInt                  
0     003f6033  _DSP28x_RestoreInt                  
0     0000006c  _DSP28x_usDelay                     
1     00000880  _DevEmuRegs                         
1     00006a00  _ECap1Regs                          
1     00006800  _EPwm1Regs                          
1     00006840  _EPwm2Regs                          
1     00006880  _EPwm3Regs                          
1     000068c0  _EPwm4Regs                          
1     00000d01  _EmuBMode                           
1     00000d00  _EmuKey                             
0     0000005c  _FLASH_enablePipelineMode           
0     003f61ae  _FLASH_init                         
0     00000062  _FLASH_setActiveWaitCount           
0     00000067  _FLASH_setStandbyWaitCount          
0     00000050  _FLASH_setup                        
1     00000a80  _FlashRegs                          
1     00000d04  _Flash_CPUScaleFactor               
1     00000d02  _Flash_CallbackPtr                  
0     003f61b5  _GPIO_init                          
0     003f7b11  _GPIO_setDirection                  
0     003f60e6  _GPIO_setExtInt                     
0     003f7f35  _GPIO_setHigh                       
0     003f7f48  _GPIO_setLow                        
0     003f79d1  _GPIO_setMode                       
0     003f7b45  _GPIO_setPullUp                     
0     003f7c39  _GPIO_setQualification              
0     003f7cfb  _GPIO_setQualificationPeriod        
0     003f7f5b  _GPIO_toggle                        
1     00006f80  _GpioCtrlRegs                       
1     00006fc0  _GpioDataRegs                       
1     00006fe0  _GpioIntRegs                        
1     00007900  _I2caRegs                           
1     00007060  _NmiIntruptRegs                     
0     003f60f1  _PIE_disableInt                     
0     003f6274  _PIE_enable                         
0     003f6012  _PIE_enableAdcInt                   
0     003f7d1e  _PIE_enableExtInt                   
0     003f6107  _PIE_enableInt                      
0     003f6277  _PIE_enableTimer0Int                
0     003f616d  _PIE_init                           
0     003f6078  _PIE_registerPieIntHandler          
0     003f7e7d  _PIE_setExtIntPolarity              
0     003f627a  _PLL_getClkStatus                   
0     003f627d  _PLL_getLockStatus                  
0     003f61bc  _PLL_init                           
0     003f61c3  _PLL_setDivider                     
0     003f6210  _PLL_setMultiplier                  
0     003f7ef7  _PLL_setup                          
0     003f6280  _PWM_disableCounterLoad             
0     003f61ca  _PWM_init                           
0     003f6141  _PWM_setActionQual_CntDown_CmpA_PwmA
0     003f614a  _PWM_setActionQual_CntUp_CmpA_PwmA  
0     003f623b  _PWM_setClkDiv                      
0     003f62ad  _PWM_setCount                       
0     003f623f  _PWM_setCounterMode                 
0     003f6243  _PWM_setHighSpeedClkDiv             
0     003f6247  _PWM_setLoadMode_CmpA               
0     003f62af  _PWM_setPeriod                      
0     003f62b1  _PWM_setPhase                       
0     003f6216  _PWM_setShadowMode_CmpA             
1     003d7fff  _PartIdRegs                         
1     00000ce0  _PieCtrlRegs                        
1     00000d00  _PieVectTable                       
abs   00000020  _RamfuncsLoadSize                   
0     003f7000  _RamfuncsLoadStart                  
0     00000050  _RamfuncsRunStart                   
0     003f624b  _SCI_clearRxFifoInt                 
0     003f624f  _SCI_clearTxFifoInt                 
0     003f6283  _SCI_disableParity                  
0     003f6286  _SCI_enable                         
0     003f6253  _SCI_enableFifoEnh                  
0     003f6289  _SCI_enableRx                       
0     003f628c  _SCI_enableRxInt                    
0     003f628f  _SCI_enableTx                       
0     003f6292  _SCI_enableTxInt                    
0     003f61d1  _SCI_init                           
0     003f6153  _SCI_putDataBlocking                
0     003f6111  _SCI_resetChannels                  
0     003f611b  _SCI_resetRxFifo                    
0     003f6125  _SCI_resetTxFifo                    
0     003f621c  _SCI_setBaudRate                    
0     003f6257  _SCI_setCharLength                  
0     003f625b  _SCI_setNumStopBits                 
0     003f6295  _SCI_setPriority                    
0     003f61d8  _SCI_setRxFifoIntLevel              
0     003f61df  _SCI_setTxFifoIntLevel              
0     003f6298  _SPI_enable                         
0     003f625f  _SPI_enableChannels                 
0     003f629b  _SPI_enableInt                      
0     003f629e  _SPI_enableTx                       
0     003f61e6  _SPI_init                           
0     003f61ed  _SPI_reset                          
0     003f62b3  _SPI_setBaudRate                    
0     003f6263  _SPI_setCharLength                  
0     003f62b5  _SPI_setClkPhase                    
0     003f6267  _SPI_setClkPolarity                 
0     003f62b7  _SPI_setMode                        
0     003f61f4  _SPI_setPriority                    
1     00007050  _SciaRegs                           
1     00007040  _SpiaRegs                           
1     00007010  _SysCtrlRegs                        
1     00000985  _SysPwrCtrlRegs                     
0     003f62a1  _TIMER_enableInt                    
0     003f61fb  _TIMER_init                         
0     003f62a4  _TIMER_reload                       
0     003f6202  _TIMER_setEmulationMode             
0     003f62b9  _TIMER_setPeriod                    
0     003f7f21  _TIMER_setPreScaler                 
0     003f62a7  _TIMER_start                        
0     003f62aa  _TIMER_stop                         
0     003f6175  _WDOG_disable                       
0     003f6209  _WDOG_init                          
1     00007070  _XIntruptRegs                       
1     00000700  __STACK_END                         
abs   00000300  __STACK_SIZE                        
1     0000074e  ___TI_cleanup_ptr                   
1     00000750  ___TI_dtors_ptr                     
abs   ffffffff  ___binit__                          
abs   ffffffff  ___c_args__                         
0     003f66a6  ___cinit__                          
abs   ffffffff  ___etext__                          
abs   ffffffff  ___pinit__                          
abs   ffffffff  ___text__                           
0     003f7e96  __args_main                         
1     00000752  __lock                              
0     003f6164  __nop                               
0     003f6160  __register_lock                     
0     003f615c  __register_unlock                   
1     00000400  __stack                             
1     00000754  __unlock                            
0     003f7eaf  _abort                              
1     0000072e  _adcAsString                        
0     003f73a4  _adc_Isr                            
0     003f74af  _adc_init                           
1     00000702  _angle                              
1     00000703  _c                                  
0     003f7a1a  _c_int00                            
0     003f7c0c  _clear                              
0     003f6222  _clearSome                          
1     00000756  _cpu                                
0     003f77d9  _drawFilledCircle                   
0     003f7e2d  _drawFilledRectangle                
0     003f7768  _drawLine                           
1     00000728  _encCntToSend                       
1     00000701  _encPos                             
0     003f7d63  _encUpdate                          
1     00000732  _epwm1_info                         
0     003f7917  _epwm_init                          
0     003f7eb1  _exit                               
0     003f7d83  _figureFreq                         
1     00000700  _flag                               
1     00000738  _freqToSend                         
0     003f75e1  _ftoa                               
0     003f7e11  _gotoXY                             
0     003f71f9  _gpio_init                          
0     003f7ad7  _itoa                               
0     003f7020  _main                               
0     003f7da0  _memcpy                             
1     00000720  _msg                                
1     0000070e  _myAdc                              
1     00000710  _myClk                              
1     00000722  _myCpu                              
1     00000716  _myFlash                            
1     0000071a  _myGpio                             
1     00000712  _myPie                              
1     00000714  _myPll                              
1     0000071c  _myPwm1                             
1     0000071e  _mySci                              
1     00000718  _mySpi                              
1     00000724  _myTimer                            
1     00000726  _myWDog                             
0     003f7a5e  _nokia_init                         
1     00000709  _oldAngle                           
1     0000070a  _potVolts                           
1     0000070c  _pwmFreq                            
0     003f78b1  _scia_init                          
0     003f7f0c  _scia_msg                           
0     003f6228  _scia_xmit                          
0     003f602c  _setDBGIER                          
0     003f7a9c  _setPixel                           
0     003f6095  _spiRxFifoIsr                       
0     003f7549  _spi_init                           
0     003f6696  _table                              
0     003f7b79  _timer0_init                        
0     003f6058  _timer0_isr                         
0     003f7e48  _update_compare                     
1     00000708  _volts                              
1     0000072a  _voltsToSend                        
0     003f7848  _writeChar                          
0     003f6036  _writeCommand                       
0     003f6047  _writeData                          
0     003f60a3  _writeString                        
0     003f7bac  _xint1_isr                          
0     003f7bdc  _xint2_isr                          
abs   ffffffff  binit                               
0     003f66a6  cinit                               
0     003f7ff6  code_start                          
abs   ffffffff  etext                               
abs   ffffffff  pinit                               


GLOBAL SYMBOLS: SORTED BY Symbol Address 

page  address   name                                
----  -------   ----                                
0     00000050  _FLASH_setup                        
0     00000050  _RamfuncsRunStart                   
0     0000005c  _FLASH_enablePipelineMode           
0     00000062  _FLASH_setActiveWaitCount           
0     00000067  _FLASH_setStandbyWaitCount          
0     0000006c  _DSP28x_usDelay                     
0     003f6000  _ADC_setVoltRefSrc                  
0     003f6012  _PIE_enableAdcInt                   
0     003f602c  _setDBGIER                          
0     003f602f  _DSP28x_DisableInt                  
0     003f6033  _DSP28x_RestoreInt                  
0     003f6036  _writeCommand                       
0     003f6047  _writeData                          
0     003f6058  _timer0_isr                         
0     003f6068  U$$TOFS                             
0     003f6078  _PIE_registerPieIntHandler          
0     003f6087  _AIO_init                           
0     003f6095  _spiRxFifoIsr                       
0     003f60a3  _writeString                        
0     003f60af  _ADC_enable                         
0     003f60ba  _ADC_enableBandGap                  
0     003f60c5  _ADC_enableRefBuffers               
0     003f60d0  _ADC_powerUp                        
0     003f60db  _ADC_reset                          
0     003f60e6  _GPIO_setExtInt                     
0     003f60f1  _PIE_disableInt                     
0     003f60fc  U$$DIV                              
0     003f6101  U$$MOD                              
0     003f6107  _PIE_enableInt                      
0     003f6111  _SCI_resetChannels                  
0     003f611b  _SCI_resetRxFifo                    
0     003f6125  _SCI_resetTxFifo                    
0     003f612f  _CLK_enablePwmClock                 
0     003f6138  _CLK_enableSciaClock                
0     003f6141  _PWM_setActionQual_CntDown_CmpA_PwmA
0     003f614a  _PWM_setActionQual_CntUp_CmpA_PwmA  
0     003f6153  _SCI_putDataBlocking                
0     003f615c  __register_unlock                   
0     003f6160  __register_lock                     
0     003f6164  __nop                               
0     003f6165  _ADC_init                           
0     003f616d  _PIE_init                           
0     003f6175  _WDOG_disable                       
0     003f617d  _CLK_disableAdcClock                
0     003f6184  _CLK_disableTbClockSync             
0     003f618b  _CLK_enableAdcClock                 
0     003f6192  _CLK_enableSpiaClock                
0     003f6199  _CLK_enableTbClockSync              
0     003f61a0  _CLK_init                           
0     003f61a7  _CLK_setOscSrc                      
0     003f61ae  _FLASH_init                         
0     003f61b5  _GPIO_init                          
0     003f61bc  _PLL_init                           
0     003f61c3  _PLL_setDivider                     
0     003f61ca  _PWM_init                           
0     003f61d1  _SCI_init                           
0     003f61d8  _SCI_setRxFifoIntLevel              
0     003f61df  _SCI_setTxFifoIntLevel              
0     003f61e6  _SPI_init                           
0     003f61ed  _SPI_reset                          
0     003f61f4  _SPI_setPriority                    
0     003f61fb  _TIMER_init                         
0     003f6202  _TIMER_setEmulationMode             
0     003f6209  _WDOG_init                          
0     003f6210  _PLL_setMultiplier                  
0     003f6216  _PWM_setShadowMode_CmpA             
0     003f621c  _SCI_setBaudRate                    
0     003f6222  _clearSome                          
0     003f6228  _scia_xmit                          
0     003f622e  FS$$NEG                             
0     003f6233  _CPU_enableInt                      
0     003f6237  _CPU_init                           
0     003f623b  _PWM_setClkDiv                      
0     003f623f  _PWM_setCounterMode                 
0     003f6243  _PWM_setHighSpeedClkDiv             
0     003f6247  _PWM_setLoadMode_CmpA               
0     003f624b  _SCI_clearRxFifoInt                 
0     003f624f  _SCI_clearTxFifoInt                 
0     003f6253  _SCI_enableFifoEnh                  
0     003f6257  _SCI_setCharLength                  
0     003f625b  _SCI_setNumStopBits                 
0     003f625f  _SPI_enableChannels                 
0     003f6263  _SPI_setCharLength                  
0     003f6267  _SPI_setClkPolarity                 
0     003f626b  _CPU_clearIntFlags                  
0     003f626e  _CPU_disableGlobalInts              
0     003f6271  _CPU_enableGlobalInts               
0     003f6274  _PIE_enable                         
0     003f6277  _PIE_enableTimer0Int                
0     003f627a  _PLL_getClkStatus                   
0     003f627d  _PLL_getLockStatus                  
0     003f6280  _PWM_disableCounterLoad             
0     003f6283  _SCI_disableParity                  
0     003f6286  _SCI_enable                         
0     003f6289  _SCI_enableRx                       
0     003f628c  _SCI_enableRxInt                    
0     003f628f  _SCI_enableTx                       
0     003f6292  _SCI_enableTxInt                    
0     003f6295  _SCI_setPriority                    
0     003f6298  _SPI_enable                         
0     003f629b  _SPI_enableInt                      
0     003f629e  _SPI_enableTx                       
0     003f62a1  _TIMER_enableInt                    
0     003f62a4  _TIMER_reload                       
0     003f62a7  _TIMER_start                        
0     003f62aa  _TIMER_stop                         
0     003f62ad  _PWM_setCount                       
0     003f62af  _PWM_setPeriod                      
0     003f62b1  _PWM_setPhase                       
0     003f62b3  _SPI_setBaudRate                    
0     003f62b5  _SPI_setClkPhase                    
0     003f62b7  _SPI_setMode                        
0     003f62b9  _TIMER_setPeriod                    
0     003f6696  _table                              
0     003f66a6  ___cinit__                          
0     003f66a6  cinit                               
0     003f7000  _RamfuncsLoadStart                  
0     003f7020  _main                               
0     003f71f9  _gpio_init                          
0     003f73a4  _adc_Isr                            
0     003f74af  _adc_init                           
0     003f7549  _spi_init                           
0     003f75e1  _ftoa                               
0     003f766d  FS$$DIV                             
0     003f76f0  FS$$SUB                             
0     003f76f5  FS$$ADD                             
0     003f7768  _drawLine                           
0     003f77d9  _drawFilledCircle                   
0     003f7848  _writeChar                          
0     003f78b1  _scia_init                          
0     003f7917  _epwm_init                          
0     003f7977  FS$$MPY                             
0     003f79d1  _GPIO_setMode                       
0     003f7a1a  _c_int00                            
0     003f7a5e  _nokia_init                         
0     003f7a9c  _setPixel                           
0     003f7ad7  _itoa                               
0     003f7b11  _GPIO_setDirection                  
0     003f7b45  _GPIO_setPullUp                     
0     003f7b79  _timer0_init                        
0     003f7bac  _xint1_isr                          
0     003f7bdc  _xint2_isr                          
0     003f7c0c  _clear                              
0     003f7c39  _GPIO_setQualification              
0     003f7c64  L$$DIV                              
0     003f7c73  L$$MOD                              
0     003f7c81  UL$$DIV                             
0     003f7c88  UL$$MOD                             
0     003f7c8e  FS$$TOI                             
0     003f7cb3  _ADC_setIntMode                     
0     003f7cd7  _ADC_setIntSrc                      
0     003f7cfb  _GPIO_setQualificationPeriod        
0     003f7d1e  _PIE_enableExtInt                   
0     003f7d41  I$$DIV                              
0     003f7d52  I$$MOD                              
0     003f7d63  _encUpdate                          
0     003f7d83  _figureFreq                         
0     003f7da0  _memcpy                             
0     003f7dbd  _ADC_setSocChanNumber               
0     003f7dd9  _ADC_setSocSampleWindow             
0     003f7df5  _ADC_setSocTrigSrc                  
0     003f7e11  _gotoXY                             
0     003f7e2d  _drawFilledRectangle                
0     003f7e48  _update_compare                     
0     003f7e63  I$$TOFS                             
0     003f7e7d  _PIE_setExtIntPolarity              
0     003f7e96  __args_main                         
0     003f7eaf  C$$EXIT                             
0     003f7eaf  _abort                              
0     003f7eb1  _exit                               
0     003f7ec8  _ADC_enableInt                      
0     003f7ee0  FS$$CMP                             
0     003f7ef7  _PLL_setup                          
0     003f7f0c  _scia_msg                           
0     003f7f21  _TIMER_setPreScaler                 
0     003f7f35  _GPIO_setHigh                       
0     003f7f48  _GPIO_setLow                        
0     003f7f5b  _GPIO_toggle                        
0     003f7f6e  _ADC_setIntPulseGenMode             
0     003f7ff6  code_start                          
1     00000400  __stack                             
1     00000700  __STACK_END                         
1     00000700  _flag                               
1     00000701  _encPos                             
1     00000702  _angle                              
1     00000703  _c                                  
1     00000704  _ADC4_value                         
1     00000705  _ADC4_average                       
1     00000706  _ADC1_value                         
1     00000707  _ADC1_average                       
1     00000708  _volts                              
1     00000709  _oldAngle                           
1     0000070a  _potVolts                           
1     0000070c  _pwmFreq                            
1     0000070e  _myAdc                              
1     00000710  _myClk                              
1     00000712  _myPie                              
1     00000714  _myPll                              
1     00000716  _myFlash                            
1     00000718  _mySpi                              
1     0000071a  _myGpio                             
1     0000071c  _myPwm1                             
1     0000071e  _mySci                              
1     00000720  _msg                                
1     00000722  _myCpu                              
1     00000724  _myTimer                            
1     00000726  _myWDog                             
1     00000728  _encCntToSend                       
1     0000072a  _voltsToSend                        
1     0000072e  _adcAsString                        
1     00000732  _epwm1_info                         
1     00000738  _freqToSend                         
1     00000740  _ADC4                               
1     00000747  _ADC1                               
1     0000074e  ___TI_cleanup_ptr                   
1     00000750  ___TI_dtors_ptr                     
1     00000752  __lock                              
1     00000754  __unlock                            
1     00000756  _cpu                                
1     00000880  _DevEmuRegs                         
1     00000985  _SysPwrCtrlRegs                     
1     00000a80  _FlashRegs                          
1     00000ae0  _CsmRegs                            
1     00000b00  _AdcResult                          
1     00000c00  _CpuTimer0Regs                      
1     00000c08  _CpuTimer1Regs                      
1     00000c10  _CpuTimer2Regs                      
1     00000ce0  _PieCtrlRegs                        
1     00000d00  _EmuKey                             
1     00000d00  _PieVectTable                       
1     00000d01  _EmuBMode                           
1     00000d02  _Flash_CallbackPtr                  
1     00000d04  _Flash_CPUScaleFactor               
1     00006400  _Comp1Regs                          
1     00006420  _Comp2Regs                          
1     00006800  _EPwm1Regs                          
1     00006840  _EPwm2Regs                          
1     00006880  _EPwm3Regs                          
1     000068c0  _EPwm4Regs                          
1     00006a00  _ECap1Regs                          
1     00006f80  _GpioCtrlRegs                       
1     00006fc0  _GpioDataRegs                       
1     00006fe0  _GpioIntRegs                        
1     00007010  _SysCtrlRegs                        
1     00007040  _SpiaRegs                           
1     00007050  _SciaRegs                           
1     00007060  _NmiIntruptRegs                     
1     00007070  _XIntruptRegs                       
1     00007100  _AdcRegs                            
1     00007900  _I2caRegs                           
1     003d7fff  _PartIdRegs                         
1     003f7ff8  _CsmPwl                             
abs   00000020  _RamfuncsLoadSize                   
abs   00000300  __STACK_SIZE                        
abs   ffffffff  .text                               
abs   ffffffff  ___binit__                          
abs   ffffffff  ___c_args__                         
abs   ffffffff  ___etext__                          
abs   ffffffff  ___pinit__                          
abs   ffffffff  ___text__                           
abs   ffffffff  binit                               
abs   ffffffff  etext                               
abs   ffffffff  pinit                               

[263 symbols]
