<?xml version="1.0"?>
<link_info>
   <banner>TMS320C2000 Linker PC v6.2.10</banner>
   <copyright>Copyright (c) 1996-2014 Texas Instruments Incorporated</copyright>
   <link_time>0x54a3a2f6</link_time>
   <link_errors>0x0</link_errors>
   <output_file>C2000_ADC_6buttons.out</output_file>
   <entry_point>
      <name>_c_int00</name>
      <address>0x3f796d</address>
   </entry_point>
   <input_file_list>
      <input_file id="fl-2">
         <path>.\</path>
         <kind>object</kind>
         <file>AIO.obj</file>
         <name>AIO.obj</name>
      </input_file>
      <input_file id="fl-3">
         <path>.\</path>
         <kind>object</kind>
         <file>main.obj</file>
         <name>main.obj</name>
      </input_file>
      <input_file id="fl-4">
         <path>.\</path>
         <kind>object</kind>
         <file>nokia5110.obj</file>
         <name>nokia5110.obj</name>
      </input_file>
      <input_file id="fl-b">
         <path>C:\ti\controlSUITE\device_support\f2802x\v210\f2802x_common\lib\</path>
         <kind>archive</kind>
         <file>driverlib.lib</file>
         <name>wdog.obj</name>
      </input_file>
      <input_file id="fl-c">
         <path>C:\ti\controlSUITE\device_support\f2802x\v210\f2802x_common\lib\</path>
         <kind>archive</kind>
         <file>driverlib.lib</file>
         <name>timer.obj</name>
      </input_file>
      <input_file id="fl-d">
         <path>C:\ti\controlSUITE\device_support\f2802x\v210\f2802x_common\lib\</path>
         <kind>archive</kind>
         <file>driverlib.lib</file>
         <name>spi.obj</name>
      </input_file>
      <input_file id="fl-e">
         <path>C:\ti\controlSUITE\device_support\f2802x\v210\f2802x_common\lib\</path>
         <kind>archive</kind>
         <file>driverlib.lib</file>
         <name>pwm.obj</name>
      </input_file>
      <input_file id="fl-f">
         <path>C:\ti\controlSUITE\device_support\f2802x\v210\f2802x_common\lib\</path>
         <kind>archive</kind>
         <file>driverlib.lib</file>
         <name>pll.obj</name>
      </input_file>
      <input_file id="fl-10">
         <path>C:\ti\controlSUITE\device_support\f2802x\v210\f2802x_common\lib\</path>
         <kind>archive</kind>
         <file>driverlib.lib</file>
         <name>pie.obj</name>
      </input_file>
      <input_file id="fl-11">
         <path>C:\ti\controlSUITE\device_support\f2802x\v210\f2802x_common\lib\</path>
         <kind>archive</kind>
         <file>driverlib.lib</file>
         <name>gpio.obj</name>
      </input_file>
      <input_file id="fl-12">
         <path>C:\ti\controlSUITE\device_support\f2802x\v210\f2802x_common\lib\</path>
         <kind>archive</kind>
         <file>driverlib.lib</file>
         <name>flash.obj</name>
      </input_file>
      <input_file id="fl-13">
         <path>C:\ti\controlSUITE\device_support\f2802x\v210\f2802x_common\lib\</path>
         <kind>archive</kind>
         <file>driverlib.lib</file>
         <name>cpu.obj</name>
      </input_file>
      <input_file id="fl-14">
         <path>C:\ti\controlSUITE\device_support\f2802x\v210\f2802x_common\lib\</path>
         <kind>archive</kind>
         <file>driverlib.lib</file>
         <name>clk.obj</name>
      </input_file>
      <input_file id="fl-15">
         <path>C:\ti\controlSUITE\device_support\f2802x\v210\f2802x_common\lib\</path>
         <kind>archive</kind>
         <file>driverlib.lib</file>
         <name>adc.obj</name>
      </input_file>
      <input_file id="fl-16">
         <path>C:\ti\controlSUITE\device_support\f2802x\v210\f2802x_common\lib\</path>
         <kind>archive</kind>
         <file>driverlib.lib</file>
         <name>F2802x_asmfuncs.obj</name>
      </input_file>
      <input_file id="fl-17">
         <path>C:\ti\controlSUITE\device_support\f2802x\v210\f2802x_common\lib\</path>
         <kind>archive</kind>
         <file>driverlib.lib</file>
         <name>F2802x_GlobalVariableDefs.obj</name>
      </input_file>
      <input_file id="fl-18">
         <path>C:\ti\controlSUITE\device_support\f2802x\v210\f2802x_common\lib\</path>
         <kind>archive</kind>
         <file>driverlib.lib</file>
         <name>F2802x_DefaultIsr.obj</name>
      </input_file>
      <input_file id="fl-24">
         <path>c:\ti\ccsv6\tools\compiler\c2000_6.2.10\lib\</path>
         <kind>archive</kind>
         <file>rts2800_ml.lib</file>
         <name>boot.obj</name>
      </input_file>
      <input_file id="fl-25">
         <path>c:\ti\ccsv6\tools\compiler\c2000_6.2.10\lib\</path>
         <kind>archive</kind>
         <file>rts2800_ml.lib</file>
         <name>exit.obj</name>
      </input_file>
      <input_file id="fl-26">
         <path>c:\ti\ccsv6\tools\compiler\c2000_6.2.10\lib\</path>
         <kind>archive</kind>
         <file>rts2800_ml.lib</file>
         <name>fs_add.obj</name>
      </input_file>
      <input_file id="fl-27">
         <path>c:\ti\ccsv6\tools\compiler\c2000_6.2.10\lib\</path>
         <kind>archive</kind>
         <file>rts2800_ml.lib</file>
         <name>fs_cmp.obj</name>
      </input_file>
      <input_file id="fl-28">
         <path>c:\ti\ccsv6\tools\compiler\c2000_6.2.10\lib\</path>
         <kind>archive</kind>
         <file>rts2800_ml.lib</file>
         <name>fs_div.obj</name>
      </input_file>
      <input_file id="fl-29">
         <path>c:\ti\ccsv6\tools\compiler\c2000_6.2.10\lib\</path>
         <kind>archive</kind>
         <file>rts2800_ml.lib</file>
         <name>fs_mpy.obj</name>
      </input_file>
      <input_file id="fl-2a">
         <path>c:\ti\ccsv6\tools\compiler\c2000_6.2.10\lib\</path>
         <kind>archive</kind>
         <file>rts2800_ml.lib</file>
         <name>fs_neg.obj</name>
      </input_file>
      <input_file id="fl-2b">
         <path>c:\ti\ccsv6\tools\compiler\c2000_6.2.10\lib\</path>
         <kind>archive</kind>
         <file>rts2800_ml.lib</file>
         <name>fs_toi.obj</name>
      </input_file>
      <input_file id="fl-2c">
         <path>c:\ti\ccsv6\tools\compiler\c2000_6.2.10\lib\</path>
         <kind>archive</kind>
         <file>rts2800_ml.lib</file>
         <name>i_div.obj</name>
      </input_file>
      <input_file id="fl-2d">
         <path>c:\ti\ccsv6\tools\compiler\c2000_6.2.10\lib\</path>
         <kind>archive</kind>
         <file>rts2800_ml.lib</file>
         <name>i_tofs.obj</name>
      </input_file>
      <input_file id="fl-2e">
         <path>c:\ti\ccsv6\tools\compiler\c2000_6.2.10\lib\</path>
         <kind>archive</kind>
         <file>rts2800_ml.lib</file>
         <name>l_div.obj</name>
      </input_file>
      <input_file id="fl-2f">
         <path>c:\ti\ccsv6\tools\compiler\c2000_6.2.10\lib\</path>
         <kind>archive</kind>
         <file>rts2800_ml.lib</file>
         <name>memcpy_ff.obj</name>
      </input_file>
      <input_file id="fl-30">
         <path>c:\ti\ccsv6\tools\compiler\c2000_6.2.10\lib\</path>
         <kind>archive</kind>
         <file>rts2800_ml.lib</file>
         <name>u_div.obj</name>
      </input_file>
      <input_file id="fl-31">
         <path>c:\ti\ccsv6\tools\compiler\c2000_6.2.10\lib\</path>
         <kind>archive</kind>
         <file>rts2800_ml.lib</file>
         <name>u_tofs.obj</name>
      </input_file>
      <input_file id="fl-32">
         <path>c:\ti\ccsv6\tools\compiler\c2000_6.2.10\lib\</path>
         <kind>archive</kind>
         <file>rts2800_ml.lib</file>
         <name>_lock.obj</name>
      </input_file>
      <input_file id="fl-33">
         <path>c:\ti\ccsv6\tools\compiler\c2000_6.2.10\lib\</path>
         <kind>archive</kind>
         <file>rts2800_ml.lib</file>
         <name>args_main.obj</name>
      </input_file>
   </input_file_list>
   <object_component_list>
      <object_component id="oc-a2">
         <name>PieVectTableFile</name>
         <uninitialized>true</uninitialized>
         <run_address>0xd00</run_address>
         <size>0x100</size>
         <input_file_ref idref="fl-17"/>
      </object_component>
      <object_component id="oc-82">
         <name>EmuKeyVar</name>
         <uninitialized>true</uninitialized>
         <run_address>0xd00</run_address>
         <size>0x1</size>
         <input_file_ref idref="fl-17"/>
      </object_component>
      <object_component id="oc-84">
         <name>EmuBModeVar</name>
         <uninitialized>true</uninitialized>
         <run_address>0xd01</run_address>
         <size>0x1</size>
         <input_file_ref idref="fl-17"/>
      </object_component>
      <object_component id="oc-86">
         <name>FlashCallbackVar</name>
         <uninitialized>true</uninitialized>
         <run_address>0xd02</run_address>
         <size>0x2</size>
         <input_file_ref idref="fl-17"/>
      </object_component>
      <object_component id="oc-85">
         <name>FlashScalingVar</name>
         <uninitialized>true</uninitialized>
         <run_address>0xd04</run_address>
         <size>0x2</size>
         <input_file_ref idref="fl-17"/>
      </object_component>
      <object_component id="oc-88">
         <name>DevEmuRegsFile</name>
         <uninitialized>true</uninitialized>
         <run_address>0x880</run_address>
         <size>0x4</size>
         <input_file_ref idref="fl-17"/>
      </object_component>
      <object_component id="oc-87">
         <name>SysPwrCtrlRegsFile</name>
         <uninitialized>true</uninitialized>
         <run_address>0x985</run_address>
         <size>0x3</size>
         <input_file_ref idref="fl-17"/>
      </object_component>
      <object_component id="oc-89">
         <name>FlashRegsFile</name>
         <uninitialized>true</uninitialized>
         <run_address>0xa80</run_address>
         <size>0x8</size>
         <input_file_ref idref="fl-17"/>
      </object_component>
      <object_component id="oc-92">
         <name>CsmRegsFile</name>
         <uninitialized>true</uninitialized>
         <run_address>0xae0</run_address>
         <size>0x10</size>
         <input_file_ref idref="fl-17"/>
      </object_component>
      <object_component id="oc-9a">
         <name>AdcResultFile</name>
         <uninitialized>true</uninitialized>
         <run_address>0xb00</run_address>
         <size>0x20</size>
         <input_file_ref idref="fl-17"/>
      </object_component>
      <object_component id="oc-8a">
         <name>CpuTimer0RegsFile</name>
         <uninitialized>true</uninitialized>
         <run_address>0xc00</run_address>
         <size>0x8</size>
         <input_file_ref idref="fl-17"/>
      </object_component>
      <object_component id="oc-8b">
         <name>CpuTimer1RegsFile</name>
         <uninitialized>true</uninitialized>
         <run_address>0xc08</run_address>
         <size>0x8</size>
         <input_file_ref idref="fl-17"/>
      </object_component>
      <object_component id="oc-8c">
         <name>CpuTimer2RegsFile</name>
         <uninitialized>true</uninitialized>
         <run_address>0xc10</run_address>
         <size>0x8</size>
         <input_file_ref idref="fl-17"/>
      </object_component>
      <object_component id="oc-96">
         <name>PieCtrlRegsFile</name>
         <uninitialized>true</uninitialized>
         <run_address>0xce0</run_address>
         <size>0x1a</size>
         <input_file_ref idref="fl-17"/>
      </object_component>
      <object_component id="oc-99">
         <name>ECap1RegsFile</name>
         <uninitialized>true</uninitialized>
         <run_address>0x6a00</run_address>
         <size>0x20</size>
         <input_file_ref idref="fl-17"/>
      </object_component>
      <object_component id="oc-a0">
         <name>GpioCtrlRegsFile</name>
         <uninitialized>true</uninitialized>
         <run_address>0x6f80</run_address>
         <size>0x40</size>
         <input_file_ref idref="fl-17"/>
      </object_component>
      <object_component id="oc-98">
         <name>GpioDataRegsFile</name>
         <uninitialized>true</uninitialized>
         <run_address>0x6fc0</run_address>
         <size>0x20</size>
         <input_file_ref idref="fl-17"/>
      </object_component>
      <object_component id="oc-8e">
         <name>GpioIntRegsFile</name>
         <uninitialized>true</uninitialized>
         <run_address>0x6fe0</run_address>
         <size>0xa</size>
         <input_file_ref idref="fl-17"/>
      </object_component>
      <object_component id="oc-97">
         <name>SysCtrlRegsFile</name>
         <uninitialized>true</uninitialized>
         <run_address>0x7010</run_address>
         <size>0x1f</size>
         <input_file_ref idref="fl-17"/>
      </object_component>
      <object_component id="oc-8f">
         <name>SpiaRegsFile</name>
         <uninitialized>true</uninitialized>
         <run_address>0x7040</run_address>
         <size>0x10</size>
         <input_file_ref idref="fl-17"/>
      </object_component>
      <object_component id="oc-90">
         <name>SciaRegsFile</name>
         <uninitialized>true</uninitialized>
         <run_address>0x7050</run_address>
         <size>0x10</size>
         <input_file_ref idref="fl-17"/>
      </object_component>
      <object_component id="oc-91">
         <name>NmiIntruptRegsFile</name>
         <uninitialized>true</uninitialized>
         <run_address>0x7060</run_address>
         <size>0x10</size>
         <input_file_ref idref="fl-17"/>
      </object_component>
      <object_component id="oc-93">
         <name>XIntruptRegsFile</name>
         <uninitialized>true</uninitialized>
         <run_address>0x7070</run_address>
         <size>0x10</size>
         <input_file_ref idref="fl-17"/>
      </object_component>
      <object_component id="oc-a1">
         <name>AdcRegsFile</name>
         <uninitialized>true</uninitialized>
         <run_address>0x7100</run_address>
         <size>0x51</size>
         <input_file_ref idref="fl-17"/>
      </object_component>
      <object_component id="oc-9b">
         <name>I2caRegsFile</name>
         <uninitialized>true</uninitialized>
         <run_address>0x7900</run_address>
         <size>0x22</size>
         <input_file_ref idref="fl-17"/>
      </object_component>
      <object_component id="oc-95">
         <name>Comp1RegsFile</name>
         <uninitialized>true</uninitialized>
         <run_address>0x6400</run_address>
         <size>0x11</size>
         <input_file_ref idref="fl-17"/>
      </object_component>
      <object_component id="oc-94">
         <name>Comp2RegsFile</name>
         <uninitialized>true</uninitialized>
         <run_address>0x6420</run_address>
         <size>0x11</size>
         <input_file_ref idref="fl-17"/>
      </object_component>
      <object_component id="oc-9f">
         <name>EPwm1RegsFile</name>
         <uninitialized>true</uninitialized>
         <run_address>0x6800</run_address>
         <size>0x40</size>
         <input_file_ref idref="fl-17"/>
      </object_component>
      <object_component id="oc-9d">
         <name>EPwm2RegsFile</name>
         <uninitialized>true</uninitialized>
         <run_address>0x6840</run_address>
         <size>0x40</size>
         <input_file_ref idref="fl-17"/>
      </object_component>
      <object_component id="oc-9c">
         <name>EPwm3RegsFile</name>
         <uninitialized>true</uninitialized>
         <run_address>0x6880</run_address>
         <size>0x40</size>
         <input_file_ref idref="fl-17"/>
      </object_component>
      <object_component id="oc-9e">
         <name>EPwm4RegsFile</name>
         <uninitialized>true</uninitialized>
         <run_address>0x68c0</run_address>
         <size>0x40</size>
         <input_file_ref idref="fl-17"/>
      </object_component>
      <object_component id="oc-8d">
         <name>CsmPwlFile</name>
         <uninitialized>true</uninitialized>
         <run_address>0x3f7ff8</run_address>
         <size>0x8</size>
         <input_file_ref idref="fl-17"/>
      </object_component>
      <object_component id="oc-83">
         <name>PartIdRegsFile</name>
         <uninitialized>true</uninitialized>
         <run_address>0x3d7fff</run_address>
         <size>0x1</size>
         <input_file_ref idref="fl-17"/>
      </object_component>
      <object_component id="oc-7a">
         <name>codestart</name>
         <load_address>0x3f7ff6</load_address>
         <run_address>0x3f7ff6</run_address>
         <size>0x2</size>
         <input_file_ref idref="fl-16"/>
      </object_component>
      <object_component id="oc-150">
         <name>ramfuncs:_FLASH_setup</name>
         <load_address>0x3f7000</load_address>
         <run_address>0x50</run_address>
         <size>0xc</size>
         <input_file_ref idref="fl-12"/>
      </object_component>
      <object_component id="oc-164">
         <name>ramfuncs:_FLASH_enablePipelineMode</name>
         <load_address>0x3f700c</load_address>
         <run_address>0x5c</run_address>
         <size>0x6</size>
         <input_file_ref idref="fl-12"/>
      </object_component>
      <object_component id="oc-166">
         <name>ramfuncs:_FLASH_setActiveWaitCount</name>
         <load_address>0x3f7012</load_address>
         <run_address>0x62</run_address>
         <size>0x5</size>
         <input_file_ref idref="fl-12"/>
      </object_component>
      <object_component id="oc-165">
         <name>ramfuncs:_FLASH_setStandbyWaitCount</name>
         <load_address>0x3f7017</load_address>
         <run_address>0x67</run_address>
         <size>0x5</size>
         <input_file_ref idref="fl-12"/>
      </object_component>
      <object_component id="oc-7b">
         <name>ramfuncs</name>
         <load_address>0x3f701c</load_address>
         <run_address>0x6c</run_address>
         <size>0x4</size>
         <input_file_ref idref="fl-16"/>
      </object_component>
      <object_component id="oc-3b">
         <name>.cinit</name>
         <load_address>0x3f6548</load_address>
         <run_address>0x3f6548</run_address>
         <size>0x37</size>
         <input_file_ref idref="fl-3"/>
      </object_component>
      <object_component id="oc-47">
         <name>.cinit</name>
         <load_address>0x3f657f</load_address>
         <run_address>0x3f657f</run_address>
         <size>0x10</size>
         <input_file_ref idref="fl-4"/>
      </object_component>
      <object_component id="oc-e4">
         <name>.cinit</name>
         <load_address>0x3f658f</load_address>
         <run_address>0x3f658f</run_address>
         <size>0xa</size>
         <input_file_ref idref="fl-32"/>
      </object_component>
      <object_component id="oc-ae">
         <name>.cinit</name>
         <load_address>0x3f6599</load_address>
         <run_address>0x3f6599</run_address>
         <size>0xa</size>
         <input_file_ref idref="fl-25"/>
      </object_component>
      <object_component id="oc-144">
         <name>.text:_ADC_enableRefBuffers</name>
         <load_address>0x3f6000</load_address>
         <run_address>0x3f6000</run_address>
         <size>0xb</size>
         <input_file_ref idref="fl-15"/>
      </object_component>
      <object_component id="oc-145">
         <name>.text:_ADC_powerUp</name>
         <load_address>0x3f600b</load_address>
         <run_address>0x3f600b</run_address>
         <size>0xb</size>
         <input_file_ref idref="fl-15"/>
      </object_component>
      <object_component id="oc-142">
         <name>.text:_ADC_reset</name>
         <load_address>0x3f6016</load_address>
         <run_address>0x3f6016</run_address>
         <size>0xb</size>
         <input_file_ref idref="fl-15"/>
      </object_component>
      <object_component id="oc-12f">
         <name>.text:_GPIO_setExtInt</name>
         <load_address>0x3f6021</load_address>
         <run_address>0x3f6021</run_address>
         <size>0xb</size>
         <input_file_ref idref="fl-11"/>
      </object_component>
      <object_component id="oc-f2">
         <name>.text:_PIE_disableInt</name>
         <load_address>0x3f602c</load_address>
         <run_address>0x3f602c</run_address>
         <size>0xb</size>
         <input_file_ref idref="fl-10"/>
      </object_component>
      <object_component id="oc-db">
         <name>.text</name>
         <load_address>0x3f6037</load_address>
         <run_address>0x3f6037</run_address>
         <size>0xb</size>
         <input_file_ref idref="fl-30"/>
      </object_component>
      <object_component id="oc-f5">
         <name>.text:_PIE_enableInt</name>
         <load_address>0x3f6042</load_address>
         <run_address>0x3f6042</run_address>
         <size>0xa</size>
         <input_file_ref idref="fl-10"/>
      </object_component>
      <object_component id="oc-158">
         <name>.text:_CLK_enablePwmClock</name>
         <load_address>0x3f604c</load_address>
         <run_address>0x3f604c</run_address>
         <size>0x9</size>
         <input_file_ref idref="fl-14"/>
      </object_component>
      <object_component id="oc-163">
         <name>.text:_PWM_setActionQual_CntDown_CmpA_PwmA</name>
         <load_address>0x3f6055</load_address>
         <run_address>0x3f6055</run_address>
         <size>0x9</size>
         <input_file_ref idref="fl-e"/>
      </object_component>
      <object_component id="oc-162">
         <name>.text:_PWM_setActionQual_CntUp_CmpA_PwmA</name>
         <load_address>0x3f605e</load_address>
         <run_address>0x3f605e</run_address>
         <size>0x9</size>
         <input_file_ref idref="fl-e"/>
      </object_component>
      <object_component id="oc-f6">
         <name>.text</name>
         <load_address>0x3f6067</load_address>
         <run_address>0x3f6067</run_address>
         <size>0x9</size>
         <input_file_ref idref="fl-32"/>
      </object_component>
      <object_component id="oc-103">
         <name>.text:_PIE_init</name>
         <load_address>0x3f6070</load_address>
         <run_address>0x3f6070</run_address>
         <size>0x8</size>
         <input_file_ref idref="fl-10"/>
      </object_component>
      <object_component id="oc-108">
         <name>.text:_WDOG_disable</name>
         <load_address>0x3f6078</load_address>
         <run_address>0x3f6078</run_address>
         <size>0x8</size>
         <input_file_ref idref="fl-b"/>
      </object_component>
      <object_component id="oc-10a">
         <name>.text:_CLK_disableAdcClock</name>
         <load_address>0x3f6080</load_address>
         <run_address>0x3f6080</run_address>
         <size>0x7</size>
         <input_file_ref idref="fl-14"/>
      </object_component>
      <object_component id="oc-114">
         <name>.text:_CLK_disableTbClockSync</name>
         <load_address>0x3f6087</load_address>
         <run_address>0x3f6087</run_address>
         <size>0x7</size>
         <input_file_ref idref="fl-14"/>
      </object_component>
      <object_component id="oc-109">
         <name>.text:_CLK_enableAdcClock</name>
         <load_address>0x3f608e</load_address>
         <run_address>0x3f608e</run_address>
         <size>0x7</size>
         <input_file_ref idref="fl-14"/>
      </object_component>
      <object_component id="oc-134">
         <name>.text:_CLK_enableSpiaClock</name>
         <load_address>0x3f6095</load_address>
         <run_address>0x3f6095</run_address>
         <size>0x7</size>
         <input_file_ref idref="fl-14"/>
      </object_component>
      <object_component id="oc-116">
         <name>.text:_CLK_enableTbClockSync</name>
         <load_address>0x3f609c</load_address>
         <run_address>0x3f609c</run_address>
         <size>0x7</size>
         <input_file_ref idref="fl-14"/>
      </object_component>
      <object_component id="oc-ff">
         <name>.text:_CLK_init</name>
         <load_address>0x3f60a3</load_address>
         <run_address>0x3f60a3</run_address>
         <size>0x7</size>
         <input_file_ref idref="fl-14"/>
      </object_component>
      <object_component id="oc-10b">
         <name>.text:_CLK_setOscSrc</name>
         <load_address>0x3f60aa</load_address>
         <run_address>0x3f60aa</run_address>
         <size>0x7</size>
         <input_file_ref idref="fl-14"/>
      </object_component>
      <object_component id="oc-101">
         <name>.text:_FLASH_init</name>
         <load_address>0x3f60b1</load_address>
         <run_address>0x3f60b1</run_address>
         <size>0x7</size>
         <input_file_ref idref="fl-12"/>
      </object_component>
      <object_component id="oc-102">
         <name>.text:_GPIO_init</name>
         <load_address>0x3f60b8</load_address>
         <run_address>0x3f60b8</run_address>
         <size>0x7</size>
         <input_file_ref idref="fl-11"/>
      </object_component>
      <object_component id="oc-104">
         <name>.text:_PLL_init</name>
         <load_address>0x3f60bf</load_address>
         <run_address>0x3f60bf</run_address>
         <size>0x7</size>
         <input_file_ref idref="fl-f"/>
      </object_component>
      <object_component id="oc-126">
         <name>.text:_PLL_setDivider</name>
         <load_address>0x3f60c6</load_address>
         <run_address>0x3f60c6</run_address>
         <size>0x7</size>
         <input_file_ref idref="fl-f"/>
      </object_component>
      <object_component id="oc-fd">
         <name>.text:_PWM_init</name>
         <load_address>0x3f60cd</load_address>
         <run_address>0x3f60cd</run_address>
         <size>0x7</size>
         <input_file_ref idref="fl-e"/>
      </object_component>
      <object_component id="oc-106">
         <name>.text:_SPI_init</name>
         <load_address>0x3f60d4</load_address>
         <run_address>0x3f60d4</run_address>
         <size>0x7</size>
         <input_file_ref idref="fl-d"/>
      </object_component>
      <object_component id="oc-13f">
         <name>.text:_SPI_setPriority</name>
         <load_address>0x3f60db</load_address>
         <run_address>0x3f60db</run_address>
         <size>0x7</size>
         <input_file_ref idref="fl-d"/>
      </object_component>
      <object_component id="oc-107">
         <name>.text:_TIMER_init</name>
         <load_address>0x3f60e2</load_address>
         <run_address>0x3f60e2</run_address>
         <size>0x7</size>
         <input_file_ref idref="fl-c"/>
      </object_component>
      <object_component id="oc-155">
         <name>.text:_TIMER_setEmulationMode</name>
         <load_address>0x3f60e9</load_address>
         <run_address>0x3f60e9</run_address>
         <size>0x7</size>
         <input_file_ref idref="fl-c"/>
      </object_component>
      <object_component id="oc-105">
         <name>.text:_WDOG_init</name>
         <load_address>0x3f60f0</load_address>
         <run_address>0x3f60f0</run_address>
         <size>0x7</size>
         <input_file_ref idref="fl-b"/>
      </object_component>
      <object_component id="oc-127">
         <name>.text:_PLL_setMultiplier</name>
         <load_address>0x3f60f7</load_address>
         <run_address>0x3f60f7</run_address>
         <size>0x6</size>
         <input_file_ref idref="fl-f"/>
      </object_component>
      <object_component id="oc-160">
         <name>.text:_PWM_setShadowMode_CmpA</name>
         <load_address>0x3f60fd</load_address>
         <run_address>0x3f60fd</run_address>
         <size>0x6</size>
         <input_file_ref idref="fl-e"/>
      </object_component>
      <object_component id="oc-ef">
         <name>.text:_clearSome</name>
         <load_address>0x3f6103</load_address>
         <run_address>0x3f6103</run_address>
         <size>0x6</size>
         <input_file_ref idref="fl-4"/>
      </object_component>
      <object_component id="oc-c3">
         <name>.text</name>
         <load_address>0x3f6109</load_address>
         <run_address>0x3f6109</run_address>
         <size>0x5</size>
         <input_file_ref idref="fl-2a"/>
      </object_component>
      <object_component id="oc-133">
         <name>.text:_CPU_enableInt</name>
         <load_address>0x3f610e</load_address>
         <run_address>0x3f610e</run_address>
         <size>0x4</size>
         <input_file_ref idref="fl-13"/>
      </object_component>
      <object_component id="oc-100">
         <name>.text:_CPU_init</name>
         <load_address>0x3f6112</load_address>
         <run_address>0x3f6112</run_address>
         <size>0x4</size>
         <input_file_ref idref="fl-13"/>
      </object_component>
      <object_component id="oc-15f">
         <name>.text:_PWM_setClkDiv</name>
         <load_address>0x3f6116</load_address>
         <run_address>0x3f6116</run_address>
         <size>0x4</size>
         <input_file_ref idref="fl-e"/>
      </object_component>
      <object_component id="oc-15c">
         <name>.text:_PWM_setCounterMode</name>
         <load_address>0x3f611a</load_address>
         <run_address>0x3f611a</run_address>
         <size>0x4</size>
         <input_file_ref idref="fl-e"/>
      </object_component>
      <object_component id="oc-15e">
         <name>.text:_PWM_setHighSpeedClkDiv</name>
         <load_address>0x3f611e</load_address>
         <run_address>0x3f611e</run_address>
         <size>0x4</size>
         <input_file_ref idref="fl-e"/>
      </object_component>
      <object_component id="oc-161">
         <name>.text:_PWM_setLoadMode_CmpA</name>
         <load_address>0x3f6122</load_address>
         <run_address>0x3f6122</run_address>
         <size>0x4</size>
         <input_file_ref idref="fl-e"/>
      </object_component>
      <object_component id="oc-137">
         <name>.text:_SPI_enableChannels</name>
         <load_address>0x3f6126</load_address>
         <run_address>0x3f6126</run_address>
         <size>0x4</size>
         <input_file_ref idref="fl-d"/>
      </object_component>
      <object_component id="oc-13a">
         <name>.text:_SPI_setCharLength</name>
         <load_address>0x3f612a</load_address>
         <run_address>0x3f612a</run_address>
         <size>0x4</size>
         <input_file_ref idref="fl-d"/>
      </object_component>
      <object_component id="oc-13c">
         <name>.text:_SPI_setClkPolarity</name>
         <load_address>0x3f612e</load_address>
         <run_address>0x3f612e</run_address>
         <size>0x4</size>
         <input_file_ref idref="fl-d"/>
      </object_component>
      <object_component id="oc-119">
         <name>.text:_CPU_clearIntFlags</name>
         <load_address>0x3f6132</load_address>
         <run_address>0x3f6132</run_address>
         <size>0x3</size>
         <input_file_ref idref="fl-13"/>
      </object_component>
      <object_component id="oc-118">
         <name>.text:_CPU_disableGlobalInts</name>
         <load_address>0x3f6135</load_address>
         <run_address>0x3f6135</run_address>
         <size>0x3</size>
         <input_file_ref idref="fl-13"/>
      </object_component>
      <object_component id="oc-11a">
         <name>.text:_CPU_enableGlobalInts</name>
         <load_address>0x3f6138</load_address>
         <run_address>0x3f6138</run_address>
         <size>0x3</size>
         <input_file_ref idref="fl-13"/>
      </object_component>
      <object_component id="oc-117">
         <name>.text:_PIE_enable</name>
         <load_address>0x3f613b</load_address>
         <run_address>0x3f613b</run_address>
         <size>0x3</size>
         <input_file_ref idref="fl-10"/>
      </object_component>
      <object_component id="oc-157">
         <name>.text:_PIE_enableTimer0Int</name>
         <load_address>0x3f613e</load_address>
         <run_address>0x3f613e</run_address>
         <size>0x3</size>
         <input_file_ref idref="fl-10"/>
      </object_component>
      <object_component id="oc-125">
         <name>.text:_PLL_getClkStatus</name>
         <load_address>0x3f6141</load_address>
         <run_address>0x3f6141</run_address>
         <size>0x3</size>
         <input_file_ref idref="fl-f"/>
      </object_component>
      <object_component id="oc-128">
         <name>.text:_PLL_getLockStatus</name>
         <load_address>0x3f6144</load_address>
         <run_address>0x3f6144</run_address>
         <size>0x3</size>
         <input_file_ref idref="fl-f"/>
      </object_component>
      <object_component id="oc-15d">
         <name>.text:_PWM_disableCounterLoad</name>
         <load_address>0x3f6147</load_address>
         <run_address>0x3f6147</run_address>
         <size>0x3</size>
         <input_file_ref idref="fl-e"/>
      </object_component>
      <object_component id="oc-136">
         <name>.text:_SPI_enable</name>
         <load_address>0x3f614a</load_address>
         <run_address>0x3f614a</run_address>
         <size>0x3</size>
         <input_file_ref idref="fl-d"/>
      </object_component>
      <object_component id="oc-13d">
         <name>.text:_SPI_enableInt</name>
         <load_address>0x3f614d</load_address>
         <run_address>0x3f614d</run_address>
         <size>0x3</size>
         <input_file_ref idref="fl-d"/>
      </object_component>
      <object_component id="oc-139">
         <name>.text:_SPI_enableTx</name>
         <load_address>0x3f6150</load_address>
         <run_address>0x3f6150</run_address>
         <size>0x3</size>
         <input_file_ref idref="fl-d"/>
      </object_component>
      <object_component id="oc-135">
         <name>.text:_SPI_reset</name>
         <load_address>0x3f6153</load_address>
         <run_address>0x3f6153</run_address>
         <size>0x3</size>
         <input_file_ref idref="fl-d"/>
      </object_component>
      <object_component id="oc-156">
         <name>.text:_TIMER_enableInt</name>
         <load_address>0x3f6156</load_address>
         <run_address>0x3f6156</run_address>
         <size>0x3</size>
         <input_file_ref idref="fl-c"/>
      </object_component>
      <object_component id="oc-154">
         <name>.text:_TIMER_reload</name>
         <load_address>0x3f6159</load_address>
         <run_address>0x3f6159</run_address>
         <size>0x3</size>
         <input_file_ref idref="fl-c"/>
      </object_component>
      <object_component id="oc-11b">
         <name>.text:_TIMER_start</name>
         <load_address>0x3f615c</load_address>
         <run_address>0x3f615c</run_address>
         <size>0x3</size>
         <input_file_ref idref="fl-c"/>
      </object_component>
      <object_component id="oc-151">
         <name>.text:_TIMER_stop</name>
         <load_address>0x3f615f</load_address>
         <run_address>0x3f615f</run_address>
         <size>0x3</size>
         <input_file_ref idref="fl-c"/>
      </object_component>
      <object_component id="oc-15b">
         <name>.text:_PWM_setCount</name>
         <load_address>0x3f6162</load_address>
         <run_address>0x3f6162</run_address>
         <size>0x2</size>
         <input_file_ref idref="fl-e"/>
      </object_component>
      <object_component id="oc-159">
         <name>.text:_PWM_setPeriod</name>
         <load_address>0x3f6164</load_address>
         <run_address>0x3f6164</run_address>
         <size>0x2</size>
         <input_file_ref idref="fl-e"/>
      </object_component>
      <object_component id="oc-15a">
         <name>.text:_PWM_setPhase</name>
         <load_address>0x3f6166</load_address>
         <run_address>0x3f6166</run_address>
         <size>0x2</size>
         <input_file_ref idref="fl-e"/>
      </object_component>
      <object_component id="oc-13e">
         <name>.text:_SPI_setBaudRate</name>
         <load_address>0x3f6168</load_address>
         <run_address>0x3f6168</run_address>
         <size>0x2</size>
         <input_file_ref idref="fl-d"/>
      </object_component>
      <object_component id="oc-13b">
         <name>.text:_SPI_setClkPhase</name>
         <load_address>0x3f616a</load_address>
         <run_address>0x3f616a</run_address>
         <size>0x2</size>
         <input_file_ref idref="fl-d"/>
      </object_component>
      <object_component id="oc-138">
         <name>.text:_SPI_setMode</name>
         <load_address>0x3f616c</load_address>
         <run_address>0x3f616c</run_address>
         <size>0x2</size>
         <input_file_ref idref="fl-d"/>
      </object_component>
      <object_component id="oc-152">
         <name>.text:_TIMER_setPeriod</name>
         <load_address>0x3f616e</load_address>
         <run_address>0x3f616e</run_address>
         <size>0x2</size>
         <input_file_ref idref="fl-c"/>
      </object_component>
      <object_component id="oc-f7">
         <name>.text:_main</name>
         <load_address>0x3f7020</load_address>
         <run_address>0x3f7020</run_address>
         <size>0x1c2</size>
         <input_file_ref idref="fl-3"/>
      </object_component>
      <object_component id="oc-10e">
         <name>.text:_gpio_init</name>
         <load_address>0x3f71e2</load_address>
         <run_address>0x3f71e2</run_address>
         <size>0x19d</size>
         <input_file_ref idref="fl-3"/>
      </object_component>
      <object_component id="oc-3e">
         <name>.text:_adc_Isr</name>
         <load_address>0x3f737f</load_address>
         <run_address>0x3f737f</run_address>
         <size>0xf6</size>
         <input_file_ref idref="fl-3"/>
      </object_component>
      <object_component id="oc-112">
         <name>.text:_adc_init</name>
         <load_address>0x3f7475</load_address>
         <run_address>0x3f7475</run_address>
         <size>0x9a</size>
         <input_file_ref idref="fl-3"/>
      </object_component>
      <object_component id="oc-110">
         <name>.text:_spi_init</name>
         <load_address>0x3f750f</load_address>
         <run_address>0x3f750f</run_address>
         <size>0x98</size>
         <input_file_ref idref="fl-3"/>
      </object_component>
      <object_component id="oc-120">
         <name>.text:_ftoa</name>
         <load_address>0x3f75a7</load_address>
         <run_address>0x3f75a7</run_address>
         <size>0x8d</size>
         <input_file_ref idref="fl-3"/>
      </object_component>
      <object_component id="oc-bb">
         <name>.text</name>
         <load_address>0x3f7634</load_address>
         <run_address>0x3f7634</run_address>
         <size>0x83</size>
         <input_file_ref idref="fl-28"/>
      </object_component>
      <object_component id="oc-b3">
         <name>.text</name>
         <load_address>0x3f76b7</load_address>
         <run_address>0x3f76b7</run_address>
         <size>0x78</size>
         <input_file_ref idref="fl-26"/>
      </object_component>
      <object_component id="oc-f1">
         <name>.text:_drawFilledCircle</name>
         <load_address>0x3f772f</load_address>
         <run_address>0x3f772f</run_address>
         <size>0x6e</size>
         <input_file_ref idref="fl-4"/>
      </object_component>
      <object_component id="oc-fb">
         <name>.text:_drawLine</name>
         <load_address>0x3f779d</load_address>
         <run_address>0x3f779d</run_address>
         <size>0x6c</size>
         <input_file_ref idref="fl-4"/>
      </object_component>
      <object_component id="oc-fa">
         <name>.text:_writeChar</name>
         <load_address>0x3f7809</load_address>
         <run_address>0x3f7809</run_address>
         <size>0x61</size>
         <input_file_ref idref="fl-4"/>
      </object_component>
      <object_component id="oc-115">
         <name>.text:_epwm_init</name>
         <load_address>0x3f786a</load_address>
         <run_address>0x3f786a</run_address>
         <size>0x60</size>
         <input_file_ref idref="fl-3"/>
      </object_component>
      <object_component id="oc-bf">
         <name>.text</name>
         <load_address>0x3f78ca</load_address>
         <run_address>0x3f78ca</run_address>
         <size>0x5a</size>
         <input_file_ref idref="fl-29"/>
      </object_component>
      <object_component id="oc-129">
         <name>.text:_GPIO_setMode</name>
         <load_address>0x3f7924</load_address>
         <run_address>0x3f7924</run_address>
         <size>0x49</size>
         <input_file_ref idref="fl-11"/>
      </object_component>
      <object_component id="oc-35">
         <name>.text</name>
         <load_address>0x3f796d</load_address>
         <run_address>0x3f796d</run_address>
         <size>0x44</size>
         <input_file_ref idref="fl-24"/>
      </object_component>
      <object_component id="oc-111">
         <name>.text:_nokia_init</name>
         <load_address>0x3f79b1</load_address>
         <run_address>0x3f79b1</run_address>
         <size>0x3e</size>
         <input_file_ref idref="fl-4"/>
      </object_component>
      <object_component id="oc-124">
         <name>.text:_setPixel</name>
         <load_address>0x3f79ef</load_address>
         <run_address>0x3f79ef</run_address>
         <size>0x3b</size>
         <input_file_ref idref="fl-4"/>
      </object_component>
      <object_component id="oc-11e">
         <name>.text:_itoa</name>
         <load_address>0x3f7a2a</load_address>
         <run_address>0x3f7a2a</run_address>
         <size>0x37</size>
         <input_file_ref idref="fl-3"/>
      </object_component>
      <object_component id="oc-12a">
         <name>.text:_GPIO_setDirection</name>
         <load_address>0x3f7a61</load_address>
         <run_address>0x3f7a61</run_address>
         <size>0x34</size>
         <input_file_ref idref="fl-11"/>
      </object_component>
      <object_component id="oc-12b">
         <name>.text:_GPIO_setPullUp</name>
         <load_address>0x3f7a95</load_address>
         <run_address>0x3f7a95</run_address>
         <size>0x34</size>
         <input_file_ref idref="fl-11"/>
      </object_component>
      <object_component id="oc-113">
         <name>.text:_timer0_init</name>
         <load_address>0x3f7ac9</load_address>
         <run_address>0x3f7ac9</run_address>
         <size>0x33</size>
         <input_file_ref idref="fl-3"/>
      </object_component>
      <object_component id="oc-40">
         <name>.text:_xint1_isr</name>
         <load_address>0x3f7afc</load_address>
         <run_address>0x3f7afc</run_address>
         <size>0x30</size>
         <input_file_ref idref="fl-3"/>
      </object_component>
      <object_component id="oc-41">
         <name>.text:_xint2_isr</name>
         <load_address>0x3f7b2c</load_address>
         <run_address>0x3f7b2c</run_address>
         <size>0x30</size>
         <input_file_ref idref="fl-3"/>
      </object_component>
      <object_component id="oc-12d">
         <name>.text:_GPIO_setQualification</name>
         <load_address>0x3f7b5c</load_address>
         <run_address>0x3f7b5c</run_address>
         <size>0x2b</size>
         <input_file_ref idref="fl-11"/>
      </object_component>
      <object_component id="oc-d3">
         <name>.text</name>
         <load_address>0x3f7b87</load_address>
         <run_address>0x3f7b87</run_address>
         <size>0x2a</size>
         <input_file_ref idref="fl-2e"/>
      </object_component>
      <object_component id="oc-141">
         <name>.text:_clear</name>
         <load_address>0x3f7bb1</load_address>
         <run_address>0x3f7bb1</run_address>
         <size>0x29</size>
         <input_file_ref idref="fl-4"/>
      </object_component>
      <object_component id="oc-c7">
         <name>.text</name>
         <load_address>0x3f7bda</load_address>
         <run_address>0x3f7bda</run_address>
         <size>0x25</size>
         <input_file_ref idref="fl-2b"/>
      </object_component>
      <object_component id="oc-14e">
         <name>.text:_ADC_setIntMode</name>
         <load_address>0x3f7bff</load_address>
         <run_address>0x3f7bff</run_address>
         <size>0x24</size>
         <input_file_ref idref="fl-15"/>
      </object_component>
      <object_component id="oc-14a">
         <name>.text:_ADC_setIntSrc</name>
         <load_address>0x3f7c23</load_address>
         <run_address>0x3f7c23</run_address>
         <size>0x24</size>
         <input_file_ref idref="fl-15"/>
      </object_component>
      <object_component id="oc-12e">
         <name>.text:_GPIO_setQualificationPeriod</name>
         <load_address>0x3f7c47</load_address>
         <run_address>0x3f7c47</run_address>
         <size>0x23</size>
         <input_file_ref idref="fl-11"/>
      </object_component>
      <object_component id="oc-132">
         <name>.text:_PIE_enableExtInt</name>
         <load_address>0x3f7c6a</load_address>
         <run_address>0x3f7c6a</run_address>
         <size>0x23</size>
         <input_file_ref idref="fl-10"/>
      </object_component>
      <object_component id="oc-cb">
         <name>.text</name>
         <load_address>0x3f7c8d</load_address>
         <run_address>0x3f7c8d</run_address>
         <size>0x22</size>
         <input_file_ref idref="fl-2c"/>
      </object_component>
      <object_component id="oc-10d">
         <name>.text</name>
         <load_address>0x3f7caf</load_address>
         <run_address>0x3f7caf</run_address>
         <size>0x21</size>
         <input_file_ref idref="fl-2f"/>
      </object_component>
      <object_component id="oc-f3">
         <name>.text:_encUpdate</name>
         <load_address>0x3f7cd0</load_address>
         <run_address>0x3f7cd0</run_address>
         <size>0x1d</size>
         <input_file_ref idref="fl-3"/>
      </object_component>
      <object_component id="oc-11f">
         <name>.text:_figureFreq</name>
         <load_address>0x3f7ced</load_address>
         <run_address>0x3f7ced</run_address>
         <size>0x1d</size>
         <input_file_ref idref="fl-3"/>
      </object_component>
      <object_component id="oc-14c">
         <name>.text:_ADC_setSocChanNumber</name>
         <load_address>0x3f7d0a</load_address>
         <run_address>0x3f7d0a</run_address>
         <size>0x1c</size>
         <input_file_ref idref="fl-15"/>
      </object_component>
      <object_component id="oc-14d">
         <name>.text:_ADC_setSocSampleWindow</name>
         <load_address>0x3f7d26</load_address>
         <run_address>0x3f7d26</run_address>
         <size>0x1c</size>
         <input_file_ref idref="fl-15"/>
      </object_component>
      <object_component id="oc-14b">
         <name>.text:_ADC_setSocTrigSrc</name>
         <load_address>0x3f7d42</load_address>
         <run_address>0x3f7d42</run_address>
         <size>0x1c</size>
         <input_file_ref idref="fl-15"/>
      </object_component>
      <object_component id="oc-f8">
         <name>.text:_drawFilledRectangle</name>
         <load_address>0x3f7d5e</load_address>
         <run_address>0x3f7d5e</run_address>
         <size>0x1a</size>
         <input_file_ref idref="fl-4"/>
      </object_component>
      <object_component id="oc-f9">
         <name>.text:_gotoXY</name>
         <load_address>0x3f7d78</load_address>
         <run_address>0x3f7d78</run_address>
         <size>0x1a</size>
         <input_file_ref idref="fl-4"/>
      </object_component>
      <object_component id="oc-11d">
         <name>.text:_update_compare</name>
         <load_address>0x3f7d92</load_address>
         <run_address>0x3f7d92</run_address>
         <size>0x1a</size>
         <input_file_ref idref="fl-3"/>
      </object_component>
      <object_component id="oc-cf">
         <name>.text</name>
         <load_address>0x3f7dac</load_address>
         <run_address>0x3f7dac</run_address>
         <size>0x1a</size>
         <input_file_ref idref="fl-2d"/>
      </object_component>
      <object_component id="oc-130">
         <name>.text:_PIE_setExtIntPolarity</name>
         <load_address>0x3f7dc6</load_address>
         <run_address>0x3f7dc6</run_address>
         <size>0x19</size>
         <input_file_ref idref="fl-10"/>
      </object_component>
      <object_component id="oc-ed">
         <name>.text</name>
         <load_address>0x3f7ddf</load_address>
         <run_address>0x3f7ddf</run_address>
         <size>0x19</size>
         <input_file_ref idref="fl-33"/>
      </object_component>
      <object_component id="oc-ee">
         <name>.text</name>
         <load_address>0x3f7df8</load_address>
         <run_address>0x3f7df8</run_address>
         <size>0x19</size>
         <input_file_ref idref="fl-25"/>
      </object_component>
      <object_component id="oc-149">
         <name>.text:_ADC_enableInt</name>
         <load_address>0x3f7e11</load_address>
         <run_address>0x3f7e11</run_address>
         <size>0x18</size>
         <input_file_ref idref="fl-15"/>
      </object_component>
      <object_component id="oc-b7">
         <name>.text</name>
         <load_address>0x3f7e29</load_address>
         <run_address>0x3f7e29</run_address>
         <size>0x17</size>
         <input_file_ref idref="fl-27"/>
      </object_component>
      <object_component id="oc-10c">
         <name>.text:_PLL_setup</name>
         <load_address>0x3f7e40</load_address>
         <run_address>0x3f7e40</run_address>
         <size>0x15</size>
         <input_file_ref idref="fl-f"/>
      </object_component>
      <object_component id="oc-140">
         <name>.text:_GPIO_setHigh</name>
         <load_address>0x3f7e55</load_address>
         <run_address>0x3f7e55</run_address>
         <size>0x13</size>
         <input_file_ref idref="fl-11"/>
      </object_component>
      <object_component id="oc-12c">
         <name>.text:_GPIO_setLow</name>
         <load_address>0x3f7e68</load_address>
         <run_address>0x3f7e68</run_address>
         <size>0x13</size>
         <input_file_ref idref="fl-11"/>
      </object_component>
      <object_component id="oc-f4">
         <name>.text:_GPIO_toggle</name>
         <load_address>0x3f7e7b</load_address>
         <run_address>0x3f7e7b</run_address>
         <size>0x13</size>
         <input_file_ref idref="fl-11"/>
      </object_component>
      <object_component id="oc-153">
         <name>.text:_TIMER_setPreScaler</name>
         <load_address>0x3f7e8e</load_address>
         <run_address>0x3f7e8e</run_address>
         <size>0x13</size>
         <input_file_ref idref="fl-c"/>
      </object_component>
      <object_component id="oc-148">
         <name>.text:_ADC_setIntPulseGenMode</name>
         <load_address>0x3f7ea1</load_address>
         <run_address>0x3f7ea1</run_address>
         <size>0x12</size>
         <input_file_ref idref="fl-15"/>
      </object_component>
      <object_component id="oc-147">
         <name>.text:_ADC_setVoltRefSrc</name>
         <load_address>0x3f7eb3</load_address>
         <run_address>0x3f7eb3</run_address>
         <size>0x12</size>
         <input_file_ref idref="fl-15"/>
      </object_component>
      <object_component id="oc-14f">
         <name>.text:_PIE_enableAdcInt</name>
         <load_address>0x3f7ec5</load_address>
         <run_address>0x3f7ec5</run_address>
         <size>0x12</size>
         <input_file_ref idref="fl-10"/>
      </object_component>
      <object_component id="oc-79">
         <name>.text</name>
         <load_address>0x3f7ed7</load_address>
         <run_address>0x3f7ed7</run_address>
         <size>0x12</size>
         <input_file_ref idref="fl-16"/>
      </object_component>
      <object_component id="oc-121">
         <name>.text:_writeCommand</name>
         <load_address>0x3f7ee9</load_address>
         <run_address>0x3f7ee9</run_address>
         <size>0x11</size>
         <input_file_ref idref="fl-4"/>
      </object_component>
      <object_component id="oc-123">
         <name>.text:_writeData</name>
         <load_address>0x3f7efa</load_address>
         <run_address>0x3f7efa</run_address>
         <size>0x11</size>
         <input_file_ref idref="fl-4"/>
      </object_component>
      <object_component id="oc-3d">
         <name>.text:_timer0_isr</name>
         <load_address>0x3f7f0b</load_address>
         <run_address>0x3f7f0b</run_address>
         <size>0x10</size>
         <input_file_ref idref="fl-3"/>
      </object_component>
      <object_component id="oc-df">
         <name>.text</name>
         <load_address>0x3f7f1b</load_address>
         <run_address>0x3f7f1b</run_address>
         <size>0x10</size>
         <input_file_ref idref="fl-31"/>
      </object_component>
      <object_component id="oc-131">
         <name>.text:_PIE_registerPieIntHandler</name>
         <load_address>0x3f7f2b</load_address>
         <run_address>0x3f7f2b</run_address>
         <size>0xf</size>
         <input_file_ref idref="fl-10"/>
      </object_component>
      <object_component id="oc-10f">
         <name>.text:_AIO_init</name>
         <load_address>0x3f7f3a</load_address>
         <run_address>0x3f7f3a</run_address>
         <size>0xe</size>
         <input_file_ref idref="fl-2"/>
      </object_component>
      <object_component id="oc-3f">
         <name>.text:_spiRxFifoIsr</name>
         <load_address>0x3f7f48</load_address>
         <run_address>0x3f7f48</run_address>
         <size>0xe</size>
         <input_file_ref idref="fl-3"/>
      </object_component>
      <object_component id="oc-f0">
         <name>.text:_writeString</name>
         <load_address>0x3f7f56</load_address>
         <run_address>0x3f7f56</run_address>
         <size>0xc</size>
         <input_file_ref idref="fl-4"/>
      </object_component>
      <object_component id="oc-146">
         <name>.text:_ADC_enable</name>
         <load_address>0x3f7f62</load_address>
         <run_address>0x3f7f62</run_address>
         <size>0xb</size>
         <input_file_ref idref="fl-15"/>
      </object_component>
      <object_component id="oc-143">
         <name>.text:_ADC_enableBandGap</name>
         <load_address>0x3f7f6d</load_address>
         <run_address>0x3f7f6d</run_address>
         <size>0xb</size>
         <input_file_ref idref="fl-15"/>
      </object_component>
      <object_component id="oc-fe">
         <name>.text:_ADC_init</name>
         <load_address>0x3f7f78</load_address>
         <run_address>0x3f7f78</run_address>
         <size>0x8</size>
         <input_file_ref idref="fl-15"/>
      </object_component>
      <object_component id="oc-7c">
         <name>csmpasswds</name>
         <load_address>0x3f7ff8</load_address>
         <run_address>0x3f7ff8</run_address>
         <size>0x8</size>
         <input_file_ref idref="fl-16"/>
      </object_component>
      <object_component id="oc-7d">
         <name>csm_rsvd</name>
         <load_address>0x3f7f80</load_address>
         <run_address>0x3f7f80</run_address>
         <size>0x76</size>
         <input_file_ref idref="fl-16"/>
      </object_component>
      <object_component id="oc-a8">
         <name>.stack</name>
         <uninitialized>true</uninitialized>
         <run_address>0x400</run_address>
         <size>0x0</size>
         <input_file_ref idref="fl-24"/>
      </object_component>
      <object_component id="oc-1a1">
         <name>.stack</name>
         <uninitialized>true</uninitialized>
         <run_address>0x400</run_address>
         <size>0x0</size>
      </object_component>
      <object_component id="oc-3c">
         <name>.ebss</name>
         <uninitialized>true</uninitialized>
         <run_address>0x700</run_address>
         <size>0x4e</size>
         <input_file_ref idref="fl-3"/>
      </object_component>
      <object_component id="oc-e5">
         <name>.ebss</name>
         <uninitialized>true</uninitialized>
         <run_address>0x74e</run_address>
         <size>0x4</size>
         <input_file_ref idref="fl-32"/>
      </object_component>
      <object_component id="oc-af">
         <name>.ebss</name>
         <uninitialized>true</uninitialized>
         <run_address>0x752</run_address>
         <size>0x4</size>
         <input_file_ref idref="fl-25"/>
      </object_component>
      <object_component id="oc-6d">
         <name>.ebss</name>
         <uninitialized>true</uninitialized>
         <run_address>0x756</run_address>
         <size>0x1</size>
         <input_file_ref idref="fl-13"/>
      </object_component>
      <object_component id="oc-48">
         <name>.ebss</name>
         <uninitialized>true</uninitialized>
         <run_address>0x8000</run_address>
         <size>0x238</size>
         <input_file_ref idref="fl-4"/>
      </object_component>
      <object_component id="oc-122">
         <name>.econst:_font8x8</name>
         <load_address>0x3f6170</load_address>
         <run_address>0x3f6170</run_address>
         <size>0x380</size>
         <input_file_ref idref="fl-4"/>
      </object_component>
      <object_component id="oc-42">
         <name>.econst:.string</name>
         <load_address>0x3f64f0</load_address>
         <run_address>0x3f64f0</run_address>
         <size>0x48</size>
         <input_file_ref idref="fl-3"/>
      </object_component>
      <object_component id="oc-fc">
         <name>.econst:_table</name>
         <load_address>0x3f6538</load_address>
         <run_address>0x3f6538</run_address>
         <size>0x10</size>
         <input_file_ref idref="fl-3"/>
      </object_component>
      <object_component id="oc-11c">
         <name>.switch:_main</name>
         <load_address>0x3f65a6</load_address>
         <run_address>0x3f65a6</run_address>
         <size>0x26</size>
         <input_file_ref idref="fl-3"/>
      </object_component>
      <object_component id="oc-a9">
         <name>.reset</name>
         <load_address>0x3fffc0</load_address>
         <run_address>0x3fffc0</run_address>
         <size>0x2</size>
         <input_file_ref idref="fl-24"/>
      </object_component>
      <object_component id="oc-36">
         <name>.debug_info</name>
         <load_address>0x0</load_address>
         <run_address>0x0</run_address>
         <size>0x1553</size>
         <input_file_ref idref="fl-2"/>
      </object_component>
      <object_component id="oc-3a">
         <name>.debug_info</name>
         <load_address>0x1553</load_address>
         <run_address>0x1553</run_address>
         <size>0x89a9</size>
         <input_file_ref idref="fl-3"/>
      </object_component>
      <object_component id="oc-46">
         <name>.debug_info</name>
         <load_address>0x9efc</load_address>
         <run_address>0x9efc</run_address>
         <size>0x1344</size>
         <input_file_ref idref="fl-4"/>
      </object_component>
      <object_component id="oc-4c">
         <name>.debug_info</name>
         <load_address>0xb240</load_address>
         <run_address>0xb240</run_address>
         <size>0x7f6</size>
         <input_file_ref idref="fl-b"/>
      </object_component>
      <object_component id="oc-50">
         <name>.debug_info</name>
         <load_address>0xba36</load_address>
         <run_address>0xba36</run_address>
         <size>0xe5d</size>
         <input_file_ref idref="fl-c"/>
      </object_component>
      <object_component id="oc-54">
         <name>.debug_info</name>
         <load_address>0xc893</load_address>
         <run_address>0xc893</run_address>
         <size>0x1862</size>
         <input_file_ref idref="fl-d"/>
      </object_component>
      <object_component id="oc-58">
         <name>.debug_info</name>
         <load_address>0xe0f5</load_address>
         <run_address>0xe0f5</run_address>
         <size>0x32fc</size>
         <input_file_ref idref="fl-e"/>
      </object_component>
      <object_component id="oc-5c">
         <name>.debug_info</name>
         <load_address>0x113f1</load_address>
         <run_address>0x113f1</run_address>
         <size>0xed2</size>
         <input_file_ref idref="fl-f"/>
      </object_component>
      <object_component id="oc-60">
         <name>.debug_info</name>
         <load_address>0x122c3</load_address>
         <run_address>0x122c3</run_address>
         <size>0x2fa0</size>
         <input_file_ref idref="fl-10"/>
      </object_component>
      <object_component id="oc-64">
         <name>.debug_info</name>
         <load_address>0x15263</load_address>
         <run_address>0x15263</run_address>
         <size>0x2366</size>
         <input_file_ref idref="fl-11"/>
      </object_component>
      <object_component id="oc-68">
         <name>.debug_info</name>
         <load_address>0x175c9</load_address>
         <run_address>0x175c9</run_address>
         <size>0x11f4</size>
         <input_file_ref idref="fl-12"/>
      </object_component>
      <object_component id="oc-6c">
         <name>.debug_info</name>
         <load_address>0x187bd</load_address>
         <run_address>0x187bd</run_address>
         <size>0xa37</size>
         <input_file_ref idref="fl-13"/>
      </object_component>
      <object_component id="oc-71">
         <name>.debug_info</name>
         <load_address>0x191f4</load_address>
         <run_address>0x191f4</run_address>
         <size>0x12c9</size>
         <input_file_ref idref="fl-14"/>
      </object_component>
      <object_component id="oc-75">
         <name>.debug_info</name>
         <load_address>0x1a4bd</load_address>
         <run_address>0x1a4bd</run_address>
         <size>0x2f3c</size>
         <input_file_ref idref="fl-15"/>
      </object_component>
      <object_component id="oc-7e">
         <name>.debug_info</name>
         <load_address>0x1d3f9</load_address>
         <run_address>0x1d3f9</run_address>
         <size>0x329</size>
         <input_file_ref idref="fl-16"/>
      </object_component>
      <object_component id="oc-81">
         <name>.debug_info</name>
         <load_address>0x1d722</load_address>
         <run_address>0x1d722</run_address>
         <size>0xad5a</size>
         <input_file_ref idref="fl-17"/>
      </object_component>
      <object_component id="oc-a4">
         <name>.debug_info</name>
         <load_address>0x2847c</load_address>
         <run_address>0x2847c</run_address>
         <size>0x318</size>
         <input_file_ref idref="fl-18"/>
      </object_component>
      <object_component id="oc-aa">
         <name>.debug_info</name>
         <load_address>0x28794</load_address>
         <run_address>0x28794</run_address>
         <size>0xdf</size>
         <input_file_ref idref="fl-24"/>
      </object_component>
      <object_component id="oc-ad">
         <name>.debug_info</name>
         <load_address>0x28873</load_address>
         <run_address>0x28873</run_address>
         <size>0x3d7</size>
         <input_file_ref idref="fl-25"/>
      </object_component>
      <object_component id="oc-b4">
         <name>.debug_info</name>
         <load_address>0x28c4a</load_address>
         <run_address>0x28c4a</run_address>
         <size>0xc1</size>
         <input_file_ref idref="fl-26"/>
      </object_component>
      <object_component id="oc-b8">
         <name>.debug_info</name>
         <load_address>0x28d0b</load_address>
         <run_address>0x28d0b</run_address>
         <size>0xc1</size>
         <input_file_ref idref="fl-27"/>
      </object_component>
      <object_component id="oc-bc">
         <name>.debug_info</name>
         <load_address>0x28dcc</load_address>
         <run_address>0x28dcc</run_address>
         <size>0xc1</size>
         <input_file_ref idref="fl-28"/>
      </object_component>
      <object_component id="oc-c0">
         <name>.debug_info</name>
         <load_address>0x28e8d</load_address>
         <run_address>0x28e8d</run_address>
         <size>0xc1</size>
         <input_file_ref idref="fl-29"/>
      </object_component>
      <object_component id="oc-c4">
         <name>.debug_info</name>
         <load_address>0x28f4e</load_address>
         <run_address>0x28f4e</run_address>
         <size>0xc1</size>
         <input_file_ref idref="fl-2a"/>
      </object_component>
      <object_component id="oc-c8">
         <name>.debug_info</name>
         <load_address>0x2900f</load_address>
         <run_address>0x2900f</run_address>
         <size>0xcd</size>
         <input_file_ref idref="fl-2b"/>
      </object_component>
      <object_component id="oc-cc">
         <name>.debug_info</name>
         <load_address>0x290dc</load_address>
         <run_address>0x290dc</run_address>
         <size>0xec</size>
         <input_file_ref idref="fl-2c"/>
      </object_component>
      <object_component id="oc-d0">
         <name>.debug_info</name>
         <load_address>0x291c8</load_address>
         <run_address>0x291c8</run_address>
         <size>0xc7</size>
         <input_file_ref idref="fl-2d"/>
      </object_component>
      <object_component id="oc-d4">
         <name>.debug_info</name>
         <load_address>0x2928f</load_address>
         <run_address>0x2928f</run_address>
         <size>0x14c</size>
         <input_file_ref idref="fl-2e"/>
      </object_component>
      <object_component id="oc-d7">
         <name>.debug_info</name>
         <load_address>0x293db</load_address>
         <run_address>0x293db</run_address>
         <size>0x3a4</size>
         <input_file_ref idref="fl-2f"/>
      </object_component>
      <object_component id="oc-dc">
         <name>.debug_info</name>
         <load_address>0x2977f</load_address>
         <run_address>0x2977f</run_address>
         <size>0xec</size>
         <input_file_ref idref="fl-30"/>
      </object_component>
      <object_component id="oc-e0">
         <name>.debug_info</name>
         <load_address>0x2986b</load_address>
         <run_address>0x2986b</run_address>
         <size>0xc1</size>
         <input_file_ref idref="fl-31"/>
      </object_component>
      <object_component id="oc-e3">
         <name>.debug_info</name>
         <load_address>0x2992c</load_address>
         <run_address>0x2992c</run_address>
         <size>0x3fd</size>
         <input_file_ref idref="fl-32"/>
      </object_component>
      <object_component id="oc-e9">
         <name>.debug_info</name>
         <load_address>0x29d29</load_address>
         <run_address>0x29d29</run_address>
         <size>0x3be</size>
         <input_file_ref idref="fl-33"/>
      </object_component>
      <object_component id="oc-1a8">
         <name>.debug_info</name>
         <load_address>0x2a0e7</load_address>
         <run_address>0x2a0e7</run_address>
         <size>0x70</size>
      </object_component>
      <object_component id="oc-37">
         <name>.debug_frame</name>
         <load_address>0x0</load_address>
         <run_address>0x0</run_address>
         <size>0x7c</size>
         <input_file_ref idref="fl-2"/>
      </object_component>
      <object_component id="oc-43">
         <name>.debug_frame</name>
         <load_address>0x7c</load_address>
         <run_address>0x7c</run_address>
         <size>0x308</size>
         <input_file_ref idref="fl-3"/>
      </object_component>
      <object_component id="oc-49">
         <name>.debug_frame</name>
         <load_address>0x384</load_address>
         <run_address>0x384</run_address>
         <size>0x241</size>
         <input_file_ref idref="fl-4"/>
      </object_component>
      <object_component id="oc-4d">
         <name>.debug_frame</name>
         <load_address>0x5c5</load_address>
         <run_address>0x5c5</run_address>
         <size>0x92</size>
         <input_file_ref idref="fl-b"/>
      </object_component>
      <object_component id="oc-51">
         <name>.debug_frame</name>
         <load_address>0x657</load_address>
         <run_address>0x657</run_address>
         <size>0x122</size>
         <input_file_ref idref="fl-c"/>
      </object_component>
      <object_component id="oc-55">
         <name>.debug_frame</name>
         <load_address>0x779</load_address>
         <run_address>0x779</run_address>
         <size>0x182</size>
         <input_file_ref idref="fl-d"/>
      </object_component>
      <object_component id="oc-59">
         <name>.debug_frame</name>
         <load_address>0x8fb</load_address>
         <run_address>0x8fb</run_address>
         <size>0x182</size>
         <input_file_ref idref="fl-e"/>
      </object_component>
      <object_component id="oc-5d">
         <name>.debug_frame</name>
         <load_address>0xa7d</load_address>
         <run_address>0xa7d</run_address>
         <size>0xf2</size>
         <input_file_ref idref="fl-f"/>
      </object_component>
      <object_component id="oc-61">
         <name>.debug_frame</name>
         <load_address>0xb6f</load_address>
         <run_address>0xb6f</run_address>
         <size>0x13a</size>
         <input_file_ref idref="fl-10"/>
      </object_component>
      <object_component id="oc-65">
         <name>.debug_frame</name>
         <load_address>0xca9</load_address>
         <run_address>0xca9</run_address>
         <size>0x152</size>
         <input_file_ref idref="fl-11"/>
      </object_component>
      <object_component id="oc-69">
         <name>.debug_frame</name>
         <load_address>0xdfb</load_address>
         <run_address>0xdfb</run_address>
         <size>0xda</size>
         <input_file_ref idref="fl-12"/>
      </object_component>
      <object_component id="oc-6e">
         <name>.debug_frame</name>
         <load_address>0xed5</load_address>
         <run_address>0xed5</run_address>
         <size>0xda</size>
         <input_file_ref idref="fl-13"/>
      </object_component>
      <object_component id="oc-72">
         <name>.debug_frame</name>
         <load_address>0xfaf</load_address>
         <run_address>0xfaf</run_address>
         <size>0x122</size>
         <input_file_ref idref="fl-14"/>
      </object_component>
      <object_component id="oc-76">
         <name>.debug_frame</name>
         <load_address>0x10d1</load_address>
         <run_address>0x10d1</run_address>
         <size>0x1b2</size>
         <input_file_ref idref="fl-15"/>
      </object_component>
      <object_component id="oc-a5">
         <name>.debug_frame</name>
         <load_address>0x1283</load_address>
         <run_address>0x1283</run_address>
         <size>0x62</size>
         <input_file_ref idref="fl-18"/>
      </object_component>
      <object_component id="oc-b0">
         <name>.debug_frame</name>
         <load_address>0x12e5</load_address>
         <run_address>0x12e5</run_address>
         <size>0x9d</size>
         <input_file_ref idref="fl-25"/>
      </object_component>
      <object_component id="oc-d8">
         <name>.debug_frame</name>
         <load_address>0x1382</load_address>
         <run_address>0x1382</run_address>
         <size>0x7c</size>
         <input_file_ref idref="fl-2f"/>
      </object_component>
      <object_component id="oc-e6">
         <name>.debug_frame</name>
         <load_address>0x13fe</load_address>
         <run_address>0x13fe</run_address>
         <size>0xac</size>
         <input_file_ref idref="fl-32"/>
      </object_component>
      <object_component id="oc-ea">
         <name>.debug_frame</name>
         <load_address>0x14aa</load_address>
         <run_address>0x14aa</run_address>
         <size>0x7c</size>
         <input_file_ref idref="fl-33"/>
      </object_component>
      <object_component id="oc-38">
         <name>.debug_line</name>
         <load_address>0x0</load_address>
         <run_address>0x0</run_address>
         <size>0x40</size>
         <input_file_ref idref="fl-2"/>
      </object_component>
      <object_component id="oc-44">
         <name>.debug_line</name>
         <load_address>0x40</load_address>
         <run_address>0x40</run_address>
         <size>0x864</size>
         <input_file_ref idref="fl-3"/>
      </object_component>
      <object_component id="oc-4a">
         <name>.debug_line</name>
         <load_address>0x8a4</load_address>
         <run_address>0x8a4</run_address>
         <size>0x2c8</size>
         <input_file_ref idref="fl-4"/>
      </object_component>
      <object_component id="oc-4e">
         <name>.debug_line</name>
         <load_address>0xb6c</load_address>
         <run_address>0xb6c</run_address>
         <size>0xb1</size>
         <input_file_ref idref="fl-b"/>
      </object_component>
      <object_component id="oc-52">
         <name>.debug_line</name>
         <load_address>0xc1d</load_address>
         <run_address>0xc1d</run_address>
         <size>0x156</size>
         <input_file_ref idref="fl-c"/>
      </object_component>
      <object_component id="oc-56">
         <name>.debug_line</name>
         <load_address>0xd73</load_address>
         <run_address>0xd73</run_address>
         <size>0x1c7</size>
         <input_file_ref idref="fl-d"/>
      </object_component>
      <object_component id="oc-5a">
         <name>.debug_line</name>
         <load_address>0xf3a</load_address>
         <run_address>0xf3a</run_address>
         <size>0x1cb</size>
         <input_file_ref idref="fl-e"/>
      </object_component>
      <object_component id="oc-5e">
         <name>.debug_line</name>
         <load_address>0x1105</load_address>
         <run_address>0x1105</run_address>
         <size>0x131</size>
         <input_file_ref idref="fl-f"/>
      </object_component>
      <object_component id="oc-62">
         <name>.debug_line</name>
         <load_address>0x1236</load_address>
         <run_address>0x1236</run_address>
         <size>0x18b</size>
         <input_file_ref idref="fl-10"/>
      </object_component>
      <object_component id="oc-66">
         <name>.debug_line</name>
         <load_address>0x13c1</load_address>
         <run_address>0x13c1</run_address>
         <size>0x24e</size>
         <input_file_ref idref="fl-11"/>
      </object_component>
      <object_component id="oc-6a">
         <name>.debug_line</name>
         <load_address>0x160f</load_address>
         <run_address>0x160f</run_address>
         <size>0x108</size>
         <input_file_ref idref="fl-12"/>
      </object_component>
      <object_component id="oc-6f">
         <name>.debug_line</name>
         <load_address>0x1717</load_address>
         <run_address>0x1717</run_address>
         <size>0xf0</size>
         <input_file_ref idref="fl-13"/>
      </object_component>
      <object_component id="oc-73">
         <name>.debug_line</name>
         <load_address>0x1807</load_address>
         <run_address>0x1807</run_address>
         <size>0x160</size>
         <input_file_ref idref="fl-14"/>
      </object_component>
      <object_component id="oc-77">
         <name>.debug_line</name>
         <load_address>0x1967</load_address>
         <run_address>0x1967</run_address>
         <size>0x234</size>
         <input_file_ref idref="fl-15"/>
      </object_component>
      <object_component id="oc-7f">
         <name>.debug_line</name>
         <load_address>0x1b9b</load_address>
         <run_address>0x1b9b</run_address>
         <size>0xd0</size>
         <input_file_ref idref="fl-16"/>
      </object_component>
      <object_component id="oc-a6">
         <name>.debug_line</name>
         <load_address>0x1c6b</load_address>
         <run_address>0x1c6b</run_address>
         <size>0x82</size>
         <input_file_ref idref="fl-18"/>
      </object_component>
      <object_component id="oc-ab">
         <name>.debug_line</name>
         <load_address>0x1ced</load_address>
         <run_address>0x1ced</run_address>
         <size>0x70</size>
         <input_file_ref idref="fl-24"/>
      </object_component>
      <object_component id="oc-b1">
         <name>.debug_line</name>
         <load_address>0x1d5d</load_address>
         <run_address>0x1d5d</run_address>
         <size>0x5a</size>
         <input_file_ref idref="fl-25"/>
      </object_component>
      <object_component id="oc-b5">
         <name>.debug_line</name>
         <load_address>0x1db7</load_address>
         <run_address>0x1db7</run_address>
         <size>0xa6</size>
         <input_file_ref idref="fl-26"/>
      </object_component>
      <object_component id="oc-b9">
         <name>.debug_line</name>
         <load_address>0x1e5d</load_address>
         <run_address>0x1e5d</run_address>
         <size>0x4f</size>
         <input_file_ref idref="fl-27"/>
      </object_component>
      <object_component id="oc-bd">
         <name>.debug_line</name>
         <load_address>0x1eac</load_address>
         <run_address>0x1eac</run_address>
         <size>0xa8</size>
         <input_file_ref idref="fl-28"/>
      </object_component>
      <object_component id="oc-c1">
         <name>.debug_line</name>
         <load_address>0x1f54</load_address>
         <run_address>0x1f54</run_address>
         <size>0x8a</size>
         <input_file_ref idref="fl-29"/>
      </object_component>
      <object_component id="oc-c5">
         <name>.debug_line</name>
         <load_address>0x1fde</load_address>
         <run_address>0x1fde</run_address>
         <size>0x3e</size>
         <input_file_ref idref="fl-2a"/>
      </object_component>
      <object_component id="oc-c9">
         <name>.debug_line</name>
         <load_address>0x201c</load_address>
         <run_address>0x201c</run_address>
         <size>0x5b</size>
         <input_file_ref idref="fl-2b"/>
      </object_component>
      <object_component id="oc-cd">
         <name>.debug_line</name>
         <load_address>0x2077</load_address>
         <run_address>0x2077</run_address>
         <size>0x66</size>
         <input_file_ref idref="fl-2c"/>
      </object_component>
      <object_component id="oc-d1">
         <name>.debug_line</name>
         <load_address>0x20dd</load_address>
         <run_address>0x20dd</run_address>
         <size>0x4f</size>
         <input_file_ref idref="fl-2d"/>
      </object_component>
      <object_component id="oc-d5">
         <name>.debug_line</name>
         <load_address>0x212c</load_address>
         <run_address>0x212c</run_address>
         <size>0x8b</size>
         <input_file_ref idref="fl-2e"/>
      </object_component>
      <object_component id="oc-d9">
         <name>.debug_line</name>
         <load_address>0x21b7</load_address>
         <run_address>0x21b7</run_address>
         <size>0x59</size>
         <input_file_ref idref="fl-2f"/>
      </object_component>
      <object_component id="oc-dd">
         <name>.debug_line</name>
         <load_address>0x2210</load_address>
         <run_address>0x2210</run_address>
         <size>0x4c</size>
         <input_file_ref idref="fl-30"/>
      </object_component>
      <object_component id="oc-e1">
         <name>.debug_line</name>
         <load_address>0x225c</load_address>
         <run_address>0x225c</run_address>
         <size>0x46</size>
         <input_file_ref idref="fl-31"/>
      </object_component>
      <object_component id="oc-e7">
         <name>.debug_line</name>
         <load_address>0x22a2</load_address>
         <run_address>0x22a2</run_address>
         <size>0x5b</size>
         <input_file_ref idref="fl-32"/>
      </object_component>
      <object_component id="oc-eb">
         <name>.debug_line</name>
         <load_address>0x22fd</load_address>
         <run_address>0x22fd</run_address>
         <size>0x56</size>
         <input_file_ref idref="fl-33"/>
      </object_component>
      <object_component id="oc-39">
         <name>.debug_abbrev</name>
         <load_address>0x0</load_address>
         <run_address>0x0</run_address>
         <size>0xcd</size>
         <input_file_ref idref="fl-2"/>
      </object_component>
      <object_component id="oc-45">
         <name>.debug_abbrev</name>
         <load_address>0xcd</load_address>
         <run_address>0xcd</run_address>
         <size>0x22f</size>
         <input_file_ref idref="fl-3"/>
      </object_component>
      <object_component id="oc-4b">
         <name>.debug_abbrev</name>
         <load_address>0x2fc</load_address>
         <run_address>0x2fc</run_address>
         <size>0x16d</size>
         <input_file_ref idref="fl-4"/>
      </object_component>
      <object_component id="oc-4f">
         <name>.debug_abbrev</name>
         <load_address>0x469</load_address>
         <run_address>0x469</run_address>
         <size>0x113</size>
         <input_file_ref idref="fl-b"/>
      </object_component>
      <object_component id="oc-53">
         <name>.debug_abbrev</name>
         <load_address>0x57c</load_address>
         <run_address>0x57c</run_address>
         <size>0x113</size>
         <input_file_ref idref="fl-c"/>
      </object_component>
      <object_component id="oc-57">
         <name>.debug_abbrev</name>
[...]
      <symbol id="sm-223">
         <name>_PLL_init</name>
         <value>0x3f60bf</value>
         <object_component_ref idref="oc-104"/>
      </symbol>
      <symbol id="sm-224">
         <name>_PLL_getLockStatus</name>
         <value>0x3f6144</value>
         <object_component_ref idref="oc-128"/>
      </symbol>
      <symbol id="sm-225">
         <name>_PLL_setup</name>
         <value>0x3f7e40</value>
         <object_component_ref idref="oc-10c"/>
      </symbol>
      <symbol id="sm-226">
         <name>_PLL_setMultiplier</name>
         <value>0x3f60f7</value>
         <object_component_ref idref="oc-127"/>
      </symbol>
      <symbol id="sm-245">
         <name>_PIE_enable</name>
         <value>0x3f613b</value>
         <object_component_ref idref="oc-117"/>
      </symbol>
      <symbol id="sm-246">
         <name>_PIE_disableInt</name>
         <value>0x3f602c</value>
         <object_component_ref idref="oc-f2"/>
      </symbol>
      <symbol id="sm-247">
         <name>_PIE_enableAdcInt</name>
         <value>0x3f7ec5</value>
         <object_component_ref idref="oc-14f"/>
      </symbol>
      <symbol id="sm-248">
         <name>_PIE_setExtIntPolarity</name>
         <value>0x3f7dc6</value>
         <object_component_ref idref="oc-130"/>
      </symbol>
      <symbol id="sm-249">
         <name>_PIE_enableExtInt</name>
         <value>0x3f7c6a</value>
         <object_component_ref idref="oc-132"/>
      </symbol>
      <symbol id="sm-24a">
         <name>_PIE_enableTimer0Int</name>
         <value>0x3f613e</value>
         <object_component_ref idref="oc-157"/>
      </symbol>
      <symbol id="sm-24b">
         <name>_PIE_registerPieIntHandler</name>
         <value>0x3f7f2b</value>
         <object_component_ref idref="oc-131"/>
      </symbol>
      <symbol id="sm-24c">
         <name>_PIE_init</name>
         <value>0x3f6070</value>
         <object_component_ref idref="oc-103"/>
      </symbol>
      <symbol id="sm-24d">
         <name>_PIE_enableInt</name>
         <value>0x3f6042</value>
         <object_component_ref idref="oc-f5"/>
      </symbol>
      <symbol id="sm-27f">
         <name>_GPIO_setExtInt</name>
         <value>0x3f6021</value>
         <object_component_ref idref="oc-12f"/>
      </symbol>
      <symbol id="sm-280">
         <name>_GPIO_setLow</name>
         <value>0x3f7e68</value>
         <object_component_ref idref="oc-12c"/>
      </symbol>
      <symbol id="sm-281">
         <name>_GPIO_setQualificationPeriod</name>
         <value>0x3f7c47</value>
         <object_component_ref idref="oc-12e"/>
      </symbol>
      <symbol id="sm-282">
         <name>_GPIO_toggle</name>
         <value>0x3f7e7b</value>
         <object_component_ref idref="oc-f4"/>
      </symbol>
      <symbol id="sm-283">
         <name>_GPIO_setQualification</name>
         <value>0x3f7b5c</value>
         <object_component_ref idref="oc-12d"/>
      </symbol>
      <symbol id="sm-284">
         <name>_GPIO_setMode</name>
         <value>0x3f7924</value>
         <object_component_ref idref="oc-129"/>
      </symbol>
      <symbol id="sm-285">
         <name>_GPIO_init</name>
         <value>0x3f60b8</value>
         <object_component_ref idref="oc-102"/>
      </symbol>
      <symbol id="sm-286">
         <name>_GPIO_setPullUp</name>
         <value>0x3f7a95</value>
         <object_component_ref idref="oc-12b"/>
      </symbol>
      <symbol id="sm-287">
         <name>_GPIO_setDirection</name>
         <value>0x3f7a61</value>
         <object_component_ref idref="oc-12a"/>
      </symbol>
      <symbol id="sm-288">
         <name>_GPIO_setHigh</name>
         <value>0x3f7e55</value>
         <object_component_ref idref="oc-140"/>
      </symbol>
      <symbol id="sm-29b">
         <name>_FLASH_setActiveWaitCount</name>
         <value>0x62</value>
         <object_component_ref idref="oc-166"/>
      </symbol>
      <symbol id="sm-29c">
         <name>_FLASH_enablePipelineMode</name>
         <value>0x5c</value>
         <object_component_ref idref="oc-164"/>
      </symbol>
      <symbol id="sm-29d">
         <name>_FLASH_setStandbyWaitCount</name>
         <value>0x67</value>
         <object_component_ref idref="oc-165"/>
      </symbol>
      <symbol id="sm-29e">
         <name>_FLASH_init</name>
         <value>0x3f60b1</value>
         <object_component_ref idref="oc-101"/>
      </symbol>
      <symbol id="sm-29f">
         <name>_FLASH_setup</name>
         <value>0x50</value>
         <object_component_ref idref="oc-150"/>
      </symbol>
      <symbol id="sm-2b4">
         <name>_CPU_disableGlobalInts</name>
         <value>0x3f6135</value>
         <object_component_ref idref="oc-118"/>
      </symbol>
      <symbol id="sm-2b5">
         <name>_CPU_enableGlobalInts</name>
         <value>0x3f6138</value>
         <object_component_ref idref="oc-11a"/>
      </symbol>
      <symbol id="sm-2b6">
         <name>_CPU_clearIntFlags</name>
         <value>0x3f6132</value>
         <object_component_ref idref="oc-119"/>
      </symbol>
      <symbol id="sm-2b7">
         <name>_CPU_init</name>
         <value>0x3f6112</value>
         <object_component_ref idref="oc-100"/>
      </symbol>
      <symbol id="sm-2b8">
         <name>_cpu</name>
         <value>0x756</value>
         <object_component_ref idref="oc-6d"/>
      </symbol>
      <symbol id="sm-2b9">
         <name>_CPU_enableInt</name>
         <value>0x3f610e</value>
         <object_component_ref idref="oc-133"/>
      </symbol>
      <symbol id="sm-2d2">
         <name>_CLK_enablePwmClock</name>
         <value>0x3f604c</value>
         <object_component_ref idref="oc-158"/>
      </symbol>
      <symbol id="sm-2d3">
         <name>_CLK_enableSpiaClock</name>
         <value>0x3f6095</value>
         <object_component_ref idref="oc-134"/>
      </symbol>
      <symbol id="sm-2d4">
         <name>_CLK_enableAdcClock</name>
         <value>0x3f608e</value>
         <object_component_ref idref="oc-109"/>
      </symbol>
      <symbol id="sm-2d5">
         <name>_CLK_disableAdcClock</name>
         <value>0x3f6080</value>
         <object_component_ref idref="oc-10a"/>
      </symbol>
      <symbol id="sm-2d6">
         <name>_CLK_enableTbClockSync</name>
         <value>0x3f609c</value>
         <object_component_ref idref="oc-116"/>
      </symbol>
      <symbol id="sm-2d7">
         <name>_CLK_disableTbClockSync</name>
         <value>0x3f6087</value>
         <object_component_ref idref="oc-114"/>
      </symbol>
      <symbol id="sm-2d8">
         <name>_CLK_setOscSrc</name>
         <value>0x3f60aa</value>
         <object_component_ref idref="oc-10b"/>
      </symbol>
      <symbol id="sm-2d9">
         <name>_CLK_init</name>
         <value>0x3f60a3</value>
         <object_component_ref idref="oc-ff"/>
      </symbol>
      <symbol id="sm-2fe">
         <name>_ADC_reset</name>
         <value>0x3f6016</value>
         <object_component_ref idref="oc-142"/>
      </symbol>
      <symbol id="sm-2ff">
         <name>_ADC_setVoltRefSrc</name>
         <value>0x3f7eb3</value>
         <object_component_ref idref="oc-147"/>
      </symbol>
      <symbol id="sm-300">
         <name>_ADC_enableBandGap</name>
         <value>0x3f7f6d</value>
         <object_component_ref idref="oc-143"/>
      </symbol>
      <symbol id="sm-301">
         <name>_ADC_enableRefBuffers</name>
         <value>0x3f6000</value>
         <object_component_ref idref="oc-144"/>
      </symbol>
      <symbol id="sm-302">
         <name>_ADC_setIntMode</name>
         <value>0x3f7bff</value>
         <object_component_ref idref="oc-14e"/>
      </symbol>
      <symbol id="sm-303">
         <name>_ADC_setSocSampleWindow</name>
         <value>0x3f7d26</value>
         <object_component_ref idref="oc-14d"/>
      </symbol>
      <symbol id="sm-304">
         <name>_ADC_setSocChanNumber</name>
         <value>0x3f7d0a</value>
         <object_component_ref idref="oc-14c"/>
      </symbol>
      <symbol id="sm-305">
         <name>_ADC_setSocTrigSrc</name>
         <value>0x3f7d42</value>
         <object_component_ref idref="oc-14b"/>
      </symbol>
      <symbol id="sm-306">
         <name>_ADC_powerUp</name>
         <value>0x3f600b</value>
         <object_component_ref idref="oc-145"/>
      </symbol>
      <symbol id="sm-307">
         <name>_ADC_setIntPulseGenMode</name>
         <value>0x3f7ea1</value>
         <object_component_ref idref="oc-148"/>
      </symbol>
      <symbol id="sm-308">
         <name>_ADC_setIntSrc</name>
         <value>0x3f7c23</value>
         <object_component_ref idref="oc-14a"/>
      </symbol>
      <symbol id="sm-309">
         <name>_ADC_init</name>
         <value>0x3f7f78</value>
         <object_component_ref idref="oc-fe"/>
      </symbol>
      <symbol id="sm-30a">
         <name>_ADC_enable</name>
         <value>0x3f7f62</value>
         <object_component_ref idref="oc-146"/>
      </symbol>
      <symbol id="sm-30b">
         <name>_ADC_enableInt</name>
         <value>0x3f7e11</value>
         <object_component_ref idref="oc-149"/>
      </symbol>
      <symbol id="sm-31c">
         <name>_setDBGIER</name>
         <value>0x3f7edf</value>
         <object_component_ref idref="oc-79"/>
      </symbol>
      <symbol id="sm-31d">
         <name>_DSP28x_DisableInt</name>
         <value>0x3f7ee2</value>
         <object_component_ref idref="oc-79"/>
      </symbol>
      <symbol id="sm-31e">
         <name>_DSP28x_RestoreInt</name>
         <value>0x3f7ee6</value>
         <object_component_ref idref="oc-79"/>
      </symbol>
      <symbol id="sm-31f">
         <name>_DSP28x_usDelay</name>
         <value>0x6c</value>
         <object_component_ref idref="oc-7b"/>
      </symbol>
      <symbol id="sm-320">
         <name>code_start</name>
         <value>0x3f7ff6</value>
         <object_component_ref idref="oc-7a"/>
      </symbol>
      <symbol id="sm-368">
         <name>_GpioCtrlRegs</name>
         <value>0x6f80</value>
         <object_component_ref idref="oc-a0"/>
      </symbol>
      <symbol id="sm-369">
         <name>_PieVectTable</name>
         <value>0xd00</value>
         <object_component_ref idref="oc-a2"/>
      </symbol>
      <symbol id="sm-36a">
         <name>_SysPwrCtrlRegs</name>
         <value>0x985</value>
         <object_component_ref idref="oc-87"/>
      </symbol>
      <symbol id="sm-36b">
         <name>_EmuBMode</name>
         <value>0xd01</value>
         <object_component_ref idref="oc-84"/>
      </symbol>
      <symbol id="sm-36c">
         <name>_CsmRegs</name>
         <value>0xae0</value>
         <object_component_ref idref="oc-92"/>
      </symbol>
      <symbol id="sm-36d">
         <name>_AdcResult</name>
         <value>0xb00</value>
         <object_component_ref idref="oc-9a"/>
      </symbol>
      <symbol id="sm-36e">
         <name>_EPwm4Regs</name>
         <value>0x68c0</value>
         <object_component_ref idref="oc-9e"/>
      </symbol>
      <symbol id="sm-36f">
         <name>_CpuTimer1Regs</name>
         <value>0xc08</value>
         <object_component_ref idref="oc-8b"/>
      </symbol>
      <symbol id="sm-370">
         <name>_SysCtrlRegs</name>
         <value>0x7010</value>
         <object_component_ref idref="oc-97"/>
      </symbol>
      <symbol id="sm-371">
         <name>_SpiaRegs</name>
         <value>0x7040</value>
         <object_component_ref idref="oc-8f"/>
      </symbol>
      <symbol id="sm-372">
         <name>_FlashRegs</name>
         <value>0xa80</value>
         <object_component_ref idref="oc-89"/>
      </symbol>
      <symbol id="sm-373">
         <name>_CpuTimer0Regs</name>
         <value>0xc00</value>
         <object_component_ref idref="oc-8a"/>
      </symbol>
      <symbol id="sm-374">
         <name>_DevEmuRegs</name>
         <value>0x880</value>
         <object_component_ref idref="oc-88"/>
      </symbol>
      <symbol id="sm-375">
         <name>_Comp1Regs</name>
         <value>0x6400</value>
         <object_component_ref idref="oc-95"/>
      </symbol>
      <symbol id="sm-376">
         <name>_SciaRegs</name>
         <value>0x7050</value>
         <object_component_ref idref="oc-90"/>
      </symbol>
      <symbol id="sm-377">
         <name>_GpioDataRegs</name>
         <value>0x6fc0</value>
         <object_component_ref idref="oc-98"/>
      </symbol>
      <symbol id="sm-378">
         <name>_CsmPwl</name>
         <value>0x3f7ff8</value>
         <object_component_ref idref="oc-8d"/>
      </symbol>
      <symbol id="sm-379">
         <name>_AdcRegs</name>
         <value>0x7100</value>
         <object_component_ref idref="oc-a1"/>
      </symbol>
      <symbol id="sm-37a">
         <name>_Comp2Regs</name>
         <value>0x6420</value>
         <object_component_ref idref="oc-94"/>
      </symbol>
      <symbol id="sm-37b">
         <name>_XIntruptRegs</name>
         <value>0x7070</value>
         <object_component_ref idref="oc-93"/>
      </symbol>
      <symbol id="sm-37c">
         <name>_CpuTimer2Regs</name>
         <value>0xc10</value>
         <object_component_ref idref="oc-8c"/>
      </symbol>
      <symbol id="sm-37d">
         <name>_PieCtrlRegs</name>
         <value>0xce0</value>
         <object_component_ref idref="oc-96"/>
      </symbol>
      <symbol id="sm-37e">
         <name>_ECap1Regs</name>
         <value>0x6a00</value>
         <object_component_ref idref="oc-99"/>
      </symbol>
      <symbol id="sm-37f">
         <name>_EmuKey</name>
         <value>0xd00</value>
         <object_component_ref idref="oc-82"/>
      </symbol>
      <symbol id="sm-380">
         <name>_EPwm1Regs</name>
         <value>0x6800</value>
         <object_component_ref idref="oc-9f"/>
      </symbol>
      <symbol id="sm-381">
         <name>_GpioIntRegs</name>
         <value>0x6fe0</value>
         <object_component_ref idref="oc-8e"/>
      </symbol>
      <symbol id="sm-382">
         <name>_PartIdRegs</name>
         <value>0x3d7fff</value>
         <object_component_ref idref="oc-83"/>
      </symbol>
      <symbol id="sm-383">
         <name>_Flash_CPUScaleFactor</name>
         <value>0xd04</value>
         <object_component_ref idref="oc-85"/>
      </symbol>
      <symbol id="sm-384">
         <name>_EPwm2Regs</name>
         <value>0x6840</value>
         <object_component_ref idref="oc-9d"/>
      </symbol>
      <symbol id="sm-385">
         <name>_NmiIntruptRegs</name>
         <value>0x7060</value>
         <object_component_ref idref="oc-91"/>
      </symbol>
      <symbol id="sm-386">
         <name>_Flash_CallbackPtr</name>
         <value>0xd02</value>
         <object_component_ref idref="oc-86"/>
      </symbol>
      <symbol id="sm-387">
         <name>_EPwm3Regs</name>
         <value>0x6880</value>
         <object_component_ref idref="oc-9c"/>
      </symbol>
      <symbol id="sm-388">
         <name>_I2caRegs</name>
         <value>0x7900</value>
         <object_component_ref idref="oc-9b"/>
      </symbol>
      <symbol id="sm-3a1">
         <name>_c_int00</name>
         <value>0x3f796d</value>
         <object_component_ref idref="oc-35"/>
      </symbol>
      <symbol id="sm-3a2">
         <name>__stack</name>
         <value>0x400</value>
         <object_component_ref idref="oc-a8"/>
      </symbol>
      <symbol id="sm-3b3">
         <name>C$$EXIT</name>
         <value>0x3f7df8</value>
         <object_component_ref idref="oc-ee"/>
      </symbol>
      <symbol id="sm-3b4">
         <name>_exit</name>
         <value>0x3f7dfa</value>
         <object_component_ref idref="oc-ee"/>
      </symbol>
      <symbol id="sm-3b5">
         <name>___TI_cleanup_ptr</name>
         <value>0x752</value>
         <object_component_ref idref="oc-af"/>
      </symbol>
      <symbol id="sm-3b6">
         <name>_abort</name>
         <value>0x3f7df8</value>
         <object_component_ref idref="oc-ee"/>
      </symbol>
      <symbol id="sm-3b7">
         <name>___TI_dtors_ptr</name>
         <value>0x754</value>
         <object_component_ref idref="oc-af"/>
      </symbol>
      <symbol id="sm-3cd">
         <name>FS$$ADD</name>
         <value>0x3f76bc</value>
         <object_component_ref idref="oc-b3"/>
      </symbol>
      <symbol id="sm-3ce">
         <name>FS$$SUB</name>
         <value>0x3f76b7</value>
         <object_component_ref idref="oc-b3"/>
      </symbol>
      <symbol id="sm-3dc">
         <name>FS$$CMP</name>
         <value>0x3f7e29</value>
         <object_component_ref idref="oc-b7"/>
      </symbol>
      <symbol id="sm-3e9">
         <name>FS$$DIV</name>
         <value>0x3f7634</value>
         <object_component_ref idref="oc-bb"/>
      </symbol>
      <symbol id="sm-3f6">
         <name>FS$$MPY</name>
         <value>0x3f78ca</value>
         <object_component_ref idref="oc-bf"/>
      </symbol>
      <symbol id="sm-3ff">
         <name>FS$$NEG</name>
         <value>0x3f6109</value>
         <object_component_ref idref="oc-c3"/>
      </symbol>
      <symbol id="sm-40c">
         <name>FS$$TOI</name>
         <value>0x3f7bda</value>
         <object_component_ref idref="oc-c7"/>
      </symbol>
      <symbol id="sm-416">
         <name>I$$MOD</name>
         <value>0x3f7c9e</value>
         <object_component_ref idref="oc-cb"/>
      </symbol>
      <symbol id="sm-417">
         <name>I$$DIV</name>
         <value>0x3f7c8d</value>
         <object_component_ref idref="oc-cb"/>
      </symbol>
      <symbol id="sm-422">
         <name>I$$TOFS</name>
         <value>0x3f7dac</value>
         <object_component_ref idref="oc-cf"/>
      </symbol>
      <symbol id="sm-42a">
         <name>UL$$MOD</name>
         <value>0x3f7bab</value>
         <object_component_ref idref="oc-d3"/>
      </symbol>
      <symbol id="sm-42b">
         <name>L$$MOD</name>
         <value>0x3f7b96</value>
         <object_component_ref idref="oc-d3"/>
      </symbol>
      <symbol id="sm-42c">
         <name>L$$DIV</name>
         <value>0x3f7b87</value>
         <object_component_ref idref="oc-d3"/>
      </symbol>
      <symbol id="sm-42d">
         <name>UL$$DIV</name>
         <value>0x3f7ba4</value>
         <object_component_ref idref="oc-d3"/>
      </symbol>
      <symbol id="sm-43c">
         <name>___memcpy_ff</name>
         <value>0x3f7caf</value>
         <object_component_ref idref="oc-10d"/>
      </symbol>
      <symbol id="sm-444">
         <name>U$$MOD</name>
         <value>0x3f603c</value>
         <object_component_ref idref="oc-db"/>
      </symbol>
      <symbol id="sm-445">
         <name>U$$DIV</name>
         <value>0x3f6037</value>
         <object_component_ref idref="oc-db"/>
      </symbol>
      <symbol id="sm-44f">
         <name>U$$TOFS</name>
         <value>0x3f7f1b</value>
         <object_component_ref idref="oc-df"/>
      </symbol>
      <symbol id="sm-45d">
         <name>__unlock</name>
         <value>0x74e</value>
         <object_component_ref idref="oc-e5"/>
      </symbol>
      <symbol id="sm-45e">
         <name>__lock</name>
         <value>0x750</value>
         <object_component_ref idref="oc-e5"/>
      </symbol>
      <symbol id="sm-45f">
         <name>__register_lock</name>
         <value>0x3f606b</value>
         <object_component_ref idref="oc-f6"/>
      </symbol>
      <symbol id="sm-460">
         <name>__nop</name>
         <value>0x3f606f</value>
         <object_component_ref idref="oc-f6"/>
      </symbol>
      <symbol id="sm-461">
         <name>__register_unlock</name>
         <value>0x3f6067</value>
         <object_component_ref idref="oc-f6"/>
      </symbol>
      <symbol id="sm-46d">
         <name>__args_main</name>
         <value>0x3f7ddf</value>
         <object_component_ref idref="oc-ed"/>
      </symbol>
      <symbol id="sm-46e">
         <name>__TI_args_main</name>
         <value>0x1</value>
      </symbol>
   </symbol_table>
   <title>Link successful</title>
</link_info>
