<?xml version="1.0"?>
<link_info>
   <banner>TMS320C2000 Linker PC v6.4.3</banner>
   <copyright>Copyright (c) 1996-2015 Texas Instruments Incorporated</copyright>
   <link_time>0x552074eb</link_time>
   <link_errors>0x0</link_errors>
   <output_file>C2000_Biner.out</output_file>
   <entry_point>
      <name>_c_int00</name>
      <address>0x3f7a1a</address>
   </entry_point>
   <input_file_list>
      <input_file id="fl-2">
         <path>.\</path>
         <kind>object</kind>
         <file>AIO.obj</file>
         <name>AIO.obj</name>
      </input_file>
      <input_file id="fl-3">
         <path>.\</path>
         <kind>object</kind>
         <file>main.obj</file>
         <name>main.obj</name>
      </input_file>
      <input_file id="fl-4">
         <path>.\</path>
         <kind>object</kind>
         <file>nokia5110.obj</file>
         <name>nokia5110.obj</name>
      </input_file>
      <input_file id="fl-c">
         <path>C:\ti\controlSUITE\device_support\f2802x\v222\f2802x_common\lib\</path>
         <kind>archive</kind>
         <file>driverlib.lib</file>
         <name>wdog.obj</name>
      </input_file>
      <input_file id="fl-d">
         <path>C:\ti\controlSUITE\device_support\f2802x\v222\f2802x_common\lib\</path>
         <kind>archive</kind>
         <file>driverlib.lib</file>
         <name>timer.obj</name>
      </input_file>
      <input_file id="fl-e">
         <path>C:\ti\controlSUITE\device_support\f2802x\v222\f2802x_common\lib\</path>
         <kind>archive</kind>
         <file>driverlib.lib</file>
         <name>spi.obj</name>
      </input_file>
      <input_file id="fl-f">
         <path>C:\ti\controlSUITE\device_support\f2802x\v222\f2802x_common\lib\</path>
         <kind>archive</kind>
         <file>driverlib.lib</file>
         <name>sci.obj</name>
      </input_file>
      <input_file id="fl-10">
         <path>C:\ti\controlSUITE\device_support\f2802x\v222\f2802x_common\lib\</path>
         <kind>archive</kind>
         <file>driverlib.lib</file>
         <name>pwm.obj</name>
      </input_file>
      <input_file id="fl-11">
         <path>C:\ti\controlSUITE\device_support\f2802x\v222\f2802x_common\lib\</path>
         <kind>archive</kind>
         <file>driverlib.lib</file>
         <name>pll.obj</name>
      </input_file>
      <input_file id="fl-12">
         <path>C:\ti\controlSUITE\device_support\f2802x\v222\f2802x_common\lib\</path>
         <kind>archive</kind>
         <file>driverlib.lib</file>
         <name>pie.obj</name>
      </input_file>
      <input_file id="fl-13">
         <path>C:\ti\controlSUITE\device_support\f2802x\v222\f2802x_common\lib\</path>
         <kind>archive</kind>
         <file>driverlib.lib</file>
         <name>gpio.obj</name>
      </input_file>
      <input_file id="fl-14">
         <path>C:\ti\controlSUITE\device_support\f2802x\v222\f2802x_common\lib\</path>
         <kind>archive</kind>
         <file>driverlib.lib</file>
         <name>flash.obj</name>
      </input_file>
      <input_file id="fl-15">
         <path>C:\ti\controlSUITE\device_support\f2802x\v222\f2802x_common\lib\</path>
         <kind>archive</kind>
         <file>driverlib.lib</file>
         <name>cpu.obj</name>
      </input_file>
      <input_file id="fl-16">
         <path>C:\ti\controlSUITE\device_support\f2802x\v222\f2802x_common\lib\</path>
         <kind>archive</kind>
         <file>driverlib.lib</file>
         <name>clk.obj</name>
      </input_file>
      <input_file id="fl-17">
         <path>C:\ti\controlSUITE\device_support\f2802x\v222\f2802x_common\lib\</path>
         <kind>archive</kind>
         <file>driverlib.lib</file>
         <name>adc.obj</name>
      </input_file>
      <input_file id="fl-18">
         <path>C:\ti\controlSUITE\device_support\f2802x\v222\f2802x_common\lib\</path>
         <kind>archive</kind>
         <file>driverlib.lib</file>
         <name>F2802xX_asmfuncs.obj</name>
      </input_file>
      <input_file id="fl-19">
         <path>C:\ti\controlSUITE\device_support\f2802x\v222\f2802x_common\lib\</path>
         <kind>archive</kind>
         <file>driverlib.lib</file>
         <name>F2802xX_GlobalVariableDefs.obj</name>
      </input_file>
      <input_file id="fl-1a">
         <path>C:\ti\controlSUITE\device_support\f2802x\v222\f2802x_common\lib\</path>
         <kind>archive</kind>
         <file>driverlib.lib</file>
         <name>F2802xX_DefaultIsr.obj</name>
      </input_file>
      <input_file id="fl-20">
         <path>C:\ti\ccsv6\tools\compiler\ti-cgt-c2000_6.4.3\lib\</path>
         <kind>archive</kind>
         <file>rts2800_ml.lib</file>
         <name>boot.obj</name>
      </input_file>
      <input_file id="fl-21">
         <path>C:\ti\ccsv6\tools\compiler\ti-cgt-c2000_6.4.3\lib\</path>
         <kind>archive</kind>
         <file>rts2800_ml.lib</file>
         <name>exit.obj</name>
      </input_file>
      <input_file id="fl-22">
         <path>C:\ti\ccsv6\tools\compiler\ti-cgt-c2000_6.4.3\lib\</path>
         <kind>archive</kind>
         <file>rts2800_ml.lib</file>
         <name>fs_add.obj</name>
      </input_file>
      <input_file id="fl-23">
         <path>C:\ti\ccsv6\tools\compiler\ti-cgt-c2000_6.4.3\lib\</path>
         <kind>archive</kind>
         <file>rts2800_ml.lib</file>
         <name>fs_cmp.obj</name>
      </input_file>
      <input_file id="fl-24">
         <path>C:\ti\ccsv6\tools\compiler\ti-cgt-c2000_6.4.3\lib\</path>
         <kind>archive</kind>
         <file>rts2800_ml.lib</file>
         <name>fs_div.obj</name>
      </input_file>
      <input_file id="fl-25">
         <path>C:\ti\ccsv6\tools\compiler\ti-cgt-c2000_6.4.3\lib\</path>
         <kind>archive</kind>
         <file>rts2800_ml.lib</file>
         <name>fs_mpy.obj</name>
      </input_file>
      <input_file id="fl-26">
         <path>C:\ti\ccsv6\tools\compiler\ti-cgt-c2000_6.4.3\lib\</path>
         <kind>archive</kind>
         <file>rts2800_ml.lib</file>
         <name>fs_neg.obj</name>
      </input_file>
      <input_file id="fl-27">
         <path>C:\ti\ccsv6\tools\compiler\ti-cgt-c2000_6.4.3\lib\</path>
         <kind>archive</kind>
         <file>rts2800_ml.lib</file>
         <name>fs_toi.obj</name>
      </input_file>
      <input_file id="fl-28">
         <path>C:\ti\ccsv6\tools\compiler\ti-cgt-c2000_6.4.3\lib\</path>
         <kind>archive</kind>
         <file>rts2800_ml.lib</file>
         <name>i_div.obj</name>
      </input_file>
      <input_file id="fl-29">
         <path>C:\ti\ccsv6\tools\compiler\ti-cgt-c2000_6.4.3\lib\</path>
         <kind>archive</kind>
         <file>rts2800_ml.lib</file>
         <name>i_tofs.obj</name>
      </input_file>
      <input_file id="fl-2a">
         <path>C:\ti\ccsv6\tools\compiler\ti-cgt-c2000_6.4.3\lib\</path>
         <kind>archive</kind>
         <file>rts2800_ml.lib</file>
         <name>l_div.obj</name>
      </input_file>
      <input_file id="fl-2b">
         <path>C:\ti\ccsv6\tools\compiler\ti-cgt-c2000_6.4.3\lib\</path>
         <kind>archive</kind>
         <file>rts2800_ml.lib</file>
         <name>memcpy.obj</name>
      </input_file>
      <input_file id="fl-2c">
         <path>C:\ti\ccsv6\tools\compiler\ti-cgt-c2000_6.4.3\lib\</path>
         <kind>archive</kind>
         <file>rts2800_ml.lib</file>
         <name>u_div.obj</name>
      </input_file>
      <input_file id="fl-2d">
         <path>C:\ti\ccsv6\tools\compiler\ti-cgt-c2000_6.4.3\lib\</path>
         <kind>archive</kind>
         <file>rts2800_ml.lib</file>
         <name>u_tofs.obj</name>
      </input_file>
      <input_file id="fl-2e">
         <path>C:\ti\ccsv6\tools\compiler\ti-cgt-c2000_6.4.3\lib\</path>
         <kind>archive</kind>
         <file>rts2800_ml.lib</file>
         <name>_lock.obj</name>
      </input_file>
      <input_file id="fl-2f">
         <path>C:\ti\ccsv6\tools\compiler\ti-cgt-c2000_6.4.3\lib\</path>
         <kind>archive</kind>
         <file>rts2800_ml.lib</file>
         <name>args_main.obj</name>
      </input_file>
   </input_file_list>
   <object_component_list>
      <object_component id="oc-a8">
         <name>PieVectTableFile</name>
         <uninitialized>true</uninitialized>
         <run_address>0xd00</run_address>
         <size>0x100</size>
         <input_file_ref idref="fl-19"/>
      </object_component>
      <object_component id="oc-88">
         <name>EmuKeyVar</name>
         <uninitialized>true</uninitialized>
         <run_address>0xd00</run_address>
         <size>0x1</size>
         <input_file_ref idref="fl-19"/>
      </object_component>
      <object_component id="oc-8a">
         <name>EmuBModeVar</name>
         <uninitialized>true</uninitialized>
         <run_address>0xd01</run_address>
         <size>0x1</size>
         <input_file_ref idref="fl-19"/>
      </object_component>
      <object_component id="oc-8c">
         <name>FlashCallbackVar</name>
         <uninitialized>true</uninitialized>
         <run_address>0xd02</run_address>
         <size>0x2</size>
         <input_file_ref idref="fl-19"/>
      </object_component>
      <object_component id="oc-8b">
         <name>FlashScalingVar</name>
         <uninitialized>true</uninitialized>
         <run_address>0xd04</run_address>
         <size>0x2</size>
         <input_file_ref idref="fl-19"/>
      </object_component>
      <object_component id="oc-8e">
         <name>DevEmuRegsFile</name>
         <uninitialized>true</uninitialized>
         <run_address>0x880</run_address>
         <size>0x4</size>
         <input_file_ref idref="fl-19"/>
      </object_component>
      <object_component id="oc-8d">
         <name>SysPwrCtrlRegsFile</name>
         <uninitialized>true</uninitialized>
         <run_address>0x985</run_address>
         <size>0x3</size>
         <input_file_ref idref="fl-19"/>
      </object_component>
      <object_component id="oc-8f">
         <name>FlashRegsFile</name>
         <uninitialized>true</uninitialized>
         <run_address>0xa80</run_address>
         <size>0x8</size>
         <input_file_ref idref="fl-19"/>
      </object_component>
      <object_component id="oc-98">
         <name>CsmRegsFile</name>
         <uninitialized>true</uninitialized>
         <run_address>0xae0</run_address>
         <size>0x10</size>
         <input_file_ref idref="fl-19"/>
      </object_component>
      <object_component id="oc-a0">
         <name>AdcResultFile</name>
         <uninitialized>true</uninitialized>
         <run_address>0xb00</run_address>
         <size>0x20</size>
         <input_file_ref idref="fl-19"/>
      </object_component>
      <object_component id="oc-90">
         <name>CpuTimer0RegsFile</name>
         <uninitialized>true</uninitialized>
         <run_address>0xc00</run_address>
         <size>0x8</size>
         <input_file_ref idref="fl-19"/>
      </object_component>
      <object_component id="oc-91">
         <name>CpuTimer1RegsFile</name>
         <uninitialized>true</uninitialized>
         <run_address>0xc08</run_address>
         <size>0x8</size>
         <input_file_ref idref="fl-19"/>
      </object_component>
      <object_component id="oc-92">
         <name>CpuTimer2RegsFile</name>
         <uninitialized>true</uninitialized>
         <run_address>0xc10</run_address>
         <size>0x8</size>
         <input_file_ref idref="fl-19"/>
      </object_component>
      <object_component id="oc-9c">
         <name>PieCtrlRegsFile</name>
         <uninitialized>true</uninitialized>
         <run_address>0xce0</run_address>
         <size>0x1a</size>
         <input_file_ref idref="fl-19"/>
      </object_component>
      <object_component id="oc-9f">
         <name>ECap1RegsFile</name>
         <uninitialized>true</uninitialized>
         <run_address>0x6a00</run_address>
         <size>0x20</size>
         <input_file_ref idref="fl-19"/>
      </object_component>
      <object_component id="oc-a6">
         <name>GpioCtrlRegsFile</name>
         <uninitialized>true</uninitialized>
         <run_address>0x6f80</run_address>
         <size>0x40</size>
         <input_file_ref idref="fl-19"/>
      </object_component>
      <object_component id="oc-9e">
         <name>GpioDataRegsFile</name>
         <uninitialized>true</uninitialized>
         <run_address>0x6fc0</run_address>
         <size>0x20</size>
         <input_file_ref idref="fl-19"/>
      </object_component>
      <object_component id="oc-94">
         <name>GpioIntRegsFile</name>
         <uninitialized>true</uninitialized>
         <run_address>0x6fe0</run_address>
         <size>0xa</size>
         <input_file_ref idref="fl-19"/>
      </object_component>
      <object_component id="oc-9d">
         <name>SysCtrlRegsFile</name>
         <uninitialized>true</uninitialized>
         <run_address>0x7010</run_address>
         <size>0x1f</size>
         <input_file_ref idref="fl-19"/>
      </object_component>
      <object_component id="oc-95">
         <name>SpiaRegsFile</name>
         <uninitialized>true</uninitialized>
         <run_address>0x7040</run_address>
         <size>0x10</size>
         <input_file_ref idref="fl-19"/>
      </object_component>
      <object_component id="oc-96">
         <name>SciaRegsFile</name>
         <uninitialized>true</uninitialized>
         <run_address>0x7050</run_address>
         <size>0x10</size>
         <input_file_ref idref="fl-19"/>
      </object_component>
      <object_component id="oc-97">
         <name>NmiIntruptRegsFile</name>
         <uninitialized>true</uninitialized>
         <run_address>0x7060</run_address>
         <size>0x10</size>
         <input_file_ref idref="fl-19"/>
      </object_component>
      <object_component id="oc-99">
         <name>XIntruptRegsFile</name>
         <uninitialized>true</uninitialized>
         <run_address>0x7070</run_address>
         <size>0x10</size>
         <input_file_ref idref="fl-19"/>
      </object_component>
      <object_component id="oc-a7">
         <name>AdcRegsFile</name>
         <uninitialized>true</uninitialized>
         <run_address>0x7100</run_address>
         <size>0x51</size>
         <input_file_ref idref="fl-19"/>
      </object_component>
      <object_component id="oc-a1">
         <name>I2caRegsFile</name>
         <uninitialized>true</uninitialized>
         <run_address>0x7900</run_address>
         <size>0x22</size>
         <input_file_ref idref="fl-19"/>
      </object_component>
      <object_component id="oc-9b">
         <name>Comp1RegsFile</name>
         <uninitialized>true</uninitialized>
         <run_address>0x6400</run_address>
         <size>0x11</size>
         <input_file_ref idref="fl-19"/>
      </object_component>
      <object_component id="oc-9a">
         <name>Comp2RegsFile</name>
         <uninitialized>true</uninitialized>
         <run_address>0x6420</run_address>
         <size>0x11</size>
         <input_file_ref idref="fl-19"/>
      </object_component>
      <object_component id="oc-a5">
         <name>EPwm1RegsFile</name>
         <uninitialized>true</uninitialized>
         <run_address>0x6800</run_address>
         <size>0x40</size>
         <input_file_ref idref="fl-19"/>
      </object_component>
      <object_component id="oc-a3">
         <name>EPwm2RegsFile</name>
         <uninitialized>true</uninitialized>
         <run_address>0x6840</run_address>
         <size>0x40</size>
         <input_file_ref idref="fl-19"/>
      </object_component>
      <object_component id="oc-a2">
         <name>EPwm3RegsFile</name>
         <uninitialized>true</uninitialized>
         <run_address>0x6880</run_address>
         <size>0x40</size>
         <input_file_ref idref="fl-19"/>
      </object_component>
      <object_component id="oc-a4">
         <name>EPwm4RegsFile</name>
         <uninitialized>true</uninitialized>
         <run_address>0x68c0</run_address>
         <size>0x40</size>
         <input_file_ref idref="fl-19"/>
      </object_component>
      <object_component id="oc-93">
         <name>CsmPwlFile</name>
         <uninitialized>true</uninitialized>
         <run_address>0x3f7ff8</run_address>
         <size>0x8</size>
         <input_file_ref idref="fl-19"/>
      </object_component>
      <object_component id="oc-89">
         <name>PartIdRegsFile</name>
         <uninitialized>true</uninitialized>
         <run_address>0x3d7fff</run_address>
         <size>0x1</size>
         <input_file_ref idref="fl-19"/>
      </object_component>
      <object_component id="oc-82">
         <name>codestart</name>
         <load_address>0x3f7ff6</load_address>
         <run_address>0x3f7ff6</run_address>
         <size>0x2</size>
         <input_file_ref idref="fl-18"/>
      </object_component>
      <object_component id="oc-16a">
         <name>ramfuncs:_FLASH_setup</name>
         <load_address>0x3f7000</load_address>
         <run_address>0x50</run_address>
         <size>0xc</size>
         <input_file_ref idref="fl-14"/>
      </object_component>
      <object_component id="oc-193">
         <name>ramfuncs:_FLASH_enablePipelineMode</name>
         <load_address>0x3f700c</load_address>
         <run_address>0x5c</run_address>
         <size>0x6</size>
         <input_file_ref idref="fl-14"/>
      </object_component>
      <object_component id="oc-195">
         <name>ramfuncs:_FLASH_setActiveWaitCount</name>
         <load_address>0x3f7012</load_address>
         <run_address>0x62</run_address>
         <size>0x5</size>
         <input_file_ref idref="fl-14"/>
      </object_component>
      <object_component id="oc-194">
         <name>ramfuncs:_FLASH_setStandbyWaitCount</name>
         <load_address>0x3f7017</load_address>
         <run_address>0x67</run_address>
         <size>0x5</size>
         <input_file_ref idref="fl-14"/>
      </object_component>
      <object_component id="oc-83">
         <name>ramfuncs</name>
         <load_address>0x3f701c</load_address>
         <run_address>0x6c</run_address>
         <size>0x4</size>
         <input_file_ref idref="fl-18"/>
      </object_component>
      <object_component id="oc-3d">
         <name>.cinit</name>
         <load_address>0x3f66a6</load_address>
         <run_address>0x3f66a6</run_address>
         <size>0x37</size>
         <input_file_ref idref="fl-3"/>
      </object_component>
      <object_component id="oc-4a">
         <name>.cinit</name>
         <load_address>0x3f66dd</load_address>
         <run_address>0x3f66dd</run_address>
         <size>0x10</size>
         <input_file_ref idref="fl-4"/>
      </object_component>
      <object_component id="oc-b5">
         <name>.cinit</name>
         <load_address>0x3f66ed</load_address>
         <run_address>0x3f66ed</run_address>
         <size>0xa</size>
         <input_file_ref idref="fl-21"/>
      </object_component>
      <object_component id="oc-10c">
         <name>.cinit:__lock</name>
         <load_address>0x3f66f7</load_address>
         <run_address>0x3f66f7</run_address>
         <size>0x5</size>
         <input_file_ref idref="fl-2e"/>
      </object_component>
      <object_component id="oc-13a">
         <name>.cinit:__unlock</name>
         <load_address>0x3f66fc</load_address>
         <run_address>0x3f66fc</run_address>
         <size>0x5</size>
         <input_file_ref idref="fl-2e"/>
      </object_component>
      <object_component id="oc-161">
         <name>.text:_ADC_setVoltRefSrc</name>
         <load_address>0x3f6000</load_address>
         <run_address>0x3f6000</run_address>
         <size>0x12</size>
         <input_file_ref idref="fl-17"/>
      </object_component>
      <object_component id="oc-169">
         <name>.text:_PIE_enableAdcInt</name>
         <load_address>0x3f6012</load_address>
         <run_address>0x3f6012</run_address>
         <size>0x12</size>
         <input_file_ref idref="fl-12"/>
      </object_component>
      <object_component id="oc-81">
         <name>.text</name>
         <load_address>0x3f6024</load_address>
         <run_address>0x3f6024</run_address>
         <size>0x12</size>
         <input_file_ref idref="fl-18"/>
      </object_component>
      <object_component id="oc-13b">
         <name>.text:_writeCommand</name>
         <load_address>0x3f6036</load_address>
         <run_address>0x3f6036</run_address>
         <size>0x11</size>
         <input_file_ref idref="fl-4"/>
      </object_component>
      <object_component id="oc-13d">
         <name>.text:_writeData</name>
         <load_address>0x3f6047</load_address>
         <run_address>0x3f6047</run_address>
         <size>0x11</size>
         <input_file_ref idref="fl-4"/>
      </object_component>
      <object_component id="oc-3f">
         <name>.text:_timer0_isr</name>
         <load_address>0x3f6058</load_address>
         <run_address>0x3f6058</run_address>
         <size>0x10</size>
         <input_file_ref idref="fl-3"/>
      </object_component>
      <object_component id="oc-f2">
         <name>.text</name>
         <load_address>0x3f6068</load_address>
         <run_address>0x3f6068</run_address>
         <size>0x10</size>
         <input_file_ref idref="fl-2d"/>
      </object_component>
      <object_component id="oc-14b">
         <name>.text:_PIE_registerPieIntHandler</name>
         <load_address>0x3f6078</load_address>
         <run_address>0x3f6078</run_address>
         <size>0xf</size>
         <input_file_ref idref="fl-12"/>
      </object_component>
      <object_component id="oc-125">
         <name>.text:_AIO_init</name>
         <load_address>0x3f6087</load_address>
         <run_address>0x3f6087</run_address>
         <size>0xe</size>
         <input_file_ref idref="fl-2"/>
      </object_component>
      <object_component id="oc-41">
         <name>.text:_spiRxFifoIsr</name>
         <load_address>0x3f6095</load_address>
         <run_address>0x3f6095</run_address>
         <size>0xe</size>
         <input_file_ref idref="fl-3"/>
      </object_component>
      <object_component id="oc-104">
         <name>.text:_writeString</name>
         <load_address>0x3f60a3</load_address>
         <run_address>0x3f60a3</run_address>
         <size>0xc</size>
         <input_file_ref idref="fl-4"/>
      </object_component>
      <object_component id="oc-160">
         <name>.text:_ADC_enable</name>
         <load_address>0x3f60af</load_address>
         <run_address>0x3f60af</run_address>
         <size>0xb</size>
         <input_file_ref idref="fl-17"/>
      </object_component>
      <object_component id="oc-15d">
         <name>.text:_ADC_enableBandGap</name>
         <load_address>0x3f60ba</load_address>
         <run_address>0x3f60ba</run_address>
         <size>0xb</size>
         <input_file_ref idref="fl-17"/>
      </object_component>
      <object_component id="oc-15e">
         <name>.text:_ADC_enableRefBuffers</name>
         <load_address>0x3f60c5</load_address>
         <run_address>0x3f60c5</run_address>
         <size>0xb</size>
         <input_file_ref idref="fl-17"/>
      </object_component>
      <object_component id="oc-15f">
         <name>.text:_ADC_powerUp</name>
         <load_address>0x3f60d0</load_address>
         <run_address>0x3f60d0</run_address>
         <size>0xb</size>
         <input_file_ref idref="fl-17"/>
      </object_component>
      <object_component id="oc-15c">
         <name>.text:_ADC_reset</name>
         <load_address>0x3f60db</load_address>
         <run_address>0x3f60db</run_address>
         <size>0xb</size>
         <input_file_ref idref="fl-17"/>
      </object_component>
      <object_component id="oc-149">
         <name>.text:_GPIO_setExtInt</name>
         <load_address>0x3f60e6</load_address>
         <run_address>0x3f60e6</run_address>
         <size>0xb</size>
         <input_file_ref idref="fl-13"/>
      </object_component>
      <object_component id="oc-106">
         <name>.text:_PIE_disableInt</name>
         <load_address>0x3f60f1</load_address>
         <run_address>0x3f60f1</run_address>
         <size>0xb</size>
         <input_file_ref idref="fl-12"/>
      </object_component>
      <object_component id="oc-ed">
         <name>.text</name>
         <load_address>0x3f60fc</load_address>
         <run_address>0x3f60fc</run_address>
         <size>0xb</size>
         <input_file_ref idref="fl-2c"/>
      </object_component>
      <object_component id="oc-109">
         <name>.text:_PIE_enableInt</name>
         <load_address>0x3f6107</load_address>
         <run_address>0x3f6107</run_address>
         <size>0xa</size>
         <input_file_ref idref="fl-12"/>
      </object_component>
      <object_component id="oc-17e">
         <name>.text:_SCI_resetChannels</name>
         <load_address>0x3f6111</load_address>
         <run_address>0x3f6111</run_address>
         <size>0xa</size>
         <input_file_ref idref="fl-f"/>
      </object_component>
      <object_component id="oc-180">
         <name>.text:_SCI_resetRxFifo</name>
         <load_address>0x3f611b</load_address>
         <run_address>0x3f611b</run_address>
         <size>0xa</size>
         <input_file_ref idref="fl-f"/>
      </object_component>
      <object_component id="oc-17c">
         <name>.text:_SCI_resetTxFifo</name>
         <load_address>0x3f6125</load_address>
         <run_address>0x3f6125</run_address>
         <size>0xa</size>
         <input_file_ref idref="fl-f"/>
      </object_component>
      <object_component id="oc-185">
         <name>.text:_CLK_enablePwmClock</name>
         <load_address>0x3f612f</load_address>
         <run_address>0x3f612f</run_address>
         <size>0x9</size>
         <input_file_ref idref="fl-16"/>
      </object_component>
      <object_component id="oc-172">
         <name>.text:_CLK_enableSciaClock</name>
         <load_address>0x3f6138</load_address>
         <run_address>0x3f6138</run_address>
         <size>0x9</size>
         <input_file_ref idref="fl-16"/>
      </object_component>
      <object_component id="oc-190">
         <name>.text:_PWM_setActionQual_CntDown_CmpA_PwmA</name>
         <load_address>0x3f6141</load_address>
         <run_address>0x3f6141</run_address>
         <size>0x9</size>
         <input_file_ref idref="fl-10"/>
      </object_component>
      <object_component id="oc-18f">
         <name>.text:_PWM_setActionQual_CntUp_CmpA_PwmA</name>
         <load_address>0x3f614a</load_address>
         <run_address>0x3f614a</run_address>
         <size>0x9</size>
         <input_file_ref idref="fl-10"/>
      </object_component>
      <object_component id="oc-196">
         <name>.text:_SCI_putDataBlocking</name>
         <load_address>0x3f6153</load_address>
         <run_address>0x3f6153</run_address>
         <size>0x9</size>
         <input_file_ref idref="fl-f"/>
      </object_component>
      <object_component id="oc-139">
         <name>.text</name>
         <load_address>0x3f615c</load_address>
         <run_address>0x3f615c</run_address>
         <size>0x9</size>
         <input_file_ref idref="fl-2e"/>
      </object_component>
      <object_component id="oc-113">
         <name>.text:_ADC_init</name>
         <load_address>0x3f6165</load_address>
         <run_address>0x3f6165</run_address>
         <size>0x8</size>
         <input_file_ref idref="fl-17"/>
      </object_component>
      <object_component id="oc-118">
         <name>.text:_PIE_init</name>
         <load_address>0x3f616d</load_address>
         <run_address>0x3f616d</run_address>
         <size>0x8</size>
         <input_file_ref idref="fl-12"/>
      </object_component>
      <object_component id="oc-11e">
         <name>.text:_WDOG_disable</name>
         <load_address>0x3f6175</load_address>
         <run_address>0x3f6175</run_address>
         <size>0x8</size>
         <input_file_ref idref="fl-c"/>
      </object_component>
      <object_component id="oc-120">
         <name>.text:_CLK_disableAdcClock</name>
         <load_address>0x3f617d</load_address>
         <run_address>0x3f617d</run_address>
         <size>0x7</size>
         <input_file_ref idref="fl-16"/>
      </object_component>
      <object_component id="oc-12b">
         <name>.text:_CLK_disableTbClockSync</name>
         <load_address>0x3f6184</load_address>
         <run_address>0x3f6184</run_address>
         <size>0x7</size>
         <input_file_ref idref="fl-16"/>
      </object_component>
      <object_component id="oc-11f">
         <name>.text:_CLK_enableAdcClock</name>
         <load_address>0x3f618b</load_address>
         <run_address>0x3f618b</run_address>
         <size>0x7</size>
         <input_file_ref idref="fl-16"/>
      </object_component>
      <object_component id="oc-14e">
         <name>.text:_CLK_enableSpiaClock</name>
         <load_address>0x3f6192</load_address>
         <run_address>0x3f6192</run_address>
         <size>0x7</size>
         <input_file_ref idref="fl-16"/>
      </object_component>
      <object_component id="oc-12d">
         <name>.text:_CLK_enableTbClockSync</name>
         <load_address>0x3f6199</load_address>
         <run_address>0x3f6199</run_address>
         <size>0x7</size>
         <input_file_ref idref="fl-16"/>
      </object_component>
      <object_component id="oc-114">
         <name>.text:_CLK_init</name>
         <load_address>0x3f61a0</load_address>
         <run_address>0x3f61a0</run_address>
         <size>0x7</size>
         <input_file_ref idref="fl-16"/>
      </object_component>
      <object_component id="oc-121">
         <name>.text:_CLK_setOscSrc</name>
         <load_address>0x3f61a7</load_address>
         <run_address>0x3f61a7</run_address>
         <size>0x7</size>
         <input_file_ref idref="fl-16"/>
      </object_component>
      <object_component id="oc-116">
         <name>.text:_FLASH_init</name>
         <load_address>0x3f61ae</load_address>
         <run_address>0x3f61ae</run_address>
         <size>0x7</size>
         <input_file_ref idref="fl-14"/>
      </object_component>
      <object_component id="oc-117">
         <name>.text:_GPIO_init</name>
         <load_address>0x3f61b5</load_address>
         <run_address>0x3f61b5</run_address>
         <size>0x7</size>
         <input_file_ref idref="fl-13"/>
      </object_component>
      <object_component id="oc-119">
         <name>.text:_PLL_init</name>
         <load_address>0x3f61bc</load_address>
         <run_address>0x3f61bc</run_address>
         <size>0x7</size>
         <input_file_ref idref="fl-11"/>
      </object_component>
      <object_component id="oc-140">
         <name>.text:_PLL_setDivider</name>
         <load_address>0x3f61c3</load_address>
         <run_address>0x3f61c3</run_address>
         <size>0x7</size>
         <input_file_ref idref="fl-11"/>
      </object_component>
      <object_component id="oc-112">
         <name>.text:_PWM_init</name>
         <load_address>0x3f61ca</load_address>
         <run_address>0x3f61ca</run_address>
         <size>0x7</size>
         <input_file_ref idref="fl-10"/>
      </object_component>
      <object_component id="oc-11c">
         <name>.text:_SCI_init</name>
         <load_address>0x3f61d1</load_address>
         <run_address>0x3f61d1</run_address>
         <size>0x7</size>
         <input_file_ref idref="fl-f"/>
      </object_component>
      <object_component id="oc-182">
         <name>.text:_SCI_setRxFifoIntLevel</name>
         <load_address>0x3f61d8</load_address>
         <run_address>0x3f61d8</run_address>
         <size>0x7</size>
         <input_file_ref idref="fl-f"/>
      </object_component>
      <object_component id="oc-17f">
         <name>.text:_SCI_setTxFifoIntLevel</name>
         <load_address>0x3f61df</load_address>
         <run_address>0x3f61df</run_address>
         <size>0x7</size>
         <input_file_ref idref="fl-f"/>
      </object_component>
      <object_component id="oc-11b">
         <name>.text:_SPI_init</name>
         <load_address>0x3f61e6</load_address>
         <run_address>0x3f61e6</run_address>
         <size>0x7</size>
         <input_file_ref idref="fl-e"/>
      </object_component>
      <object_component id="oc-14f">
         <name>.text:_SPI_reset</name>
         <load_address>0x3f61ed</load_address>
         <run_address>0x3f61ed</run_address>
         <size>0x7</size>
         <input_file_ref idref="fl-e"/>
      </object_component>
      <object_component id="oc-159">
         <name>.text:_SPI_setPriority</name>
         <load_address>0x3f61f4</load_address>
         <run_address>0x3f61f4</run_address>
         <size>0x7</size>
         <input_file_ref idref="fl-e"/>
      </object_component>
      <object_component id="oc-11d">
         <name>.text:_TIMER_init</name>
         <load_address>0x3f61fb</load_address>
         <run_address>0x3f61fb</run_address>
         <size>0x7</size>
         <input_file_ref idref="fl-d"/>
      </object_component>
      <object_component id="oc-16f">
         <name>.text:_TIMER_setEmulationMode</name>
         <load_address>0x3f6202</load_address>
         <run_address>0x3f6202</run_address>
         <size>0x7</size>
         <input_file_ref idref="fl-d"/>
      </object_component>
      <object_component id="oc-11a">
         <name>.text:_WDOG_init</name>
         <load_address>0x3f6209</load_address>
         <run_address>0x3f6209</run_address>
         <size>0x7</size>
         <input_file_ref idref="fl-c"/>
      </object_component>
      <object_component id="oc-141">
         <name>.text:_PLL_setMultiplier</name>
         <load_address>0x3f6210</load_address>
         <run_address>0x3f6210</run_address>
         <size>0x6</size>
         <input_file_ref idref="fl-11"/>
      </object_component>
      <object_component id="oc-18d">
         <name>.text:_PWM_setShadowMode_CmpA</name>
         <load_address>0x3f6216</load_address>
         <run_address>0x3f6216</run_address>
         <size>0x6</size>
         <input_file_ref idref="fl-10"/>
      </object_component>
      <object_component id="oc-17a">
         <name>.text:_SCI_setBaudRate</name>
         <load_address>0x3f621c</load_address>
         <run_address>0x3f621c</run_address>
         <size>0x6</size>
         <input_file_ref idref="fl-f"/>
      </object_component>
      <object_component id="oc-103">
         <name>.text:_clearSome</name>
         <load_address>0x3f6222</load_address>
         <run_address>0x3f6222</run_address>
         <size>0x6</size>
         <input_file_ref idref="fl-4"/>
      </object_component>
      <object_component id="oc-191">
         <name>.text:_scia_xmit</name>
         <load_address>0x3f6228</load_address>
         <run_address>0x3f6228</run_address>
         <size>0x6</size>
         <input_file_ref idref="fl-3"/>
      </object_component>
      <object_component id="oc-cf">
         <name>.text</name>
         <load_address>0x3f622e</load_address>
         <run_address>0x3f622e</run_address>
         <size>0x5</size>
         <input_file_ref idref="fl-26"/>
      </object_component>
      <object_component id="oc-14d">
         <name>.text:_CPU_enableInt</name>
         <load_address>0x3f6233</load_address>
         <run_address>0x3f6233</run_address>
         <size>0x4</size>
         <input_file_ref idref="fl-15"/>
      </object_component>
      <object_component id="oc-115">
         <name>.text:_CPU_init</name>
         <load_address>0x3f6237</load_address>
         <run_address>0x3f6237</run_address>
         <size>0x4</size>
         <input_file_ref idref="fl-15"/>
      </object_component>
      <object_component id="oc-18c">
         <name>.text:_PWM_setClkDiv</name>
         <load_address>0x3f623b</load_address>
         <run_address>0x3f623b</run_address>
         <size>0x4</size>
         <input_file_ref idref="fl-10"/>
      </object_component>
      <object_component id="oc-189">
         <name>.text:_PWM_setCounterMode</name>
         <load_address>0x3f623f</load_address>
         <run_address>0x3f623f</run_address>
         <size>0x4</size>
         <input_file_ref idref="fl-10"/>
      </object_component>
      <object_component id="oc-18b">
         <name>.text:_PWM_setHighSpeedClkDiv</name>
         <load_address>0x3f6243</load_address>
         <run_address>0x3f6243</run_address>
         <size>0x4</size>
         <input_file_ref idref="fl-10"/>
      </object_component>
      <object_component id="oc-18e">
         <name>.text:_PWM_setLoadMode_CmpA</name>
         <load_address>0x3f6247</load_address>
         <run_address>0x3f6247</run_address>
         <size>0x4</size>
         <input_file_ref idref="fl-10"/>
      </object_component>
      <object_component id="oc-181">
         <name>.text:_SCI_clearRxFifoInt</name>
         <load_address>0x3f624b</load_address>
         <run_address>0x3f624b</run_address>
         <size>0x4</size>
         <input_file_ref idref="fl-f"/>
      </object_component>
      <object_component id="oc-17d">
         <name>.text:_SCI_clearTxFifoInt</name>
         <load_address>0x3f624f</load_address>
         <run_address>0x3f624f</run_address>
         <size>0x4</size>
         <input_file_ref idref="fl-f"/>
      </object_component>
      <object_component id="oc-17b">
         <name>.text:_SCI_enableFifoEnh</name>
         <load_address>0x3f6253</load_address>
         <run_address>0x3f6253</run_address>
         <size>0x4</size>
         <input_file_ref idref="fl-f"/>
      </object_component>
      <object_component id="oc-175">
         <name>.text:_SCI_setCharLength</name>
         <load_address>0x3f6257</load_address>
         <run_address>0x3f6257</run_address>
         <size>0x4</size>
         <input_file_ref idref="fl-f"/>
      </object_component>
      <object_component id="oc-174">
         <name>.text:_SCI_setNumStopBits</name>
         <load_address>0x3f625b</load_address>
         <run_address>0x3f625b</run_address>
         <size>0x4</size>
         <input_file_ref idref="fl-f"/>
      </object_component>
      <object_component id="oc-151">
         <name>.text:_SPI_enableChannels</name>
         <load_address>0x3f625f</load_address>
         <run_address>0x3f625f</run_address>
         <size>0x4</size>
         <input_file_ref idref="fl-e"/>
      </object_component>
      <object_component id="oc-154">
         <name>.text:_SPI_setCharLength</name>
         <load_address>0x3f6263</load_address>
         <run_address>0x3f6263</run_address>
         <size>0x4</size>
         <input_file_ref idref="fl-e"/>
      </object_component>
      <object_component id="oc-156">
         <name>.text:_SPI_setClkPolarity</name>
         <load_address>0x3f6267</load_address>
         <run_address>0x3f6267</run_address>
         <size>0x4</size>
         <input_file_ref idref="fl-e"/>
      </object_component>
      <object_component id="oc-130">
         <name>.text:_CPU_clearIntFlags</name>
         <load_address>0x3f626b</load_address>
         <run_address>0x3f626b</run_address>
         <size>0x3</size>
         <input_file_ref idref="fl-15"/>
      </object_component>
      <object_component id="oc-12f">
         <name>.text:_CPU_disableGlobalInts</name>
         <load_address>0x3f626e</load_address>
         <run_address>0x3f626e</run_address>
         <size>0x3</size>
         <input_file_ref idref="fl-15"/>
      </object_component>
      <object_component id="oc-131">
         <name>.text:_CPU_enableGlobalInts</name>
         <load_address>0x3f6271</load_address>
         <run_address>0x3f6271</run_address>
         <size>0x3</size>
         <input_file_ref idref="fl-15"/>
      </object_component>
      <object_component id="oc-12e">
         <name>.text:_PIE_enable</name>
         <load_address>0x3f6274</load_address>
         <run_address>0x3f6274</run_address>
         <size>0x3</size>
         <input_file_ref idref="fl-12"/>
      </object_component>
      <object_component id="oc-171">
         <name>.text:_PIE_enableTimer0Int</name>
         <load_address>0x3f6277</load_address>
         <run_address>0x3f6277</run_address>
         <size>0x3</size>
         <input_file_ref idref="fl-12"/>
      </object_component>
      <object_component id="oc-13f">
         <name>.text:_PLL_getClkStatus</name>
         <load_address>0x3f627a</load_address>
         <run_address>0x3f627a</run_address>
         <size>0x3</size>
         <input_file_ref idref="fl-11"/>
      </object_component>
      <object_component id="oc-142">
         <name>.text:_PLL_getLockStatus</name>
         <load_address>0x3f627d</load_address>
         <run_address>0x3f627d</run_address>
         <size>0x3</size>
         <input_file_ref idref="fl-11"/>
      </object_component>
      <object_component id="oc-18a">
         <name>.text:_PWM_disableCounterLoad</name>
         <load_address>0x3f6280</load_address>
         <run_address>0x3f6280</run_address>
         <size>0x3</size>
         <input_file_ref idref="fl-10"/>
      </object_component>
      <object_component id="oc-173">
         <name>.text:_SCI_disableParity</name>
         <load_address>0x3f6283</load_address>
         <run_address>0x3f6283</run_address>
         <size>0x3</size>
         <input_file_ref idref="fl-f"/>
      </object_component>
      <object_component id="oc-184">
         <name>.text:_SCI_enable</name>
         <load_address>0x3f6286</load_address>
         <run_address>0x3f6286</run_address>
         <size>0x3</size>
         <input_file_ref idref="fl-f"/>
      </object_component>
      <object_component id="oc-177">
         <name>.text:_SCI_enableRx</name>
         <load_address>0x3f6289</load_address>
         <run_address>0x3f6289</run_address>
         <size>0x3</size>
         <input_file_ref idref="fl-f"/>
      </object_component>
      <object_component id="oc-179">
         <name>.text:_SCI_enableRxInt</name>
         <load_address>0x3f628c</load_address>
         <run_address>0x3f628c</run_address>
         <size>0x3</size>
         <input_file_ref idref="fl-f"/>
      </object_component>
      <object_component id="oc-176">
         <name>.text:_SCI_enableTx</name>
         <load_address>0x3f628f</load_address>
         <run_address>0x3f628f</run_address>
         <size>0x3</size>
         <input_file_ref idref="fl-f"/>
      </object_component>
      <object_component id="oc-178">
         <name>.text:_SCI_enableTxInt</name>
         <load_address>0x3f6292</load_address>
         <run_address>0x3f6292</run_address>
         <size>0x3</size>
         <input_file_ref idref="fl-f"/>
      </object_component>
      <object_component id="oc-183">
         <name>.text:_SCI_setPriority</name>
         <load_address>0x3f6295</load_address>
         <run_address>0x3f6295</run_address>
         <size>0x3</size>
         <input_file_ref idref="fl-f"/>
      </object_component>
      <object_component id="oc-150">
         <name>.text:_SPI_enable</name>
         <load_address>0x3f6298</load_address>
         <run_address>0x3f6298</run_address>
         <size>0x3</size>
         <input_file_ref idref="fl-e"/>
      </object_component>
      <object_component id="oc-157">
         <name>.text:_SPI_enableInt</name>
         <load_address>0x3f629b</load_address>
         <run_address>0x3f629b</run_address>
         <size>0x3</size>
         <input_file_ref idref="fl-e"/>
      </object_component>
      <object_component id="oc-153">
         <name>.text:_SPI_enableTx</name>
         <load_address>0x3f629e</load_address>
         <run_address>0x3f629e</run_address>
         <size>0x3</size>
         <input_file_ref idref="fl-e"/>
      </object_component>
      <object_component id="oc-170">
         <name>.text:_TIMER_enableInt</name>
         <load_address>0x3f62a1</load_address>
         <run_address>0x3f62a1</run_address>
         <size>0x3</size>
         <input_file_ref idref="fl-d"/>
      </object_component>
      <object_component id="oc-16e">
         <name>.text:_TIMER_reload</name>
         <load_address>0x3f62a4</load_address>
         <run_address>0x3f62a4</run_address>
         <size>0x3</size>
         <input_file_ref idref="fl-d"/>
      </object_component>
      <object_component id="oc-132">
         <name>.text:_TIMER_start</name>
         <load_address>0x3f62a7</load_address>
         <run_address>0x3f62a7</run_address>
         <size>0x3</size>
         <input_file_ref idref="fl-d"/>
      </object_component>
      <object_component id="oc-16b">
         <name>.text:_TIMER_stop</name>
         <load_address>0x3f62aa</load_address>
         <run_address>0x3f62aa</run_address>
         <size>0x3</size>
         <input_file_ref idref="fl-d"/>
      </object_component>
      <object_component id="oc-188">
         <name>.text:_PWM_setCount</name>
         <load_address>0x3f62ad</load_address>
         <run_address>0x3f62ad</run_address>
         <size>0x2</size>
         <input_file_ref idref="fl-10"/>
      </object_component>
      <object_component id="oc-186">
         <name>.text:_PWM_setPeriod</name>
         <load_address>0x3f62af</load_address>
         <run_address>0x3f62af</run_address>
         <size>0x2</size>
         <input_file_ref idref="fl-10"/>
      </object_component>
      <object_component id="oc-187">
         <name>.text:_PWM_setPhase</name>
         <load_address>0x3f62b1</load_address>
         <run_address>0x3f62b1</run_address>
         <size>0x2</size>
         <input_file_ref idref="fl-10"/>
      </object_component>
      <object_component id="oc-158">
         <name>.text:_SPI_setBaudRate</name>
         <load_address>0x3f62b3</load_address>
         <run_address>0x3f62b3</run_address>
         <size>0x2</size>
         <input_file_ref idref="fl-e"/>
      </object_component>
      <object_component id="oc-155">
         <name>.text:_SPI_setClkPhase</name>
         <load_address>0x3f62b5</load_address>
         <run_address>0x3f62b5</run_address>
         <size>0x2</size>
         <input_file_ref idref="fl-e"/>
      </object_component>
      <object_component id="oc-152">
         <name>.text:_SPI_setMode</name>
         <load_address>0x3f62b7</load_address>
         <run_address>0x3f62b7</run_address>
         <size>0x2</size>
         <input_file_ref idref="fl-e"/>
      </object_component>
      <object_component id="oc-16c">
         <name>.text:_TIMER_setPeriod</name>
         <load_address>0x3f62b9</load_address>
         <run_address>0x3f62b9</run_address>
         <size>0x2</size>
         <input_file_ref idref="fl-d"/>
      </object_component>
      <object_component id="oc-10a">
         <name>.text:_main</name>
         <load_address>0x3f7020</load_address>
         <run_address>0x3f7020</run_address>
         <size>0x1d9</size>
         <input_file_ref idref="fl-3"/>
      </object_component>
      <object_component id="oc-124">
         <name>.text:_gpio_init</name>
         <load_address>0x3f71f9</load_address>
         <run_address>0x3f71f9</run_address>
         <size>0x1ab</size>
         <input_file_ref idref="fl-3"/>
      </object_component>
      <object_component id="oc-40">
         <name>.text:_adc_Isr</name>
         <load_address>0x3f73a4</load_address>
         <run_address>0x3f73a4</run_address>
         <size>0x10b</size>
         <input_file_ref idref="fl-3"/>
      </object_component>
      <object_component id="oc-128">
         <name>.text:_adc_init</name>
         <load_address>0x3f74af</load_address>
         <run_address>0x3f74af</run_address>
         <size>0x9a</size>
         <input_file_ref idref="fl-3"/>
      </object_component>
      <object_component id="oc-126">
         <name>.text:_spi_init</name>
         <load_address>0x3f7549</load_address>
         <run_address>0x3f7549</run_address>
         <size>0x98</size>
         <input_file_ref idref="fl-3"/>
      </object_component>
      <object_component id="oc-137">
         <name>.text:_ftoa</name>
         <load_address>0x3f75e1</load_address>
         <run_address>0x3f75e1</run_address>
         <size>0x8c</size>
         <input_file_ref idref="fl-3"/>
      </object_component>
      <object_component id="oc-c5">
         <name>.text</name>
         <load_address>0x3f766d</load_address>
         <run_address>0x3f766d</run_address>
         <size>0x83</size>
         <input_file_ref idref="fl-24"/>
      </object_component>
      <object_component id="oc-bb">
         <name>.text</name>
         <load_address>0x3f76f0</load_address>
         <run_address>0x3f76f0</run_address>
         <size>0x78</size>
         <input_file_ref idref="fl-22"/>
      </object_component>
      <object_component id="oc-110">
         <name>.text:_drawLine</name>
         <load_address>0x3f7768</load_address>
         <run_address>0x3f7768</run_address>
         <size>0x71</size>
         <input_file_ref idref="fl-4"/>
      </object_component>
      <object_component id="oc-105">
         <name>.text:_drawFilledCircle</name>
         <load_address>0x3f77d9</load_address>
         <run_address>0x3f77d9</run_address>
         <size>0x6f</size>
         <input_file_ref idref="fl-4"/>
      </object_component>
      <object_component id="oc-10f">
         <name>.text:_writeChar</name>
         <load_address>0x3f7848</load_address>
         <run_address>0x3f7848</run_address>
         <size>0x69</size>
         <input_file_ref idref="fl-4"/>
      </object_component>
      <object_component id="oc-12a">
         <name>.text:_scia_init</name>
         <load_address>0x3f78b1</load_address>
         <run_address>0x3f78b1</run_address>
         <size>0x66</size>
         <input_file_ref idref="fl-3"/>
      </object_component>
      <object_component id="oc-12c">
         <name>.text:_epwm_init</name>
         <load_address>0x3f7917</load_address>
         <run_address>0x3f7917</run_address>
         <size>0x60</size>
         <input_file_ref idref="fl-3"/>
      </object_component>
      <object_component id="oc-ca">
         <name>.text</name>
         <load_address>0x3f7977</load_address>
         <run_address>0x3f7977</run_address>
         <size>0x5a</size>
         <input_file_ref idref="fl-25"/>
      </object_component>
      <object_component id="oc-145">
         <name>.text:_GPIO_setMode</name>
         <load_address>0x3f79d1</load_address>
         <run_address>0x3f79d1</run_address>
         <size>0x49</size>
         <input_file_ref idref="fl-13"/>
      </object_component>
      <object_component id="oc-36">
         <name>.text</name>
         <load_address>0x3f7a1a</load_address>
         <run_address>0x3f7a1a</run_address>
         <size>0x44</size>
         <input_file_ref idref="fl-20"/>
      </object_component>
      <object_component id="oc-127">
         <name>.text:_nokia_init</name>
         <load_address>0x3f7a5e</load_address>
         <run_address>0x3f7a5e</run_address>
         <size>0x3e</size>
         <input_file_ref idref="fl-4"/>
      </object_component>
      <object_component id="oc-13e">
         <name>.text:_setPixel</name>
         <load_address>0x3f7a9c</load_address>
         <run_address>0x3f7a9c</run_address>
         <size>0x3b</size>
         <input_file_ref idref="fl-4"/>
      </object_component>
      <object_component id="oc-135">
         <name>.text:_itoa</name>
         <load_address>0x3f7ad7</load_address>
         <run_address>0x3f7ad7</run_address>
         <size>0x3a</size>
         <input_file_ref idref="fl-3"/>
      </object_component>
      <object_component id="oc-146">
         <name>.text:_GPIO_setDirection</name>
         <load_address>0x3f7b11</load_address>
         <run_address>0x3f7b11</run_address>
         <size>0x34</size>
         <input_file_ref idref="fl-13"/>
      </object_component>
      <object_component id="oc-143">
         <name>.text:_GPIO_setPullUp</name>
         <load_address>0x3f7b45</load_address>
         <run_address>0x3f7b45</run_address>
         <size>0x34</size>
         <input_file_ref idref="fl-13"/>
      </object_component>
      <object_component id="oc-129">
         <name>.text:_timer0_init</name>
         <load_address>0x3f7b79</load_address>
         <run_address>0x3f7b79</run_address>
         <size>0x33</size>
         <input_file_ref idref="fl-3"/>
      </object_component>
      <object_component id="oc-42">
         <name>.text:_xint1_isr</name>
         <load_address>0x3f7bac</load_address>
         <run_address>0x3f7bac</run_address>
         <size>0x30</size>
         <input_file_ref idref="fl-3"/>
      </object_component>
      <object_component id="oc-43">
         <name>.text:_xint2_isr</name>
         <load_address>0x3f7bdc</load_address>
         <run_address>0x3f7bdc</run_address>
         <size>0x30</size>
         <input_file_ref idref="fl-3"/>
      </object_component>
      <object_component id="oc-15b">
         <name>.text:_clear</name>
         <load_address>0x3f7c0c</load_address>
         <run_address>0x3f7c0c</run_address>
         <size>0x2d</size>
         <input_file_ref idref="fl-4"/>
      </object_component>
      <object_component id="oc-144">
         <name>.text:_GPIO_setQualification</name>
         <load_address>0x3f7c39</load_address>
         <run_address>0x3f7c39</run_address>
         <size>0x2b</size>
         <input_file_ref idref="fl-13"/>
      </object_component>
      <object_component id="oc-e3">
         <name>.text</name>
         <load_address>0x3f7c64</load_address>
         <run_address>0x3f7c64</run_address>
         <size>0x2a</size>
         <input_file_ref idref="fl-2a"/>
      </object_component>
      <object_component id="oc-d4">
         <name>.text</name>
         <load_address>0x3f7c8e</load_address>
         <run_address>0x3f7c8e</run_address>
         <size>0x25</size>
         <input_file_ref idref="fl-27"/>
      </object_component>
      <object_component id="oc-168">
         <name>.text:_ADC_setIntMode</name>
         <load_address>0x3f7cb3</load_address>
         <run_address>0x3f7cb3</run_address>
         <size>0x24</size>
         <input_file_ref idref="fl-17"/>
      </object_component>
      <object_component id="oc-164">
         <name>.text:_ADC_setIntSrc</name>
         <load_address>0x3f7cd7</load_address>
         <run_address>0x3f7cd7</run_address>
         <size>0x24</size>
         <input_file_ref idref="fl-17"/>
      </object_component>
      <object_component id="oc-148">
         <name>.text:_GPIO_setQualificationPeriod</name>
         <load_address>0x3f7cfb</load_address>
         <run_address>0x3f7cfb</run_address>
         <size>0x23</size>
         <input_file_ref idref="fl-13"/>
      </object_component>
      <object_component id="oc-14c">
         <name>.text:_PIE_enableExtInt</name>
         <load_address>0x3f7d1e</load_address>
         <run_address>0x3f7d1e</run_address>
         <size>0x23</size>
         <input_file_ref idref="fl-12"/>
      </object_component>
      <object_component id="oc-d9">
         <name>.text</name>
         <load_address>0x3f7d41</load_address>
         <run_address>0x3f7d41</run_address>
         <size>0x22</size>
         <input_file_ref idref="fl-28"/>
      </object_component>
      <object_component id="oc-107">
         <name>.text:_encUpdate</name>
         <load_address>0x3f7d63</load_address>
         <run_address>0x3f7d63</run_address>
         <size>0x20</size>
         <input_file_ref idref="fl-3"/>
      </object_component>
      <object_component id="oc-136">
         <name>.text:_figureFreq</name>
         <load_address>0x3f7d83</load_address>
         <run_address>0x3f7d83</run_address>
         <size>0x1d</size>
         <input_file_ref idref="fl-3"/>
      </object_component>
      <object_component id="oc-123">
         <name>.text</name>
         <load_address>0x3f7da0</load_address>
         <run_address>0x3f7da0</run_address>
         <size>0x1d</size>
         <input_file_ref idref="fl-2b"/>
      </object_component>
      <object_component id="oc-166">
         <name>.text:_ADC_setSocChanNumber</name>
         <load_address>0x3f7dbd</load_address>
         <run_address>0x3f7dbd</run_address>
         <size>0x1c</size>
         <input_file_ref idref="fl-17"/>
      </object_component>
      <object_component id="oc-167">
         <name>.text:_ADC_setSocSampleWindow</name>
         <load_address>0x3f7dd9</load_address>
         <run_address>0x3f7dd9</run_address>
         <size>0x1c</size>
         <input_file_ref idref="fl-17"/>
      </object_component>
      <object_component id="oc-165">
         <name>.text:_ADC_setSocTrigSrc</name>
         <load_address>0x3f7df5</load_address>
         <run_address>0x3f7df5</run_address>
         <size>0x1c</size>
         <input_file_ref idref="fl-17"/>
      </object_component>
      <object_component id="oc-10e">
         <name>.text:_gotoXY</name>
         <load_address>0x3f7e11</load_address>
         <run_address>0x3f7e11</run_address>
         <size>0x1c</size>
         <input_file_ref idref="fl-4"/>
      </object_component>
      <object_component id="oc-10d">
         <name>.text:_drawFilledRectangle</name>
         <load_address>0x3f7e2d</load_address>
         <run_address>0x3f7e2d</run_address>
         <size>0x1b</size>
         <input_file_ref idref="fl-4"/>
      </object_component>
      <object_component id="oc-134">
         <name>.text:_update_compare</name>
         <load_address>0x3f7e48</load_address>
         <run_address>0x3f7e48</run_address>
         <size>0x1b</size>
         <input_file_ref idref="fl-3"/>
      </object_component>
      <object_component id="oc-de">
         <name>.text</name>
         <load_address>0x3f7e63</load_address>
         <run_address>0x3f7e63</run_address>
         <size>0x1a</size>
         <input_file_ref idref="fl-29"/>
      </object_component>
      <object_component id="oc-14a">
         <name>.text:_PIE_setExtIntPolarity</name>
         <load_address>0x3f7e7d</load_address>
         <run_address>0x3f7e7d</run_address>
         <size>0x19</size>
         <input_file_ref idref="fl-12"/>
      </object_component>
      <object_component id="oc-101">
         <name>.text</name>
         <load_address>0x3f7e96</load_address>
         <run_address>0x3f7e96</run_address>
         <size>0x19</size>
         <input_file_ref idref="fl-2f"/>
      </object_component>
      <object_component id="oc-102">
         <name>.text</name>
         <load_address>0x3f7eaf</load_address>
         <run_address>0x3f7eaf</run_address>
         <size>0x19</size>
         <input_file_ref idref="fl-21"/>
      </object_component>
      <object_component id="oc-163">
         <name>.text:_ADC_enableInt</name>
         <load_address>0x3f7ec8</load_address>
         <run_address>0x3f7ec8</run_address>
         <size>0x18</size>
         <input_file_ref idref="fl-17"/>
      </object_component>
      <object_component id="oc-c0">
         <name>.text</name>
         <load_address>0x3f7ee0</load_address>
         <run_address>0x3f7ee0</run_address>
         <size>0x17</size>
         <input_file_ref idref="fl-23"/>
      </object_component>
      <object_component id="oc-122">
         <name>.text:_PLL_setup</name>
         <load_address>0x3f7ef7</load_address>
         <run_address>0x3f7ef7</run_address>
         <size>0x15</size>
         <input_file_ref idref="fl-11"/>
      </object_component>
      <object_component id="oc-138">
         <name>.text:_scia_msg</name>
         <load_address>0x3f7f0c</load_address>
         <run_address>0x3f7f0c</run_address>
         <size>0x15</size>
         <input_file_ref idref="fl-3"/>
      </object_component>
      <object_component id="oc-16d">
         <name>.text:_TIMER_setPreScaler</name>
         <load_address>0x3f7f21</load_address>
         <run_address>0x3f7f21</run_address>
         <size>0x14</size>
         <input_file_ref idref="fl-d"/>
      </object_component>
      <object_component id="oc-15a">
         <name>.text:_GPIO_setHigh</name>
         <load_address>0x3f7f35</load_address>
         <run_address>0x3f7f35</run_address>
         <size>0x13</size>
         <input_file_ref idref="fl-13"/>
      </object_component>
      <object_component id="oc-147">
         <name>.text:_GPIO_setLow</name>
         <load_address>0x3f7f48</load_address>
         <run_address>0x3f7f48</run_address>
         <size>0x13</size>
         <input_file_ref idref="fl-13"/>
      </object_component>
      <object_component id="oc-108">
         <name>.text:_GPIO_toggle</name>
         <load_address>0x3f7f5b</load_address>
         <run_address>0x3f7f5b</run_address>
         <size>0x13</size>
         <input_file_ref idref="fl-13"/>
      </object_component>
      <object_component id="oc-162">
         <name>.text:_ADC_setIntPulseGenMode</name>
         <load_address>0x3f7f6e</load_address>
         <run_address>0x3f7f6e</run_address>
         <size>0x12</size>
         <input_file_ref idref="fl-17"/>
      </object_component>
      <object_component id="oc-ae">
         <name>.stack</name>
         <uninitialized>true</uninitialized>
         <run_address>0x400</run_address>
         <size>0x0</size>
         <input_file_ref idref="fl-20"/>
      </object_component>
      <object_component id="oc-1d3">
         <name>.stack</name>
         <uninitialized>true</uninitialized>
         <run_address>0x400</run_address>
         <size>0x0</size>
      </object_component>
      <object_component id="oc-3e">
         <name>.ebss</name>
         <uninitialized>true</uninitialized>
         <run_address>0x700</run_address>
         <size>0x4e</size>
         <input_file_ref idref="fl-3"/>
      </object_component>
      <object_component id="oc-b6">
         <name>.ebss</name>
         <uninitialized>true</uninitialized>
         <run_address>0x74e</run_address>
         <size>0x4</size>
         <input_file_ref idref="fl-21"/>
      </object_component>
      <object_component id="oc-10b">
         <name>.ebss:__lock</name>
         <uninitialized>true</uninitialized>
         <run_address>0x752</run_address>
         <size>0x2</size>
         <input_file_ref idref="fl-2e"/>
      </object_component>
      <object_component id="oc-192">
         <name>.ebss:__unlock</name>
         <uninitialized>true</uninitialized>
         <run_address>0x754</run_address>
         <size>0x2</size>
         <input_file_ref idref="fl-2e"/>
      </object_component>
      <object_component id="oc-75">
         <name>.ebss</name>
         <uninitialized>true</uninitialized>
         <run_address>0x756</run_address>
         <size>0x1</size>
         <input_file_ref idref="fl-15"/>
      </object_component>
      <object_component id="oc-4b">
         <name>.ebss</name>
         <uninitialized>true</uninitialized>
         <run_address>0x8000</run_address>
         <size>0x238</size>
         <input_file_ref idref="fl-4"/>
      </object_component>
      <object_component id="oc-13c">
         <name>.econst:_font8x8</name>
         <load_address>0x3f62bc</load_address>
         <run_address>0x3f62bc</run_address>
         <size>0x380</size>
         <input_file_ref idref="fl-4"/>
      </object_component>
      <object_component id="oc-44">
         <name>.econst:.string</name>
         <load_address>0x3f663c</load_address>
         <run_address>0x3f663c</run_address>
         <size>0x5a</size>
         <input_file_ref idref="fl-3"/>
      </object_component>
      <object_component id="oc-111">
         <name>.econst:_table</name>
         <load_address>0x3f6696</load_address>
         <run_address>0x3f6696</run_address>
         <size>0x10</size>
         <input_file_ref idref="fl-3"/>
      </object_component>
      <object_component id="oc-133">
         <name>.switch:_main</name>
         <load_address>0x3f6704</load_address>
         <run_address>0x3f6704</run_address>
         <size>0x26</size>
         <input_file_ref idref="fl-3"/>
      </object_component>
      <object_component id="oc-af">
         <name>.reset</name>
         <load_address>0x3fffc0</load_address>
         <run_address>0x3fffc0</run_address>
         <size>0x2</size>
         <input_file_ref idref="fl-20"/>
      </object_component>
      <object_component id="oc-37">
         <name>.debug_info</name>
         <load_address>0x0</load_address>
         <run_address>0x0</run_address>
         <size>0x15a7</size>
         <input_file_ref idref="fl-2"/>
      </object_component>
      <object_component id="oc-3c">
         <name>.debug_info</name>
         <load_address>0x15a7</load_address>
         <run_address>0x15a7</run_address>
         <size>0x96e2</size>
         <input_file_ref idref="fl-3"/>
      </object_component>
      <object_component id="oc-49">
         <name>.debug_info</name>
         <load_address>0xac89</load_address>
         <run_address>0xac89</run_address>
         <size>0x1390</size>
         <input_file_ref idref="fl-4"/>
      </object_component>
      <object_component id="oc-50">
         <name>.debug_info</name>
         <load_address>0xc019</load_address>
         <run_address>0xc019</run_address>
         <size>0x7d3</size>
         <input_file_ref idref="fl-c"/>
      </object_component>
      <object_component id="oc-54">
         <name>.debug_info</name>
         <load_address>0xc7ec</load_address>
         <run_address>0xc7ec</run_address>
         <size>0xde6</size>
         <input_file_ref idref="fl-d"/>
      </object_component>
      <object_component id="oc-58">
         <name>.debug_info</name>
         <load_address>0xd5d2</load_address>
         <run_address>0xd5d2</run_address>
         <size>0x17b3</size>
         <input_file_ref idref="fl-e"/>
      </object_component>
      <object_component id="oc-5c">
         <name>.debug_info</name>
         <load_address>0xed85</load_address>
         <run_address>0xed85</run_address>
         <size>0x2008</size>
         <input_file_ref idref="fl-f"/>
      </object_component>
      <object_component id="oc-60">
         <name>.debug_info</name>
         <load_address>0x10d8d</load_address>
         <run_address>0x10d8d</run_address>
         <size>0x324d</size>
         <input_file_ref idref="fl-10"/>
      </object_component>
      <object_component id="oc-64">
         <name>.debug_info</name>
         <load_address>0x13fda</load_address>
         <run_address>0x13fda</run_address>
         <size>0xe73</size>
         <input_file_ref idref="fl-11"/>
      </object_component>
      <object_component id="oc-68">
         <name>.debug_info</name>
         <load_address>0x14e4d</load_address>
         <run_address>0x14e4d</run_address>
         <size>0x2f5f</size>
         <input_file_ref idref="fl-12"/>
      </object_component>
      <object_component id="oc-6c">
         <name>.debug_info</name>
         <load_address>0x17dac</load_address>
         <run_address>0x17dac</run_address>
         <size>0x22d3</size>
         <input_file_ref idref="fl-13"/>
      </object_component>
      <object_component id="oc-70">
         <name>.debug_info</name>
         <load_address>0x1a07f</load_address>
         <run_address>0x1a07f</run_address>
         <size>0x11a7</size>
         <input_file_ref idref="fl-14"/>
      </object_component>
      <object_component id="oc-74">
         <name>.debug_info</name>
         <load_address>0x1b226</load_address>
         <run_address>0x1b226</run_address>
         <size>0x9ea</size>
         <input_file_ref idref="fl-15"/>
      </object_component>
      <object_component id="oc-79">
         <name>.debug_info</name>
         <load_address>0x1bc10</load_address>
         <run_address>0x1bc10</run_address>
         <size>0x134f</size>
         <input_file_ref idref="fl-16"/>
      </object_component>
      <object_component id="oc-7d">
         <name>.debug_info</name>
         <load_address>0x1cf5f</load_address>
         <run_address>0x1cf5f</run_address>
         <size>0x2e71</size>
         <input_file_ref idref="fl-17"/>
      </object_component>
      <object_component id="oc-84">
         <name>.debug_info</name>
         <load_address>0x1fdd0</load_address>
         <run_address>0x1fdd0</run_address>
         <size>0x304</size>
         <input_file_ref idref="fl-18"/>
      </object_component>
      <object_component id="oc-87">
         <name>.debug_info</name>
         <load_address>0x200d4</load_address>
         <run_address>0x200d4</run_address>
         <size>0xade8</size>
         <input_file_ref idref="fl-19"/>
      </object_component>
      <object_component id="oc-aa">
         <name>.debug_info</name>
         <load_address>0x2aebc</load_address>
         <run_address>0x2aebc</run_address>
         <size>0x312</size>
         <input_file_ref idref="fl-1a"/>
      </object_component>
      <object_component id="oc-b0">
         <name>.debug_info</name>
         <load_address>0x2b1ce</load_address>
         <run_address>0x2b1ce</run_address>
         <size>0x110</size>
         <input_file_ref idref="fl-20"/>
      </object_component>
      <object_component id="oc-b4">
         <name>.debug_info</name>
         <load_address>0x2b2de</load_address>
         <run_address>0x2b2de</run_address>
         <size>0x407</size>
         <input_file_ref idref="fl-21"/>
      </object_component>
      <object_component id="oc-bc">
         <name>.debug_info</name>
         <load_address>0x2b6e5</load_address>
         <run_address>0x2b6e5</run_address>
         <size>0xf2</size>
         <input_file_ref idref="fl-22"/>
      </object_component>
      <object_component id="oc-c1">
         <name>.debug_info</name>
         <load_address>0x2b7d7</load_address>
         <run_address>0x2b7d7</run_address>
         <size>0xf2</size>
         <input_file_ref idref="fl-23"/>
      </object_component>
      <object_component id="oc-c6">
         <name>.debug_info</name>
         <load_address>0x2b8c9</load_address>
         <run_address>0x2b8c9</run_address>
         <size>0xf2</size>
         <input_file_ref idref="fl-24"/>
      </object_component>
      <object_component id="oc-cb">
         <name>.debug_info</name>
         <load_address>0x2b9bb</load_address>
         <run_address>0x2b9bb</run_address>
         <size>0xf2</size>
         <input_file_ref idref="fl-25"/>
      </object_component>
      <object_component id="oc-d0">
         <name>.debug_info</name>
         <load_address>0x2baad</load_address>
         <run_address>0x2baad</run_address>
         <size>0xf2</size>
         <input_file_ref idref="fl-26"/>
      </object_component>
      <object_component id="oc-d5">
         <name>.debug_info</name>
         <load_address>0x2bb9f</load_address>
         <run_address>0x2bb9f</run_address>
         <size>0xfe</size>
         <input_file_ref idref="fl-27"/>
      </object_component>
      <object_component id="oc-da">
         <name>.debug_info</name>
         <load_address>0x2bc9d</load_address>
         <run_address>0x2bc9d</run_address>
         <size>0x11f</size>
         <input_file_ref idref="fl-28"/>
      </object_component>
      <object_component id="oc-df">
         <name>.debug_info</name>
         <load_address>0x2bdbc</load_address>
         <run_address>0x2bdbc</run_address>
         <size>0xf8</size>
         <input_file_ref idref="fl-29"/>
      </object_component>
      <object_component id="oc-e4">
         <name>.debug_info</name>
         <load_address>0x2beb4</load_address>
         <run_address>0x2beb4</run_address>
         <size>0x183</size>
         <input_file_ref idref="fl-2a"/>
      </object_component>
      <object_component id="oc-e8">
         <name>.debug_info</name>
         <load_address>0x2c037</load_address>
         <run_address>0x2c037</run_address>
         <size>0x39f</size>
         <input_file_ref idref="fl-2b"/>
      </object_component>
      <object_component id="oc-ee">
         <name>.debug_info</name>
         <load_address>0x2c3d6</load_address>
         <run_address>0x2c3d6</run_address>
         <size>0x11f</size>
         <input_file_ref idref="fl-2c"/>
      </object_component>
      <object_component id="oc-f3">
         <name>.debug_info</name>
         <load_address>0x2c4f5</load_address>
         <run_address>0x2c4f5</run_address>
         <size>0xf2</size>
         <input_file_ref idref="fl-2d"/>
      </object_component>
      <object_component id="oc-f7">
         <name>.debug_info</name>
         <load_address>0x2c5e7</load_address>
         <run_address>0x2c5e7</run_address>
         <size>0x431</size>
         <input_file_ref idref="fl-2e"/>
      </object_component>
      <object_component id="oc-fc">
         <name>.debug_info</name>
         <load_address>0x2ca18</load_address>
         <run_address>0x2ca18</run_address>
         <size>0x3fe</size>
         <input_file_ref idref="fl-2f"/>
      </object_component>
      <object_component id="oc-1da">
         <name>.debug_info</name>
         <load_address>0x2ce16</load_address>
         <run_address>0x2ce16</run_address>
         <size>0xae</size>
      </object_component>
      <object_component id="oc-38">
         <name>.debug_frame</name>
         <load_address>0x0</load_address>
         <run_address>0x0</run_address>
         <size>0x77</size>
         <input_file_ref idref="fl-2"/>
      </object_component>
      <object_component id="oc-45">
         <name>.debug_frame</name>
         <load_address>0x77</load_address>
         <run_address>0x77</run_address>
         <size>0x328</size>
         <input_file_ref idref="fl-3"/>
      </object_component>
      <object_component id="oc-4c">
         <name>.debug_frame</name>
         <load_address>0x39f</load_address>
         <run_address>0x39f</run_address>
         <size>0x21b</size>
         <input_file_ref idref="fl-4"/>
      </object_component>
      <object_component id="oc-51">
         <name>.debug_frame</name>
         <load_address>0x5ba</load_address>
         <run_address>0x5ba</run_address>
         <size>0x94</size>
         <input_file_ref idref="fl-c"/>
      </object_component>
      <object_component id="oc-55">
         <name>.debug_frame</name>
         <load_address>0x64e</load_address>
         <run_address>0x64e</run_address>
         <size>0x124</size>
         <input_file_ref idref="fl-d"/>
      </object_component>
      <object_component id="oc-59">
         <name>.debug_frame</name>
         <load_address>0x772</load_address>
         <run_address>0x772</run_address>
         <size>0x184</size>
         <input_file_ref idref="fl-e"/>
      </object_component>
      <object_component id="oc-5d">
         <name>.debug_frame</name>
         <load_address>0x8f6</load_address>
         <run_address>0x8f6</run_address>
         <size>0x244</size>
         <input_file_ref idref="fl-f"/>
      </object_component>
      <object_component id="oc-61">
         <name>.debug_frame</name>
         <load_address>0xb3a</load_address>
         <run_address>0xb3a</run_address>
         <size>0x184</size>
         <input_file_ref idref="fl-10"/>
      </object_component>
      <object_component id="oc-65">
         <name>.debug_frame</name>
         <load_address>0xcbe</load_address>
         <run_address>0xcbe</run_address>
         <size>0xf4</size>
         <input_file_ref idref="fl-11"/>
      </object_component>
      <object_component id="oc-69">
         <name>.debug_frame</name>
         <load_address>0xdb2</load_address>
         <run_address>0xdb2</run_address>
         <size>0x13c</size>
         <input_file_ref idref="fl-12"/>
      </object_component>
      <object_component id="oc-6d">
         <name>.debug_frame</name>
         <load_address>0xeee</load_address>
         <run_address>0xeee</run_address>
         <size>0x154</size>
         <input_file_ref idref="fl-13"/>
      </object_component>
      <object_component id="oc-71">
         <name>.debug_frame</name>
         <load_address>0x1042</load_address>
         <run_address>0x1042</run_address>
         <size>0xdc</size>
         <input_file_ref idref="fl-14"/>
      </object_component>
      <object_component id="oc-76">
         <name>.debug_frame</name>
         <load_address>0x111e</load_address>
         <run_address>0x111e</run_address>
         <size>0xdc</size>
         <input_file_ref idref="fl-15"/>
      </object_component>
      <object_component id="oc-7a">
         <name>.debug_frame</name>
         <load_address>0x11fa</load_address>
         <run_address>0x11fa</run_address>
         <size>0x13c</size>
         <input_file_ref idref="fl-16"/>
      </object_component>
      <object_component id="oc-7e">
         <name>.debug_frame</name>
         <load_address>0x1336</load_address>
         <run_address>0x1336</run_address>
         <size>0x1b4</size>
         <input_file_ref idref="fl-17"/>
      </object_component>
      <object_component id="oc-ab">
         <name>.debug_frame</name>
         <load_address>0x14ea</load_address>
         <run_address>0x14ea</run_address>
         <size>0x64</size>
         <input_file_ref idref="fl-1a"/>
      </object_component>
      <object_component id="oc-b7">
         <name>.debug_frame</name>
         <load_address>0x154e</load_address>
         <run_address>0x154e</run_address>
         <size>0x95</size>
         <input_file_ref idref="fl-21"/>
      </object_component>
      <object_component id="oc-e9">
         <name>.debug_frame</name>
         <load_address>0x15e3</load_address>
         <run_address>0x15e3</run_address>
         <size>0x77</size>
         <input_file_ref idref="fl-2b"/>
      </object_component>
      <object_component id="oc-f8">
         <name>.debug_frame</name>
         <load_address>0x165a</load_address>
         <run_address>0x165a</run_address>
         <size>0xa1</size>
         <input_file_ref idref="fl-2e"/>
      </object_component>
      <object_component id="oc-fd">
         <name>.debug_frame</name>
         <load_address>0x16fb</load_address>
         <run_address>0x16fb</run_address>
         <size>0x77</size>
         <input_file_ref idref="fl-2f"/>
      </object_component>
      <object_component id="oc-39">
         <name>.debug_line</name>
         <load_address>0x0</load_address>
         <run_address>0x0</run_address>
         <size>0x43</size>
         <input_file_ref idref="fl-2"/>
      </object_component>
      <object_component id="oc-46">
         <name>.debug_line</name>
         <load_address>0x43</load_address>
         <run_address>0x43</run_address>
         <size>0x8aa</size>
         <input_file_ref idref="fl-3"/>
      </object_component>
      <object_component id="oc-4d">
         <name>.debug_line</name>
         <load_address>0x8ed</load_address>
         <run_address>0x8ed</run_address>
         <size>0x2d0</size>
         <input_file_ref idref="fl-4"/>
      </object_component>
      <object_component id="oc-52">
         <name>.debug_line</name>
         <load_address>0xbbd</load_address>
         <run_address>0xbbd</run_address>
         <size>0xaa</size>
         <input_file_ref idref="fl-c"/>
      </object_component>
      <object_component id="oc-56">
         <name>.debug_line</name>
         <load_address>0xc67</load_address>
         <run_address>0xc67</run_address>
         <size>0x14f</size>
         <input_file_ref idref="fl-d"/>
      </object_component>
      <object_component id="oc-5a">
         <name>.debug_line</name>
         <load_address>0xdb6</load_address>
         <run_address>0xdb6</run_address>
         <size>0x1c2</size>
         <input_file_ref idref="fl-e"/>
      </object_component>
      <object_component id="oc-5e">
         <name>.debug_line</name>
         <load_address>0xf78</load_address>
         <run_address>0xf78</run_address>
         <size>0x30d</size>
         <input_file_ref idref="fl-f"/>
      </object_component>
      <object_component id="oc-62">
         <name>.debug_line</name>
         <load_address>0x1285</load_address>
         <run_address>0x1285</run_address>
         <size>0x1c4</size>
         <input_file_ref idref="fl-10"/>
      </object_component>
      <object_component id="oc-66">
         <name>.debug_line</name>
[...]
         <value>0x3f61bc</value>
         <object_component_ref idref="oc-119"/>
      </symbol>
      <symbol id="sm-291">
         <name>_PLL_getLockStatus</name>
         <value>0x3f627d</value>
         <object_component_ref idref="oc-142"/>
      </symbol>
      <symbol id="sm-292">
         <name>_PLL_setup</name>
         <value>0x3f7ef7</value>
         <object_component_ref idref="oc-122"/>
      </symbol>
      <symbol id="sm-293">
         <name>_PLL_setMultiplier</name>
         <value>0x3f6210</value>
         <object_component_ref idref="oc-141"/>
      </symbol>
      <symbol id="sm-2b3">
         <name>_PIE_enable</name>
         <value>0x3f6274</value>
         <object_component_ref idref="oc-12e"/>
      </symbol>
      <symbol id="sm-2b4">
         <name>_PIE_disableInt</name>
         <value>0x3f60f1</value>
         <object_component_ref idref="oc-106"/>
      </symbol>
      <symbol id="sm-2b5">
         <name>_PIE_enableAdcInt</name>
         <value>0x3f6012</value>
         <object_component_ref idref="oc-169"/>
      </symbol>
      <symbol id="sm-2b6">
         <name>_PIE_setExtIntPolarity</name>
         <value>0x3f7e7d</value>
         <object_component_ref idref="oc-14a"/>
      </symbol>
      <symbol id="sm-2b7">
         <name>_PIE_enableExtInt</name>
         <value>0x3f7d1e</value>
         <object_component_ref idref="oc-14c"/>
      </symbol>
      <symbol id="sm-2b8">
         <name>_PIE_enableTimer0Int</name>
         <value>0x3f6277</value>
         <object_component_ref idref="oc-171"/>
      </symbol>
      <symbol id="sm-2b9">
         <name>_PIE_registerPieIntHandler</name>
         <value>0x3f6078</value>
         <object_component_ref idref="oc-14b"/>
      </symbol>
      <symbol id="sm-2ba">
         <name>_PIE_init</name>
         <value>0x3f616d</value>
         <object_component_ref idref="oc-118"/>
      </symbol>
      <symbol id="sm-2bb">
         <name>_PIE_enableInt</name>
         <value>0x3f6107</value>
         <object_component_ref idref="oc-109"/>
      </symbol>
      <symbol id="sm-2ee">
         <name>_GPIO_setExtInt</name>
         <value>0x3f60e6</value>
         <object_component_ref idref="oc-149"/>
      </symbol>
      <symbol id="sm-2ef">
         <name>_GPIO_setLow</name>
         <value>0x3f7f48</value>
         <object_component_ref idref="oc-147"/>
      </symbol>
      <symbol id="sm-2f0">
         <name>_GPIO_setQualificationPeriod</name>
         <value>0x3f7cfb</value>
         <object_component_ref idref="oc-148"/>
      </symbol>
      <symbol id="sm-2f1">
         <name>_GPIO_toggle</name>
         <value>0x3f7f5b</value>
         <object_component_ref idref="oc-108"/>
      </symbol>
      <symbol id="sm-2f2">
         <name>_GPIO_setQualification</name>
         <value>0x3f7c39</value>
         <object_component_ref idref="oc-144"/>
      </symbol>
      <symbol id="sm-2f3">
         <name>_GPIO_setMode</name>
         <value>0x3f79d1</value>
         <object_component_ref idref="oc-145"/>
      </symbol>
      <symbol id="sm-2f4">
         <name>_GPIO_init</name>
         <value>0x3f61b5</value>
         <object_component_ref idref="oc-117"/>
      </symbol>
      <symbol id="sm-2f5">
         <name>_GPIO_setPullUp</name>
         <value>0x3f7b45</value>
         <object_component_ref idref="oc-143"/>
      </symbol>
      <symbol id="sm-2f6">
         <name>_GPIO_setDirection</name>
         <value>0x3f7b11</value>
         <object_component_ref idref="oc-146"/>
      </symbol>
      <symbol id="sm-2f7">
         <name>_GPIO_setHigh</name>
         <value>0x3f7f35</value>
         <object_component_ref idref="oc-15a"/>
      </symbol>
      <symbol id="sm-30b">
         <name>_FLASH_setActiveWaitCount</name>
         <value>0x62</value>
         <object_component_ref idref="oc-195"/>
      </symbol>
      <symbol id="sm-30c">
         <name>_FLASH_enablePipelineMode</name>
         <value>0x5c</value>
         <object_component_ref idref="oc-193"/>
      </symbol>
      <symbol id="sm-30d">
         <name>_FLASH_setStandbyWaitCount</name>
         <value>0x67</value>
         <object_component_ref idref="oc-194"/>
      </symbol>
      <symbol id="sm-30e">
         <name>_FLASH_init</name>
         <value>0x3f61ae</value>
         <object_component_ref idref="oc-116"/>
      </symbol>
      <symbol id="sm-30f">
         <name>_FLASH_setup</name>
         <value>0x50</value>
         <object_component_ref idref="oc-16a"/>
      </symbol>
      <symbol id="sm-325">
         <name>_CPU_disableGlobalInts</name>
         <value>0x3f626e</value>
         <object_component_ref idref="oc-12f"/>
      </symbol>
      <symbol id="sm-326">
         <name>_CPU_enableGlobalInts</name>
         <value>0x3f6271</value>
         <object_component_ref idref="oc-131"/>
      </symbol>
      <symbol id="sm-327">
         <name>_CPU_clearIntFlags</name>
         <value>0x3f626b</value>
         <object_component_ref idref="oc-130"/>
      </symbol>
      <symbol id="sm-328">
         <name>_CPU_init</name>
         <value>0x3f6237</value>
         <object_component_ref idref="oc-115"/>
      </symbol>
      <symbol id="sm-329">
         <name>_cpu</name>
         <value>0x756</value>
         <object_component_ref idref="oc-75"/>
      </symbol>
      <symbol id="sm-32a">
         <name>_CPU_enableInt</name>
         <value>0x3f6233</value>
         <object_component_ref idref="oc-14d"/>
      </symbol>
      <symbol id="sm-346">
         <name>_CLK_enablePwmClock</name>
         <value>0x3f612f</value>
         <object_component_ref idref="oc-185"/>
      </symbol>
      <symbol id="sm-347">
         <name>_CLK_enableSpiaClock</name>
         <value>0x3f6192</value>
         <object_component_ref idref="oc-14e"/>
      </symbol>
      <symbol id="sm-348">
         <name>_CLK_enableAdcClock</name>
         <value>0x3f618b</value>
         <object_component_ref idref="oc-11f"/>
      </symbol>
      <symbol id="sm-349">
         <name>_CLK_disableAdcClock</name>
         <value>0x3f617d</value>
         <object_component_ref idref="oc-120"/>
      </symbol>
      <symbol id="sm-34a">
         <name>_CLK_enableTbClockSync</name>
         <value>0x3f6199</value>
         <object_component_ref idref="oc-12d"/>
      </symbol>
      <symbol id="sm-34b">
         <name>_CLK_disableTbClockSync</name>
         <value>0x3f6184</value>
         <object_component_ref idref="oc-12b"/>
      </symbol>
      <symbol id="sm-34c">
         <name>_CLK_enableSciaClock</name>
         <value>0x3f6138</value>
         <object_component_ref idref="oc-172"/>
      </symbol>
      <symbol id="sm-34d">
         <name>_CLK_setOscSrc</name>
         <value>0x3f61a7</value>
         <object_component_ref idref="oc-121"/>
      </symbol>
      <symbol id="sm-34e">
         <name>_CLK_init</name>
         <value>0x3f61a0</value>
         <object_component_ref idref="oc-114"/>
      </symbol>
      <symbol id="sm-374">
         <name>_ADC_reset</name>
         <value>0x3f60db</value>
         <object_component_ref idref="oc-15c"/>
      </symbol>
      <symbol id="sm-375">
         <name>_ADC_setVoltRefSrc</name>
         <value>0x3f6000</value>
         <object_component_ref idref="oc-161"/>
      </symbol>
      <symbol id="sm-376">
         <name>_ADC_enableBandGap</name>
         <value>0x3f60ba</value>
         <object_component_ref idref="oc-15d"/>
      </symbol>
      <symbol id="sm-377">
         <name>_ADC_enableRefBuffers</name>
         <value>0x3f60c5</value>
         <object_component_ref idref="oc-15e"/>
      </symbol>
      <symbol id="sm-378">
         <name>_ADC_setIntMode</name>
         <value>0x3f7cb3</value>
         <object_component_ref idref="oc-168"/>
      </symbol>
      <symbol id="sm-379">
         <name>_ADC_setSocSampleWindow</name>
         <value>0x3f7dd9</value>
         <object_component_ref idref="oc-167"/>
      </symbol>
      <symbol id="sm-37a">
         <name>_ADC_setSocChanNumber</name>
         <value>0x3f7dbd</value>
         <object_component_ref idref="oc-166"/>
      </symbol>
      <symbol id="sm-37b">
         <name>_ADC_setSocTrigSrc</name>
         <value>0x3f7df5</value>
         <object_component_ref idref="oc-165"/>
      </symbol>
      <symbol id="sm-37c">
         <name>_ADC_powerUp</name>
         <value>0x3f60d0</value>
         <object_component_ref idref="oc-15f"/>
      </symbol>
      <symbol id="sm-37d">
         <name>_ADC_setIntPulseGenMode</name>
         <value>0x3f7f6e</value>
         <object_component_ref idref="oc-162"/>
      </symbol>
      <symbol id="sm-37e">
         <name>_ADC_setIntSrc</name>
         <value>0x3f7cd7</value>
         <object_component_ref idref="oc-164"/>
      </symbol>
      <symbol id="sm-37f">
         <name>_ADC_init</name>
         <value>0x3f6165</value>
         <object_component_ref idref="oc-113"/>
      </symbol>
      <symbol id="sm-380">
         <name>_ADC_enable</name>
         <value>0x3f60af</value>
         <object_component_ref idref="oc-160"/>
      </symbol>
      <symbol id="sm-381">
         <name>_ADC_enableInt</name>
         <value>0x3f7ec8</value>
         <object_component_ref idref="oc-163"/>
      </symbol>
      <symbol id="sm-38f">
         <name>_setDBGIER</name>
         <value>0x3f602c</value>
         <object_component_ref idref="oc-81"/>
      </symbol>
      <symbol id="sm-390">
         <name>_DSP28x_DisableInt</name>
         <value>0x3f602f</value>
         <object_component_ref idref="oc-81"/>
      </symbol>
      <symbol id="sm-391">
         <name>_DSP28x_RestoreInt</name>
         <value>0x3f6033</value>
         <object_component_ref idref="oc-81"/>
      </symbol>
      <symbol id="sm-392">
         <name>_DSP28x_usDelay</name>
         <value>0x6c</value>
         <object_component_ref idref="oc-83"/>
      </symbol>
      <symbol id="sm-393">
         <name>code_start</name>
         <value>0x3f7ff6</value>
         <object_component_ref idref="oc-82"/>
      </symbol>
      <symbol id="sm-3dc">
         <name>_GpioCtrlRegs</name>
         <value>0x6f80</value>
         <object_component_ref idref="oc-a6"/>
      </symbol>
      <symbol id="sm-3dd">
         <name>_PieVectTable</name>
         <value>0xd00</value>
         <object_component_ref idref="oc-a8"/>
      </symbol>
      <symbol id="sm-3de">
         <name>_SysPwrCtrlRegs</name>
         <value>0x985</value>
         <object_component_ref idref="oc-8d"/>
      </symbol>
      <symbol id="sm-3df">
         <name>_EmuBMode</name>
         <value>0xd01</value>
         <object_component_ref idref="oc-8a"/>
      </symbol>
      <symbol id="sm-3e0">
         <name>_CsmRegs</name>
         <value>0xae0</value>
         <object_component_ref idref="oc-98"/>
      </symbol>
      <symbol id="sm-3e1">
         <name>_AdcResult</name>
         <value>0xb00</value>
         <object_component_ref idref="oc-a0"/>
      </symbol>
      <symbol id="sm-3e2">
         <name>_EPwm4Regs</name>
         <value>0x68c0</value>
         <object_component_ref idref="oc-a4"/>
      </symbol>
      <symbol id="sm-3e3">
         <name>_CpuTimer1Regs</name>
         <value>0xc08</value>
         <object_component_ref idref="oc-91"/>
      </symbol>
      <symbol id="sm-3e4">
         <name>_SysCtrlRegs</name>
         <value>0x7010</value>
         <object_component_ref idref="oc-9d"/>
      </symbol>
      <symbol id="sm-3e5">
         <name>_SpiaRegs</name>
         <value>0x7040</value>
         <object_component_ref idref="oc-95"/>
      </symbol>
      <symbol id="sm-3e6">
         <name>_FlashRegs</name>
         <value>0xa80</value>
         <object_component_ref idref="oc-8f"/>
      </symbol>
      <symbol id="sm-3e7">
         <name>_CpuTimer0Regs</name>
         <value>0xc00</value>
         <object_component_ref idref="oc-90"/>
      </symbol>
      <symbol id="sm-3e8">
         <name>_DevEmuRegs</name>
         <value>0x880</value>
         <object_component_ref idref="oc-8e"/>
      </symbol>
      <symbol id="sm-3e9">
         <name>_Comp1Regs</name>
         <value>0x6400</value>
         <object_component_ref idref="oc-9b"/>
      </symbol>
      <symbol id="sm-3ea">
         <name>_SciaRegs</name>
         <value>0x7050</value>
         <object_component_ref idref="oc-96"/>
      </symbol>
      <symbol id="sm-3eb">
         <name>_GpioDataRegs</name>
         <value>0x6fc0</value>
         <object_component_ref idref="oc-9e"/>
      </symbol>
      <symbol id="sm-3ec">
         <name>_CsmPwl</name>
         <value>0x3f7ff8</value>
         <object_component_ref idref="oc-93"/>
      </symbol>
      <symbol id="sm-3ed">
         <name>_AdcRegs</name>
         <value>0x7100</value>
         <object_component_ref idref="oc-a7"/>
      </symbol>
      <symbol id="sm-3ee">
         <name>_Comp2Regs</name>
         <value>0x6420</value>
         <object_component_ref idref="oc-9a"/>
      </symbol>
      <symbol id="sm-3ef">
         <name>_XIntruptRegs</name>
         <value>0x7070</value>
         <object_component_ref idref="oc-99"/>
      </symbol>
      <symbol id="sm-3f0">
         <name>_CpuTimer2Regs</name>
         <value>0xc10</value>
         <object_component_ref idref="oc-92"/>
      </symbol>
      <symbol id="sm-3f1">
         <name>_PieCtrlRegs</name>
         <value>0xce0</value>
         <object_component_ref idref="oc-9c"/>
      </symbol>
      <symbol id="sm-3f2">
         <name>_ECap1Regs</name>
         <value>0x6a00</value>
         <object_component_ref idref="oc-9f"/>
      </symbol>
      <symbol id="sm-3f3">
         <name>_EmuKey</name>
         <value>0xd00</value>
         <object_component_ref idref="oc-88"/>
      </symbol>
      <symbol id="sm-3f4">
         <name>_EPwm1Regs</name>
         <value>0x6800</value>
         <object_component_ref idref="oc-a5"/>
      </symbol>
      <symbol id="sm-3f5">
         <name>_GpioIntRegs</name>
         <value>0x6fe0</value>
         <object_component_ref idref="oc-94"/>
      </symbol>
      <symbol id="sm-3f6">
         <name>_PartIdRegs</name>
         <value>0x3d7fff</value>
         <object_component_ref idref="oc-89"/>
      </symbol>
      <symbol id="sm-3f7">
         <name>_Flash_CPUScaleFactor</name>
         <value>0xd04</value>
         <object_component_ref idref="oc-8b"/>
      </symbol>
      <symbol id="sm-3f8">
         <name>_EPwm2Regs</name>
         <value>0x6840</value>
         <object_component_ref idref="oc-a3"/>
      </symbol>
      <symbol id="sm-3f9">
         <name>_NmiIntruptRegs</name>
         <value>0x7060</value>
         <object_component_ref idref="oc-97"/>
      </symbol>
      <symbol id="sm-3fa">
         <name>_Flash_CallbackPtr</name>
         <value>0xd02</value>
         <object_component_ref idref="oc-8c"/>
      </symbol>
      <symbol id="sm-3fb">
         <name>_EPwm3Regs</name>
         <value>0x6880</value>
         <object_component_ref idref="oc-a2"/>
      </symbol>
      <symbol id="sm-3fc">
         <name>_I2caRegs</name>
         <value>0x7900</value>
         <object_component_ref idref="oc-a1"/>
      </symbol>
      <symbol id="sm-41b">
         <name>_c_int00</name>
         <value>0x3f7a1a</value>
         <object_component_ref idref="oc-36"/>
      </symbol>
      <symbol id="sm-41c">
         <name>__stack</name>
         <value>0x400</value>
         <object_component_ref idref="oc-ae"/>
      </symbol>
      <symbol id="sm-430">
         <name>C$$EXIT</name>
         <value>0x3f7eaf</value>
         <object_component_ref idref="oc-102"/>
      </symbol>
      <symbol id="sm-431">
         <name>_exit</name>
         <value>0x3f7eb1</value>
         <object_component_ref idref="oc-102"/>
      </symbol>
      <symbol id="sm-432">
         <name>___TI_cleanup_ptr</name>
         <value>0x74e</value>
         <object_component_ref idref="oc-b6"/>
      </symbol>
      <symbol id="sm-433">
         <name>_abort</name>
         <value>0x3f7eaf</value>
         <object_component_ref idref="oc-102"/>
      </symbol>
      <symbol id="sm-434">
         <name>___TI_dtors_ptr</name>
         <value>0x750</value>
         <object_component_ref idref="oc-b6"/>
      </symbol>
      <symbol id="sm-44e">
         <name>FS$$ADD</name>
         <value>0x3f76f5</value>
         <object_component_ref idref="oc-bb"/>
      </symbol>
      <symbol id="sm-44f">
         <name>FS$$SUB</name>
         <value>0x3f76f0</value>
         <object_component_ref idref="oc-bb"/>
      </symbol>
      <symbol id="sm-461">
         <name>FS$$CMP</name>
         <value>0x3f7ee0</value>
         <object_component_ref idref="oc-c0"/>
      </symbol>
      <symbol id="sm-472">
         <name>FS$$DIV</name>
         <value>0x3f766d</value>
         <object_component_ref idref="oc-c5"/>
      </symbol>
      <symbol id="sm-483">
         <name>FS$$MPY</name>
         <value>0x3f7977</value>
         <object_component_ref idref="oc-ca"/>
      </symbol>
      <symbol id="sm-490">
         <name>FS$$NEG</name>
         <value>0x3f622e</value>
         <object_component_ref idref="oc-cf"/>
      </symbol>
      <symbol id="sm-4a1">
         <name>FS$$TOI</name>
         <value>0x3f7c8e</value>
         <object_component_ref idref="oc-d4"/>
      </symbol>
      <symbol id="sm-4af">
         <name>I$$MOD</name>
         <value>0x3f7d52</value>
         <object_component_ref idref="oc-d9"/>
      </symbol>
      <symbol id="sm-4b0">
         <name>I$$DIV</name>
         <value>0x3f7d41</value>
         <object_component_ref idref="oc-d9"/>
      </symbol>
      <symbol id="sm-4bf">
         <name>I$$TOFS</name>
         <value>0x3f7e63</value>
         <object_component_ref idref="oc-de"/>
      </symbol>
      <symbol id="sm-4cb">
         <name>UL$$MOD</name>
         <value>0x3f7c88</value>
         <object_component_ref idref="oc-e3"/>
      </symbol>
      <symbol id="sm-4cc">
         <name>L$$MOD</name>
         <value>0x3f7c73</value>
         <object_component_ref idref="oc-e3"/>
      </symbol>
      <symbol id="sm-4cd">
         <name>L$$DIV</name>
         <value>0x3f7c64</value>
         <object_component_ref idref="oc-e3"/>
      </symbol>
      <symbol id="sm-4ce">
         <name>UL$$DIV</name>
         <value>0x3f7c81</value>
         <object_component_ref idref="oc-e3"/>
      </symbol>
      <symbol id="sm-4e0">
         <name>_memcpy</name>
         <value>0x3f7da0</value>
         <object_component_ref idref="oc-123"/>
      </symbol>
      <symbol id="sm-4ec">
         <name>U$$MOD</name>
         <value>0x3f6101</value>
         <object_component_ref idref="oc-ed"/>
      </symbol>
      <symbol id="sm-4ed">
         <name>U$$DIV</name>
         <value>0x3f60fc</value>
         <object_component_ref idref="oc-ed"/>
      </symbol>
      <symbol id="sm-4fb">
         <name>U$$TOFS</name>
         <value>0x3f6068</value>
         <object_component_ref idref="oc-f2"/>
      </symbol>
      <symbol id="sm-510">
         <name>__unlock</name>
         <value>0x754</value>
         <object_component_ref idref="oc-192"/>
      </symbol>
      <symbol id="sm-511">
         <name>__lock</name>
         <value>0x752</value>
         <object_component_ref idref="oc-10b"/>
      </symbol>
      <symbol id="sm-512">
         <name>__register_lock</name>
         <value>0x3f6160</value>
         <object_component_ref idref="oc-139"/>
      </symbol>
      <symbol id="sm-513">
         <name>__nop</name>
         <value>0x3f6164</value>
         <object_component_ref idref="oc-139"/>
      </symbol>
      <symbol id="sm-514">
         <name>__register_unlock</name>
         <value>0x3f615c</value>
         <object_component_ref idref="oc-139"/>
      </symbol>
      <symbol id="sm-524">
         <name>__args_main</name>
         <value>0x3f7e96</value>
         <object_component_ref idref="oc-101"/>
      </symbol>
   </symbol_table>
   <title>Link successful</title>
</link_info>
