******************************************************************************
             TMS320C2000 Linker PC v6.2.6                      
******************************************************************************
>> Linked Sun Aug 24 23:30:54 2014

OUTPUT FILE NAME:   <Copy of C2000_ADC_interupt.out>
ENTRY POINT SYMBOL: "_c_int00"  address: 003f784e


MEMORY CONFIGURATION

         name            origin    length      used     unused   attr    fill
----------------------  --------  ---------  --------  --------  ----  --------
PAGE 0:
  RAMM0                 00000050   000003b0  00000020  00000390  RWIX
  OTP                   003d7800   00000400  00000000  00000400  RWIX
  FLASHB                003f6000   00001000  00000585  00000a7b  RWIX
  FLASHA                003f7000   00000f80  00000f80  00000000  RWIX
  CSM_RSVD              003f7f80   00000076  00000076  00000000  RWIX
  BEGIN                 003f7ff6   00000002  00000002  00000000  RWIX
  CSM_PWL_P0            003f7ff8   00000008  00000008  00000000  RWIX
  IQTABLES              003fe000   00000b50  00000000  00000b50  RWIX
  IQTABLES2             003feb50   0000008c  00000000  0000008c  RWIX
  IQTABLES3             003febdc   000000aa  00000000  000000aa  RWIX
  ROM                   003ff27c   00000d44  00000000  00000d44  RWIX
  RESET                 003fffc0   00000002  00000000  00000002  RWIX
  VECTORS               003fffc2   0000003e  00000000  0000003e  RWIX

PAGE 1:
  BOOT_RSVD             00000000   00000050  00000000  00000050  RWIX
  RAMM1                 00000400   00000400  00000350  000000b0  RWIX
  DEV_EMU               00000880   00000105  00000000  00000105  RWIX
  SYS_PWR_CTL           00000985   00000003  00000000  00000003  RWIX
  FLASH_REGS            00000a80   00000060  00000000  00000060  RWIX
  CSM                   00000ae0   00000010  00000000  00000010  RWIX
  ADC_RESULT            00000b00   00000020  00000000  00000020  RWIX
  CPU_TIMER0            00000c00   00000008  00000000  00000008  RWIX
  CPU_TIMER1            00000c08   00000008  00000000  00000008  RWIX
  CPU_TIMER2            00000c10   00000008  00000000  00000008  RWIX
  PIE_CTRL              00000ce0   00000020  00000000  00000020  RWIX
  PIE_VECT              00000d00   00000100  00000000  00000100  RWIX
  COMP1                 00006400   00000020  00000000  00000020  RWIX
  COMP2                 00006420   00000020  00000000  00000020  RWIX
  EPWM1                 00006800   00000040  00000000  00000040  RWIX
  EPWM2                 00006840   00000040  00000000  00000040  RWIX
  EPWM3                 00006880   00000040  00000000  00000040  RWIX
  EPWM4                 000068c0   00000040  00000000  00000040  RWIX
  ECAP1                 00006a00   00000020  00000000  00000020  RWIX
  GPIOCTRL              00006f80   00000040  00000000  00000040  RWIX
  GPIODAT               00006fc0   00000020  00000000  00000020  RWIX
  GPIOINT               00006fe0   00000020  00000000  00000020  RWIX
  SYSTEM                00007010   00000020  00000000  00000020  RWIX
  SPIA                  00007040   00000010  00000000  00000010  RWIX
  SCIA                  00007050   00000010  00000000  00000010  RWIX
  NMIINTRUPT            00007060   00000010  00000000  00000010  RWIX
  XINTRUPT              00007070   00000010  00000000  00000010  RWIX
  ADC                   00007100   00000080  00000000  00000080  RWIX
  I2CA                  00007900   00000040  00000000  00000040  RWIX
  RAML0                 00008000   00000400  00000238  000001c8  RWIX
  PARTID                003d7fff   00000001  00000000  00000001  RWIX
  CSM_PWL               003f7ff8   00000008  00000000  00000008  RWIX


SECTION ALLOCATION MAP

 output                                  attributes/
section   page    origin      length       input sections
--------  ----  ----------  ----------   ----------------
.pinit     0    003f7000    00000000     UNINITIALIZED

.text.1    0    003f6000    00000065     
                  003f6000    00000005     driverlib.lib : F2802x_DefaultIsr.obj (.text:_XINT1_ISR)
                  003f6005    00000005                   : F2802x_DefaultIsr.obj (.text:_XINT2_ISR)
                  003f600a    00000005                   : F2802x_DefaultIsr.obj (.text:_XINT3_ISR)
                  003f600f    00000005                   : F2802x_DefaultIsr.obj (.text:_rsvd_ISR)
                  003f6014    00000004                   : cpu.obj (.text:_CPU_enableInt)
                  003f6018    00000004                   : cpu.obj (.text:_CPU_init)
                  003f601c    00000004                   : pwm.obj (.text:_PWM_setClkDiv)
                  003f6020    00000004                   : pwm.obj (.text:_PWM_setCounterMode)
                  003f6024    00000004                   : pwm.obj (.text:_PWM_setHighSpeedClkDiv)
                  003f6028    00000004                   : pwm.obj (.text:_PWM_setLoadMode_CmpA)
                  003f602c    00000004                   : spi.obj (.text:_SPI_enableChannels)
                  003f6030    00000004                   : spi.obj (.text:_SPI_setCharLength)
                  003f6034    00000004                   : spi.obj (.text:_SPI_setClkPolarity)
                  003f6038    00000003                   : cpu.obj (.text:_CPU_clearIntFlags)
                  003f603b    00000003                   : cpu.obj (.text:_CPU_disableGlobalInts)
                  003f603e    00000003                   : cpu.obj (.text:_CPU_enableGlobalInts)
                  003f6041    00000003                   : pie.obj (.text:_PIE_enable)
                  003f6044    00000003                   : pll.obj (.text:_PLL_getClkStatus)
                  003f6047    00000003                   : pll.obj (.text:_PLL_getLockStatus)
                  003f604a    00000003                   : pwm.obj (.text:_PWM_disableCounterLoad)
                  003f604d    00000003                   : spi.obj (.text:_SPI_enable)
                  003f6050    00000003                   : spi.obj (.text:_SPI_enableInt)
                  003f6053    00000003                   : spi.obj (.text:_SPI_enableTx)
                  003f6056    00000003                   : spi.obj (.text:_SPI_reset)
                  003f6059    00000002                   : pwm.obj (.text:_PWM_setCount)
                  003f605b    00000002                   : pwm.obj (.text:_PWM_setPeriod)
                  003f605d    00000002                   : pwm.obj (.text:_PWM_setPhase)
                  003f605f    00000002                   : spi.obj (.text:_SPI_setBaudRate)
                  003f6061    00000002                   : spi.obj (.text:_SPI_setClkPhase)
                  003f6063    00000002                   : spi.obj (.text:_SPI_setMode)

.econst    0    003f6066    000004c6     
                  003f6066    00000380     nokia5110.obj (.econst:_font8x8)
                  003f63e6    00000100     driverlib.lib : pie.obj (.econst:_PIE_tableDebugInit)
                  003f64e6    00000046     main.obj (.econst:.string)

.cinit     0    003f652c    0000005a     
                  003f652c    00000034     main.obj (.cinit)
                  003f6560    00000010     nokia5110.obj (.cinit)
                  003f6570    0000000a     rts2800_ml.lib : _lock.obj (.cinit)
                  003f657a    0000000a                    : exit.obj (.cinit)
                  003f6584    00000002     --HOLE-- [fill = 0]

ramfuncs   0    003f7000    00000020     RUN ADDR = 00000050
                  003f7000    0000000c     driverlib.lib : flash.obj (ramfuncs:_FLASH_setup)
                  003f700c    00000006                   : flash.obj (ramfuncs:_FLASH_enablePipelineMode)
                  003f7012    00000005                   : flash.obj (ramfuncs:_FLASH_setActiveWaitCount)
                  003f7017    00000005                   : flash.obj (ramfuncs:_FLASH_setStandbyWaitCount)
                  003f701c    00000004                   : F2802x_asmfuncs.obj (ramfuncs)

.text.2    0    003f7020    00000f60     
                  003f7020    0000016a     main.obj (.text:_adc_Isr)
                  003f718a    00000162     main.obj (.text:_gpio_init)
                  003f72ec    000000e2     main.obj (.text:_main)
                  003f73ce    000000af     main.obj (.text:_adc_init)
                  003f747d    00000098     main.obj (.text:_spi_init)
                  003f7515    00000083     rts2800_ml.lib : fs_div.obj (.text)
                  003f7598    00000078                    : fs_add.obj (.text)
                  003f7610    0000006e     nokia5110.obj (.text:_drawFilledCircle)
                  003f767e    0000006c     nokia5110.obj (.text:_drawLine)
                  003f76ea    00000061     nokia5110.obj (.text:_writeChar)
                  003f774b    00000060     main.obj (.text:_epwm_init)
                  003f77ab    0000005a     rts2800_ml.lib : fs_mpy.obj (.text)
                  003f7805    00000049     driverlib.lib : gpio.obj (.text:_GPIO_setMode)
                  003f784e    00000044     rts2800_ml.lib : boot.obj (.text)
                  003f7892    0000003e     nokia5110.obj (.text:_nokia_init)
                  003f78d0    0000003b     nokia5110.obj (.text:_setPixel)
                  003f790b    00000037     main.obj (.text:_itoa)
                  003f7942    00000034     driverlib.lib : gpio.obj (.text:_GPIO_setDirection)
                  003f7976    00000034                   : gpio.obj (.text:_GPIO_setPullUp)
                  003f79aa    0000002b                   : gpio.obj (.text:_GPIO_setQualification)
                  003f79d5    0000002a     rts2800_ml.lib : l_div.obj (.text)
                  003f79ff    00000029     nokia5110.obj (.text:_clear)
                  003f7a28    00000025     rts2800_ml.lib : fs_toi.obj (.text)
                  003f7a4d    00000024     driverlib.lib : adc.obj (.text:_ADC_setIntMode)
                  003f7a71    00000024                   : adc.obj (.text:_ADC_setIntSrc)
                  003f7a95    00000023                   : gpio.obj (.text:_GPIO_setQualificationPeriod)
                  003f7ab8    00000023                   : pie.obj (.text:_PIE_enableExtInt)
                  003f7adb    00000022     rts2800_ml.lib : i_div.obj (.text)
                  003f7afd    00000021                    : memcpy_ff.obj (.text)
                  003f7b1e    0000001e     main.obj (.text:_xint1_isr)
                  003f7b3c    0000001e     main.obj (.text:_xint2_isr)
                  003f7b5a    0000001c     driverlib.lib : adc.obj (.text:_ADC_setSocChanNumber)
                  003f7b76    0000001c                   : adc.obj (.text:_ADC_setSocSampleWindow)
                  003f7b92    0000001c                   : adc.obj (.text:_ADC_setSocTrigSrc)
                  003f7bae    0000001a     nokia5110.obj (.text:_drawFilledRectangle)
                  003f7bc8    0000001a     nokia5110.obj (.text:_gotoXY)
                  003f7be2    0000001a     main.obj (.text:_update_compare)
                  003f7bfc    0000001a     rts2800_ml.lib : i_tofs.obj (.text)
                  003f7c16    00000019     driverlib.lib : pie.obj (.text:_PIE_setExtIntPolarity)
                  003f7c2f    00000019     rts2800_ml.lib : args_main.obj (.text)
                  003f7c48    00000019                    : exit.obj (.text)
                  003f7c61    00000018     driverlib.lib : adc.obj (.text:_ADC_enableInt)
                  003f7c79    00000017     rts2800_ml.lib : fs_cmp.obj (.text)
                  003f7c90    00000015     driverlib.lib : pll.obj (.text:_PLL_setup)
                  003f7ca5    00000014     main.obj (.text:_map)
                  003f7cb9    00000013     driverlib.lib : gpio.obj (.text:_GPIO_setHigh)
                  003f7ccc    00000013                   : gpio.obj (.text:_GPIO_setLow)
                  003f7cdf    00000013                   : gpio.obj (.text:_GPIO_toggle)
                  003f7cf2    00000012                   : adc.obj (.text:_ADC_setIntPulseGenMode)
                  003f7d04    00000012                   : adc.obj (.text:_ADC_setVoltRefSrc)
                  003f7d16    00000012                   : pie.obj (.text:_PIE_enableAdcInt)
                  003f7d28    00000012                   : F2802x_asmfuncs.obj (.text)
                  003f7d3a    00000011                   : pie.obj (.text:_PIE_setDebugIntVectorTable)
                  003f7d4b    00000011     nokia5110.obj (.text:_writeCommand)
                  003f7d5c    00000011     nokia5110.obj (.text:_writeData)
                  003f7d6d    0000000f     driverlib.lib : pie.obj (.text:_PIE_registerPieIntHandler)
                  003f7d7c    0000000e     main.obj (.text:_spiRxFifoIsr)
                  003f7d8a    0000000c     nokia5110.obj (.text:_writeString)
                  003f7d96    0000000b     driverlib.lib : adc.obj (.text:_ADC_enable)
                  003f7da1    0000000b                   : adc.obj (.text:_ADC_enableBandGap)
                  003f7dac    0000000b                   : adc.obj (.text:_ADC_enableRefBuffers)
                  003f7db7    0000000b                   : adc.obj (.text:_ADC_powerUp)
                  003f7dc2    0000000b                   : adc.obj (.text:_ADC_reset)
                  003f7dcd    0000000b                   : gpio.obj (.text:_GPIO_setExtInt)
                  003f7dd8    0000000b     rts2800_ml.lib : u_div.obj (.text)
                  003f7de3    0000000a     driverlib.lib : pie.obj (.text:_PIE_enableInt)
                  003f7ded    00000009                   : clk.obj (.text:_CLK_enablePwmClock)
                  003f7df6    00000009                   : pwm.obj (.text:_PWM_setActionQual_CntDown_CmpA_PwmA)
                  003f7dff    00000009                   : pwm.obj (.text:_PWM_setActionQual_CntUp_CmpA_PwmA)
                  003f7e08    00000009     rts2800_ml.lib : _lock.obj (.text)
                  003f7e11    00000008     driverlib.lib : adc.obj (.text:_ADC_init)
                  003f7e19    00000008                   : pie.obj (.text:_PIE_init)
                  003f7e21    00000008                   : wdog.obj (.text:_WDOG_disable)
                  003f7e29    00000007                   : clk.obj (.text:_CLK_disableAdcClock)
                  003f7e30    00000007                   : clk.obj (.text:_CLK_disableTbClockSync)
                  003f7e37    00000007                   : clk.obj (.text:_CLK_enableAdcClock)
                  003f7e3e    00000007                   : clk.obj (.text:_CLK_enableSpiaClock)
                  003f7e45    00000007                   : clk.obj (.text:_CLK_enableTbClockSync)
                  003f7e4c    00000007                   : clk.obj (.text:_CLK_init)
                  003f7e53    00000007                   : clk.obj (.text:_CLK_setOscSrc)
                  003f7e5a    00000007                   : flash.obj (.text:_FLASH_init)
                  003f7e61    00000007                   : gpio.obj (.text:_GPIO_init)
                  003f7e68    00000007                   : pll.obj (.text:_PLL_init)
                  003f7e6f    00000007                   : pll.obj (.text:_PLL_setDivider)
                  003f7e76    00000007                   : pwm.obj (.text:_PWM_init)
                  003f7e7d    00000007                   : spi.obj (.text:_SPI_init)
                  003f7e84    00000007                   : spi.obj (.text:_SPI_setPriority)
                  003f7e8b    00000007                   : wdog.obj (.text:_WDOG_init)
                  003f7e92    00000006                   : pll.obj (.text:_PLL_setMultiplier)
                  003f7e98    00000006                   : pwm.obj (.text:_PWM_setShadowMode_CmpA)
                  003f7e9e    00000006     nokia5110.obj (.text:_clearSome)
                  003f7ea4    00000005     driverlib.lib : F2802x_DefaultIsr.obj (.text:_ADCINT1_ISR)
                  003f7ea9    00000005                   : F2802x_DefaultIsr.obj (.text:_ADCINT2_ISR)
                  003f7eae    00000005                   : F2802x_DefaultIsr.obj (.text:_ADCINT3_ISR)
                  003f7eb3    00000005                   : F2802x_DefaultIsr.obj (.text:_ADCINT4_ISR)
                  003f7eb8    00000005                   : F2802x_DefaultIsr.obj (.text:_ADCINT5_ISR)
                  003f7ebd    00000005                   : F2802x_DefaultIsr.obj (.text:_ADCINT6_ISR)
                  003f7ec2    00000005                   : F2802x_DefaultIsr.obj (.text:_ADCINT7_ISR)
                  003f7ec7    00000005                   : F2802x_DefaultIsr.obj (.text:_ADCINT8_ISR)
                  003f7ecc    00000005                   : F2802x_DefaultIsr.obj (.text:_ADCINT9_ISR)
                  003f7ed1    00000005                   : F2802x_DefaultIsr.obj (.text:_DATALOG_ISR)
                  003f7ed6    00000005                   : F2802x_DefaultIsr.obj (.text:_ECAP1_INT_ISR)
                  003f7edb    00000005                   : F2802x_DefaultIsr.obj (.text:_EMUINT_ISR)
                  003f7ee0    00000005                   : F2802x_DefaultIsr.obj (.text:_EPWM1_INT_ISR)
                  003f7ee5    00000005                   : F2802x_DefaultIsr.obj (.text:_EPWM1_TZINT_ISR)
                  003f7eea    00000005                   : F2802x_DefaultIsr.obj (.text:_EPWM2_INT_ISR)
                  003f7eef    00000005                   : F2802x_DefaultIsr.obj (.text:_EPWM2_TZINT_ISR)
                  003f7ef4    00000005                   : F2802x_DefaultIsr.obj (.text:_EPWM3_INT_ISR)
                  003f7ef9    00000005                   : F2802x_DefaultIsr.obj (.text:_EPWM3_TZINT_ISR)
                  003f7efe    00000005                   : F2802x_DefaultIsr.obj (.text:_I2CINT1A_ISR)
                  003f7f03    00000005                   : F2802x_DefaultIsr.obj (.text:_I2CINT2A_ISR)
                  003f7f08    00000005                   : F2802x_DefaultIsr.obj (.text:_ILLEGAL_ISR)
                  003f7f0d    00000005                   : F2802x_DefaultIsr.obj (.text:_INT13_ISR)
                  003f7f12    00000005                   : F2802x_DefaultIsr.obj (.text:_INT14_ISR)
                  003f7f17    00000005                   : F2802x_DefaultIsr.obj (.text:_NMI_ISR)
                  003f7f1c    00000005                   : F2802x_DefaultIsr.obj (.text:_PIE_RESERVED)
                  003f7f21    00000005                   : F2802x_DefaultIsr.obj (.text:_RTOSINT_ISR)
                  003f7f26    00000005                   : F2802x_DefaultIsr.obj (.text:_SCIRXINTA_ISR)
                  003f7f2b    00000005                   : F2802x_DefaultIsr.obj (.text:_SCITXINTA_ISR)
                  003f7f30    00000005                   : F2802x_DefaultIsr.obj (.text:_SPIRXINTA_ISR)
                  003f7f35    00000005                   : F2802x_DefaultIsr.obj (.text:_SPITXINTA_ISR)
                  003f7f3a    00000005                   : F2802x_DefaultIsr.obj (.text:_TINT0_ISR)
                  003f7f3f    00000005                   : F2802x_DefaultIsr.obj (.text:_USER10_ISR)
                  003f7f44    00000005                   : F2802x_DefaultIsr.obj (.text:_USER11_ISR)
                  003f7f49    00000005                   : F2802x_DefaultIsr.obj (.text:_USER12_ISR)
                  003f7f4e    00000005                   : F2802x_DefaultIsr.obj (.text:_USER1_ISR)
                  003f7f53    00000005                   : F2802x_DefaultIsr.obj (.text:_USER2_ISR)
                  003f7f58    00000005                   : F2802x_DefaultIsr.obj (.text:_USER3_ISR)
                  003f7f5d    00000005                   : F2802x_DefaultIsr.obj (.text:_USER4_ISR)
                  003f7f62    00000005                   : F2802x_DefaultIsr.obj (.text:_USER5_ISR)
                  003f7f67    00000005                   : F2802x_DefaultIsr.obj (.text:_USER6_ISR)
                  003f7f6c    00000005                   : F2802x_DefaultIsr.obj (.text:_USER7_ISR)
                  003f7f71    00000005                   : F2802x_DefaultIsr.obj (.text:_USER8_ISR)
                  003f7f76    00000005                   : F2802x_DefaultIsr.obj (.text:_USER9_ISR)
                  003f7f7b    00000005                   : F2802x_DefaultIsr.obj (.text:_WAKEINT_ISR)

csm_rsvd   0    003f7f80    00000076     
                  003f7f80    00000076     driverlib.lib : F2802x_asmfuncs.obj (csm_rsvd)

codestart 
*          0    003f7ff6    00000002     
                  003f7ff6    00000002     driverlib.lib : F2802x_asmfuncs.obj (codestart)

csmpasswds 
*          0    003f7ff8    00000008     
                  003f7ff8    00000008     driverlib.lib : F2802x_asmfuncs.obj (csmpasswds)

.reset     0    003fffc0    00000002     DSECT
                  003fffc0    00000002     rts2800_ml.lib : boot.obj (.reset)

vectors    0    003fffc2    00000000     DSECT

.stack     1    00000400    00000300     UNINITIALIZED
                  00000400    00000300     --HOLE--

.ebss.1    1    00000700    00000050     UNINITIALIZED
                  00000700    00000047     main.obj (.ebss)
                  00000747    00000001     driverlib.lib : cpu.obj (.ebss)
                  00000748    00000004     rts2800_ml.lib : _lock.obj (.ebss)
                  0000074c    00000004                    : exit.obj (.ebss)

.ebss.2    1    00008000    00000238     UNINITIALIZED
                  00008000    00000238     nokia5110.obj (.ebss)


GLOBAL DATA SYMBOLS: SORTED BY DATA PAGE

address     data page           name
--------    ----------------    ----
00000400      10 (00000400)     __stack

00000700      1c (00000700)     _volts
00000701      1c (00000700)     _potVolts
00000702      1c (00000700)     _ADC1_value
00000703      1c (00000700)     _ADC3_value
00000704      1c (00000700)     _c
00000705      1c (00000700)     _ADC4_value
00000706      1c (00000700)     _ADC3_average
00000707      1c (00000700)     _ADC4_average
00000708      1c (00000700)     _ADC1_average
0000070a      1c (00000700)     _enc2Count
0000070c      1c (00000700)     _enc1Count
0000070e      1c (00000700)     _myClk
00000710      1c (00000700)     _myAdc
00000712      1c (00000700)     _myCpu
00000714      1c (00000700)     _mySpi
00000716      1c (00000700)     _myWDog
00000718      1c (00000700)     _myPll
0000071a      1c (00000700)     _myFlash
0000071c      1c (00000700)     _myPie
0000071e      1c (00000700)     _myGpio
00000720      1c (00000700)     _myPwm1
00000722      1c (00000700)     _voltsToSend
00000726      1c (00000700)     _adcAsString
0000072a      1c (00000700)     _epwm1_info
00000730      1c (00000700)     _ADC1
00000737      1c (00000700)     _ADC4

00000740      1d (00000740)     _ADC3
00000747      1d (00000740)     _cpu
00000748      1d (00000740)     __unlock
0000074a      1d (00000740)     __lock
0000074c      1d (00000740)     ___TI_cleanup_ptr
0000074e      1d (00000740)     ___TI_dtors_ptr

003f63e6    fd8f (003f63c0)     _PIE_tableDebugInit


GLOBAL SYMBOLS: SORTED ALPHABETICALLY BY Name 

address    name
--------   ----
ffffffff   .text
003f7c48   C$$EXIT
003f759d   FS$$ADD
003f7c79   FS$$CMP
003f7515   FS$$DIV
003f77ab   FS$$MPY
003f7598   FS$$SUB
003f7a28   FS$$TOI
003f7adb   I$$DIV
003f7aec   I$$MOD
003f7bfc   I$$TOFS
003f79d5   L$$DIV
003f79e4   L$$MOD
003f7dd8   U$$DIV
003f7ddd   U$$MOD
003f79f2   UL$$DIV
003f79f9   UL$$MOD
00000730   _ADC1
00000708   _ADC1_average
00000702   _ADC1_value
00000740   _ADC3
00000706   _ADC3_average
00000703   _ADC3_value
00000737   _ADC4
00000707   _ADC4_average
00000705   _ADC4_value
003f7ea4   _ADCINT1_ISR
003f7ea9   _ADCINT2_ISR
003f7eae   _ADCINT3_ISR
003f7eb3   _ADCINT4_ISR
003f7eb8   _ADCINT5_ISR
003f7ebd   _ADCINT6_ISR
003f7ec2   _ADCINT7_ISR
003f7ec7   _ADCINT8_ISR
003f7ecc   _ADCINT9_ISR
003f7d96   _ADC_enable
003f7da1   _ADC_enableBandGap
003f7c61   _ADC_enableInt
003f7dac   _ADC_enableRefBuffers
003f7e11   _ADC_init
003f7db7   _ADC_powerUp
003f7dc2   _ADC_reset
003f7a4d   _ADC_setIntMode
003f7cf2   _ADC_setIntPulseGenMode
003f7a71   _ADC_setIntSrc
003f7b5a   _ADC_setSocChanNumber
003f7b76   _ADC_setSocSampleWindow
003f7b92   _ADC_setSocTrigSrc
003f7d04   _ADC_setVoltRefSrc
003f7e29   _CLK_disableAdcClock
003f7e30   _CLK_disableTbClockSync
003f7e37   _CLK_enableAdcClock
003f7ded   _CLK_enablePwmClock
003f7e3e   _CLK_enableSpiaClock
003f7e45   _CLK_enableTbClockSync
003f7e4c   _CLK_init
003f7e53   _CLK_setOscSrc
003f6038   _CPU_clearIntFlags
003f603b   _CPU_disableGlobalInts
003f603e   _CPU_enableGlobalInts
003f6014   _CPU_enableInt
003f6018   _CPU_init
003f7ed1   _DATALOG_ISR
003f7d33   _DSP28x_DisableInt
003f7d37   _DSP28x_RestoreInt
0000006c   _DSP28x_usDelay
003f7ed6   _ECAP1_INT_ISR
003f7edb   _EMUINT_ISR
003f7ee0   _EPWM1_INT_ISR
003f7ee5   _EPWM1_TZINT_ISR
003f7eea   _EPWM2_INT_ISR
003f7eef   _EPWM2_TZINT_ISR
003f7ef4   _EPWM3_INT_ISR
003f7ef9   _EPWM3_TZINT_ISR
0000005c   _FLASH_enablePipelineMode
003f7e5a   _FLASH_init
00000062   _FLASH_setActiveWaitCount
00000067   _FLASH_setStandbyWaitCount
00000050   _FLASH_setup
003f7e61   _GPIO_init
003f7942   _GPIO_setDirection
003f7dcd   _GPIO_setExtInt
003f7cb9   _GPIO_setHigh
003f7ccc   _GPIO_setLow
003f7805   _GPIO_setMode
003f7976   _GPIO_setPullUp
003f79aa   _GPIO_setQualification
003f7a95   _GPIO_setQualificationPeriod
003f7cdf   _GPIO_toggle
003f7efe   _I2CINT1A_ISR
003f7f03   _I2CINT2A_ISR
003f7f08   _ILLEGAL_ISR
003f7f0d   _INT13_ISR
003f7f12   _INT14_ISR
003f7f17   _NMI_ISR
003f7f1c   _PIE_RESERVED
003f6041   _PIE_enable
003f7d16   _PIE_enableAdcInt
003f7ab8   _PIE_enableExtInt
003f7de3   _PIE_enableInt
003f7e19   _PIE_init
003f7d6d   _PIE_registerPieIntHandler
003f7d3a   _PIE_setDebugIntVectorTable
003f7c16   _PIE_setExtIntPolarity
003f63e6   _PIE_tableDebugInit
003f6044   _PLL_getClkStatus
003f6047   _PLL_getLockStatus
003f7e68   _PLL_init
003f7e6f   _PLL_setDivider
003f7e92   _PLL_setMultiplier
003f7c90   _PLL_setup
003f604a   _PWM_disableCounterLoad
003f7e76   _PWM_init
003f7df6   _PWM_setActionQual_CntDown_CmpA_PwmA
003f7dff   _PWM_setActionQual_CntUp_CmpA_PwmA
003f601c   _PWM_setClkDiv
003f6059   _PWM_setCount
003f6020   _PWM_setCounterMode
003f6024   _PWM_setHighSpeedClkDiv
003f6028   _PWM_setLoadMode_CmpA
003f605b   _PWM_setPeriod
003f605d   _PWM_setPhase
003f7e98   _PWM_setShadowMode_CmpA
003f7f21   _RTOSINT_ISR
00000020   _RamfuncsLoadSize
003f7000   _RamfuncsLoadStart
00000050   _RamfuncsRunStart
003f7f26   _SCIRXINTA_ISR
003f7f2b   _SCITXINTA_ISR
003f7f30   _SPIRXINTA_ISR
003f7f35   _SPITXINTA_ISR
003f604d   _SPI_enable
003f602c   _SPI_enableChannels
003f6050   _SPI_enableInt
003f6053   _SPI_enableTx
003f7e7d   _SPI_init
003f6056   _SPI_reset
003f605f   _SPI_setBaudRate
003f6030   _SPI_setCharLength
003f6061   _SPI_setClkPhase
003f6034   _SPI_setClkPolarity
003f6063   _SPI_setMode
003f7e84   _SPI_setPriority
003f7f3a   _TINT0_ISR
003f7f3f   _USER10_ISR
003f7f44   _USER11_ISR
003f7f49   _USER12_ISR
003f7f4e   _USER1_ISR
003f7f53   _USER2_ISR
003f7f58   _USER3_ISR
003f7f5d   _USER4_ISR
003f7f62   _USER5_ISR
003f7f67   _USER6_ISR
003f7f6c   _USER7_ISR
003f7f71   _USER8_ISR
003f7f76   _USER9_ISR
003f7f7b   _WAKEINT_ISR
003f7e21   _WDOG_disable
003f7e8b   _WDOG_init
003f6000   _XINT1_ISR
003f6005   _XINT2_ISR
003f600a   _XINT3_ISR
00000700   __STACK_END
00000300   __STACK_SIZE
00000001   __TI_args_main
0000074c   ___TI_cleanup_ptr
0000074e   ___TI_dtors_ptr
ffffffff   ___binit__
ffffffff   ___c_args__
003f652c   ___cinit__
ffffffff   ___etext__
003f7afd   ___memcpy_ff
ffffffff   ___pinit__
ffffffff   ___text__
003f7c2f   __args_main
0000074a   __lock
003f7e10   __nop
003f7e0c   __register_lock
003f7e08   __register_unlock
00000400   __stack
00000748   __unlock
003f7c48   _abort
00000726   _adcAsString
003f7020   _adc_Isr
003f73ce   _adc_init
00000704   _c
003f784e   _c_int00
003f79ff   _clear
003f7e9e   _clearSome
00000747   _cpu
003f7610   _drawFilledCircle
003f7bae   _drawFilledRectangle
003f767e   _drawLine
0000070c   _enc1Count
0000070a   _enc2Count
0000072a   _epwm1_info
003f774b   _epwm_init
003f7c4a   _exit
003f7bc8   _gotoXY
003f718a   _gpio_init
003f790b   _itoa
003f72ec   _main
003f7ca5   _map
00000710   _myAdc
0000070e   _myClk
00000712   _myCpu
0000071a   _myFlash
0000071e   _myGpio
0000071c   _myPie
00000718   _myPll
00000720   _myPwm1
00000714   _mySpi
00000716   _myWDog
003f7892   _nokia_init
00000701   _potVolts
003f600f   _rsvd_ISR
003f7d30   _setDBGIER
003f78d0   _setPixel
003f7d7c   _spiRxFifoIsr
003f747d   _spi_init
003f7be2   _update_compare
00000700   _volts
00000722   _voltsToSend
003f76ea   _writeChar
003f7d4b   _writeCommand
003f7d5c   _writeData
003f7d8a   _writeString
003f7b1e   _xint1_isr
003f7b3c   _xint2_isr
ffffffff   binit
003f652c   cinit
003f7ff6   code_start
ffffffff   etext
ffffffff   pinit


GLOBAL SYMBOLS: SORTED BY Symbol Address 

address    name
--------   ----
00000001   __TI_args_main
00000020   _RamfuncsLoadSize
00000050   _FLASH_setup
00000050   _RamfuncsRunStart
0000005c   _FLASH_enablePipelineMode
00000062   _FLASH_setActiveWaitCount
00000067   _FLASH_setStandbyWaitCount
0000006c   _DSP28x_usDelay
00000300   __STACK_SIZE
00000400   __stack
00000700   __STACK_END
00000700   _volts
00000701   _potVolts
00000702   _ADC1_value
00000703   _ADC3_value
00000704   _c
00000705   _ADC4_value
00000706   _ADC3_average
00000707   _ADC4_average
00000708   _ADC1_average
0000070a   _enc2Count
0000070c   _enc1Count
0000070e   _myClk
00000710   _myAdc
00000712   _myCpu
00000714   _mySpi
00000716   _myWDog
00000718   _myPll
0000071a   _myFlash
0000071c   _myPie
0000071e   _myGpio
00000720   _myPwm1
00000722   _voltsToSend
00000726   _adcAsString
0000072a   _epwm1_info
00000730   _ADC1
00000737   _ADC4
00000740   _ADC3
00000747   _cpu
00000748   __unlock
0000074a   __lock
0000074c   ___TI_cleanup_ptr
0000074e   ___TI_dtors_ptr
003f6000   _XINT1_ISR
003f6005   _XINT2_ISR
003f600a   _XINT3_ISR
003f600f   _rsvd_ISR
003f6014   _CPU_enableInt
003f6018   _CPU_init
003f601c   _PWM_setClkDiv
003f6020   _PWM_setCounterMode
003f6024   _PWM_setHighSpeedClkDiv
003f6028   _PWM_setLoadMode_CmpA
003f602c   _SPI_enableChannels
003f6030   _SPI_setCharLength
003f6034   _SPI_setClkPolarity
003f6038   _CPU_clearIntFlags
003f603b   _CPU_disableGlobalInts
003f603e   _CPU_enableGlobalInts
003f6041   _PIE_enable
003f6044   _PLL_getClkStatus
003f6047   _PLL_getLockStatus
003f604a   _PWM_disableCounterLoad
003f604d   _SPI_enable
003f6050   _SPI_enableInt
003f6053   _SPI_enableTx
003f6056   _SPI_reset
003f6059   _PWM_setCount
003f605b   _PWM_setPeriod
003f605d   _PWM_setPhase
003f605f   _SPI_setBaudRate
003f6061   _SPI_setClkPhase
003f6063   _SPI_setMode
003f63e6   _PIE_tableDebugInit
003f652c   ___cinit__
003f652c   cinit
003f7000   _RamfuncsLoadStart
003f7020   _adc_Isr
003f718a   _gpio_init
003f72ec   _main
003f73ce   _adc_init
003f747d   _spi_init
003f7515   FS$$DIV
003f7598   FS$$SUB
003f759d   FS$$ADD
003f7610   _drawFilledCircle
003f767e   _drawLine
003f76ea   _writeChar
003f774b   _epwm_init
003f77ab   FS$$MPY
003f7805   _GPIO_setMode
003f784e   _c_int00
003f7892   _nokia_init
003f78d0   _setPixel
003f790b   _itoa
003f7942   _GPIO_setDirection
003f7976   _GPIO_setPullUp
003f79aa   _GPIO_setQualification
003f79d5   L$$DIV
003f79e4   L$$MOD
003f79f2   UL$$DIV
003f79f9   UL$$MOD
003f79ff   _clear
003f7a28   FS$$TOI
003f7a4d   _ADC_setIntMode
003f7a71   _ADC_setIntSrc
003f7a95   _GPIO_setQualificationPeriod
003f7ab8   _PIE_enableExtInt
003f7adb   I$$DIV
003f7aec   I$$MOD
003f7afd   ___memcpy_ff
003f7b1e   _xint1_isr
003f7b3c   _xint2_isr
003f7b5a   _ADC_setSocChanNumber
003f7b76   _ADC_setSocSampleWindow
003f7b92   _ADC_setSocTrigSrc
003f7bae   _drawFilledRectangle
003f7bc8   _gotoXY
003f7be2   _update_compare
003f7bfc   I$$TOFS
003f7c16   _PIE_setExtIntPolarity
003f7c2f   __args_main
003f7c48   C$$EXIT
003f7c48   _abort
003f7c4a   _exit
003f7c61   _ADC_enableInt
003f7c79   FS$$CMP
003f7c90   _PLL_setup
003f7ca5   _map
003f7cb9   _GPIO_setHigh
003f7ccc   _GPIO_setLow
003f7cdf   _GPIO_toggle
003f7cf2   _ADC_setIntPulseGenMode
003f7d04   _ADC_setVoltRefSrc
003f7d16   _PIE_enableAdcInt
003f7d30   _setDBGIER
003f7d33   _DSP28x_DisableInt
003f7d37   _DSP28x_RestoreInt
003f7d3a   _PIE_setDebugIntVectorTable
003f7d4b   _writeCommand
003f7d5c   _writeData
003f7d6d   _PIE_registerPieIntHandler
003f7d7c   _spiRxFifoIsr
003f7d8a   _writeString
003f7d96   _ADC_enable
003f7da1   _ADC_enableBandGap
003f7dac   _ADC_enableRefBuffers
003f7db7   _ADC_powerUp
003f7dc2   _ADC_reset
003f7dcd   _GPIO_setExtInt
003f7dd8   U$$DIV
003f7ddd   U$$MOD
003f7de3   _PIE_enableInt
003f7ded   _CLK_enablePwmClock
003f7df6   _PWM_setActionQual_CntDown_CmpA_PwmA
003f7dff   _PWM_setActionQual_CntUp_CmpA_PwmA
003f7e08   __register_unlock
003f7e0c   __register_lock
003f7e10   __nop
003f7e11   _ADC_init
003f7e19   _PIE_init
003f7e21   _WDOG_disable
003f7e29   _CLK_disableAdcClock
003f7e30   _CLK_disableTbClockSync
003f7e37   _CLK_enableAdcClock
003f7e3e   _CLK_enableSpiaClock
003f7e45   _CLK_enableTbClockSync
003f7e4c   _CLK_init
003f7e53   _CLK_setOscSrc
003f7e5a   _FLASH_init
003f7e61   _GPIO_init
003f7e68   _PLL_init
003f7e6f   _PLL_setDivider
003f7e76   _PWM_init
003f7e7d   _SPI_init
003f7e84   _SPI_setPriority
003f7e8b   _WDOG_init
003f7e92   _PLL_setMultiplier
003f7e98   _PWM_setShadowMode_CmpA
003f7e9e   _clearSome
003f7ea4   _ADCINT1_ISR
003f7ea9   _ADCINT2_ISR
003f7eae   _ADCINT3_ISR
003f7eb3   _ADCINT4_ISR
003f7eb8   _ADCINT5_ISR
003f7ebd   _ADCINT6_ISR
003f7ec2   _ADCINT7_ISR
003f7ec7   _ADCINT8_ISR
003f7ecc   _ADCINT9_ISR
003f7ed1   _DATALOG_ISR
003f7ed6   _ECAP1_INT_ISR
003f7edb   _EMUINT_ISR
003f7ee0   _EPWM1_INT_ISR
003f7ee5   _EPWM1_TZINT_ISR
003f7eea   _EPWM2_INT_ISR
003f7eef   _EPWM2_TZINT_ISR
003f7ef4   _EPWM3_INT_ISR
003f7ef9   _EPWM3_TZINT_ISR
003f7efe   _I2CINT1A_ISR
003f7f03   _I2CINT2A_ISR
003f7f08   _ILLEGAL_ISR
003f7f0d   _INT13_ISR
003f7f12   _INT14_ISR
003f7f17   _NMI_ISR
003f7f1c   _PIE_RESERVED
003f7f21   _RTOSINT_ISR
003f7f26   _SCIRXINTA_ISR
003f7f2b   _SCITXINTA_ISR
003f7f30   _SPIRXINTA_ISR
003f7f35   _SPITXINTA_ISR
003f7f3a   _TINT0_ISR
003f7f3f   _USER10_ISR
003f7f44   _USER11_ISR
003f7f49   _USER12_ISR
003f7f4e   _USER1_ISR
003f7f53   _USER2_ISR
003f7f58   _USER3_ISR
003f7f5d   _USER4_ISR
003f7f62   _USER5_ISR
003f7f67   _USER6_ISR
003f7f6c   _USER7_ISR
003f7f71   _USER8_ISR
003f7f76   _USER9_ISR
003f7f7b   _WAKEINT_ISR
003f7ff6   code_start
ffffffff   .text
ffffffff   ___binit__
ffffffff   ___c_args__
ffffffff   ___etext__
ffffffff   ___pinit__
ffffffff   ___text__
ffffffff   binit
ffffffff   etext
ffffffff   pinit

[234 symbols]
